MPLINK 4.48, Linker
Linker Map File - Created Tue Sep 23 17:32:00 2014

                                 Section Info
                  Section       Type    Address   Location Size(Bytes)
                ---------  ---------  ---------  ---------  ---------
               _entry_scn       code   0x000000    program   0x000006
       .code__user_putc.o       code   0x000006    program   0x000002
           tick_interrupt       code   0x000008    program   0x000006
          .code_adcbusy.o       code   0x00000e    program   0x00000a
           work_interrupt       code   0x000018    program   0x000006
                   .cinit    romdata   0x00001e    program   0x00004a
        .code_mandm8722.o       code   0x000068    program   0x006816
              .code_daq.o       code   0x00687e    program   0x001d44
             .stringtable    romdata   0x0085c2    program   0x0015f1
     .romdata_mandm8722.o    romdata   0x009bb3    program   0x00133a
        .romdata_t3open.o    romdata   0x00aeed    program   0x000000
        .romdata_t0open.o    romdata   0x00aeed    program   0x000000
        .idata_u2open.o_i    romdata   0x00aeed    program   0x000000
        .romdata_u1open.o    romdata   0x00aeed    program   0x000000
       .romdata_adcconv.o    romdata   0x00aeed    program   0x000000
       .idata_adcconv.o_i    romdata   0x00aeed    program   0x000000
      .romdata_busy_eep.o    romdata   0x00aeed    program   0x000000
      .idata_busy_eep.o_i    romdata   0x00aeed    program   0x000000
    .romdata__user_putc.o    romdata   0x00aeed    program   0x000000
      .romdata_wcmdxlcd.o    romdata   0x00aeed    program   0x000000
      .idata_wcmdxlcd.o_i    romdata   0x00aeed    program   0x000000
      .romdata_setddram.o    romdata   0x00aeed    program   0x000000
      .idata_setcgram.o_i    romdata   0x00aeed    program   0x000000
      .romdata_readdata.o    romdata   0x00aeed    program   0x000000
      .idata_readaddr.o_i    romdata   0x00aeed    program   0x000000
      .idata_putsxlcd.o_i    romdata   0x00aeed    program   0x000000
      .romdata_putrxlcd.o    romdata   0x00aeed    program   0x000000
      .idata_openxlcd.o_i    romdata   0x00aeed    program   0x000000
       .idata_write_B.o_i    romdata   0x00aeed    program   0x000000
       .idata_t3write.o_i    romdata   0x00aeed    program   0x000000
       .idata_t0write.o_i    romdata   0x00aeed    program   0x000000
       .idata_u2write.o_i    romdata   0x00aeed    program   0x000000
        .romdata_u2defs.o    romdata   0x00aeed    program   0x000000
        .idata_u1defs.o_i    romdata   0x00aeed    program   0x000000
        .romdata_read_B.o    romdata   0x00aeed    program   0x000000
       .romdata_adcread.o    romdata   0x00aeed    program   0x000000
       .idata_adcread.o_i    romdata   0x00aeed    program   0x000000
        .romdata_u2read.o    romdata   0x00aeed    program   0x000000
       .romdata_write_B.o    romdata   0x00aeed    program   0x000000
       .romdata_u2putrs.o    romdata   0x00aeed    program   0x000000
        .idata_u1read.o_i    romdata   0x00aeed    program   0x000000
        .idata_u2puts.o_i    romdata   0x00aeed    program   0x000000
       .idata_sprintf.o_i    romdata   0x00aeed    program   0x000000
        .romdata_t4open.o    romdata   0x00aeed    program   0x000000
          .idata_putc.o_i    romdata   0x00aeed    program   0x000000
    .idata__user_putc.o_i    romdata   0x00aeed    program   0x000000
       .idata_c018i_e.o_i    romdata   0x00aeed    program   0x000000
       .romdata_c018i_e.o    romdata   0x00aeed    program   0x000000
         .romdata_power.o    romdata   0x00aeed    program   0x000000
         .romdata_model.o    romdata   0x00aeed    program   0x000000
          .romdata_crit.o    romdata   0x00aeed    program   0x000000
        .romdata_hwconf.o    romdata   0x00aeed    program   0x000000
        .idata_hwconf.o_i    romdata   0x00aeed    program   0x000000
            .code_model.o       code   0x00aeee    program   0x000000
           .code_u2defs.o       code   0x00aeee    program   0x000000
     .code_mandm_vector.o       code   0x00aeee    program   0x000dbc
                     PROG       code   0x00bcaa    program   0x000ace
         .code_vfprintf.o       code   0x00c778    program   0x000816
            .code_power.o       code   0x00cf8e    program   0x000466
           .code_config.o       code   0x00d3f4    program   0x000332
             .code_crit.o       code   0x00d726    program   0x0001c0
                   STRING       code   0x00d8e6    program   0x000192
           .code_hwconf.o       code   0x00da78    program   0x000186
               _cinit_scn       code   0x00dbfe    program   0x00009e
         .code_openxlcd.o       code   0x00dc9c    program   0x00009a
           .code_u2open.o       code   0x00dd36    program   0x000084
           .code_u1open.o       code   0x00ddba    program   0x00007a
          .code_sprintf.o       code   0x00de34    program   0x000072
             .code_putc.o       code   0x00dea6    program   0x000066
          .code_write_B.o       code   0x00df0c    program   0x000064
          .code_adcopen.o       code   0x00df70    program   0x000064
          .code_u2putrs.o       code   0x00dfd4    program   0x00005c
         .code_putrxlcd.o       code   0x00e030    program   0x00004e
           .code_u2puts.o       code   0x00e07e    program   0x000046
         .code_setddram.o       code   0x00e0c4    program   0x000046
         .code_setcgram.o       code   0x00e10a    program   0x000046
         .code_writdata.o       code   0x00e150    program   0x000044
         .code_wcmdxlcd.o       code   0x00e194    program   0x000044
         .code_readdata.o       code   0x00e1d8    program   0x000044
         .code_readaddr.o       code   0x00e21c    program   0x000044
           .code_read_B.o       code   0x00e260    program   0x000042
                   STDLIB       code   0x00e2a2    program   0x000040
           .code_t3open.o       code   0x00e2e2    program   0x000040
         .code_putsxlcd.o       code   0x00e322    program   0x000040
           .code_u2read.o       code   0x00e362    program   0x00003e
           .code_u1read.o       code   0x00e3a0    program   0x00003e
             D10KTCYXCODE       code   0x00e3de    program   0x000036
           .code_t0open.o       code   0x00e414    program   0x000036
           .code_t4open.o       code   0x00e44a    program   0x000034
          .code_t3write.o       code   0x00e47e    program   0x000030
          .code_t0write.o       code   0x00e4ae    program   0x000030
         .code_adcsetch.o       code   0x00e4de    program   0x000030
          .code_u2write.o       code   0x00e50e    program   0x00002e
         .code_busyxlcd.o       code   0x00e53c    program   0x00002c
                    CTYPE       code   0x00e568    program   0x000024
                    .code       code   0x00e58c    program   0x000020
                    STDIO       code   0x00e5ac    program   0x00001c
             _startup_scn       code   0x00e5c8    program   0x00001a
          .code_adcread.o       code   0x00e5e2    program   0x000018
              D10TCYXCODE       code   0x00e5fa    program   0x000016
      .romdata_vfprintf.o    romdata   0x00e610    program   0x000011
       .romdata_u2write.o    romdata   0x00e621    program   0x000000
         .idata_model.o_i    romdata   0x00e621    program   0x000000
       .romdata_t0write.o    romdata   0x00e621    program   0x000000
       .romdata_t3write.o    romdata   0x00e621    program   0x000000
      .idata_setddram.o_i    romdata   0x00e621    program   0x000000
      .romdata_setcgram.o    romdata   0x00e621    program   0x000000
        .idata___init.o_i    romdata   0x00e621    program   0x000000
        .romdata___init.o    romdata   0x00e621    program   0x000000
  .romdata_mandm_vector.o    romdata   0x00e621    program   0x000000
       .idata_u2putrs.o_i    romdata   0x00e621    program   0x000000
      .idata_readdata.o_i    romdata   0x00e621    program   0x000000
      .romdata_readaddr.o    romdata   0x00e621    program   0x000000
        .romdata_u2puts.o    romdata   0x00e621    program   0x000000
       .romdata_sprintf.o    romdata   0x00e621    program   0x000000
      .romdata_putsxlcd.o    romdata   0x00e621    program   0x000000
       .romdata_adcbusy.o    romdata   0x00e621    program   0x000000
      .idata_vfprintf.o_i    romdata   0x00e621    program   0x000000
      .idata_writdata.o_i    romdata   0x00e621    program   0x000000
       .idata_adcbusy.o_i    romdata   0x00e621    program   0x000000
      .romdata_writdata.o    romdata   0x00e621    program   0x000000
          .romdata_putc.o    romdata   0x00e621    program   0x000000
      .idata_putrxlcd.o_i    romdata   0x00e621    program   0x000000
      .romdata_openxlcd.o    romdata   0x00e621    program   0x000000
       .romdata_adcopen.o    romdata   0x00e621    program   0x000000
       .idata_adcopen.o_i    romdata   0x00e621    program   0x000000
        .idata_t0open.o_i    romdata   0x00e621    program   0x000000
        .idata_config.o_i    romdata   0x00e621    program   0x000000
        .idata_t3open.o_i    romdata   0x00e621    program   0x000000
        .romdata_u2open.o    romdata   0x00e621    program   0x000000
        .idata_t4open.o_i    romdata   0x00e621    program   0x000000
        .romdata_u1read.o    romdata   0x00e621    program   0x000000
        .romdata_config.o    romdata   0x00e621    program   0x000000
        .idata_u2read.o_i    romdata   0x00e621    program   0x000000
           .romdata_daq.o    romdata   0x00e621    program   0x000000
      .romdata_busyxlcd.o    romdata   0x00e621    program   0x000000
        .idata_read_B.o_i    romdata   0x00e621    program   0x000000
      .idata_busyxlcd.o_i    romdata   0x00e621    program   0x000000
        .idata_u2defs.o_i    romdata   0x00e621    program   0x000000
        .romdata_u1defs.o    romdata   0x00e621    program   0x000000
         .idata_power.o_i    romdata   0x00e621    program   0x000000
      .romdata_adcsetch.o    romdata   0x00e621    program   0x000000
      .idata_adcsetch.o_i    romdata   0x00e621    program   0x000000
        .idata_u1open.o_i    romdata   0x00e621    program   0x000000
         .code_busy_eep.o       code   0x00e622    program   0x000006
          .code_c018i_e.o       code   0x00e622    program   0x000000
           .code_u1defs.o       code   0x00e622    program   0x000000
          .code_adcconv.o       code   0x00e628    program   0x000004
           .code___init.o       code   0x00e62c    program   0x000002
                  gpr10_i    romdata   0x00e62e    program   0x000030
              SEED_DATA_i    romdata   0x00e65e    program   0x000002
  .idata_mandm_vector.o_i    romdata   0x00e660    program   0x000012
     .idata_mandm8722.o_i    romdata   0x00e672    program   0x000095
           .idata_daq.o_i    romdata   0x00e707    program   0x000004
          .idata_crit.o_i    romdata   0x00e70b    program   0x000002
.config_300001_mandm8722.o    romdata   0x300001    program   0x000001
.config_300002_mandm8722.o    romdata   0x300002    program   0x000001
.config_300003_mandm8722.o    romdata   0x300003    program   0x000001
.config_300004_mandm8722.o    romdata   0x300004    program   0x000001
.config_300005_mandm8722.o    romdata   0x300005    program   0x000001
.config_300006_mandm8722.o    romdata   0x300006    program   0x000001
.config_300008_mandm8722.o    romdata   0x300008    program   0x000001
.config_300009_mandm8722.o    romdata   0x300009    program   0x000001
.config_30000a_mandm8722.o    romdata   0x30000a    program   0x000001
.config_30000b_mandm8722.o    romdata   0x30000b    program   0x000001
.config_30000c_mandm8722.o    romdata   0x30000c    program   0x000001
.config_30000d_mandm8722.o    romdata   0x30000d    program   0x000001
                 .tmpdata      udata   0x000000       data   0x000018
       .idata_mandm8722.o      idata   0x000060       data   0x000095
         .udata_c018i_e.o      udata   0x0000f5       data   0x00000a
                     gpr4      udata   0x0000ff       data   0x000001
                     gpr2      udata   0x000100       data   0x0000fc
         tick_handler_tmp      udata   0x0001fc       data   0x000004
                    gpr13      udata   0x000200       data   0x0000fb
             .idata_daq.o      idata   0x0002fb       data   0x000004
                DELAYDAT2      udata   0x0002ff       data   0x000001
                     gpr1      udata   0x000300       data   0x0000ea
    .idata_mandm_vector.o      idata   0x0003ea       data   0x000012
                MATH_DATA      udata   0x0003fc       data   0x000004
                     gpr9      udata   0x000400       data   0x0000d8
                     gpr3      udata   0x0004d8       data   0x00001c
    .udata_mandm_vector.o      udata   0x0004f4       data   0x000006
                SEED_DATA      idata   0x0004fa       data   0x000002
            .idata_crit.o      idata   0x0004fc       data   0x000002
                DELAYDAT1      udata   0x0004fe       data   0x000001
          .udata_u2defs.o      udata   0x0004ff       data   0x000001
                     gpr8      udata   0x000500       data   0x0000b6
           .udata_power.o      udata   0x0005b6       data   0x00003c
          .udata_u1defs.o      udata   0x0005f2       data   0x000001
          .udata_hwconf.o      udata   0x0005f3       data   0x000001
          .udata_config.o      udata   0x0005f4       data   0x000001
         .idata_adcopen.o      idata   0x0005f5       data   0x000000
          .idata_u1defs.o      idata   0x0005f5       data   0x000000
        .idata_adcsetch.o      idata   0x0005f5       data   0x000000
        .udata_adcsetch.o      udata   0x0005f5       data   0x000000
          .idata_read_B.o      idata   0x0005f5       data   0x000000
          .udata_read_B.o      udata   0x0005f5       data   0x000000
         .idata_adcread.o      idata   0x0005f5       data   0x000000
         .udata_adcread.o      udata   0x0005f5       data   0x000000
          .idata_u2read.o      idata   0x0005f5       data   0x000000
          .udata_u2read.o      udata   0x0005f5       data   0x000000
          .idata_u1read.o      idata   0x0005f5       data   0x000000
          .udata_t0open.o      udata   0x0005f5       data   0x000000
          .udata_u1read.o      udata   0x0005f5       data   0x000000
          .idata_t4open.o      idata   0x0005f5       data   0x000000
          .idata_t0open.o      idata   0x0005f5       data   0x000000
          .udata_t4open.o      udata   0x0005f5       data   0x000000
          .idata_t3open.o      idata   0x0005f5       data   0x000000
          .udata_t3open.o      udata   0x0005f5       data   0x000000
      .idata__user_putc.o      idata   0x0005f5       data   0x000000
         .idata_sprintf.o      idata   0x0005f5       data   0x000000
        .udata_vfprintf.o      udata   0x0005f5       data   0x000000
        .idata_vfprintf.o      idata   0x0005f5       data   0x000000
            .udata_putc.o      udata   0x0005f5       data   0x000000
            .idata_putc.o      idata   0x0005f5       data   0x000000
         .udata_sprintf.o      udata   0x0005f5       data   0x000000
          .idata_u2puts.o      idata   0x0005f5       data   0x000000
          .udata_u2puts.o      udata   0x0005f5       data   0x000000
         .idata_u2putrs.o      idata   0x0005f5       data   0x000000
         .udata_u2putrs.o      udata   0x0005f5       data   0x000000
          .idata___init.o      idata   0x0005f5       data   0x000000
          .udata___init.o      udata   0x0005f5       data   0x000000
      .udata__user_putc.o      udata   0x0005f5       data   0x000000
         .idata_write_B.o      idata   0x0005f5       data   0x000000
         .udata_write_B.o      udata   0x0005f5       data   0x000000
         .idata_t3write.o      idata   0x0005f5       data   0x000000
         .udata_t3write.o      udata   0x0005f5       data   0x000000
         .idata_t0write.o      idata   0x0005f5       data   0x000000
         .udata_t0write.o      udata   0x0005f5       data   0x000000
         .idata_u2write.o      idata   0x0005f5       data   0x000000
         .udata_u2write.o      udata   0x0005f5       data   0x000000
          .idata_u2defs.o      idata   0x0005f5       data   0x000000
        .idata_readdata.o      idata   0x0005f5       data   0x000000
        .udata_readdata.o      udata   0x0005f5       data   0x000000
        .idata_readaddr.o      idata   0x0005f5       data   0x000000
        .udata_readaddr.o      udata   0x0005f5       data   0x000000
        .idata_putsxlcd.o      idata   0x0005f5       data   0x000000
        .udata_putsxlcd.o      udata   0x0005f5       data   0x000000
        .idata_putrxlcd.o      idata   0x0005f5       data   0x000000
        .udata_putrxlcd.o      udata   0x0005f5       data   0x000000
        .idata_openxlcd.o      idata   0x0005f5       data   0x000000
        .udata_openxlcd.o      udata   0x0005f5       data   0x000000
        .idata_writdata.o      idata   0x0005f5       data   0x000000
        .udata_writdata.o      udata   0x0005f5       data   0x000000
              ISRHtmpdata      udata   0x0005f5       data   0x000000
                     gpr6      udata   0x0005f5       data   0x000000
       .udata_mandm8722.o      udata   0x0005f5       data   0x000000
           .idata_power.o      idata   0x0005f5       data   0x000000
           .idata_model.o      idata   0x0005f5       data   0x000000
           .udata_model.o      udata   0x0005f5       data   0x000000
          .idata_hwconf.o      idata   0x0005f5       data   0x000000
            .udata_crit.o      udata   0x0005f5       data   0x000000
         .idata_c018i_e.o      idata   0x0005f5       data   0x000000
          .udata_u1open.o      udata   0x0005f5       data   0x000000
         .idata_adcconv.o      idata   0x0005f5       data   0x000000
          .idata_u1open.o      idata   0x0005f5       data   0x000000
         .udata_adcconv.o      udata   0x0005f5       data   0x000000
        .idata_busy_eep.o      idata   0x0005f5       data   0x000000
          .udata_u2open.o      udata   0x0005f5       data   0x000000
          .idata_u2open.o      idata   0x0005f5       data   0x000000
        .udata_busy_eep.o      udata   0x0005f5       data   0x000000
         .idata_adcbusy.o      idata   0x0005f5       data   0x000000
         .udata_adcbusy.o      udata   0x0005f5       data   0x000000
         .udata_adcopen.o      udata   0x0005f5       data   0x000000
          .idata_config.o      idata   0x0005f5       data   0x000000
        .idata_busyxlcd.o      idata   0x0005f5       data   0x000000
        .udata_busyxlcd.o      udata   0x0005f5       data   0x000000
        .idata_wcmdxlcd.o      idata   0x0005f5       data   0x000000
        .udata_wcmdxlcd.o      udata   0x0005f5       data   0x000000
        .idata_setddram.o      idata   0x0005f5       data   0x000000
        .udata_setddram.o      udata   0x0005f5       data   0x000000
        .idata_setcgram.o      idata   0x0005f5       data   0x000000
        .udata_setcgram.o      udata   0x0005f5       data   0x000000
                     gpr5      udata   0x000600       data   0x0000a7
                    gpr10      idata   0x0006a7       data   0x000030
                     gpr7      udata   0x0006d7       data   0x000018
             .udata_daq.o      udata   0x0006ef       data   0x000011
                   .stack      udata   0x000e00       data   0x000100
            SFR_UNBANKED0      udata   0x000f62       data   0x00009e



                              Program Memory Usage 
                               Start         End      
                           ---------   ---------      
                            0x000000    0x00aeec      
                            0x00aeee    0x00e620      
                            0x00e622    0x00e70c      
                            0x300001    0x300006      
                            0x300008    0x30000d      
            59159 out of 132120 program addresses used, program memory utilization is 44%



                              Symbols - Sorted by Name
                     Name    Address   Location    Storage File                     
                ---------  ---------  ---------  --------- ---------                
                     ABSI   0x000f42    program     extern X:\mandm\mandm\mandm8722.c
                     ABSL   0x000f70    program     extern X:\mandm\mandm\mandm8722.c
                 ADC_read   0x0069cc    program     extern X:\mandm\mandm\daq.c     
                 ADC_zero   0x00687e    program     extern X:\mandm\mandm\daq.c     
                  BusyADC   0x00000e    program     extern E:\c18v3.46\pic18-lt\cxx-framework\src\pmc_common\ADC\adcbusy.c
                 BusyXLCD   0x00e53c    program     extern X:\mandm\mandm\xlcd\busyxlcd.c
                 Busy_eep   0x00e622    program     extern E:\c18v3.46\pic18-lt\cxx-framework\src\pmc_common\EEP\busy_eep.c
             Change_Count   0x0068e4    program     extern X:\mandm\mandm\daq.c     
        Clear_All_Buttons   0x00bc52    program     extern X:\mandm\mandm\mandm_vector.c
               ConvertADC   0x00e628    program     extern E:\c18v3.46\pic18-lt\cxx-framework\src\pmc_common\ADC\adcconv.c
                   D10K_1   0x00e3ee    program     static E:\c18v3.46\pic18-lt\cxx-framework\src\extended\delays\d10ktcyx.asm
                    D10Kl   0x00e3fc    program     static E:\c18v3.46\pic18-lt\cxx-framework\src\extended\delays\d10ktcyx.asm
                    D10Kx   0x00e3ea    program     static E:\c18v3.46\pic18-lt\cxx-framework\src\extended\delays\d10ktcyx.asm
                    D10_1   0x00e60a    program     static E:\c18v3.46\pic18-lt\cxx-framework\src\extended\delays\d10tcyx.asm
                     D10x   0x00e602    program     static E:\c18v3.46\pic18-lt\cxx-framework\src\extended\delays\d10tcyx.asm
                   D1616S   0x00c100    program     static E:\c18v3.46\pic18-lt\cxx-framework\src\extended\math\div16s.asm
                D1616SNEG   0x00c10e    program     static E:\c18v3.46\pic18-lt\cxx-framework\src\extended\math\div16s.asm
                 D1616SOK   0x00c10a    program     static E:\c18v3.46\pic18-lt\cxx-framework\src\extended\math\div16s.asm
                D1616SPOS   0x00c11e    program     static E:\c18v3.46\pic18-lt\cxx-framework\src\extended\math\div16s.asm
                  D1616SX   0x00c144    program     static E:\c18v3.46\pic18-lt\cxx-framework\src\extended\math\div16s.asm
                   D3232S   0x00c19e    program     static E:\c18v3.46\pic18-lt\cxx-framework\src\extended\math\div32s.asm
                D3232SNEG   0x00c1ac    program     static E:\c18v3.46\pic18-lt\cxx-framework\src\extended\math\div32s.asm
                 D3232SOK   0x00c1a8    program     static E:\c18v3.46\pic18-lt\cxx-framework\src\extended\math\div32s.asm
                D3232SPOS   0x00c1ca    program     static E:\c18v3.46\pic18-lt\cxx-framework\src\extended\math\div32s.asm
                  D3232SX   0x00c200    program     static E:\c18v3.46\pic18-lt\cxx-framework\src\extended\math\div32s.asm
                  DA1616S   0x00c0f0    program     static E:\c18v3.46\pic18-lt\cxx-framework\src\extended\math\div16s.asm
                  DA3232S   0x00c188    program     static E:\c18v3.46\pic18-lt\cxx-framework\src\extended\math\div32s.asm
             Delay10KTCYx   0x00e3de    program     extern E:\c18v3.46\pic18-lt\cxx-framework\src\extended\delays\d10ktcyx.asm
              Delay10TCYx   0x00e5fa    program     extern E:\c18v3.46\pic18-lt\cxx-framework\src\extended\delays\d10tcyx.asm
            DelayFor18TCY   0x000600    program     extern X:\mandm\mandm\mandm8722.c
             DelayPORXLCD   0x00061a    program     extern X:\mandm\mandm\mandm8722.c
                DelayXLCD   0x000626    program     extern X:\mandm\mandm\mandm8722.c
              LCD_VC_puts   0x000162    program     extern X:\mandm\mandm\mandm8722.c
               Open1USART   0x00ddba    program     extern E:\c18v3.46\pic18-lt\cxx-framework\src\pmc_common\USART\u1open.c
               Open2USART   0x00dd36    program     extern E:\c18v3.46\pic18-lt\cxx-framework\src\pmc_common\USART\u2open.c
                  OpenADC   0x00df70    program     extern E:\c18v3.46\pic18-lt\cxx-framework\src\pmc_common\ADC\adcopen.c
               OpenTimer0   0x00e414    program     extern E:\c18v3.46\pic18-lt\cxx-framework\src\pmc_common\Timers\t0open.c
               OpenTimer3   0x00e2e2    program     extern E:\c18v3.46\pic18-lt\cxx-framework\src\pmc_common\Timers\t3open.c
               OpenTimer4   0x00e44a    program     extern E:\c18v3.46\pic18-lt\cxx-framework\src\pmc_common\Timers\t4open.c
                 OpenXLCD   0x00dc9c    program     extern X:\mandm\mandm\xlcd\openxlcd.c
                   P1wait   0x00bc46    program     extern X:\mandm\mandm\mandm_vector.c
                   P2wait   0x00bc4c    program     extern X:\mandm\mandm\mandm_vector.c
                  RESTORE   0x00c1f2    program     static E:\c18v3.46\pic18-lt\cxx-framework\src\extended\math\div32s.asm
                  RESTORE   0x00c702    program     static E:\c18v3.46\pic18-lt\cxx-framework\src\extended\math\div16u.asm
                  RESTORE   0x00c2a0    program     static E:\c18v3.46\pic18-lt\cxx-framework\src\extended\math\div32u.asm
                  RESTORE   0x00c136    program     static E:\c18v3.46\pic18-lt\cxx-framework\src\extended\math\div16s.asm
              RETQUOTIENT   0x00c1e2    program     static E:\c18v3.46\pic18-lt\cxx-framework\src\extended\math\div32s.asm
              RETQUOTIENT   0x00c12e    program     static E:\c18v3.46\pic18-lt\cxx-framework\src\extended\math\div16s.asm
              RETQUOTIENT   0x00c290    program     static E:\c18v3.46\pic18-lt\cxx-framework\src\extended\math\div32u.asm
              RETQUOTIENT   0x00c6fa    program     static E:\c18v3.46\pic18-lt\cxx-framework\src\extended\math\div16u.asm
               Read1USART   0x00e3a0    program     extern E:\c18v3.46\pic18-lt\cxx-framework\src\pmc_common\USART\u1read.c
               Read2USART   0x00e362    program     extern E:\c18v3.46\pic18-lt\cxx-framework\src\pmc_common\USART\u2read.c
                  ReadADC   0x00e5e2    program     extern E:\c18v3.46\pic18-lt\cxx-framework\src\pmc_common\ADC\adcread.c
             ReadAddrXLCD   0x00e21c    program     extern X:\mandm\mandm\xlcd\readaddr.c
             ReadDataXLCD   0x00e1d8    program     extern X:\mandm\mandm\xlcd\readdata.c
               Read_b_eep   0x00e260    program     extern E:\c18v3.46\pic18-lt\cxx-framework\src\pmc_common\EEP\read_B.c
       Reset_Change_Count   0x0068a4    program     extern X:\mandm\mandm\daq.c     
                  SETSIGN   0x00c0de    program     static E:\c18v3.46\pic18-lt\cxx-framework\src\extended\math\div16s.asm
                  SETSIGN   0x00c16e    program     static E:\c18v3.46\pic18-lt\cxx-framework\src\extended\math\div32s.asm
                 SETUPSTK   0x00c0be    program     static E:\c18v3.46\pic18-lt\cxx-framework\src\extended\math\div16s.asm
                 SETUPSTK   0x00c14e    program     static E:\c18v3.46\pic18-lt\cxx-framework\src\extended\math\div32s.asm
                 SETUPSTK   0x00c698    program     static E:\c18v3.46\pic18-lt\cxx-framework\src\extended\math\div16u.asm
                 SETUPSTK   0x00c20a    program     static E:\c18v3.46\pic18-lt\cxx-framework\src\extended\math\div32u.asm
             SetCGRamAddr   0x00e10a    program     extern X:\mandm\mandm\xlcd\setcgram.c
               SetChanADC   0x00e4de    program     extern E:\c18v3.46\pic18-lt\cxx-framework\src\pmc_common\ADC\adcsetch.c
             SetDDRamAddr   0x00e0c4    program     extern X:\mandm\mandm\xlcd\setddram.c
               Set_Cursor   0x001652    program     extern X:\mandm\mandm\mandm8722.c
              Write2USART   0x00e50e    program     extern E:\c18v3.46\pic18-lt\cxx-framework\src\pmc_common\USART\u2write.c
             WriteCmdXLCD   0x00e194    program     extern X:\mandm\mandm\xlcd\wcmdxlcd.c
            WriteDataXLCD   0x00e150    program     extern X:\mandm\mandm\xlcd\writdata.c
              WriteTimer0   0x00e4ae    program     extern E:\c18v3.46\pic18-lt\cxx-framework\src\pmc_common\Timers\t0write.c
              WriteTimer3   0x00e47e    program     extern E:\c18v3.46\pic18-lt\cxx-framework\src\pmc_common\Timers\t3write.c
              Write_b_eep   0x00df0c    program     extern E:\c18v3.46\pic18-lt\cxx-framework\src\pmc_common\EEP\write_B.c
                   _2jEnd   0x00d99e    program     static E:\c18v3.46\pic18-lt\cxx-framework\src\extended\stdclib\slenpgm.asm
              _3jContinue   0x00da42    program     static E:\c18v3.46\pic18-lt\cxx-framework\src\extended\stdclib\sncpyp2r.asm
              _4jContinue   0x00d912    program     static E:\c18v3.46\pic18-lt\cxx-framework\src\extended\stdclib\memcmp.asm
              _4jContinue   0x00d9e8    program     static E:\c18v3.46\pic18-lt\cxx-framework\src\extended\stdclib\strncpy.asm
                   _4jEnd   0x00da4c    program     static E:\c18v3.46\pic18-lt\cxx-framework\src\extended\stdclib\sncpyp2r.asm
                   _5jEnd   0x00d9f2    program     static E:\c18v3.46\pic18-lt\cxx-framework\src\extended\stdclib\strncpy.asm
                   _5jEnd   0x00d91c    program     static E:\c18v3.46\pic18-lt\cxx-framework\src\extended\stdclib\memcmp.asm
       _D10KTCYXCODE_0014   0x00e3f2    program     static E:\c18v3.46\pic18-lt\cxx-framework\src\extended\delays\d10ktcyx.asm
       _D10KTCYXCODE_0022   0x00e400    program     static E:\c18v3.46\pic18-lt\cxx-framework\src\extended\delays\d10ktcyx.asm
        _D10TCYXCODE_000A   0x00e604    program     static E:\c18v3.46\pic18-lt\cxx-framework\src\extended\delays\d10tcyx.asm
        _D10TCYXCODE_000C   0x00e606    program     static E:\c18v3.46\pic18-lt\cxx-framework\src\extended\delays\d10tcyx.asm
        _D10TCYXCODE_000E   0x00e608    program     static E:\c18v3.46\pic18-lt\cxx-framework\src\extended\delays\d10tcyx.asm
              __FpCompare   0x00c37a    program     extern E:\c18v3.46\pic18-lt\cxx-framework\src\extended\math\compFP.asm
                 __FpPack   0x00bdf4    program     extern E:\c18v3.46\pic18-lt\cxx-framework\src\extended\math\packFP.asm
            __FpReturnNaN   0x00be76    program     extern E:\c18v3.46\pic18-lt\cxx-framework\src\extended\math\packFP.asm
         __FpReturnNegInf   0x00be88    program     extern E:\c18v3.46\pic18-lt\cxx-framework\src\extended\math\packFP.asm
        __FpReturnNegZero   0x00bea0    program     extern E:\c18v3.46\pic18-lt\cxx-framework\src\extended\math\packFP.asm
         __FpReturnPosInf   0x00be8e    program     extern E:\c18v3.46\pic18-lt\cxx-framework\src\extended\math\packFP.asm
        __FpReturnPosZero   0x00bea8    program     extern E:\c18v3.46\pic18-lt\cxx-framework\src\extended\math\packFP.asm
        __FpReturnSignInf   0x00be84    program     extern E:\c18v3.46\pic18-lt\cxx-framework\src\extended\math\packFP.asm
       __FpReturnSignZero   0x00be9c    program     extern E:\c18v3.46\pic18-lt\cxx-framework\src\extended\math\packFP.asm
              __FpReturnW   0x00be4c    program     extern E:\c18v3.46\pic18-lt\cxx-framework\src\extended\math\packFP.asm
              __FpUnPackA   0x00beae    program     extern E:\c18v3.46\pic18-lt\cxx-framework\src\extended\math\unpackFP.asm
              __FpUnPackB   0x00bede    program     extern E:\c18v3.46\pic18-lt\cxx-framework\src\extended\math\unpackFP.asm
       ___case_0_lbl00030   0x00b1ec    program     static                          
       ___case_1_lbl00031   0x00b1f2    program     static                          
       ___case_2_lbl00032   0x00b1fa    program     static                          
      ___default_lbl00033   0x00b202    program     static                          
           ___do_lbl00032   0x000318    program     static                          
           ___do_lbl00033   0x000334    program     static                          
           ___do_lbl00034   0x0002f8    program     static                          
           ___do_lbl00434   0x002b3c    program     static                          
           ___do_lbl00435   0x002b5a    program     static                          
           ___do_lbl00440   0x00292e    program     static                          
           ___do_lbl00444   0x002dd0    program     static                          
           ___do_lbl00445   0x002dee    program     static                          
           ___do_lbl00450   0x002bc2    program     static                          
           ___do_lbl00458   0x00300e    program     static                          
           ___do_lbl00459   0x003014    program     static                          
           ___do_lbl00460   0x003002    program     static                          
           ___do_lbl00464   0x003566    program     static                          
           ___do_lbl00465   0x00358a    program     static                          
           ___do_lbl00480   0x0030c6    program     static                          
           ___do_lbl00481   0x003a88    program     static                          
           ___do_lbl00482   0x003aac    program     static                          
           ___do_lbl00497   0x0035e8    program     static                          
           ___do_lbl00542   0x005026    program     static                          
           ___do_lbl00543   0x00502c    program     static                          
           ___do_lbl00544   0x00501a    program     static                          
           ___do_lbl00549   0x0051c0    program     static                          
           ___do_lbl00550   0x005204    program     static                          
           ___do_lbl00553   0x005090    program     static                          
         ___else_lbl00003   0x00af68    program     static                          
         ___else_lbl00008   0x00d81c    program     static                          
         ___else_lbl00009   0x00b030    program     static                          
         ___else_lbl00011   0x00b050    program     static                          
         ___else_lbl00014   0x00b0ca    program     static                          
         ___else_lbl00016   0x00b0ea    program     static                          
         ___else_lbl00027   0x00b1a6    program     static                          
         ___else_lbl00071   0x00b3a0    program     static                          
         ___else_lbl00084   0x00b4fa    program     static                          
         ___else_lbl00086   0x00b508    program     static                          
         ___else_lbl00088   0x00b516    program     static                          
         ___else_lbl00090   0x00b54e    program     static                          
         ___else_lbl00092   0x00b5b4    program     static                          
         ___else_lbl00098   0x00b61c    program     static                          
         ___else_lbl00104   0x00b9a0    program     static                          
         ___else_lbl00108   0x00baae    program     static                          
         ___else_lbl00114   0x00bb38    program     static                          
         ___else_lbl00116   0x00bb12    program     static                          
         ___else_lbl00476   0x0033da    program     static                          
         ___else_lbl00493   0x0038fc    program     static                          
         ___else_lbl00517   0x003ab0    program     static                          
         ___else_lbl00536   0x004a76    program     static                          
         ___else_lbl00539   0x004d14    program     static                          
         ___else_lbl00541   0x004fda    program     static                          
         ___else_lbl00547   0x004cce    program     static                          
         ___else_lbl00555   0x0052b4    program     static                          
         ___else_lbl00577   0x005726    program     static                          
         ___else_lbl00585   0x0057d4    program     static                          
          ___for_lbl00010   0x006a30    program     static                          
          ___for_lbl00011   0x006a3a    program     static                          
          ___for_lbl00014   0x0069f4    program     static                          
          ___for_lbl00015   0x006b50    program     static                          
          ___for_lbl00016   0x006b5a    program     static                          
          ___for_lbl00019   0x006b14    program     static                          
          ___for_lbl00020   0x006c70    program     static                          
          ___for_lbl00021   0x006c7a    program     static                          
          ___for_lbl00024   0x006c34    program     static                          
          ___for_lbl00028   0x006ec8    program     static                          
          ___for_lbl00028   0x00028a    program     static                          
          ___for_lbl00029   0x000298    program     static                          
          ___for_lbl00029   0x006ed2    program     static                          
          ___for_lbl00030   0x000272    program     static                          
          ___for_lbl00032   0x006e8c    program     static                          
          ___for_lbl00036   0x007128    program     static                          
          ___for_lbl00037   0x007132    program     static                          
          ___for_lbl00040   0x0070ec    program     static                          
          ___for_lbl00044   0x007380    program     static                          
          ___for_lbl00045   0x00738a    program     static                          
          ___for_lbl00048   0x007344    program     static                          
          ___for_lbl00049   0x00742e    program     static                          
          ___for_lbl00050   0x007438    program     static                          
          ___for_lbl00053   0x0073f2    program     static                          
          ___for_lbl00054   0x0074dc    program     static                          
          ___for_lbl00054   0x000612    program     static                          
          ___for_lbl00055   0x0074e6    program     static                          
          ___for_lbl00055   0x000618    program     static                          
          ___for_lbl00056   0x000606    program     static                          
          ___for_lbl00058   0x0074a0    program     static                          
          ___for_lbl00059   0x00758a    program     static                          
          ___for_lbl00060   0x007594    program     static                          
          ___for_lbl00063   0x00754e    program     static                          
          ___for_lbl00064   0x007638    program     static                          
          ___for_lbl00065   0x007642    program     static                          
          ___for_lbl00068   0x0075fc    program     static                          
          ___for_lbl00069   0x0076e6    program     static                          
          ___for_lbl00070   0x0076f0    program     static                          
          ___for_lbl00073   0x0076aa    program     static                          
          ___for_lbl00074   0x008352    program     static                          
          ___for_lbl00075   0x00835e    program     static                          
          ___for_lbl00078   0x000dd4    program     static                          
          ___for_lbl00079   0x000dda    program     static                          
          ___for_lbl00081   0x000af4    program     static                          
          ___for_lbl00084   0x0077fe    program     static                          
          ___for_lbl00432   0x002e30    program     static                          
          ___for_lbl00433   0x002e38    program     static                          
          ___for_lbl00454   0x0028ee    program     static                          
          ___for_lbl00499   0x003cac    program     static                          
          ___for_lbl00500   0x003cc2    program     static                          
          ___for_lbl00505   0x003ae8    program     static                          
          ___for_lbl00506   0x003ee6    program     static                          
          ___for_lbl00507   0x003efc    program     static                          
          ___for_lbl00512   0x003d22    program     static                          
          ___for_lbl00513   0x0042c6    program     static                          
          ___for_lbl00514   0x0042dc    program     static                          
          ___for_lbl00515   0x00427c    program     static                          
          ___for_lbl00518   0x00503c    program     static                          
          ___for_lbl00519   0x005054    program     static                          
          ___for_lbl00548   0x0042e4    program     static                          
          ___for_lbl00572   0x0056dc    program     static                          
          ___for_lbl00573   0x0056e2    program     static                          
          ___for_lbl00574   0x0056b8    program     static                          
          ___for_lbl00578   0x0057cc    program     static                          
          ___for_lbl00579   0x0057d2    program     static                          
          ___for_lbl00580   0x00579a    program     static                          
          ___for_lbl00581   0x005820    program     static                          
          ___for_lbl00582   0x005826    program     static                          
          ___for_lbl00583   0x0057ee    program     static                          
           ___if_lbl00001   0x00d754    program     static                          
           ___if_lbl00001   0x00da9c    program     static                          
           ___if_lbl00001   0x00af32    program     static                          
           ___if_lbl00002   0x00af7a    program     static                          
           ___if_lbl00002   0x00d776    program     static                          
           ___if_lbl00003   0x00d796    program     static                          
           ___if_lbl00003   0x00daae    program     static                          
           ___if_lbl00004   0x00af84    program     static                          
           ___if_lbl00004   0x00d7b6    program     static                          
           ___if_lbl00005   0x00af8e    program     static                          
           ___if_lbl00006   0x00d7ea    program     static                          
           ___if_lbl00006   0x00af98    program     static                          
           ___if_lbl00007   0x00af98    program     static                          
           ___if_lbl00007   0x00d824    program     static                          
           ___if_lbl00008   0x00dbd2    program     static                          
           ___if_lbl00008   0x00b04e    program     static                          
           ___if_lbl00010   0x00b05e    program     static                          
           ___if_lbl00012   0x00b05e    program     static                          
           ___if_lbl00013   0x00b0e8    program     static                          
           ___if_lbl00015   0x00b0f8    program     static                          
           ___if_lbl00017   0x00b0f8    program     static                          
           ___if_lbl00018   0x00b0fc    program     static                          
           ___if_lbl00020   0x00b10a    program     static                          
           ___if_lbl00021   0x00b11e    program     static                          
           ___if_lbl00023   0x00b138    program     static                          
           ___if_lbl00024   0x00b166    program     static                          
           ___if_lbl00025   0x006d98    program     static                          
           ___if_lbl00025   0x00b19a    program     static                          
           ___if_lbl00026   0x00b1ae    program     static                          
           ___if_lbl00027   0x006e66    program     static                          
           ___if_lbl00028   0x00b1da    program     static                          
           ___if_lbl00033   0x006ff0    program     static                          
           ___if_lbl00034   0x00b208    program     static                          
           ___if_lbl00035   0x0070c4    program     static                          
           ___if_lbl00035   0x00b208    program     static                          
           ___if_lbl00036   0x00b20e    program     static                          
           ___if_lbl00037   0x00b214    program     static                          
           ___if_lbl00038   0x00b21a    program     static                          
           ___if_lbl00039   0x00b220    program     static                          
           ___if_lbl00040   0x00b220    program     static                          
           ___if_lbl00041   0x00b240    program     static                          
           ___if_lbl00041   0x007250    program     static                          
           ___if_lbl00042   0x00b244    program     static                          
           ___if_lbl00043   0x00b25c    program     static                          
           ___if_lbl00043   0x00731c    program     static                          
           ___if_lbl00044   0x00b272    program     static                          
           ___if_lbl00045   0x00b280    program     static                          
           ___if_lbl00046   0x00b28e    program     static                          
           ___if_lbl00047   0x00b29c    program     static                          
           ___if_lbl00048   0x00b2aa    program     static                          
           ___if_lbl00049   0x00b2b8    program     static                          
           ___if_lbl00051   0x00b2ce    program     static                          
           ___if_lbl00053   0x00b2e4    program     static                          
           ___if_lbl00055   0x00b2f8    program     static                          
           ___if_lbl00058   0x00b302    program     static                          
           ___if_lbl00060   0x00b314    program     static                          
           ___if_lbl00061   0x00b314    program     static                          
           ___if_lbl00063   0x00b338    program     static                          
           ___if_lbl00064   0x00b33c    program     static                          
           ___if_lbl00066   0x00b360    program     static                          
           ___if_lbl00067   0x00b364    program     static                          
           ___if_lbl00069   0x00b39e    program     static                          
           ___if_lbl00070   0x00b3a8    program     static                          
           ___if_lbl00072   0x00b3c6    program     static                          
           ___if_lbl00073   0x00b3c6    program     static                          
           ___if_lbl00074   0x00b3ca    program     static                          
           ___if_lbl00076   0x007a26    program     static                          
           ___if_lbl00076   0x00b3e8    program     static                          
           ___if_lbl00077   0x00b46c    program     static                          
           ___if_lbl00078   0x00b46c    program     static                          
           ___if_lbl00078   0x007ab4    program     static                          
           ___if_lbl00079   0x007b1c    program     static                          
           ___if_lbl00079   0x00b46c    program     static                          
           ___if_lbl00080   0x000dd4    program     static                          
           ___if_lbl00080   0x007c90    program     static                          
           ___if_lbl00081   0x007d92    program     static                          
           ___if_lbl00082   0x00b4f0    program     static                          
           ___if_lbl00082   0x007f44    program     static                          
           ___if_lbl00082   0x000df2    program     static                          
           ___if_lbl00083   0x00b4fe    program     static                          
           ___if_lbl00083   0x00823c    program     static                          
           ___if_lbl00085   0x00b50c    program     static                          
           ___if_lbl00087   0x00b51a    program     static                          
           ___if_lbl00087   0x00842e    program     static                          
           ___if_lbl00088   0x00842e    program     static                          
           ___if_lbl00089   0x00b57e    program     static                          
           ___if_lbl00091   0x00b5e6    program     static                          
           ___if_lbl00093   0x00b6c8    program     static                          
           ___if_lbl00094   0x00b6f0    program     static                          
           ___if_lbl00095   0x00b720    program     static                          
           ___if_lbl00096   0x00b774    program     static                          
           ___if_lbl00097   0x00b776    program     static                          
           ___if_lbl00099   0x00b7d4    program     static                          
           ___if_lbl00100   0x00b83e    program     static                          
           ___if_lbl00101   0x00b89c    program     static                          
           ___if_lbl00102   0x00b908    program     static                          
           ___if_lbl00103   0x00b9fe    program     static                          
           ___if_lbl00106   0x00baac    program     static                          
           ___if_lbl00107   0x00bace    program     static                          
           ___if_lbl00112   0x00bb5c    program     static                          
           ___if_lbl00113   0x00bb5c    program     static                          
           ___if_lbl00115   0x00bb5c    program     static                          
           ___if_lbl00117   0x00bb5c    program     static                          
           ___if_lbl00118   0x00bb5c    program     static                          
           ___if_lbl00119   0x00bbb0    program     static                          
           ___if_lbl00120   0x00bbb0    program     static                          
           ___if_lbl00121   0x00bbcc    program     static                          
           ___if_lbl00122   0x00bbda    program     static                          
           ___if_lbl00124   0x00bbf6    program     static                          
           ___if_lbl00125   0x00bbf6    program     static                          
           ___if_lbl00427   0x0027f0    program     static                          
           ___if_lbl00428   0x002816    program     static                          
           ___if_lbl00429   0x002828    program     static                          
           ___if_lbl00430   0x002872    program     static                          
           ___if_lbl00431   0x0028aa    program     static                          
           ___if_lbl00436   0x0029d4    program     static                          
           ___if_lbl00437   0x002a74    program     static                          
           ___if_lbl00438   0x002b18    program     static                          
           ___if_lbl00439   0x002b28    program     static                          
           ___if_lbl00442   0x002b84    program     static                          
           ___if_lbl00443   0x002b9c    program     static                          
           ___if_lbl00446   0x002c68    program     static                          
           ___if_lbl00447   0x002d08    program     static                          
           ___if_lbl00448   0x002dac    program     static                          
           ___if_lbl00449   0x002dbc    program     static                          
           ___if_lbl00452   0x002e18    program     static                          
           ___if_lbl00453   0x002e30    program     static                          
           ___if_lbl00456   0x002f58    program     static                          
           ___if_lbl00457   0x002fc4    program     static                          
           ___if_lbl00461   0x003062    program     static                          
           ___if_lbl00462   0x003062    program     static                          
           ___if_lbl00463   0x003078    program     static                          
           ___if_lbl00469   0x003292    program     static                          
           ___if_lbl00470   0x0032ba    program     static                          
           ___if_lbl00471   0x0032be    program     static                          
           ___if_lbl00472   0x00331c    program     static                          
           ___if_lbl00473   0x0033d8    program     static                          
           ___if_lbl00474   0x003436    program     static                          
           ___if_lbl00475   0x003436    program     static                          
           ___if_lbl00477   0x0034bc    program     static                          
           ___if_lbl00478   0x003542    program     static                          
           ___if_lbl00479   0x003552    program     static                          
           ___if_lbl00486   0x0037b4    program     static                          
           ___if_lbl00487   0x0037dc    program     static                          
           ___if_lbl00488   0x0037e0    program     static                          
           ___if_lbl00489   0x00383e    program     static                          
           ___if_lbl00490   0x0038fa    program     static                          
           ___if_lbl00491   0x003958    program     static                          
           ___if_lbl00492   0x003958    program     static                          
           ___if_lbl00494   0x0039de    program     static                          
           ___if_lbl00495   0x003a64    program     static                          
           ___if_lbl00496   0x003a74    program     static                          
           ___if_lbl00498   0x003aac    program     static                          
           ___if_lbl00501   0x003b80    program     static                          
           ___if_lbl00502   0x003c3c    program     static                          
           ___if_lbl00503   0x003c4e    program     static                          
           ___if_lbl00504   0x003cac    program     static                          
           ___if_lbl00508   0x003dba    program     static                          
           ___if_lbl00509   0x003e76    program     static                          
           ___if_lbl00510   0x003e88    program     static                          
           ___if_lbl00511   0x003ee6    program     static                          
           ___if_lbl00516   0x0042dc    program     static                          
           ___if_lbl00521   0x004402    program     static                          
           ___if_lbl00523   0x004502    program     static                          
           ___if_lbl00524   0x004502    program     static                          
           ___if_lbl00526   0x00460c    program     static                          
           ___if_lbl00528   0x00470c    program     static                          
           ___if_lbl00529   0x00470c    program     static                          
           ___if_lbl00531   0x004814    program     static                          
           ___if_lbl00533   0x004914    program     static                          
           ___if_lbl00534   0x004914    program     static                          
           ___if_lbl00535   0x004a7a    program     static                          
           ___if_lbl00537   0x004ccc    program     static                          
           ___if_lbl00538   0x004d18    program     static                          
           ___if_lbl00540   0x004fde    program     static                          
           ___if_lbl00545   0x00503c    program     static                          
           ___if_lbl00546   0x00503c    program     static                          
           ___if_lbl00552   0x0051be    program     static                          
           ___if_lbl00554   0x0052b4    program     static                          
           ___if_lbl00567   0x005492    program     static                          
           ___if_lbl00568   0x0054c0    program     static                          
           ___if_lbl00569   0x0054ee    program     static                          
           ___if_lbl00570   0x00551c    program     static                          
           ___if_lbl00571   0x00566c    program     static                          
           ___if_lbl00575   0x0056e2    program     static                          
           ___if_lbl00576   0x00576a    program     static                          
           ___if_lbl00584   0x00583c    program     static                          
           ___if_lbl00588   0x005846    program     static                          
           ___if_lbl00589   0x00588e    program     static                          
           ___if_lbl00593   0x005ac6    program     static                          
           ___if_lbl00594   0x005aee    program     static                          
           ___if_lbl00595   0x005b02    program     static                          
       ___return_lbl00000   0x0068a2    program     static                          
       ___return_lbl00000   0x00e296    program     static                          
       ___return_lbl00000   0x00bbf6    program     static                          
       ___return_lbl00000   0x00d7b6    program     static                          
       ___return_lbl00000   0x00dbd2    program     static                          
       ___return_lbl00000   0x000004    program     static                          
       ___return_lbl00000   0x00000c    program     static                          
       ___return_lbl00001   0x00e5e0    program     static                          
       ___return_lbl00001   0x00001c    program     static                          
       ___return_lbl00002   0x00dc9a    program     static                          
       ___return_lbl00005   0x00d824    program     static                          
       ___return_lbl00009   0x008434    program     static                          
       ___return_lbl00027   0x000298    program     static                          
       ___return_lbl00031   0x000334    program     static                          
       ___return_lbl00053   0x000618    program     static                          
       ___return_lbl00072   0x00078e    program     static                          
       ___return_lbl00077   0x000df4    program     static                          
       ___return_lbl00127   0x00bc44    program     static                          
       ___return_lbl00426   0x0052d2    program     static                          
       ___return_lbl00566   0x005b04    program     static                          
   ___switchexit_lbl00029   0x00b208    program     static                          
        ___while_lbl00001   0x006898    program     static                          
        ___while_lbl00002   0x0068a2    program     static                          
        ___while_lbl00004   0x00db08    program     static                          
        ___while_lbl00005   0x00db16    program     static                          
        ___while_lbl00006   0x00db2c    program     static                          
        ___while_lbl00007   0x00db3a    program     static                          
        ___while_lbl00012   0x006a04    program     static                          
        ___while_lbl00013   0x006a0e    program     static                          
        ___while_lbl00017   0x006b24    program     static                          
        ___while_lbl00018   0x006b2e    program     static                          
        ___while_lbl00022   0x006c44    program     static                          
        ___while_lbl00023   0x006c4e    program     static                          
        ___while_lbl00030   0x006e9c    program     static                          
        ___while_lbl00031   0x006ea6    program     static                          
        ___while_lbl00038   0x0070fc    program     static                          
        ___while_lbl00039   0x007106    program     static                          
        ___while_lbl00046   0x007354    program     static                          
        ___while_lbl00047   0x00735e    program     static                          
        ___while_lbl00051   0x007402    program     static                          
        ___while_lbl00052   0x00740c    program     static                          
        ___while_lbl00056   0x00b300    program     static                          
        ___while_lbl00056   0x0074b0    program     static                          
        ___while_lbl00057   0x0074ba    program     static                          
        ___while_lbl00057   0x00b302    program     static                          
        ___while_lbl00061   0x00755e    program     static                          
        ___while_lbl00062   0x007568    program     static                          
        ___while_lbl00066   0x00760c    program     static                          
        ___while_lbl00067   0x007616    program     static                          
        ___while_lbl00071   0x0076ba    program     static                          
        ___while_lbl00072   0x0076c4    program     static                          
        ___while_lbl00085   0x00841c    program     static                          
        ___while_lbl00086   0x00842e    program     static                          
        ___while_lbl00586   0x005844    program     static                          
        ___while_lbl00587   0x005846    program     static                          
        ___while_lbl00590   0x005ab0    program     static                          
        ___while_lbl00591   0x005b04    program     static                          
                  __addFP   0x00bcae    program     extern E:\c18v3.46\pic18-lt\cxx-framework\src\extended\math\addFP.asm
              __cast16sFP   0x00bf0e    program     extern E:\c18v3.46\pic18-lt\cxx-framework\src\extended\math\cast16FP.asm
              __cast16uFP   0x00bf0a    program     extern E:\c18v3.46\pic18-lt\cxx-framework\src\extended\math\cast16FP.asm
              __cast32sFP   0x00bf50    program     extern E:\c18v3.46\pic18-lt\cxx-framework\src\extended\math\cast32FP.asm
              __cast32uFP   0x00bf4c    program     extern E:\c18v3.46\pic18-lt\cxx-framework\src\extended\math\cast32FP.asm
               __castFP16   0x00bf9a    program     extern E:\c18v3.46\pic18-lt\cxx-framework\src\extended\math\castFP16.asm
               __castFP32   0x00c020    program     extern E:\c18v3.46\pic18-lt\cxx-framework\src\extended\math\castFP32.asm
               __config_0   0x300001    program     static X:\mandm\mandm\mandm8722.c
               __config_1   0x300002    program     static X:\mandm\mandm\mandm8722.c
              __config_10   0x30000c    program     static X:\mandm\mandm\mandm8722.c
              __config_11   0x30000d    program     static X:\mandm\mandm\mandm8722.c
               __config_2   0x300003    program     static X:\mandm\mandm\mandm8722.c
               __config_3   0x300004    program     static X:\mandm\mandm\mandm8722.c
               __config_4   0x300005    program     static X:\mandm\mandm\mandm8722.c
               __config_5   0x300006    program     static X:\mandm\mandm\mandm8722.c
               __config_6   0x300008    program     static X:\mandm\mandm\mandm8722.c
               __config_7   0x300009    program     static X:\mandm\mandm\mandm8722.c
               __config_8   0x30000a    program     static X:\mandm\mandm\mandm8722.c
               __config_9   0x30000b    program     static X:\mandm\mandm\mandm8722.c
                 __div16s   0x00c0d6    program     extern E:\c18v3.46\pic18-lt\cxx-framework\src\extended\math\div16s.asm
                 __div16u   0x00c6b0    program     extern E:\c18v3.46\pic18-lt\cxx-framework\src\extended\math\div16u.asm
                 __div32s   0x00c166    program     extern E:\c18v3.46\pic18-lt\cxx-framework\src\extended\math\div32s.asm
                 __div32u   0x00c222    program     extern E:\c18v3.46\pic18-lt\cxx-framework\src\extended\math\div32u.asm
                  __divFP   0x00c2ae    program     extern E:\c18v3.46\pic18-lt\cxx-framework\src\extended\math\divFP.asm
                   __init   0x00e62c    program     extern E:\c18v3.46\pic18-lt\cxx-framework\src\extended\stdclib\__init.c
                   __ltFP   0x00c368    program     extern E:\c18v3.46\pic18-lt\cxx-framework\src\extended\math\ltFP.asm
                 __mod16s   0x00c0dc    program     extern E:\c18v3.46\pic18-lt\cxx-framework\src\extended\math\div16s.asm
                 __mod16u   0x00c6b6    program     extern E:\c18v3.46\pic18-lt\cxx-framework\src\extended\math\div16u.asm
                 __mod32s   0x00c16c    program     extern E:\c18v3.46\pic18-lt\cxx-framework\src\extended\math\div32s.asm
                 __mod32u   0x00c228    program     extern E:\c18v3.46\pic18-lt\cxx-framework\src\extended\math\div32u.asm
                  __mul16   0x00c710    program     extern E:\c18v3.46\pic18-lt\cxx-framework\src\extended\math\mul16.asm
                  __mul24   0x00c448    program     extern E:\c18v3.46\pic18-lt\cxx-framework\src\extended\math\mul24.asm
                  __mul32   0x00c508    program     extern E:\c18v3.46\pic18-lt\cxx-framework\src\extended\math\mul32.asm
                  __mulFP   0x00c5aa    program     extern E:\c18v3.46\pic18-lt\cxx-framework\src\extended\math\mulFP.asm
                   __pa_0   0x00d8c4    program     static X:\mandm\mandm\crit.c    
                   __pa_0   0x005b06    program     static X:\mandm\mandm\mandm8722.c
                   __pa_0   0x00ce3a    program     static E:\c18v3.46\pic18-lt\cxx-framework\src\extended\stdclib\vfprintf.c
                   __pa_0   0x00d374    program     static X:\mandm\mandm\power.c   
                   __pa_0   0x00852e    program     static X:\mandm\mandm\daq.c     
                   __pa_0   0x00bc96    program     static X:\mandm\mandm\mandm_vector.c
                   __pa_0   0x00e186    program     static X:\mandm\mandm\xlcd\writdata.c
                   __pa_0   0x00dd24    program     static X:\mandm\mandm\xlcd\openxlcd.c
                   __pa_0   0x00e06e    program     static X:\mandm\mandm\xlcd\putrxlcd.c
                   __pa_0   0x00d668    program     static X:\mandm\mandm\config.c  
                   __pa_0   0x00e556    program     static X:\mandm\mandm\xlcd\busyxlcd.c
                   __pa_0   0x00e1ca    program     static X:\mandm\mandm\xlcd\wcmdxlcd.c
                   __pa_0   0x00e0fc    program     static X:\mandm\mandm\xlcd\setddram.c
                   __pa_0   0x00e142    program     static X:\mandm\mandm\xlcd\setcgram.c
                   __pa_1   0x00dd2e    program     static X:\mandm\mandm\xlcd\openxlcd.c
                   __pa_1   0x00d67e    program     static X:\mandm\mandm\config.c  
                   __pa_1   0x00bca2    program     static X:\mandm\mandm\mandm_vector.c
                   __pa_1   0x008560    program     static X:\mandm\mandm\daq.c     
                   __pa_1   0x00d380    program     static X:\mandm\mandm\power.c   
                   __pa_1   0x00d8da    program     static X:\mandm\mandm\crit.c    
                   __pa_1   0x005b16    program     static X:\mandm\mandm\mandm8722.c
                   __pa_1   0x00ce48    program     static E:\c18v3.46\pic18-lt\cxx-framework\src\extended\stdclib\vfprintf.c
                  __pa_10   0x00d6ca    program     static X:\mandm\mandm\config.c  
                  __pa_10   0x005c2c    program     static X:\mandm\mandm\mandm8722.c
                  __pa_10   0x00d3da    program     static X:\mandm\mandm\power.c   
                  __pa_10   0x00ced6    program     static E:\c18v3.46\pic18-lt\cxx-framework\src\extended\stdclib\vfprintf.c
                 __pa_100   0x00613a    program     static X:\mandm\mandm\mandm8722.c
                 __pa_101   0x00614c    program     static X:\mandm\mandm\mandm8722.c
                 __pa_102   0x00615e    program     static X:\mandm\mandm\mandm8722.c
                 __pa_103   0x006164    program     static X:\mandm\mandm\mandm8722.c
                 __pa_104   0x00616a    program     static X:\mandm\mandm\mandm8722.c
                 __pa_105   0x006176    program     static X:\mandm\mandm\mandm8722.c
                 __pa_106   0x006182    program     static X:\mandm\mandm\mandm8722.c
                 __pa_107   0x00618c    program     static X:\mandm\mandm\mandm8722.c
                 __pa_108   0x006194    program     static X:\mandm\mandm\mandm8722.c
                 __pa_109   0x0061a2    program     static X:\mandm\mandm\mandm8722.c
                  __pa_11   0x00d6d0    program     static X:\mandm\mandm\config.c  
                  __pa_11   0x00d3e2    program     static X:\mandm\mandm\power.c   
                  __pa_11   0x00cee6    program     static E:\c18v3.46\pic18-lt\cxx-framework\src\extended\stdclib\vfprintf.c
                  __pa_11   0x005c40    program     static X:\mandm\mandm\mandm8722.c
                 __pa_110   0x0061b2    program     static X:\mandm\mandm\mandm8722.c
                 __pa_111   0x0061c2    program     static X:\mandm\mandm\mandm8722.c
                 __pa_112   0x0061d2    program     static X:\mandm\mandm\mandm8722.c
                 __pa_113   0x0061da    program     static X:\mandm\mandm\mandm8722.c
                 __pa_114   0x0061e2    program     static X:\mandm\mandm\mandm8722.c
                 __pa_115   0x0061f0    program     static X:\mandm\mandm\mandm8722.c
                 __pa_116   0x0061fe    program     static X:\mandm\mandm\mandm8722.c
                 __pa_117   0x006208    program     static X:\mandm\mandm\mandm8722.c
                 __pa_118   0x006212    program     static X:\mandm\mandm\mandm8722.c
                 __pa_119   0x00621c    program     static X:\mandm\mandm\mandm8722.c
                  __pa_12   0x00cef6    program     static E:\c18v3.46\pic18-lt\cxx-framework\src\extended\stdclib\vfprintf.c
                  __pa_12   0x00d3ec    program     static X:\mandm\mandm\power.c   
                  __pa_12   0x005c4c    program     static X:\mandm\mandm\mandm8722.c
                  __pa_12   0x00d6da    program     static X:\mandm\mandm\config.c  
                 __pa_120   0x006226    program     static X:\mandm\mandm\mandm8722.c
                 __pa_121   0x00622e    program     static X:\mandm\mandm\mandm8722.c
                 __pa_122   0x006258    program     static X:\mandm\mandm\mandm8722.c
                 __pa_123   0x006290    program     static X:\mandm\mandm\mandm8722.c
                 __pa_124   0x00629a    program     static X:\mandm\mandm\mandm8722.c
                 __pa_125   0x0062a0    program     static X:\mandm\mandm\mandm8722.c
                 __pa_126   0x0062a8    program     static X:\mandm\mandm\mandm8722.c
                 __pa_127   0x0062b4    program     static X:\mandm\mandm\mandm8722.c
                 __pa_128   0x0062be    program     static X:\mandm\mandm\mandm8722.c
                 __pa_129   0x0062ce    program     static X:\mandm\mandm\mandm8722.c
                  __pa_13   0x00d6e4    program     static X:\mandm\mandm\config.c  
                  __pa_13   0x00cf04    program     static E:\c18v3.46\pic18-lt\cxx-framework\src\extended\stdclib\vfprintf.c
                  __pa_13   0x005c62    program     static X:\mandm\mandm\mandm8722.c
                 __pa_130   0x0062e8    program     static X:\mandm\mandm\mandm8722.c
                 __pa_131   0x006306    program     static X:\mandm\mandm\mandm8722.c
                 __pa_132   0x006316    program     static X:\mandm\mandm\mandm8722.c
                 __pa_133   0x006326    program     static X:\mandm\mandm\mandm8722.c
                 __pa_134   0x00632c    program     static X:\mandm\mandm\mandm8722.c
                 __pa_135   0x006332    program     static X:\mandm\mandm\mandm8722.c
                 __pa_136   0x006358    program     static X:\mandm\mandm\mandm8722.c
                 __pa_137   0x00635e    program     static X:\mandm\mandm\mandm8722.c
                 __pa_138   0x00636a    program     static X:\mandm\mandm\mandm8722.c
                 __pa_139   0x006384    program     static X:\mandm\mandm\mandm8722.c
                  __pa_14   0x00d6f4    program     static X:\mandm\mandm\config.c  
                  __pa_14   0x005c68    program     static X:\mandm\mandm\mandm8722.c
                  __pa_14   0x00cf22    program     static E:\c18v3.46\pic18-lt\cxx-framework\src\extended\stdclib\vfprintf.c
                 __pa_140   0x00638a    program     static X:\mandm\mandm\mandm8722.c
                 __pa_141   0x0063a0    program     static X:\mandm\mandm\mandm8722.c
                 __pa_142   0x0063a8    program     static X:\mandm\mandm\mandm8722.c
                 __pa_143   0x0063bc    program     static X:\mandm\mandm\mandm8722.c
                 __pa_144   0x0063d6    program     static X:\mandm\mandm\mandm8722.c
                 __pa_145   0x0063e4    program     static X:\mandm\mandm\mandm8722.c
                 __pa_146   0x0063ea    program     static X:\mandm\mandm\mandm8722.c
                 __pa_147   0x0063f0    program     static X:\mandm\mandm\mandm8722.c
                 __pa_148   0x0063fa    program     static X:\mandm\mandm\mandm8722.c
                 __pa_149   0x006404    program     static X:\mandm\mandm\mandm8722.c
                  __pa_15   0x00cf2c    program     static E:\c18v3.46\pic18-lt\cxx-framework\src\extended\stdclib\vfprintf.c
                  __pa_15   0x00d6fe    program     static X:\mandm\mandm\config.c  
                  __pa_15   0x005c80    program     static X:\mandm\mandm\mandm8722.c
                 __pa_150   0x006420    program     static X:\mandm\mandm\mandm8722.c
                 __pa_151   0x006434    program     static X:\mandm\mandm\mandm8722.c
                 __pa_152   0x00643c    program     static X:\mandm\mandm\mandm8722.c
                 __pa_153   0x006450    program     static X:\mandm\mandm\mandm8722.c
                 __pa_154   0x006462    program     static X:\mandm\mandm\mandm8722.c
                 __pa_155   0x006474    program     static X:\mandm\mandm\mandm8722.c
                 __pa_156   0x00647e    program     static X:\mandm\mandm\mandm8722.c
                 __pa_157   0x006488    program     static X:\mandm\mandm\mandm8722.c
                 __pa_158   0x006492    program     static X:\mandm\mandm\mandm8722.c
                 __pa_159   0x00649a    program     static X:\mandm\mandm\mandm8722.c
                  __pa_16   0x00cf32    program     static E:\c18v3.46\pic18-lt\cxx-framework\src\extended\stdclib\vfprintf.c
                  __pa_16   0x005c86    program     static X:\mandm\mandm\mandm8722.c
                  __pa_16   0x00d706    program     static X:\mandm\mandm\config.c  
                 __pa_160   0x0064ae    program     static X:\mandm\mandm\mandm8722.c
                 __pa_161   0x0064bc    program     static X:\mandm\mandm\mandm8722.c
                 __pa_162   0x0064cc    program     static X:\mandm\mandm\mandm8722.c
                 __pa_163   0x0064d4    program     static X:\mandm\mandm\mandm8722.c
                 __pa_164   0x0064dc    program     static X:\mandm\mandm\mandm8722.c
                 __pa_165   0x0064e6    program     static X:\mandm\mandm\mandm8722.c
                 __pa_166   0x0064ee    program     static X:\mandm\mandm\mandm8722.c
                 __pa_167   0x006502    program     static X:\mandm\mandm\mandm8722.c
                 __pa_168   0x006512    program     static X:\mandm\mandm\mandm8722.c
                 __pa_169   0x006526    program     static X:\mandm\mandm\mandm8722.c
                  __pa_17   0x005c90    program     static X:\mandm\mandm\mandm8722.c
                  __pa_17   0x00d712    program     static X:\mandm\mandm\config.c  
                  __pa_17   0x00cf42    program     static E:\c18v3.46\pic18-lt\cxx-framework\src\extended\stdclib\vfprintf.c
                 __pa_170   0x006538    program     static X:\mandm\mandm\mandm8722.c
                 __pa_171   0x00654a    program     static X:\mandm\mandm\mandm8722.c
                 __pa_172   0x006558    program     static X:\mandm\mandm\mandm8722.c
                 __pa_173   0x00656a    program     static X:\mandm\mandm\mandm8722.c
                 __pa_174   0x00657c    program     static X:\mandm\mandm\mandm8722.c
                 __pa_175   0x00658e    program     static X:\mandm\mandm\mandm8722.c
                 __pa_176   0x0065a0    program     static X:\mandm\mandm\mandm8722.c
                 __pa_177   0x0065b2    program     static X:\mandm\mandm\mandm8722.c
                 __pa_178   0x0065c4    program     static X:\mandm\mandm\mandm8722.c
                 __pa_179   0x0065d6    program     static X:\mandm\mandm\mandm8722.c
                  __pa_18   0x005c9a    program     static X:\mandm\mandm\mandm8722.c
                  __pa_18   0x00d71a    program     static X:\mandm\mandm\config.c  
[...]
                     PIE3   0x000fa3       data     extern E:\c18v3.46\pic18-lt\cxx-framework\src\extended\proc\p18f8722.asm
                 PIE3bits   0x000fa3       data     extern E:\c18v3.46\pic18-lt\cxx-framework\src\extended\proc\p18f8722.asm
                 PIR3bits   0x000fa4       data     extern E:\c18v3.46\pic18-lt\cxx-framework\src\extended\proc\p18f8722.asm
                     PIR3   0x000fa4       data     extern E:\c18v3.46\pic18-lt\cxx-framework\src\extended\proc\p18f8722.asm
                 IPR3bits   0x000fa5       data     extern E:\c18v3.46\pic18-lt\cxx-framework\src\extended\proc\p18f8722.asm
                     IPR3   0x000fa5       data     extern E:\c18v3.46\pic18-lt\cxx-framework\src\extended\proc\p18f8722.asm
                   EECON1   0x000fa6       data     extern E:\c18v3.46\pic18-lt\cxx-framework\src\extended\proc\p18f8722.asm
               EECON1bits   0x000fa6       data     extern E:\c18v3.46\pic18-lt\cxx-framework\src\extended\proc\p18f8722.asm
                   EECON2   0x000fa7       data     extern E:\c18v3.46\pic18-lt\cxx-framework\src\extended\proc\p18f8722.asm
                   EEDATA   0x000fa8       data     extern E:\c18v3.46\pic18-lt\cxx-framework\src\extended\proc\p18f8722.asm
                    EEADR   0x000fa9       data     extern E:\c18v3.46\pic18-lt\cxx-framework\src\extended\proc\p18f8722.asm
                   EEADRH   0x000faa       data     extern E:\c18v3.46\pic18-lt\cxx-framework\src\extended\proc\p18f8722.asm
                RCSTAbits   0x000fab       data     extern E:\c18v3.46\pic18-lt\cxx-framework\src\extended\proc\p18f8722.asm
               RCSTA1bits   0x000fab       data     extern E:\c18v3.46\pic18-lt\cxx-framework\src\extended\proc\p18f8722.asm
                   RCSTA1   0x000fab       data     extern E:\c18v3.46\pic18-lt\cxx-framework\src\extended\proc\p18f8722.asm
                    RCSTA   0x000fab       data     extern E:\c18v3.46\pic18-lt\cxx-framework\src\extended\proc\p18f8722.asm
                TXSTAbits   0x000fac       data     extern E:\c18v3.46\pic18-lt\cxx-framework\src\extended\proc\p18f8722.asm
               TXSTA1bits   0x000fac       data     extern E:\c18v3.46\pic18-lt\cxx-framework\src\extended\proc\p18f8722.asm
                   TXSTA1   0x000fac       data     extern E:\c18v3.46\pic18-lt\cxx-framework\src\extended\proc\p18f8722.asm
                    TXSTA   0x000fac       data     extern E:\c18v3.46\pic18-lt\cxx-framework\src\extended\proc\p18f8722.asm
                   TXREG1   0x000fad       data     extern E:\c18v3.46\pic18-lt\cxx-framework\src\extended\proc\p18f8722.asm
                    TXREG   0x000fad       data     extern E:\c18v3.46\pic18-lt\cxx-framework\src\extended\proc\p18f8722.asm
                    RCREG   0x000fae       data     extern E:\c18v3.46\pic18-lt\cxx-framework\src\extended\proc\p18f8722.asm
                   RCREG1   0x000fae       data     extern E:\c18v3.46\pic18-lt\cxx-framework\src\extended\proc\p18f8722.asm
                   SPBRG1   0x000faf       data     extern E:\c18v3.46\pic18-lt\cxx-framework\src\extended\proc\p18f8722.asm
                    SPBRG   0x000faf       data     extern E:\c18v3.46\pic18-lt\cxx-framework\src\extended\proc\p18f8722.asm
               PSPCONbits   0x000fb0       data     extern E:\c18v3.46\pic18-lt\cxx-framework\src\extended\proc\p18f8722.asm
                   PSPCON   0x000fb0       data     extern E:\c18v3.46\pic18-lt\cxx-framework\src\extended\proc\p18f8722.asm
                    T3CON   0x000fb1       data     extern E:\c18v3.46\pic18-lt\cxx-framework\src\extended\proc\p18f8722.asm
                T3CONbits   0x000fb1       data     extern E:\c18v3.46\pic18-lt\cxx-framework\src\extended\proc\p18f8722.asm
                    TMR3L   0x000fb2       data     extern E:\c18v3.46\pic18-lt\cxx-framework\src\extended\proc\p18f8722.asm
                    TMR3H   0x000fb3       data     extern E:\c18v3.46\pic18-lt\cxx-framework\src\extended\proc\p18f8722.asm
                CMCONbits   0x000fb4       data     extern E:\c18v3.46\pic18-lt\cxx-framework\src\extended\proc\p18f8722.asm
                    CMCON   0x000fb4       data     extern E:\c18v3.46\pic18-lt\cxx-framework\src\extended\proc\p18f8722.asm
               CVRCONbits   0x000fb5       data     extern E:\c18v3.46\pic18-lt\cxx-framework\src\extended\proc\p18f8722.asm
                   CVRCON   0x000fb5       data     extern E:\c18v3.46\pic18-lt\cxx-framework\src\extended\proc\p18f8722.asm
              ECCP1ASbits   0x000fb6       data     extern E:\c18v3.46\pic18-lt\cxx-framework\src\extended\proc\p18f8722.asm
                  ECCP1AS   0x000fb6       data     extern E:\c18v3.46\pic18-lt\cxx-framework\src\extended\proc\p18f8722.asm
             ECCP3CONbits   0x000fb7       data     extern E:\c18v3.46\pic18-lt\cxx-framework\src\extended\proc\p18f8722.asm
                 ECCP3CON   0x000fb7       data     extern E:\c18v3.46\pic18-lt\cxx-framework\src\extended\proc\p18f8722.asm
              CCP3CONbits   0x000fb7       data     extern E:\c18v3.46\pic18-lt\cxx-framework\src\extended\proc\p18f8722.asm
                  CCP3CON   0x000fb7       data     extern E:\c18v3.46\pic18-lt\cxx-framework\src\extended\proc\p18f8722.asm
                   CCPR3L   0x000fb8       data     extern E:\c18v3.46\pic18-lt\cxx-framework\src\extended\proc\p18f8722.asm
                    CCPR3   0x000fb8       data     extern E:\c18v3.46\pic18-lt\cxx-framework\src\extended\proc\p18f8722.asm
                   CCPR3H   0x000fb9       data     extern E:\c18v3.46\pic18-lt\cxx-framework\src\extended\proc\p18f8722.asm
                  CCP2CON   0x000fba       data     extern E:\c18v3.46\pic18-lt\cxx-framework\src\extended\proc\p18f8722.asm
             ECCP2CONbits   0x000fba       data     extern E:\c18v3.46\pic18-lt\cxx-framework\src\extended\proc\p18f8722.asm
                 ECCP2CON   0x000fba       data     extern E:\c18v3.46\pic18-lt\cxx-framework\src\extended\proc\p18f8722.asm
              CCP2CONbits   0x000fba       data     extern E:\c18v3.46\pic18-lt\cxx-framework\src\extended\proc\p18f8722.asm
                   CCPR2L   0x000fbb       data     extern E:\c18v3.46\pic18-lt\cxx-framework\src\extended\proc\p18f8722.asm
                    CCPR2   0x000fbb       data     extern E:\c18v3.46\pic18-lt\cxx-framework\src\extended\proc\p18f8722.asm
                   CCPR2H   0x000fbc       data     extern E:\c18v3.46\pic18-lt\cxx-framework\src\extended\proc\p18f8722.asm
                  CCP1CON   0x000fbd       data     extern E:\c18v3.46\pic18-lt\cxx-framework\src\extended\proc\p18f8722.asm
              CCP1CONbits   0x000fbd       data     extern E:\c18v3.46\pic18-lt\cxx-framework\src\extended\proc\p18f8722.asm
             ECCP1CONbits   0x000fbd       data     extern E:\c18v3.46\pic18-lt\cxx-framework\src\extended\proc\p18f8722.asm
                 ECCP1CON   0x000fbd       data     extern E:\c18v3.46\pic18-lt\cxx-framework\src\extended\proc\p18f8722.asm
                    CCPR1   0x000fbe       data     extern E:\c18v3.46\pic18-lt\cxx-framework\src\extended\proc\p18f8722.asm
                   CCPR1L   0x000fbe       data     extern E:\c18v3.46\pic18-lt\cxx-framework\src\extended\proc\p18f8722.asm
                   CCPR1H   0x000fbf       data     extern E:\c18v3.46\pic18-lt\cxx-framework\src\extended\proc\p18f8722.asm
                   ADCON2   0x000fc0       data     extern E:\c18v3.46\pic18-lt\cxx-framework\src\extended\proc\p18f8722.asm
               ADCON2bits   0x000fc0       data     extern E:\c18v3.46\pic18-lt\cxx-framework\src\extended\proc\p18f8722.asm
               ADCON1bits   0x000fc1       data     extern E:\c18v3.46\pic18-lt\cxx-framework\src\extended\proc\p18f8722.asm
                   ADCON1   0x000fc1       data     extern E:\c18v3.46\pic18-lt\cxx-framework\src\extended\proc\p18f8722.asm
               ADCON0bits   0x000fc2       data     extern E:\c18v3.46\pic18-lt\cxx-framework\src\extended\proc\p18f8722.asm
                   ADCON0   0x000fc2       data     extern E:\c18v3.46\pic18-lt\cxx-framework\src\extended\proc\p18f8722.asm
                    ADRES   0x000fc3       data     extern E:\c18v3.46\pic18-lt\cxx-framework\src\extended\proc\p18f8722.asm
                   ADRESL   0x000fc3       data     extern E:\c18v3.46\pic18-lt\cxx-framework\src\extended\proc\p18f8722.asm
                   ADRESH   0x000fc4       data     extern E:\c18v3.46\pic18-lt\cxx-framework\src\extended\proc\p18f8722.asm
             SSP1CON2bits   0x000fc5       data     extern E:\c18v3.46\pic18-lt\cxx-framework\src\extended\proc\p18f8722.asm
                 SSP1CON2   0x000fc5       data     extern E:\c18v3.46\pic18-lt\cxx-framework\src\extended\proc\p18f8722.asm
                  SSPCON2   0x000fc5       data     extern E:\c18v3.46\pic18-lt\cxx-framework\src\extended\proc\p18f8722.asm
              SSPCON2bits   0x000fc5       data     extern E:\c18v3.46\pic18-lt\cxx-framework\src\extended\proc\p18f8722.asm
              SSPCON1bits   0x000fc6       data     extern E:\c18v3.46\pic18-lt\cxx-framework\src\extended\proc\p18f8722.asm
                  SSPCON1   0x000fc6       data     extern E:\c18v3.46\pic18-lt\cxx-framework\src\extended\proc\p18f8722.asm
             SSP1CON1bits   0x000fc6       data     extern E:\c18v3.46\pic18-lt\cxx-framework\src\extended\proc\p18f8722.asm
                 SSP1CON1   0x000fc6       data     extern E:\c18v3.46\pic18-lt\cxx-framework\src\extended\proc\p18f8722.asm
              SSPSTATbits   0x000fc7       data     extern E:\c18v3.46\pic18-lt\cxx-framework\src\extended\proc\p18f8722.asm
                 SSP1STAT   0x000fc7       data     extern E:\c18v3.46\pic18-lt\cxx-framework\src\extended\proc\p18f8722.asm
                  SSPSTAT   0x000fc7       data     extern E:\c18v3.46\pic18-lt\cxx-framework\src\extended\proc\p18f8722.asm
             SSP1STATbits   0x000fc7       data     extern E:\c18v3.46\pic18-lt\cxx-framework\src\extended\proc\p18f8722.asm
                   SSPADD   0x000fc8       data     extern E:\c18v3.46\pic18-lt\cxx-framework\src\extended\proc\p18f8722.asm
                  SSP1ADD   0x000fc8       data     extern E:\c18v3.46\pic18-lt\cxx-framework\src\extended\proc\p18f8722.asm
                   SSPBUF   0x000fc9       data     extern E:\c18v3.46\pic18-lt\cxx-framework\src\extended\proc\p18f8722.asm
                  SSP1BUF   0x000fc9       data     extern E:\c18v3.46\pic18-lt\cxx-framework\src\extended\proc\p18f8722.asm
                    T2CON   0x000fca       data     extern E:\c18v3.46\pic18-lt\cxx-framework\src\extended\proc\p18f8722.asm
                T2CONbits   0x000fca       data     extern E:\c18v3.46\pic18-lt\cxx-framework\src\extended\proc\p18f8722.asm
                      PR2   0x000fcb       data     extern E:\c18v3.46\pic18-lt\cxx-framework\src\extended\proc\p18f8722.asm
                     TMR2   0x000fcc       data     extern E:\c18v3.46\pic18-lt\cxx-framework\src\extended\proc\p18f8722.asm
                T1CONbits   0x000fcd       data     extern E:\c18v3.46\pic18-lt\cxx-framework\src\extended\proc\p18f8722.asm
                    T1CON   0x000fcd       data     extern E:\c18v3.46\pic18-lt\cxx-framework\src\extended\proc\p18f8722.asm
                    TMR1L   0x000fce       data     extern E:\c18v3.46\pic18-lt\cxx-framework\src\extended\proc\p18f8722.asm
                    TMR1H   0x000fcf       data     extern E:\c18v3.46\pic18-lt\cxx-framework\src\extended\proc\p18f8722.asm
                     RCON   0x000fd0       data     extern E:\c18v3.46\pic18-lt\cxx-framework\src\extended\proc\p18f8722.asm
                 RCONbits   0x000fd0       data     extern E:\c18v3.46\pic18-lt\cxx-framework\src\extended\proc\p18f8722.asm
               WDTCONbits   0x000fd1       data     extern E:\c18v3.46\pic18-lt\cxx-framework\src\extended\proc\p18f8722.asm
                   WDTCON   0x000fd1       data     extern E:\c18v3.46\pic18-lt\cxx-framework\src\extended\proc\p18f8722.asm
               LVDCONbits   0x000fd2       data     extern E:\c18v3.46\pic18-lt\cxx-framework\src\extended\proc\p18f8722.asm
                   LVDCON   0x000fd2       data     extern E:\c18v3.46\pic18-lt\cxx-framework\src\extended\proc\p18f8722.asm
                  HLVDCON   0x000fd2       data     extern E:\c18v3.46\pic18-lt\cxx-framework\src\extended\proc\p18f8722.asm
              HLVDCONbits   0x000fd2       data     extern E:\c18v3.46\pic18-lt\cxx-framework\src\extended\proc\p18f8722.asm
               OSCCONbits   0x000fd3       data     extern E:\c18v3.46\pic18-lt\cxx-framework\src\extended\proc\p18f8722.asm
                   OSCCON   0x000fd3       data     extern E:\c18v3.46\pic18-lt\cxx-framework\src\extended\proc\p18f8722.asm
                    T0CON   0x000fd5       data     extern E:\c18v3.46\pic18-lt\cxx-framework\src\extended\proc\p18f8722.asm
                T0CONbits   0x000fd5       data     extern E:\c18v3.46\pic18-lt\cxx-framework\src\extended\proc\p18f8722.asm
                    TMR0L   0x000fd6       data     extern E:\c18v3.46\pic18-lt\cxx-framework\src\extended\proc\p18f8722.asm
                    TMR0H   0x000fd7       data     extern E:\c18v3.46\pic18-lt\cxx-framework\src\extended\proc\p18f8722.asm
               STATUSbits   0x000fd8       data     extern E:\c18v3.46\pic18-lt\cxx-framework\src\extended\proc\p18f8722.asm
                   STATUS   0x000fd8       data     extern E:\c18v3.46\pic18-lt\cxx-framework\src\extended\proc\p18f8722.asm
                     FSR2   0x000fd9       data     extern E:\c18v3.46\pic18-lt\cxx-framework\src\extended\proc\p18f8722.asm
                    FSR2L   0x000fd9       data     extern E:\c18v3.46\pic18-lt\cxx-framework\src\extended\proc\p18f8722.asm
                    FSR2H   0x000fda       data     extern E:\c18v3.46\pic18-lt\cxx-framework\src\extended\proc\p18f8722.asm
                   PLUSW2   0x000fdb       data     extern E:\c18v3.46\pic18-lt\cxx-framework\src\extended\proc\p18f8722.asm
                  PREINC2   0x000fdc       data     extern E:\c18v3.46\pic18-lt\cxx-framework\src\extended\proc\p18f8722.asm
                 POSTDEC2   0x000fdd       data     extern E:\c18v3.46\pic18-lt\cxx-framework\src\extended\proc\p18f8722.asm
                 POSTINC2   0x000fde       data     extern E:\c18v3.46\pic18-lt\cxx-framework\src\extended\proc\p18f8722.asm
                    INDF2   0x000fdf       data     extern E:\c18v3.46\pic18-lt\cxx-framework\src\extended\proc\p18f8722.asm
                      BSR   0x000fe0       data     extern E:\c18v3.46\pic18-lt\cxx-framework\src\extended\proc\p18f8722.asm
                    FSR1L   0x000fe1       data     extern E:\c18v3.46\pic18-lt\cxx-framework\src\extended\proc\p18f8722.asm
                     FSR1   0x000fe1       data     extern E:\c18v3.46\pic18-lt\cxx-framework\src\extended\proc\p18f8722.asm
                    FSR1H   0x000fe2       data     extern E:\c18v3.46\pic18-lt\cxx-framework\src\extended\proc\p18f8722.asm
                   PLUSW1   0x000fe3       data     extern E:\c18v3.46\pic18-lt\cxx-framework\src\extended\proc\p18f8722.asm
                  PREINC1   0x000fe4       data     extern E:\c18v3.46\pic18-lt\cxx-framework\src\extended\proc\p18f8722.asm
                 POSTDEC1   0x000fe5       data     extern E:\c18v3.46\pic18-lt\cxx-framework\src\extended\proc\p18f8722.asm
                 POSTINC1   0x000fe6       data     extern E:\c18v3.46\pic18-lt\cxx-framework\src\extended\proc\p18f8722.asm
                    INDF1   0x000fe7       data     extern E:\c18v3.46\pic18-lt\cxx-framework\src\extended\proc\p18f8722.asm
                     WREG   0x000fe8       data     extern E:\c18v3.46\pic18-lt\cxx-framework\src\extended\proc\p18f8722.asm
                    FSR0L   0x000fe9       data     extern E:\c18v3.46\pic18-lt\cxx-framework\src\extended\proc\p18f8722.asm
                     FSR0   0x000fe9       data     extern E:\c18v3.46\pic18-lt\cxx-framework\src\extended\proc\p18f8722.asm
                    FSR0H   0x000fea       data     extern E:\c18v3.46\pic18-lt\cxx-framework\src\extended\proc\p18f8722.asm
                   PLUSW0   0x000feb       data     extern E:\c18v3.46\pic18-lt\cxx-framework\src\extended\proc\p18f8722.asm
                  PREINC0   0x000fec       data     extern E:\c18v3.46\pic18-lt\cxx-framework\src\extended\proc\p18f8722.asm
                 POSTDEC0   0x000fed       data     extern E:\c18v3.46\pic18-lt\cxx-framework\src\extended\proc\p18f8722.asm
                 POSTINC0   0x000fee       data     extern E:\c18v3.46\pic18-lt\cxx-framework\src\extended\proc\p18f8722.asm
                    INDF0   0x000fef       data     extern E:\c18v3.46\pic18-lt\cxx-framework\src\extended\proc\p18f8722.asm
              INTCON3bits   0x000ff0       data     extern E:\c18v3.46\pic18-lt\cxx-framework\src\extended\proc\p18f8722.asm
                  INTCON3   0x000ff0       data     extern E:\c18v3.46\pic18-lt\cxx-framework\src\extended\proc\p18f8722.asm
              INTCON2bits   0x000ff1       data     extern E:\c18v3.46\pic18-lt\cxx-framework\src\extended\proc\p18f8722.asm
                  INTCON2   0x000ff1       data     extern E:\c18v3.46\pic18-lt\cxx-framework\src\extended\proc\p18f8722.asm
                   INTCON   0x000ff2       data     extern E:\c18v3.46\pic18-lt\cxx-framework\src\extended\proc\p18f8722.asm
               INTCONbits   0x000ff2       data     extern E:\c18v3.46\pic18-lt\cxx-framework\src\extended\proc\p18f8722.asm
                     PROD   0x000ff3       data     extern E:\c18v3.46\pic18-lt\cxx-framework\src\extended\proc\p18f8722.asm
                    PRODL   0x000ff3       data     extern E:\c18v3.46\pic18-lt\cxx-framework\src\extended\proc\p18f8722.asm
                    PRODH   0x000ff4       data     extern E:\c18v3.46\pic18-lt\cxx-framework\src\extended\proc\p18f8722.asm
                   TABLAT   0x000ff5       data     extern E:\c18v3.46\pic18-lt\cxx-framework\src\extended\proc\p18f8722.asm
                  TBLPTRL   0x000ff6       data     extern E:\c18v3.46\pic18-lt\cxx-framework\src\extended\proc\p18f8722.asm
                   TBLPTR   0x000ff6       data     extern E:\c18v3.46\pic18-lt\cxx-framework\src\extended\proc\p18f8722.asm
                  TBLPTRH   0x000ff7       data     extern E:\c18v3.46\pic18-lt\cxx-framework\src\extended\proc\p18f8722.asm
                  TBLPTRU   0x000ff8       data     extern E:\c18v3.46\pic18-lt\cxx-framework\src\extended\proc\p18f8722.asm
                       PC   0x000ff9       data     extern E:\c18v3.46\pic18-lt\cxx-framework\src\extended\proc\p18f8722.asm
                      PCL   0x000ff9       data     extern E:\c18v3.46\pic18-lt\cxx-framework\src\extended\proc\p18f8722.asm
                   PCLATH   0x000ffa       data     extern E:\c18v3.46\pic18-lt\cxx-framework\src\extended\proc\p18f8722.asm
                   PCLATU   0x000ffb       data     extern E:\c18v3.46\pic18-lt\cxx-framework\src\extended\proc\p18f8722.asm
                   STKPTR   0x000ffc       data     extern E:\c18v3.46\pic18-lt\cxx-framework\src\extended\proc\p18f8722.asm
               STKPTRbits   0x000ffc       data     extern E:\c18v3.46\pic18-lt\cxx-framework\src\extended\proc\p18f8722.asm
                     TOSL   0x000ffd       data     extern E:\c18v3.46\pic18-lt\cxx-framework\src\extended\proc\p18f8722.asm
                      TOS   0x000ffd       data     extern E:\c18v3.46\pic18-lt\cxx-framework\src\extended\proc\p18f8722.asm
                     TOSH   0x000ffe       data     extern E:\c18v3.46\pic18-lt\cxx-framework\src\extended\proc\p18f8722.asm
                     TOSU   0x000fff       data     extern E:\c18v3.46\pic18-lt\cxx-framework\src\extended\proc\p18f8722.asm


