MPLINK 4.48, Linker
Linker Map File - Created Tue Dec 02 15:53:51 2014

                                 Section Info
                  Section       Type    Address   Location Size(Bytes)
                ---------  ---------  ---------  ---------  ---------
               _entry_scn       code   0x000000    program   0x000006
       .code__user_putc.o       code   0x000006    program   0x000002
           tick_interrupt       code   0x000008    program   0x000006
          .code_adcbusy.o       code   0x00000e    program   0x00000a
           work_interrupt       code   0x000018    program   0x000006
                   .cinit    romdata   0x00001e    program   0x000056
        .code_mandm8722.o       code   0x000074    program   0x006614
              .code_daq.o       code   0x006688    program   0x001e74
             .stringtable    romdata   0x0084fc    program   0x0016bc
     .romdata_mandm8722.o    romdata   0x009bb8    program   0x0014c8
     .code_mandm_vector.o       code   0x00b080    program   0x000dbc
                     PROG       code   0x00be3c    program   0x000ace
         .code_vfprintf.o       code   0x00c90a    program   0x000816
           .code_config.o       code   0x00d120    program   0x0004bc
            .code_power.o       code   0x00d5dc    program   0x000476
             .code_crit.o       code   0x00da52    program   0x0001c0
                   STRING       code   0x00dc12    program   0x000192
           .code_hwconf.o       code   0x00dda4    program   0x000186
               _cinit_scn       code   0x00df2a    program   0x00009e
         .code_openxlcd.o       code   0x00dfc8    program   0x00009a
           .code_u2open.o       code   0x00e062    program   0x000084
           .code_u1open.o       code   0x00e0e6    program   0x00007a
          .code_sprintf.o       code   0x00e160    program   0x000072
             .code_putc.o       code   0x00e1d2    program   0x000066
          .code_write_B.o       code   0x00e238    program   0x000064
          .code_adcopen.o       code   0x00e29c    program   0x000064
          .code_u2putrs.o       code   0x00e300    program   0x00005c
         .code_putrxlcd.o       code   0x00e35c    program   0x00004e
           .code_u2puts.o       code   0x00e3aa    program   0x000046
         .code_setddram.o       code   0x00e3f0    program   0x000046
         .code_setcgram.o       code   0x00e436    program   0x000046
         .code_writdata.o       code   0x00e47c    program   0x000044
         .code_wcmdxlcd.o       code   0x00e4c0    program   0x000044
         .code_readdata.o       code   0x00e504    program   0x000044
         .code_readaddr.o       code   0x00e548    program   0x000044
           .code_read_B.o       code   0x00e58c    program   0x000042
                   STDLIB       code   0x00e5ce    program   0x000040
           .code_t3open.o       code   0x00e60e    program   0x000040
         .code_putsxlcd.o       code   0x00e64e    program   0x000040
           .code_u2read.o       code   0x00e68e    program   0x00003e
           .code_u1read.o       code   0x00e6cc    program   0x00003e
             D10KTCYXCODE       code   0x00e70a    program   0x000036
           .code_t0open.o       code   0x00e740    program   0x000036
           .code_t4open.o       code   0x00e776    program   0x000034
          .code_t3write.o       code   0x00e7aa    program   0x000030
          .code_t0write.o       code   0x00e7da    program   0x000030
         .code_adcsetch.o       code   0x00e80a    program   0x000030
          .code_u2write.o       code   0x00e83a    program   0x00002e
         .code_busyxlcd.o       code   0x00e868    program   0x00002c
                    CTYPE       code   0x00e894    program   0x000024
                    .code       code   0x00e8b8    program   0x000020
             _startup_scn       code   0x00e8d8    program   0x00001e
                    STDIO       code   0x00e8f6    program   0x00001c
          .code_adcread.o       code   0x00e912    program   0x000018
              D10TCYXCODE       code   0x00e92a    program   0x000016
      .romdata_vfprintf.o    romdata   0x00e940    program   0x000011
        .romdata___init.o    romdata   0x00e951    program   0x000000
        .idata_t4open.o_i    romdata   0x00e951    program   0x000000
        .idata_u2open.o_i    romdata   0x00e951    program   0x000000
        .romdata_u2open.o    romdata   0x00e951    program   0x000000
        .idata_u2puts.o_i    romdata   0x00e951    program   0x000000
        .romdata_t3open.o    romdata   0x00e951    program   0x000000
       .romdata_adcopen.o    romdata   0x00e951    program   0x000000
        .idata_t3open.o_i    romdata   0x00e951    program   0x000000
        .idata_t0open.o_i    romdata   0x00e951    program   0x000000
       .romdata_write_B.o    romdata   0x00e951    program   0x000000
        .romdata_t0open.o    romdata   0x00e951    program   0x000000
       .romdata_u2write.o    romdata   0x00e951    program   0x000000
       .idata_t0write.o_i    romdata   0x00e951    program   0x000000
       .idata_u2write.o_i    romdata   0x00e951    program   0x000000
       .romdata_t0write.o    romdata   0x00e951    program   0x000000
       .idata_t3write.o_i    romdata   0x00e951    program   0x000000
        .romdata_u2defs.o    romdata   0x00e951    program   0x000000
        .idata_u2defs.o_i    romdata   0x00e951    program   0x000000
       .romdata_t3write.o    romdata   0x00e951    program   0x000000
       .idata_u2putrs.o_i    romdata   0x00e951    program   0x000000
        .romdata_u1defs.o    romdata   0x00e951    program   0x000000
        .idata_u1defs.o_i    romdata   0x00e951    program   0x000000
      .romdata_adcsetch.o    romdata   0x00e951    program   0x000000
       .romdata_u2putrs.o    romdata   0x00e951    program   0x000000
        .romdata_read_B.o    romdata   0x00e951    program   0x000000
       .idata_write_B.o_i    romdata   0x00e951    program   0x000000
        .idata_read_B.o_i    romdata   0x00e951    program   0x000000
       .romdata_adcread.o    romdata   0x00e951    program   0x000000
        .romdata_u2read.o    romdata   0x00e951    program   0x000000
        .idata_u2read.o_i    romdata   0x00e951    program   0x000000
        .romdata_u1read.o    romdata   0x00e951    program   0x000000
        .idata_u1read.o_i    romdata   0x00e951    program   0x000000
        .romdata_t4open.o    romdata   0x00e951    program   0x000000
      .romdata_putsxlcd.o    romdata   0x00e951    program   0x000000
      .idata_putsxlcd.o_i    romdata   0x00e951    program   0x000000
      .romdata_putrxlcd.o    romdata   0x00e951    program   0x000000
      .idata_putrxlcd.o_i    romdata   0x00e951    program   0x000000
      .romdata_openxlcd.o    romdata   0x00e951    program   0x000000
      .idata_openxlcd.o_i    romdata   0x00e951    program   0x000000
      .romdata_writdata.o    romdata   0x00e951    program   0x000000
      .idata_writdata.o_i    romdata   0x00e951    program   0x000000
  .romdata_mandm_vector.o    romdata   0x00e951    program   0x000000
      .idata_vfprintf.o_i    romdata   0x00e951    program   0x000000
          .idata_putc.o_i    romdata   0x00e951    program   0x000000
          .romdata_putc.o    romdata   0x00e951    program   0x000000
           .romdata_daq.o    romdata   0x00e951    program   0x000000
         .romdata_power.o    romdata   0x00e951    program   0x000000
         .idata_power.o_i    romdata   0x00e951    program   0x000000
    .romdata__user_putc.o    romdata   0x00e951    program   0x000000
         .romdata_model.o    romdata   0x00e951    program   0x000000
         .idata_model.o_i    romdata   0x00e951    program   0x000000
        .romdata_hwconf.o    romdata   0x00e951    program   0x000000
        .idata_hwconf.o_i    romdata   0x00e951    program   0x000000
          .romdata_crit.o    romdata   0x00e951    program   0x000000
      .romdata_c018iz_e.o    romdata   0x00e951    program   0x000000
        .romdata_u1open.o    romdata   0x00e951    program   0x000000
        .idata_u1open.o_i    romdata   0x00e951    program   0x000000
       .romdata_adcconv.o    romdata   0x00e951    program   0x000000
        .romdata_u2puts.o    romdata   0x00e951    program   0x000000
      .romdata_busy_eep.o    romdata   0x00e951    program   0x000000
       .romdata_adcbusy.o    romdata   0x00e951    program   0x000000
       .idata_sprintf.o_i    romdata   0x00e951    program   0x000000
        .romdata_config.o    romdata   0x00e951    program   0x000000
        .idata_config.o_i    romdata   0x00e951    program   0x000001
      .romdata_busyxlcd.o    romdata   0x00e951    program   0x000000
       .romdata_sprintf.o    romdata   0x00e951    program   0x000000
      .idata_readaddr.o_i    romdata   0x00e951    program   0x000000
      .romdata_readaddr.o    romdata   0x00e951    program   0x000000
      .idata_readdata.o_i    romdata   0x00e951    program   0x000000
      .romdata_readdata.o    romdata   0x00e951    program   0x000000
      .idata_setcgram.o_i    romdata   0x00e951    program   0x000000
      .romdata_setcgram.o    romdata   0x00e951    program   0x000000
      .idata_setddram.o_i    romdata   0x00e951    program   0x000000
      .romdata_setddram.o    romdata   0x00e951    program   0x000000
      .idata_wcmdxlcd.o_i    romdata   0x00e951    program   0x000000
      .romdata_wcmdxlcd.o    romdata   0x00e951    program   0x000000
         .code_busy_eep.o       code   0x00e952    program   0x000006
          .code_adcconv.o       code   0x00e958    program   0x000004
           .code___init.o       code   0x00e95c    program   0x000002
                  gpr10_i    romdata   0x00e95e    program   0x000033
              SEED_DATA_i    romdata   0x00e991    program   0x000002
  .idata_mandm_vector.o_i    romdata   0x00e993    program   0x000012
     .idata_mandm8722.o_i    romdata   0x00e9a5    program   0x000099
           .idata_daq.o_i    romdata   0x00ea3e    program   0x000004
          .idata_crit.o_i    romdata   0x00ea42    program   0x000002
    .idata__user_putc.o_i    romdata   0x00ea44    program   0x000000
      .idata_c018iz_e.o_i    romdata   0x00ea44    program   0x000000
         .code_c018iz_e.o       code   0x00ea44    program   0x000000
            .code_model.o       code   0x00ea44    program   0x000000
      .idata_busyxlcd.o_i    romdata   0x00ea44    program   0x000000
       .idata_adcbusy.o_i    romdata   0x00ea44    program   0x000000
      .idata_busy_eep.o_i    romdata   0x00ea44    program   0x000000
        .idata___init.o_i    romdata   0x00ea44    program   0x000000
           .code_u2defs.o       code   0x00ea44    program   0x000000
           .code_u1defs.o       code   0x00ea44    program   0x000000
      .idata_adcsetch.o_i    romdata   0x00ea44    program   0x000000
       .idata_adcread.o_i    romdata   0x00ea44    program   0x000000
       .idata_adcopen.o_i    romdata   0x00ea44    program   0x000000
       .idata_adcconv.o_i    romdata   0x00ea44    program   0x000000
.config_300001_mandm8722.o    romdata   0x300001    program   0x000001
.config_300002_mandm8722.o    romdata   0x300002    program   0x000001
.config_300003_mandm8722.o    romdata   0x300003    program   0x000001
.config_300004_mandm8722.o    romdata   0x300004    program   0x000001
.config_300005_mandm8722.o    romdata   0x300005    program   0x000001
.config_300006_mandm8722.o    romdata   0x300006    program   0x000001
.config_300008_mandm8722.o    romdata   0x300008    program   0x000001
.config_300009_mandm8722.o    romdata   0x300009    program   0x000001
.config_30000a_mandm8722.o    romdata   0x30000a    program   0x000001
.config_30000b_mandm8722.o    romdata   0x30000b    program   0x000001
.config_30000c_mandm8722.o    romdata   0x30000c    program   0x000001
.config_30000d_mandm8722.o    romdata   0x30000d    program   0x000001
                 .tmpdata      udata   0x000000       data   0x000018
             .udata_daq.o      udata   0x000018       data   0x000011
       .idata_mandm8722.o      idata   0x000060       data   0x000099
    .udata_mandm_vector.o      udata   0x0000f9       data   0x000006
                     gpr4      udata   0x0000ff       data   0x000001
                     gpr2      udata   0x000100       data   0x0000fc
         tick_handler_tmp      udata   0x0001fc       data   0x000004
                    gpr13      udata   0x000200       data   0x0000fb
             .idata_daq.o      idata   0x0002fb       data   0x000004
                DELAYDAT2      udata   0x0002ff       data   0x000001
                     gpr1      udata   0x000300       data   0x0000ea
    .idata_mandm_vector.o      idata   0x0003ea       data   0x000012
                MATH_DATA      udata   0x0003fc       data   0x000004
                     gpr9      udata   0x000400       data   0x0000d7
                     gpr3      udata   0x0004d7       data   0x00001c
            .idata_crit.o      idata   0x0004f3       data   0x000002
          .udata_u2defs.o      udata   0x0004f5       data   0x000001
          .udata_u1defs.o      udata   0x0004f6       data   0x000001
          .udata_hwconf.o      udata   0x0004f7       data   0x000001
          .udata_config.o      udata   0x0004f8       data   0x000001
          .idata_config.o      idata   0x0004f9       data   0x000001
          .idata_u2open.o      idata   0x0004fa       data   0x000000
        .idata_adcsetch.o      idata   0x0004fa       data   0x000000
        .udata_adcsetch.o      udata   0x0004fa       data   0x000000
          .idata_read_B.o      idata   0x0004fa       data   0x000000
          .udata_read_B.o      udata   0x0004fa       data   0x000000
         .idata_adcread.o      idata   0x0004fa       data   0x000000
         .udata_adcread.o      udata   0x0004fa       data   0x000000
          .idata_u2read.o      idata   0x0004fa       data   0x000000
          .udata_u2read.o      udata   0x0004fa       data   0x000000
         .udata_adcopen.o      udata   0x0004fa       data   0x000000
         .idata_adcopen.o      idata   0x0004fa       data   0x000000
          .udata_t0open.o      udata   0x0004fa       data   0x000000
          .idata_t0open.o      idata   0x0004fa       data   0x000000
          .idata_u1read.o      idata   0x0004fa       data   0x000000
          .udata_u1read.o      udata   0x0004fa       data   0x000000
          .idata_t4open.o      idata   0x0004fa       data   0x000000
          .udata_t3open.o      udata   0x0004fa       data   0x000000
          .idata_t3open.o      idata   0x0004fa       data   0x000000
          .udata_t4open.o      udata   0x0004fa       data   0x000000
      .idata__user_putc.o      idata   0x0004fa       data   0x000000
      .udata__user_putc.o      udata   0x0004fa       data   0x000000
            .idata_putc.o      idata   0x0004fa       data   0x000000
            .udata_putc.o      udata   0x0004fa       data   0x000000
        .idata_vfprintf.o      idata   0x0004fa       data   0x000000
        .udata_vfprintf.o      udata   0x0004fa       data   0x000000
         .idata_sprintf.o      idata   0x0004fa       data   0x000000
         .udata_sprintf.o      udata   0x0004fa       data   0x000000
          .idata_u2puts.o      idata   0x0004fa       data   0x000000
          .udata_u2puts.o      udata   0x0004fa       data   0x000000
         .idata_u2putrs.o      idata   0x0004fa       data   0x000000
         .udata_u2putrs.o      udata   0x0004fa       data   0x000000
          .idata___init.o      idata   0x0004fa       data   0x000000
          .udata___init.o      udata   0x0004fa       data   0x000000
         .idata_write_B.o      idata   0x0004fa       data   0x000000
         .udata_write_B.o      udata   0x0004fa       data   0x000000
         .idata_t3write.o      idata   0x0004fa       data   0x000000
         .udata_t3write.o      udata   0x0004fa       data   0x000000
         .idata_t0write.o      idata   0x0004fa       data   0x000000
         .udata_t0write.o      udata   0x0004fa       data   0x000000
         .idata_u2write.o      idata   0x0004fa       data   0x000000
         .udata_u2write.o      udata   0x0004fa       data   0x000000
          .idata_u2defs.o      idata   0x0004fa       data   0x000000
          .idata_u1defs.o      idata   0x0004fa       data   0x000000
        .udata_readdata.o      udata   0x0004fa       data   0x000000
        .idata_readaddr.o      idata   0x0004fa       data   0x000000
        .udata_readaddr.o      udata   0x0004fa       data   0x000000
        .idata_putsxlcd.o      idata   0x0004fa       data   0x000000
        .udata_putsxlcd.o      udata   0x0004fa       data   0x000000
        .idata_putrxlcd.o      idata   0x0004fa       data   0x000000
        .udata_putrxlcd.o      udata   0x0004fa       data   0x000000
        .idata_openxlcd.o      idata   0x0004fa       data   0x000000
        .udata_openxlcd.o      udata   0x0004fa       data   0x000000
        .idata_writdata.o      idata   0x0004fa       data   0x000000
        .udata_writdata.o      udata   0x0004fa       data   0x000000
              ISRHtmpdata      udata   0x0004fa       data   0x000000
                     gpr6      udata   0x0004fa       data   0x000000
       .udata_mandm8722.o      udata   0x0004fa       data   0x000000
           .idata_power.o      idata   0x0004fa       data   0x000000
           .idata_model.o      idata   0x0004fa       data   0x000000
           .udata_model.o      udata   0x0004fa       data   0x000000
          .idata_hwconf.o      idata   0x0004fa       data   0x000000
            .udata_crit.o      udata   0x0004fa       data   0x000000
        .idata_c018iz_e.o      idata   0x0004fa       data   0x000000
          .udata_u1open.o      udata   0x0004fa       data   0x000000
         .idata_adcconv.o      idata   0x0004fa       data   0x000000
          .idata_u1open.o      idata   0x0004fa       data   0x000000
         .udata_adcconv.o      udata   0x0004fa       data   0x000000
        .idata_busy_eep.o      idata   0x0004fa       data   0x000000
        .udata_busy_eep.o      udata   0x0004fa       data   0x000000
          .udata_u2open.o      udata   0x0004fa       data   0x000000
         .idata_adcbusy.o      idata   0x0004fa       data   0x000000
         .udata_adcbusy.o      udata   0x0004fa       data   0x000000
        .idata_busyxlcd.o      idata   0x0004fa       data   0x000000
        .udata_busyxlcd.o      udata   0x0004fa       data   0x000000
        .idata_wcmdxlcd.o      idata   0x0004fa       data   0x000000
        .udata_wcmdxlcd.o      udata   0x0004fa       data   0x000000
        .idata_setddram.o      idata   0x0004fa       data   0x000000
        .udata_setddram.o      udata   0x0004fa       data   0x000000
        .idata_setcgram.o      idata   0x0004fa       data   0x000000
        .udata_setcgram.o      udata   0x0004fa       data   0x000000
        .idata_readdata.o      idata   0x0004fa       data   0x000000
                     gpr8      udata   0x000500       data   0x0000c2
                    gpr10      idata   0x0005c2       data   0x000033
        .udata_c018iz_e.o      udata   0x0005f5       data   0x00000a
                DELAYDAT1      udata   0x0005ff       data   0x000001
                     gpr5      udata   0x000600       data   0x0000a6
           .udata_power.o      udata   0x0006a6       data   0x000040
                     gpr7      udata   0x0006e6       data   0x000018
                SEED_DATA      idata   0x0006fe       data   0x000002
                   .stack      udata   0x000e00       data   0x000100
            SFR_UNBANKED0      udata   0x000f62       data   0x00009e



                              Program Memory Usage 
                               Start         End      
                           ---------   ---------      
                            0x000000    0x00ea43      
                            0x300001    0x300006      
                            0x300008    0x30000d      
            59984 out of 132120 program addresses used, program memory utilization is 45%



                              Symbols - Sorted by Name
                     Name    Address   Location    Storage File                     
                ---------  ---------  ---------  --------- ---------                
                     ABSI   0x000f4e    program     extern X:\mandm\mandm\mandm8722.c
                     ABSL   0x000f7c    program     extern X:\mandm\mandm\mandm8722.c
                 ADC_read   0x0067e8    program     extern X:\mandm\mandm\daq.c     
                 ADC_zero   0x006688    program     extern X:\mandm\mandm\daq.c     
                  BusyADC   0x00000e    program     extern E:\c18v3.46\pic18-lt\cxx-framework\src\pmc_common\ADC\adcbusy.c
                 BusyXLCD   0x00e868    program     extern X:\mandm\mandm\xlcd\busyxlcd.c
                 Busy_eep   0x00e952    program     extern E:\c18v3.46\pic18-lt\cxx-framework\src\pmc_common\EEP\busy_eep.c
             Change_Count   0x0066ee    program     extern X:\mandm\mandm\daq.c     
        Clear_All_Buttons   0x00bde4    program     extern X:\mandm\mandm\mandm_vector.c
               ConvertADC   0x00e958    program     extern E:\c18v3.46\pic18-lt\cxx-framework\src\pmc_common\ADC\adcconv.c
                   D10K_1   0x00e71a    program     static E:\c18v3.46\pic18-lt\cxx-framework\src\extended\delays\d10ktcyx.asm
                    D10Kl   0x00e728    program     static E:\c18v3.46\pic18-lt\cxx-framework\src\extended\delays\d10ktcyx.asm
                    D10Kx   0x00e716    program     static E:\c18v3.46\pic18-lt\cxx-framework\src\extended\delays\d10ktcyx.asm
                    D10_1   0x00e93a    program     static E:\c18v3.46\pic18-lt\cxx-framework\src\extended\delays\d10tcyx.asm
                     D10x   0x00e932    program     static E:\c18v3.46\pic18-lt\cxx-framework\src\extended\delays\d10tcyx.asm
                   D1616S   0x00c292    program     static E:\c18v3.46\pic18-lt\cxx-framework\src\extended\math\div16s.asm
                D1616SNEG   0x00c2a0    program     static E:\c18v3.46\pic18-lt\cxx-framework\src\extended\math\div16s.asm
                 D1616SOK   0x00c29c    program     static E:\c18v3.46\pic18-lt\cxx-framework\src\extended\math\div16s.asm
                D1616SPOS   0x00c2b0    program     static E:\c18v3.46\pic18-lt\cxx-framework\src\extended\math\div16s.asm
                  D1616SX   0x00c2d6    program     static E:\c18v3.46\pic18-lt\cxx-framework\src\extended\math\div16s.asm
                   D3232S   0x00c330    program     static E:\c18v3.46\pic18-lt\cxx-framework\src\extended\math\div32s.asm
                D3232SNEG   0x00c33e    program     static E:\c18v3.46\pic18-lt\cxx-framework\src\extended\math\div32s.asm
                 D3232SOK   0x00c33a    program     static E:\c18v3.46\pic18-lt\cxx-framework\src\extended\math\div32s.asm
                D3232SPOS   0x00c35c    program     static E:\c18v3.46\pic18-lt\cxx-framework\src\extended\math\div32s.asm
                  D3232SX   0x00c392    program     static E:\c18v3.46\pic18-lt\cxx-framework\src\extended\math\div32s.asm
                  DA1616S   0x00c282    program     static E:\c18v3.46\pic18-lt\cxx-framework\src\extended\math\div16s.asm
                  DA3232S   0x00c31a    program     static E:\c18v3.46\pic18-lt\cxx-framework\src\extended\math\div32s.asm
             Delay10KTCYx   0x00e70a    program     extern E:\c18v3.46\pic18-lt\cxx-framework\src\extended\delays\d10ktcyx.asm
              Delay10TCYx   0x00e92a    program     extern E:\c18v3.46\pic18-lt\cxx-framework\src\extended\delays\d10tcyx.asm
            DelayFor18TCY   0x00060c    program     extern X:\mandm\mandm\mandm8722.c
             DelayPORXLCD   0x000626    program     extern X:\mandm\mandm\mandm8722.c
                DelayXLCD   0x000632    program     extern X:\mandm\mandm\mandm8722.c
              LCD_VC_puts   0x00016e    program     extern X:\mandm\mandm\mandm8722.c
               Open1USART   0x00e0e6    program     extern E:\c18v3.46\pic18-lt\cxx-framework\src\pmc_common\USART\u1open.c
               Open2USART   0x00e062    program     extern E:\c18v3.46\pic18-lt\cxx-framework\src\pmc_common\USART\u2open.c
                  OpenADC   0x00e29c    program     extern E:\c18v3.46\pic18-lt\cxx-framework\src\pmc_common\ADC\adcopen.c
               OpenTimer0   0x00e740    program     extern E:\c18v3.46\pic18-lt\cxx-framework\src\pmc_common\Timers\t0open.c
               OpenTimer3   0x00e60e    program     extern E:\c18v3.46\pic18-lt\cxx-framework\src\pmc_common\Timers\t3open.c
               OpenTimer4   0x00e776    program     extern E:\c18v3.46\pic18-lt\cxx-framework\src\pmc_common\Timers\t4open.c
                 OpenXLCD   0x00dfc8    program     extern X:\mandm\mandm\xlcd\openxlcd.c
                   P1wait   0x00bdd8    program     extern X:\mandm\mandm\mandm_vector.c
                   P2wait   0x00bdde    program     extern X:\mandm\mandm\mandm_vector.c
                  RESTORE   0x00c894    program     static E:\c18v3.46\pic18-lt\cxx-framework\src\extended\math\div16u.asm
                  RESTORE   0x00c432    program     static E:\c18v3.46\pic18-lt\cxx-framework\src\extended\math\div32u.asm
                  RESTORE   0x00c384    program     static E:\c18v3.46\pic18-lt\cxx-framework\src\extended\math\div32s.asm
                  RESTORE   0x00c2c8    program     static E:\c18v3.46\pic18-lt\cxx-framework\src\extended\math\div16s.asm
              RETQUOTIENT   0x00c88c    program     static E:\c18v3.46\pic18-lt\cxx-framework\src\extended\math\div16u.asm
              RETQUOTIENT   0x00c374    program     static E:\c18v3.46\pic18-lt\cxx-framework\src\extended\math\div32s.asm
              RETQUOTIENT   0x00c422    program     static E:\c18v3.46\pic18-lt\cxx-framework\src\extended\math\div32u.asm
              RETQUOTIENT   0x00c2c0    program     static E:\c18v3.46\pic18-lt\cxx-framework\src\extended\math\div16s.asm
               Read1USART   0x00e6cc    program     extern E:\c18v3.46\pic18-lt\cxx-framework\src\pmc_common\USART\u1read.c
               Read2USART   0x00e68e    program     extern E:\c18v3.46\pic18-lt\cxx-framework\src\pmc_common\USART\u2read.c
                  ReadADC   0x00e912    program     extern E:\c18v3.46\pic18-lt\cxx-framework\src\pmc_common\ADC\adcread.c
             ReadAddrXLCD   0x00e548    program     extern X:\mandm\mandm\xlcd\readaddr.c
             ReadDataXLCD   0x00e504    program     extern X:\mandm\mandm\xlcd\readdata.c
               Read_b_eep   0x00e58c    program     extern E:\c18v3.46\pic18-lt\cxx-framework\src\pmc_common\EEP\read_B.c
       Reset_Change_Count   0x0066ae    program     extern X:\mandm\mandm\daq.c     
                  SETSIGN   0x00c300    program     static E:\c18v3.46\pic18-lt\cxx-framework\src\extended\math\div32s.asm
                  SETSIGN   0x00c270    program     static E:\c18v3.46\pic18-lt\cxx-framework\src\extended\math\div16s.asm
                 SETUPSTK   0x00c39c    program     static E:\c18v3.46\pic18-lt\cxx-framework\src\extended\math\div32u.asm
                 SETUPSTK   0x00c2e0    program     static E:\c18v3.46\pic18-lt\cxx-framework\src\extended\math\div32s.asm
                 SETUPSTK   0x00c82a    program     static E:\c18v3.46\pic18-lt\cxx-framework\src\extended\math\div16u.asm
                 SETUPSTK   0x00c250    program     static E:\c18v3.46\pic18-lt\cxx-framework\src\extended\math\div16s.asm
             SetCGRamAddr   0x00e436    program     extern X:\mandm\mandm\xlcd\setcgram.c
               SetChanADC   0x00e80a    program     extern E:\c18v3.46\pic18-lt\cxx-framework\src\pmc_common\ADC\adcsetch.c
             SetDDRamAddr   0x00e3f0    program     extern X:\mandm\mandm\xlcd\setddram.c
               Set_Cursor   0x001664    program     extern X:\mandm\mandm\mandm8722.c
              Write2USART   0x00e83a    program     extern E:\c18v3.46\pic18-lt\cxx-framework\src\pmc_common\USART\u2write.c
             WriteCmdXLCD   0x00e4c0    program     extern X:\mandm\mandm\xlcd\wcmdxlcd.c
            WriteDataXLCD   0x00e47c    program     extern X:\mandm\mandm\xlcd\writdata.c
              WriteTimer0   0x00e7da    program     extern E:\c18v3.46\pic18-lt\cxx-framework\src\pmc_common\Timers\t0write.c
              WriteTimer3   0x00e7aa    program     extern E:\c18v3.46\pic18-lt\cxx-framework\src\pmc_common\Timers\t3write.c
              Write_b_eep   0x00e238    program     extern E:\c18v3.46\pic18-lt\cxx-framework\src\pmc_common\EEP\write_B.c
                   _2jEnd   0x00dcca    program     static E:\c18v3.46\pic18-lt\cxx-framework\src\extended\stdclib\slenpgm.asm
              _3jContinue   0x00dd6e    program     static E:\c18v3.46\pic18-lt\cxx-framework\src\extended\stdclib\sncpyp2r.asm
              _4jContinue   0x00dd14    program     static E:\c18v3.46\pic18-lt\cxx-framework\src\extended\stdclib\strncpy.asm
              _4jContinue   0x00dc3e    program     static E:\c18v3.46\pic18-lt\cxx-framework\src\extended\stdclib\memcmp.asm
                   _4jEnd   0x00dd78    program     static E:\c18v3.46\pic18-lt\cxx-framework\src\extended\stdclib\sncpyp2r.asm
                   _5jEnd   0x00dc48    program     static E:\c18v3.46\pic18-lt\cxx-framework\src\extended\stdclib\memcmp.asm
                   _5jEnd   0x00dd1e    program     static E:\c18v3.46\pic18-lt\cxx-framework\src\extended\stdclib\strncpy.asm
       _D10KTCYXCODE_0014   0x00e71e    program     static E:\c18v3.46\pic18-lt\cxx-framework\src\extended\delays\d10ktcyx.asm
       _D10KTCYXCODE_0022   0x00e72c    program     static E:\c18v3.46\pic18-lt\cxx-framework\src\extended\delays\d10ktcyx.asm
        _D10TCYXCODE_000A   0x00e934    program     static E:\c18v3.46\pic18-lt\cxx-framework\src\extended\delays\d10tcyx.asm
        _D10TCYXCODE_000C   0x00e936    program     static E:\c18v3.46\pic18-lt\cxx-framework\src\extended\delays\d10tcyx.asm
        _D10TCYXCODE_000E   0x00e938    program     static E:\c18v3.46\pic18-lt\cxx-framework\src\extended\delays\d10tcyx.asm
              __FpCompare   0x00c50c    program     extern E:\c18v3.46\pic18-lt\cxx-framework\src\extended\math\compFP.asm
                 __FpPack   0x00bf86    program     extern E:\c18v3.46\pic18-lt\cxx-framework\src\extended\math\packFP.asm
            __FpReturnNaN   0x00c008    program     extern E:\c18v3.46\pic18-lt\cxx-framework\src\extended\math\packFP.asm
         __FpReturnNegInf   0x00c01a    program     extern E:\c18v3.46\pic18-lt\cxx-framework\src\extended\math\packFP.asm
        __FpReturnNegZero   0x00c032    program     extern E:\c18v3.46\pic18-lt\cxx-framework\src\extended\math\packFP.asm
         __FpReturnPosInf   0x00c020    program     extern E:\c18v3.46\pic18-lt\cxx-framework\src\extended\math\packFP.asm
        __FpReturnPosZero   0x00c03a    program     extern E:\c18v3.46\pic18-lt\cxx-framework\src\extended\math\packFP.asm
        __FpReturnSignInf   0x00c016    program     extern E:\c18v3.46\pic18-lt\cxx-framework\src\extended\math\packFP.asm
       __FpReturnSignZero   0x00c02e    program     extern E:\c18v3.46\pic18-lt\cxx-framework\src\extended\math\packFP.asm
              __FpReturnW   0x00bfde    program     extern E:\c18v3.46\pic18-lt\cxx-framework\src\extended\math\packFP.asm
              __FpUnPackA   0x00c040    program     extern E:\c18v3.46\pic18-lt\cxx-framework\src\extended\math\unpackFP.asm
              __FpUnPackB   0x00c070    program     extern E:\c18v3.46\pic18-lt\cxx-framework\src\extended\math\unpackFP.asm
       ___case_0_lbl00030   0x00b37e    program     static                          
       ___case_1_lbl00031   0x00b384    program     static                          
       ___case_2_lbl00032   0x00b38c    program     static                          
      ___default_lbl00033   0x00b394    program     static                          
           ___do_lbl00032   0x000324    program     static                          
           ___do_lbl00033   0x000340    program     static                          
           ___do_lbl00034   0x000304    program     static                          
           ___do_lbl00433   0x002ba0    program     static                          
           ___do_lbl00434   0x002bbe    program     static                          
           ___do_lbl00439   0x00298e    program     static                          
           ___do_lbl00443   0x002e38    program     static                          
           ___do_lbl00444   0x002e56    program     static                          
           ___do_lbl00449   0x002c26    program     static                          
           ___do_lbl00457   0x003076    program     static                          
           ___do_lbl00458   0x00307c    program     static                          
           ___do_lbl00459   0x00306a    program     static                          
           ___do_lbl00463   0x0035de    program     static                          
           ___do_lbl00464   0x003602    program     static                          
           ___do_lbl00479   0x003132    program     static                          
           ___do_lbl00480   0x003b0c    program     static                          
           ___do_lbl00481   0x003b30    program     static                          
           ___do_lbl00496   0x003660    program     static                          
           ___do_lbl00531   0x004d56    program     static                          
           ___do_lbl00532   0x004d5c    program     static                          
           ___do_lbl00533   0x004d4a    program     static                          
           ___do_lbl00538   0x004f26    program     static                          
           ___do_lbl00539   0x004f6a    program     static                          
           ___do_lbl00542   0x004dc0    program     static                          
         ___else_lbl00003   0x00b0fa    program     static                          
         ___else_lbl00008   0x00db48    program     static                          
         ___else_lbl00009   0x00b1c2    program     static                          
         ___else_lbl00011   0x00b1e2    program     static                          
         ___else_lbl00014   0x00b25c    program     static                          
         ___else_lbl00016   0x00b27c    program     static                          
         ___else_lbl00027   0x00b338    program     static                          
         ___else_lbl00071   0x00b532    program     static                          
         ___else_lbl00082   0x007994    program     static                          
         ___else_lbl00084   0x00b68c    program     static                          
         ___else_lbl00086   0x00b69a    program     static                          
         ___else_lbl00088   0x00b6a8    program     static                          
         ___else_lbl00090   0x00b6e0    program     static                          
         ___else_lbl00092   0x00b746    program     static                          
         ___else_lbl00098   0x00b7ae    program     static                          
         ___else_lbl00104   0x00bb32    program     static                          
         ___else_lbl00108   0x00bc40    program     static                          
         ___else_lbl00114   0x00bcca    program     static                          
         ___else_lbl00116   0x00bca4    program     static                          
         ___else_lbl00475   0x003452    program     static                          
         ___else_lbl00492   0x003980    program     static                          
         ___else_lbl00516   0x003b34    program     static                          
         ___else_lbl00525   0x004788    program     static                          
         ___else_lbl00528   0x004a26    program     static                          
         ___else_lbl00530   0x004d06    program     static                          
         ___else_lbl00536   0x0049e8    program     static                          
         ___else_lbl00544   0x005012    program     static                          
         ___else_lbl00566   0x00549e    program     static                          
         ___else_lbl00574   0x00554c    program     static                          
          ___for_lbl00013   0x00684c    program     static                          
          ___for_lbl00014   0x006856    program     static                          
          ___for_lbl00017   0x006810    program     static                          
          ___for_lbl00018   0x00696c    program     static                          
          ___for_lbl00019   0x006976    program     static                          
          ___for_lbl00022   0x006930    program     static                          
          ___for_lbl00023   0x006a8c    program     static                          
          ___for_lbl00024   0x006a96    program     static                          
          ___for_lbl00027   0x006a50    program     static                          
          ___for_lbl00028   0x000296    program     static                          
          ___for_lbl00029   0x0002a4    program     static                          
          ___for_lbl00030   0x00027e    program     static                          
          ___for_lbl00031   0x006ce4    program     static                          
          ___for_lbl00032   0x006cee    program     static                          
          ___for_lbl00035   0x006ca8    program     static                          
          ___for_lbl00039   0x006f44    program     static                          
          ___for_lbl00040   0x006f4e    program     static                          
          ___for_lbl00043   0x006f08    program     static                          
          ___for_lbl00047   0x00719c    program     static                          
          ___for_lbl00048   0x0071a6    program     static                          
          ___for_lbl00051   0x007160    program     static                          
          ___for_lbl00052   0x00724a    program     static                          
          ___for_lbl00053   0x007254    program     static                          
          ___for_lbl00054   0x00061e    program     static                          
          ___for_lbl00055   0x000624    program     static                          
          ___for_lbl00056   0x000612    program     static                          
          ___for_lbl00056   0x00720e    program     static                          
          ___for_lbl00057   0x0072f8    program     static                          
          ___for_lbl00058   0x007302    program     static                          
          ___for_lbl00061   0x0072bc    program     static                          
          ___for_lbl00062   0x0073a6    program     static                          
          ___for_lbl00063   0x0073b0    program     static                          
          ___for_lbl00066   0x00736a    program     static                          
          ___for_lbl00067   0x007454    program     static                          
          ___for_lbl00068   0x00745e    program     static                          
          ___for_lbl00071   0x007418    program     static                          
          ___for_lbl00072   0x007502    program     static                          
          ___for_lbl00073   0x00750c    program     static                          
          ___for_lbl00076   0x0074c6    program     static                          
          ___for_lbl00077   0x008282    program     static                          
          ___for_lbl00078   0x00828e    program     static                          
          ___for_lbl00078   0x000de0    program     static                          
          ___for_lbl00079   0x000de6    program     static                          
          ___for_lbl00081   0x000b00    program     static                          
          ___for_lbl00091   0x00761a    program     static                          
          ___for_lbl00431   0x002e98    program     static                          
          ___for_lbl00432   0x002ea0    program     static                          
          ___for_lbl00453   0x00294e    program     static                          
          ___for_lbl00498   0x003d34    program     static                          
          ___for_lbl00499   0x003d4a    program     static                          
          ___for_lbl00504   0x003b6c    program     static                          
          ___for_lbl00505   0x003f72    program     static                          
          ___for_lbl00506   0x003f88    program     static                          
          ___for_lbl00511   0x003daa    program     static                          
          ___for_lbl00512   0x00434a    program     static                          
          ___for_lbl00513   0x004360    program     static                          
          ___for_lbl00514   0x004308    program     static                          
          ___for_lbl00517   0x004d6c    program     static                          
          ___for_lbl00518   0x004d84    program     static                          
          ___for_lbl00537   0x004368    program     static                          
          ___for_lbl00561   0x005454    program     static                          
          ___for_lbl00562   0x00545a    program     static                          
          ___for_lbl00563   0x005430    program     static                          
          ___for_lbl00567   0x005544    program     static                          
          ___for_lbl00568   0x00554a    program     static                          
          ___for_lbl00569   0x005512    program     static                          
          ___for_lbl00570   0x005598    program     static                          
          ___for_lbl00571   0x00559e    program     static                          
          ___for_lbl00572   0x005566    program     static                          
           ___if_lbl00001   0x00b0c4    program     static                          
           ___if_lbl00001   0x00da80    program     static                          
           ___if_lbl00001   0x00ddc8    program     static                          
           ___if_lbl00002   0x00daa2    program     static                          
           ___if_lbl00002   0x00b10c    program     static                          
           ___if_lbl00003   0x00dac2    program     static                          
           ___if_lbl00003   0x00ddda    program     static                          
           ___if_lbl00004   0x00b116    program     static                          
           ___if_lbl00004   0x00dae2    program     static                          
           ___if_lbl00005   0x00b120    program     static                          
           ___if_lbl00006   0x00b12a    program     static                          
           ___if_lbl00006   0x00db16    program     static                          
           ___if_lbl00007   0x00b12a    program     static                          
           ___if_lbl00007   0x00db50    program     static                          
           ___if_lbl00008   0x00b1e0    program     static                          
           ___if_lbl00008   0x00defe    program     static                          
           ___if_lbl00010   0x00b1f0    program     static                          
           ___if_lbl00012   0x00b1f0    program     static                          
           ___if_lbl00013   0x00b27a    program     static                          
           ___if_lbl00015   0x00b28a    program     static                          
           ___if_lbl00017   0x00b28a    program     static                          
           ___if_lbl00018   0x00b28e    program     static                          
           ___if_lbl00020   0x00b29c    program     static                          
           ___if_lbl00021   0x00b2b0    program     static                          
           ___if_lbl00023   0x00b2ca    program     static                          
           ___if_lbl00024   0x00b2f8    program     static                          
           ___if_lbl00025   0x00b32c    program     static                          
           ___if_lbl00026   0x00b340    program     static                          
           ___if_lbl00028   0x00b36c    program     static                          
           ___if_lbl00028   0x006bb4    program     static                          
           ___if_lbl00030   0x006c82    program     static                          
           ___if_lbl00034   0x00b39a    program     static                          
           ___if_lbl00035   0x00b39a    program     static                          
           ___if_lbl00036   0x006e0c    program     static                          
           ___if_lbl00036   0x00b3a0    program     static                          
           ___if_lbl00037   0x00b3a6    program     static                          
           ___if_lbl00038   0x006ee0    program     static                          
           ___if_lbl00038   0x00b3ac    program     static                          
           ___if_lbl00039   0x00b3b2    program     static                          
           ___if_lbl00040   0x00b3b2    program     static                          
           ___if_lbl00041   0x00b3d2    program     static                          
           ___if_lbl00042   0x00b3d6    program     static                          
           ___if_lbl00043   0x00b3ee    program     static                          
           ___if_lbl00044   0x00b404    program     static                          
           ___if_lbl00044   0x00706c    program     static                          
           ___if_lbl00045   0x00b412    program     static                          
           ___if_lbl00046   0x00b420    program     static                          
           ___if_lbl00046   0x007138    program     static                          
           ___if_lbl00047   0x00b42e    program     static                          
           ___if_lbl00048   0x00b43c    program     static                          
           ___if_lbl00049   0x00b44a    program     static                          
           ___if_lbl00051   0x00b460    program     static                          
           ___if_lbl00053   0x00b476    program     static                          
           ___if_lbl00055   0x00b48a    program     static                          
           ___if_lbl00058   0x00b494    program     static                          
           ___if_lbl00060   0x00b4a6    program     static                          
           ___if_lbl00061   0x00b4a6    program     static                          
           ___if_lbl00063   0x00b4ca    program     static                          
           ___if_lbl00064   0x00b4ce    program     static                          
           ___if_lbl00066   0x00b4f2    program     static                          
           ___if_lbl00067   0x00b4f6    program     static                          
           ___if_lbl00069   0x00b530    program     static                          
           ___if_lbl00070   0x00b53a    program     static                          
           ___if_lbl00072   0x00b558    program     static                          
           ___if_lbl00073   0x00b558    program     static                          
           ___if_lbl00074   0x00b55c    program     static                          
           ___if_lbl00076   0x00b57a    program     static                          
           ___if_lbl00077   0x00b5fe    program     static                          
           ___if_lbl00078   0x00b5fe    program     static                          
           ___if_lbl00079   0x00b5fe    program     static                          
           ___if_lbl00079   0x00780a    program     static                          
           ___if_lbl00080   0x000de0    program     static                          
           ___if_lbl00081   0x007a6e    program     static                          
           ___if_lbl00082   0x00b682    program     static                          
           ___if_lbl00082   0x000dfe    program     static                          
           ___if_lbl00083   0x007a6e    program     static                          
           ___if_lbl00083   0x00b690    program     static                          
           ___if_lbl00085   0x00b69e    program     static                          
           ___if_lbl00085   0x007aec    program     static                          
           ___if_lbl00086   0x007b44    program     static                          
           ___if_lbl00087   0x007c88    program     static                          
           ___if_lbl00087   0x00b6ac    program     static                          
           ___if_lbl00088   0x007d6a    program     static                          
           ___if_lbl00089   0x007ee4    program     static                          
           ___if_lbl00089   0x00b710    program     static                          
           ___if_lbl00090   0x00818c    program     static                          
           ___if_lbl00091   0x00b778    program     static                          
           ___if_lbl00093   0x00b85a    program     static                          
           ___if_lbl00094   0x00b882    program     static                          
           ___if_lbl00094   0x008368    program     static                          
           ___if_lbl00095   0x00b8b2    program     static                          
           ___if_lbl00095   0x008368    program     static                          
           ___if_lbl00096   0x00b906    program     static                          
           ___if_lbl00097   0x00b908    program     static                          
           ___if_lbl00099   0x00b966    program     static                          
           ___if_lbl00100   0x00b9d0    program     static                          
           ___if_lbl00101   0x00ba2e    program     static                          
           ___if_lbl00102   0x00ba9a    program     static                          
           ___if_lbl00103   0x00bb90    program     static                          
           ___if_lbl00106   0x00bc3e    program     static                          
           ___if_lbl00107   0x00bc60    program     static                          
           ___if_lbl00112   0x00bcee    program     static                          
           ___if_lbl00113   0x00bcee    program     static                          
           ___if_lbl00115   0x00bcee    program     static                          
           ___if_lbl00117   0x00bcee    program     static                          
           ___if_lbl00118   0x00bcee    program     static                          
           ___if_lbl00119   0x00bd42    program     static                          
           ___if_lbl00120   0x00bd42    program     static                          
           ___if_lbl00121   0x00bd5e    program     static                          
           ___if_lbl00122   0x00bd6c    program     static                          
           ___if_lbl00124   0x00bd88    program     static                          
           ___if_lbl00125   0x00bd88    program     static                          
           ___if_lbl00425   0x002816    program     static                          
           ___if_lbl00426   0x002840    program     static                          
           ___if_lbl00427   0x002852    program     static                          
           ___if_lbl00428   0x00289c    program     static                          
           ___if_lbl00429   0x0028d4    program     static                          
           ___if_lbl00430   0x00290a    program     static                          
           ___if_lbl00435   0x002a38    program     static                          
           ___if_lbl00436   0x002ad8    program     static                          
           ___if_lbl00437   0x002b7c    program     static                          
           ___if_lbl00438   0x002b8c    program     static                          
           ___if_lbl00441   0x002be8    program     static                          
           ___if_lbl00442   0x002c00    program     static                          
           ___if_lbl00445   0x002cd0    program     static                          
           ___if_lbl00446   0x002d70    program     static                          
           ___if_lbl00447   0x002e14    program     static                          
           ___if_lbl00448   0x002e24    program     static                          
           ___if_lbl00451   0x002e80    program     static                          
           ___if_lbl00452   0x002e98    program     static                          
           ___if_lbl00455   0x002fc0    program     static                          
           ___if_lbl00456   0x00302c    program     static                          
           ___if_lbl00460   0x0030ca    program     static                          
           ___if_lbl00461   0x0030ca    program     static                          
           ___if_lbl00462   0x0030e4    program     static                          
           ___if_lbl00468   0x003302    program     static                          
           ___if_lbl00469   0x00332e    program     static                          
           ___if_lbl00470   0x003332    program     static                          
           ___if_lbl00471   0x003394    program     static                          
           ___if_lbl00472   0x003450    program     static                          
           ___if_lbl00473   0x0034ae    program     static                          
           ___if_lbl00474   0x0034ae    program     static                          
           ___if_lbl00476   0x003534    program     static                          
           ___if_lbl00477   0x0035ba    program     static                          
           ___if_lbl00478   0x0035ca    program     static                          
           ___if_lbl00485   0x003830    program     static                          
           ___if_lbl00486   0x00385c    program     static                          
           ___if_lbl00487   0x003860    program     static                          
           ___if_lbl00488   0x0038c2    program     static                          
           ___if_lbl00489   0x00397e    program     static                          
           ___if_lbl00490   0x0039dc    program     static                          
           ___if_lbl00491   0x0039dc    program     static                          
           ___if_lbl00493   0x003a62    program     static                          
           ___if_lbl00494   0x003ae8    program     static                          
           ___if_lbl00495   0x003af8    program     static                          
           ___if_lbl00497   0x003b30    program     static                          
           ___if_lbl00500   0x003c04    program     static                          
           ___if_lbl00501   0x003cc0    program     static                          
           ___if_lbl00502   0x003cd2    program     static                          
           ___if_lbl00503   0x003d34    program     static                          
           ___if_lbl00507   0x003e42    program     static                          
           ___if_lbl00508   0x003efe    program     static                          
           ___if_lbl00509   0x003f10    program     static                          
           ___if_lbl00510   0x003f72    program     static                          
           ___if_lbl00515   0x004360    program     static                          
           ___if_lbl00519   0x004460    program     static                          
           ___if_lbl00520   0x004518    program     static                          
           ___if_lbl00522   0x004656    program     static                          
           ___if_lbl00523   0x004656    program     static                          
           ___if_lbl00524   0x00478c    program     static                          
           ___if_lbl00526   0x0049e6    program     static                          
           ___if_lbl00527   0x004a2a    program     static                          
           ___if_lbl00529   0x004d0a    program     static                          
           ___if_lbl00534   0x004d6c    program     static                          
           ___if_lbl00535   0x004d6c    program     static                          
           ___if_lbl00541   0x004f24    program     static                          
           ___if_lbl00543   0x005012    program     static                          
           ___if_lbl00556   0x00520a    program     static                          
           ___if_lbl00557   0x005238    program     static                          
           ___if_lbl00558   0x005266    program     static                          
           ___if_lbl00559   0x005294    program     static                          
           ___if_lbl00560   0x0053e4    program     static                          
           ___if_lbl00564   0x00545a    program     static                          
           ___if_lbl00565   0x0054e2    program     static                          
           ___if_lbl00573   0x0055b4    program     static                          
           ___if_lbl00577   0x0055be    program     static                          
           ___if_lbl00578   0x005606    program     static                          
           ___if_lbl00579   0x005626    program     static                          
           ___if_lbl00583   0x00587a    program     static                          
           ___if_lbl00584   0x0058aa    program     static                          
           ___if_lbl00585   0x0058be    program     static                          
       ___return_lbl00000   0x00e5c2    program     static                          
       ___return_lbl00000   0x00bd88    program     static                          
       ___return_lbl00000   0x000004    program     static                          
       ___return_lbl00000   0x00dae2    program     static                          
       ___return_lbl00000   0x0066ac    program     static                          
       ___return_lbl00000   0x00000c    program     static                          
       ___return_lbl00000   0x00defe    program     static                          
       ___return_lbl00001   0x00001c    program     static                          
       ___return_lbl00001   0x00e8f4    program     static                          
       ___return_lbl00002   0x00dfc6    program     static                          
       ___return_lbl00005   0x00db50    program     static                          
       ___return_lbl00012   0x00836e    program     static                          
       ___return_lbl00027   0x0002a4    program     static                          
       ___return_lbl00031   0x000340    program     static                          
       ___return_lbl00053   0x000624    program     static                          
       ___return_lbl00072   0x00079a    program     static                          
       ___return_lbl00077   0x000e00    program     static                          
       ___return_lbl00127   0x00bdd6    program     static                          
       ___return_lbl00424   0x005048    program     static                          
       ___return_lbl00555   0x0058c0    program     static                          
   ___switchexit_lbl00029   0x00b39a    program     static                          
        ___while_lbl00001   0x0066a2    program     static                          
        ___while_lbl00002   0x0066ac    program     static                          
        ___while_lbl00004   0x00de34    program     static                          
        ___while_lbl00005   0x00de42    program     static                          
        ___while_lbl00006   0x00de58    program     static                          
        ___while_lbl00007   0x00de66    program     static                          
        ___while_lbl00015   0x006820    program     static                          
        ___while_lbl00016   0x00682a    program     static                          
        ___while_lbl00020   0x006940    program     static                          
        ___while_lbl00021   0x00694a    program     static                          
        ___while_lbl00025   0x006a60    program     static                          
        ___while_lbl00026   0x006a6a    program     static                          
        ___while_lbl00033   0x006cb8    program     static                          
        ___while_lbl00034   0x006cc2    program     static                          
        ___while_lbl00041   0x006f18    program     static                          
        ___while_lbl00042   0x006f22    program     static                          
        ___while_lbl00049   0x007170    program     static                          
        ___while_lbl00050   0x00717a    program     static                          
        ___while_lbl00054   0x00721e    program     static                          
        ___while_lbl00055   0x007228    program     static                          
        ___while_lbl00056   0x00b492    program     static                          
        ___while_lbl00057   0x00b494    program     static                          
        ___while_lbl00059   0x0072cc    program     static                          
        ___while_lbl00060   0x0072d6    program     static                          
        ___while_lbl00064   0x00737a    program     static                          
        ___while_lbl00065   0x007384    program     static                          
        ___while_lbl00069   0x007428    program     static                          
        ___while_lbl00070   0x007432    program     static                          
        ___while_lbl00074   0x0074d6    program     static                          
        ___while_lbl00075   0x0074e0    program     static                          
        ___while_lbl00092   0x008356    program     static                          
        ___while_lbl00093   0x008368    program     static                          
        ___while_lbl00575   0x0055bc    program     static                          
        ___while_lbl00576   0x0055be    program     static                          
        ___while_lbl00580   0x005864    program     static                          
        ___while_lbl00581   0x0058c0    program     static                          
                  __addFP   0x00be40    program     extern E:\c18v3.46\pic18-lt\cxx-framework\src\extended\math\addFP.asm
              __cast16sFP   0x00c0a0    program     extern E:\c18v3.46\pic18-lt\cxx-framework\src\extended\math\cast16FP.asm
              __cast16uFP   0x00c09c    program     extern E:\c18v3.46\pic18-lt\cxx-framework\src\extended\math\cast16FP.asm
              __cast32sFP   0x00c0e2    program     extern E:\c18v3.46\pic18-lt\cxx-framework\src\extended\math\cast32FP.asm
              __cast32uFP   0x00c0de    program     extern E:\c18v3.46\pic18-lt\cxx-framework\src\extended\math\cast32FP.asm
               __castFP16   0x00c12c    program     extern E:\c18v3.46\pic18-lt\cxx-framework\src\extended\math\castFP16.asm
               __castFP32   0x00c1b2    program     extern E:\c18v3.46\pic18-lt\cxx-framework\src\extended\math\castFP32.asm
               __config_0   0x300001    program     static X:\mandm\mandm\mandm8722.c
               __config_1   0x300002    program     static X:\mandm\mandm\mandm8722.c
              __config_10   0x30000c    program     static X:\mandm\mandm\mandm8722.c
              __config_11   0x30000d    program     static X:\mandm\mandm\mandm8722.c
               __config_2   0x300003    program     static X:\mandm\mandm\mandm8722.c
               __config_3   0x300004    program     static X:\mandm\mandm\mandm8722.c
               __config_4   0x300005    program     static X:\mandm\mandm\mandm8722.c
               __config_5   0x300006    program     static X:\mandm\mandm\mandm8722.c
               __config_6   0x300008    program     static X:\mandm\mandm\mandm8722.c
               __config_7   0x300009    program     static X:\mandm\mandm\mandm8722.c
               __config_8   0x30000a    program     static X:\mandm\mandm\mandm8722.c
               __config_9   0x30000b    program     static X:\mandm\mandm\mandm8722.c
                 __div16s   0x00c268    program     extern E:\c18v3.46\pic18-lt\cxx-framework\src\extended\math\div16s.asm
                 __div16u   0x00c842    program     extern E:\c18v3.46\pic18-lt\cxx-framework\src\extended\math\div16u.asm
                 __div32s   0x00c2f8    program     extern E:\c18v3.46\pic18-lt\cxx-framework\src\extended\math\div32s.asm
                 __div32u   0x00c3b4    program     extern E:\c18v3.46\pic18-lt\cxx-framework\src\extended\math\div32u.asm
                  __divFP   0x00c440    program     extern E:\c18v3.46\pic18-lt\cxx-framework\src\extended\math\divFP.asm
                   __init   0x00e95c    program     extern E:\c18v3.46\pic18-lt\cxx-framework\src\extended\stdclib\__init.c
                   __ltFP   0x00c4fa    program     extern E:\c18v3.46\pic18-lt\cxx-framework\src\extended\math\ltFP.asm
                 __mod16s   0x00c26e    program     extern E:\c18v3.46\pic18-lt\cxx-framework\src\extended\math\div16s.asm
                 __mod16u   0x00c848    program     extern E:\c18v3.46\pic18-lt\cxx-framework\src\extended\math\div16u.asm
                 __mod32s   0x00c2fe    program     extern E:\c18v3.46\pic18-lt\cxx-framework\src\extended\math\div32s.asm
                 __mod32u   0x00c3ba    program     extern E:\c18v3.46\pic18-lt\cxx-framework\src\extended\math\div32u.asm
                  __mul16   0x00c8a2    program     extern E:\c18v3.46\pic18-lt\cxx-framework\src\extended\math\mul16.asm
                  __mul24   0x00c5da    program     extern E:\c18v3.46\pic18-lt\cxx-framework\src\extended\math\mul24.asm
                  __mul32   0x00c69a    program     extern E:\c18v3.46\pic18-lt\cxx-framework\src\extended\math\mul32.asm
                  __mulFP   0x00c73c    program     extern E:\c18v3.46\pic18-lt\cxx-framework\src\extended\math\mulFP.asm
                   __pa_0   0x00dbf0    program     static X:\mandm\mandm\crit.c    
                   __pa_0   0x00cfcc    program     static E:\c18v3.46\pic18-lt\cxx-framework\src\extended\stdclib\vfprintf.c
                   __pa_0   0x0058c2    program     static X:\mandm\mandm\mandm8722.c
                   __pa_0   0x00d9d2    program     static X:\mandm\mandm\power.c   
                   __pa_0   0x00e39a    program     static X:\mandm\mandm\xlcd\putrxlcd.c
                   __pa_0   0x008468    program     static X:\mandm\mandm\daq.c     
                   __pa_0   0x00e4f6    program     static X:\mandm\mandm\xlcd\wcmdxlcd.c
                   __pa_0   0x00e428    program     static X:\mandm\mandm\xlcd\setddram.c
                   __pa_0   0x00e050    program     static X:\mandm\mandm\xlcd\openxlcd.c
                   __pa_0   0x00e4b2    program     static X:\mandm\mandm\xlcd\writdata.c
                   __pa_0   0x00be28    program     static X:\mandm\mandm\mandm_vector.c
                   __pa_0   0x00e882    program     static X:\mandm\mandm\xlcd\busyxlcd.c
                   __pa_0   0x00d4c2    program     static X:\mandm\mandm\config.c  
                   __pa_0   0x00e46e    program     static X:\mandm\mandm\xlcd\setcgram.c
                   __pa_1   0x00e05a    program     static X:\mandm\mandm\xlcd\openxlcd.c
                   __pa_1   0x00849a    program     static X:\mandm\mandm\daq.c     
                   __pa_1   0x00be34    program     static X:\mandm\mandm\mandm_vector.c
                   __pa_1   0x00dc06    program     static X:\mandm\mandm\crit.c    
                   __pa_1   0x00d9de    program     static X:\mandm\mandm\power.c   
                   __pa_1   0x00d4d2    program     static X:\mandm\mandm\config.c  
                   __pa_1   0x00cfda    program     static E:\c18v3.46\pic18-lt\cxx-framework\src\extended\stdclib\vfprintf.c
                   __pa_1   0x0058d2    program     static X:\mandm\mandm\mandm8722.c
                  __pa_10   0x00d526    program     static X:\mandm\mandm\config.c  
                  __pa_10   0x0059ea    program     static X:\mandm\mandm\mandm8722.c
                  __pa_10   0x00da38    program     static X:\mandm\mandm\power.c   
                  __pa_10   0x00d068    program     static E:\c18v3.46\pic18-lt\cxx-framework\src\extended\stdclib\vfprintf.c
                 __pa_100   0x005f04    program     static X:\mandm\mandm\mandm8722.c
                 __pa_101   0x005f16    program     static X:\mandm\mandm\mandm8722.c
                 __pa_102   0x005f28    program     static X:\mandm\mandm\mandm8722.c
                 __pa_103   0x005f3a    program     static X:\mandm\mandm\mandm8722.c
                 __pa_104   0x005f40    program     static X:\mandm\mandm\mandm8722.c
                 __pa_105   0x005f46    program     static X:\mandm\mandm\mandm8722.c
                 __pa_106   0x005f52    program     static X:\mandm\mandm\mandm8722.c
                 __pa_107   0x005f5e    program     static X:\mandm\mandm\mandm8722.c
                 __pa_108   0x005f68    program     static X:\mandm\mandm\mandm8722.c
                 __pa_109   0x005f70    program     static X:\mandm\mandm\mandm8722.c
                  __pa_11   0x00d530    program     static X:\mandm\mandm\config.c  
                  __pa_11   0x00d078    program     static E:\c18v3.46\pic18-lt\cxx-framework\src\extended\stdclib\vfprintf.c
                  __pa_11   0x0059f6    program     static X:\mandm\mandm\mandm8722.c
                  __pa_11   0x00da40    program     static X:\mandm\mandm\power.c   
                 __pa_110   0x005f78    program     static X:\mandm\mandm\mandm8722.c
                 __pa_111   0x005f86    program     static X:\mandm\mandm\mandm8722.c
                 __pa_112   0x005f96    program     static X:\mandm\mandm\mandm8722.c
                 __pa_113   0x005fa6    program     static X:\mandm\mandm\mandm8722.c
                 __pa_114   0x005fb6    program     static X:\mandm\mandm\mandm8722.c
                 __pa_115   0x005fbe    program     static X:\mandm\mandm\mandm8722.c
                 __pa_116   0x005fcc    program     static X:\mandm\mandm\mandm8722.c
                 __pa_117   0x005fda    program     static X:\mandm\mandm\mandm8722.c
                 __pa_118   0x005fe4    program     static X:\mandm\mandm\mandm8722.c
                 __pa_119   0x005fee    program     static X:\mandm\mandm\mandm8722.c
                  __pa_12   0x005a0a    program     static X:\mandm\mandm\mandm8722.c
                  __pa_12   0x00da4a    program     static X:\mandm\mandm\power.c   
                  __pa_12   0x00d088    program     static E:\c18v3.46\pic18-lt\cxx-framework\src\extended\stdclib\vfprintf.c
                  __pa_12   0x00d53a    program     static X:\mandm\mandm\config.c  
                 __pa_120   0x005ff8    program     static X:\mandm\mandm\mandm8722.c
                 __pa_121   0x006002    program     static X:\mandm\mandm\mandm8722.c
                 __pa_122   0x00600a    program     static X:\mandm\mandm\mandm8722.c
                 __pa_123   0x006034    program     static X:\mandm\mandm\mandm8722.c
                 __pa_124   0x00606c    program     static X:\mandm\mandm\mandm8722.c
                 __pa_125   0x006076    program     static X:\mandm\mandm\mandm8722.c
                 __pa_126   0x00607c    program     static X:\mandm\mandm\mandm8722.c
                 __pa_127   0x006082    program     static X:\mandm\mandm\mandm8722.c
                 __pa_128   0x00608e    program     static X:\mandm\mandm\mandm8722.c
                 __pa_129   0x006098    program     static X:\mandm\mandm\mandm8722.c
                  __pa_13   0x00d540    program     static X:\mandm\mandm\config.c  
                  __pa_13   0x00d096    program     static E:\c18v3.46\pic18-lt\cxx-framework\src\extended\stdclib\vfprintf.c
                  __pa_13   0x005a20    program     static X:\mandm\mandm\mandm8722.c
                 __pa_130   0x0060a8    program     static X:\mandm\mandm\mandm8722.c
                 __pa_131   0x0060b8    program     static X:\mandm\mandm\mandm8722.c
                 __pa_132   0x0060d2    program     static X:\mandm\mandm\mandm8722.c
                 __pa_133   0x0060f0    program     static X:\mandm\mandm\mandm8722.c
                 __pa_134   0x006100    program     static X:\mandm\mandm\mandm8722.c
                 __pa_135   0x00612a    program     static X:\mandm\mandm\mandm8722.c
                 __pa_136   0x006130    program     static X:\mandm\mandm\mandm8722.c
                 __pa_137   0x006136    program     static X:\mandm\mandm\mandm8722.c
                 __pa_138   0x006142    program     static X:\mandm\mandm\mandm8722.c
                 __pa_139   0x00615c    program     static X:\mandm\mandm\mandm8722.c
                  __pa_14   0x00d54c    program     static X:\mandm\mandm\config.c  
                  __pa_14   0x005a26    program     static X:\mandm\mandm\mandm8722.c
                  __pa_14   0x00d0b4    program     static E:\c18v3.46\pic18-lt\cxx-framework\src\extended\stdclib\vfprintf.c
                 __pa_140   0x006162    program     static X:\mandm\mandm\mandm8722.c
                 __pa_141   0x00617a    program     static X:\mandm\mandm\mandm8722.c
                 __pa_142   0x006186    program     static X:\mandm\mandm\mandm8722.c
                 __pa_143   0x00618e    program     static X:\mandm\mandm\mandm8722.c
                 __pa_144   0x0061a2    program     static X:\mandm\mandm\mandm8722.c
                 __pa_145   0x0061bc    program     static X:\mandm\mandm\mandm8722.c
                 __pa_146   0x0061c4    program     static X:\mandm\mandm\mandm8722.c
                 __pa_147   0x0061d2    program     static X:\mandm\mandm\mandm8722.c
                 __pa_148   0x0061d8    program     static X:\mandm\mandm\mandm8722.c
                 __pa_149   0x0061de    program     static X:\mandm\mandm\mandm8722.c
                  __pa_15   0x00d0be    program     static E:\c18v3.46\pic18-lt\cxx-framework\src\extended\stdclib\vfprintf.c
                  __pa_15   0x00d556    program     static X:\mandm\mandm\config.c  
                  __pa_15   0x005a3e    program     static X:\mandm\mandm\mandm8722.c
                 __pa_150   0x0061e8    program     static X:\mandm\mandm\mandm8722.c
                 __pa_151   0x0061f2    program     static X:\mandm\mandm\mandm8722.c
                 __pa_152   0x00620e    program     static X:\mandm\mandm\mandm8722.c
                 __pa_153   0x006222    program     static X:\mandm\mandm\mandm8722.c
                 __pa_154   0x006236    program     static X:\mandm\mandm\mandm8722.c
                 __pa_155   0x006248    program     static X:\mandm\mandm\mandm8722.c
                 __pa_156   0x00625a    program     static X:\mandm\mandm\mandm8722.c
                 __pa_157   0x006264    program     static X:\mandm\mandm\mandm8722.c
                 __pa_158   0x00626e    program     static X:\mandm\mandm\mandm8722.c
                 __pa_159   0x006278    program     static X:\mandm\mandm\mandm8722.c
                  __pa_16   0x00d0c4    program     static E:\c18v3.46\pic18-lt\cxx-framework\src\extended\stdclib\vfprintf.c
                  __pa_16   0x005a44    program     static X:\mandm\mandm\mandm8722.c
                  __pa_16   0x00d55e    program     static X:\mandm\mandm\config.c  
                 __pa_160   0x00628c    program     static X:\mandm\mandm\mandm8722.c
                 __pa_161   0x00629a    program     static X:\mandm\mandm\mandm8722.c
                 __pa_162   0x0062aa    program     static X:\mandm\mandm\mandm8722.c
                 __pa_163   0x0062b2    program     static X:\mandm\mandm\mandm8722.c
                 __pa_164   0x0062ba    program     static X:\mandm\mandm\mandm8722.c
                 __pa_165   0x0062c4    program     static X:\mandm\mandm\mandm8722.c
                 __pa_166   0x0062d8    program     static X:\mandm\mandm\mandm8722.c
                 __pa_167   0x0062e8    program     static X:\mandm\mandm\mandm8722.c
                 __pa_168   0x0062fc    program     static X:\mandm\mandm\mandm8722.c
                 __pa_169   0x00630e    program     static X:\mandm\mandm\mandm8722.c
                  __pa_17   0x00d0d4    program     static E:\c18v3.46\pic18-lt\cxx-framework\src\extended\stdclib\vfprintf.c
                  __pa_17   0x005a4e    program     static X:\mandm\mandm\mandm8722.c
                  __pa_17   0x00d568    program     static X:\mandm\mandm\config.c  
                 __pa_170   0x006320    program     static X:\mandm\mandm\mandm8722.c
                 __pa_171   0x00632e    program     static X:\mandm\mandm\mandm8722.c
                 __pa_172   0x006340    program     static X:\mandm\mandm\mandm8722.c
                 __pa_173   0x006352    program     static X:\mandm\mandm\mandm8722.c
                 __pa_174   0x006364    program     static X:\mandm\mandm\mandm8722.c
                 __pa_175   0x006376    program     static X:\mandm\mandm\mandm8722.c
                 __pa_176   0x006388    program     static X:\mandm\mandm\mandm8722.c
                 __pa_177   0x00639a    program     static X:\mandm\mandm\mandm8722.c
                 __pa_178   0x0063ac    program     static X:\mandm\mandm\mandm8722.c
                 __pa_179   0x0063b6    program     static X:\mandm\mandm\mandm8722.c
                  __pa_18   0x005a58    program     static X:\mandm\mandm\mandm8722.c
                  __pa_18   0x00d572    program     static X:\mandm\mandm\config.c  
                  __pa_18   0x00d0e0    program     static E:\c18v3.46\pic18-lt\cxx-framework\src\extended\stdclib\vfprintf.c
[...]
                     PIE3   0x000fa3       data     extern E:\c18v3.46\pic18-lt\cxx-framework\src\extended\proc\p18f8722.asm
                 PIE3bits   0x000fa3       data     extern E:\c18v3.46\pic18-lt\cxx-framework\src\extended\proc\p18f8722.asm
                 PIR3bits   0x000fa4       data     extern E:\c18v3.46\pic18-lt\cxx-framework\src\extended\proc\p18f8722.asm
                     PIR3   0x000fa4       data     extern E:\c18v3.46\pic18-lt\cxx-framework\src\extended\proc\p18f8722.asm
                 IPR3bits   0x000fa5       data     extern E:\c18v3.46\pic18-lt\cxx-framework\src\extended\proc\p18f8722.asm
                     IPR3   0x000fa5       data     extern E:\c18v3.46\pic18-lt\cxx-framework\src\extended\proc\p18f8722.asm
                   EECON1   0x000fa6       data     extern E:\c18v3.46\pic18-lt\cxx-framework\src\extended\proc\p18f8722.asm
               EECON1bits   0x000fa6       data     extern E:\c18v3.46\pic18-lt\cxx-framework\src\extended\proc\p18f8722.asm
                   EECON2   0x000fa7       data     extern E:\c18v3.46\pic18-lt\cxx-framework\src\extended\proc\p18f8722.asm
                   EEDATA   0x000fa8       data     extern E:\c18v3.46\pic18-lt\cxx-framework\src\extended\proc\p18f8722.asm
                    EEADR   0x000fa9       data     extern E:\c18v3.46\pic18-lt\cxx-framework\src\extended\proc\p18f8722.asm
                   EEADRH   0x000faa       data     extern E:\c18v3.46\pic18-lt\cxx-framework\src\extended\proc\p18f8722.asm
               RCSTA1bits   0x000fab       data     extern E:\c18v3.46\pic18-lt\cxx-framework\src\extended\proc\p18f8722.asm
                   RCSTA1   0x000fab       data     extern E:\c18v3.46\pic18-lt\cxx-framework\src\extended\proc\p18f8722.asm
                    RCSTA   0x000fab       data     extern E:\c18v3.46\pic18-lt\cxx-framework\src\extended\proc\p18f8722.asm
                RCSTAbits   0x000fab       data     extern E:\c18v3.46\pic18-lt\cxx-framework\src\extended\proc\p18f8722.asm
                    TXSTA   0x000fac       data     extern E:\c18v3.46\pic18-lt\cxx-framework\src\extended\proc\p18f8722.asm
                   TXSTA1   0x000fac       data     extern E:\c18v3.46\pic18-lt\cxx-framework\src\extended\proc\p18f8722.asm
               TXSTA1bits   0x000fac       data     extern E:\c18v3.46\pic18-lt\cxx-framework\src\extended\proc\p18f8722.asm
                TXSTAbits   0x000fac       data     extern E:\c18v3.46\pic18-lt\cxx-framework\src\extended\proc\p18f8722.asm
                   TXREG1   0x000fad       data     extern E:\c18v3.46\pic18-lt\cxx-framework\src\extended\proc\p18f8722.asm
                    TXREG   0x000fad       data     extern E:\c18v3.46\pic18-lt\cxx-framework\src\extended\proc\p18f8722.asm
                   RCREG1   0x000fae       data     extern E:\c18v3.46\pic18-lt\cxx-framework\src\extended\proc\p18f8722.asm
                    RCREG   0x000fae       data     extern E:\c18v3.46\pic18-lt\cxx-framework\src\extended\proc\p18f8722.asm
                   SPBRG1   0x000faf       data     extern E:\c18v3.46\pic18-lt\cxx-framework\src\extended\proc\p18f8722.asm
                    SPBRG   0x000faf       data     extern E:\c18v3.46\pic18-lt\cxx-framework\src\extended\proc\p18f8722.asm
                   PSPCON   0x000fb0       data     extern E:\c18v3.46\pic18-lt\cxx-framework\src\extended\proc\p18f8722.asm
               PSPCONbits   0x000fb0       data     extern E:\c18v3.46\pic18-lt\cxx-framework\src\extended\proc\p18f8722.asm
                    T3CON   0x000fb1       data     extern E:\c18v3.46\pic18-lt\cxx-framework\src\extended\proc\p18f8722.asm
                T3CONbits   0x000fb1       data     extern E:\c18v3.46\pic18-lt\cxx-framework\src\extended\proc\p18f8722.asm
                    TMR3L   0x000fb2       data     extern E:\c18v3.46\pic18-lt\cxx-framework\src\extended\proc\p18f8722.asm
                    TMR3H   0x000fb3       data     extern E:\c18v3.46\pic18-lt\cxx-framework\src\extended\proc\p18f8722.asm
                CMCONbits   0x000fb4       data     extern E:\c18v3.46\pic18-lt\cxx-framework\src\extended\proc\p18f8722.asm
                    CMCON   0x000fb4       data     extern E:\c18v3.46\pic18-lt\cxx-framework\src\extended\proc\p18f8722.asm
                   CVRCON   0x000fb5       data     extern E:\c18v3.46\pic18-lt\cxx-framework\src\extended\proc\p18f8722.asm
               CVRCONbits   0x000fb5       data     extern E:\c18v3.46\pic18-lt\cxx-framework\src\extended\proc\p18f8722.asm
              ECCP1ASbits   0x000fb6       data     extern E:\c18v3.46\pic18-lt\cxx-framework\src\extended\proc\p18f8722.asm
                  ECCP1AS   0x000fb6       data     extern E:\c18v3.46\pic18-lt\cxx-framework\src\extended\proc\p18f8722.asm
             ECCP3CONbits   0x000fb7       data     extern E:\c18v3.46\pic18-lt\cxx-framework\src\extended\proc\p18f8722.asm
                 ECCP3CON   0x000fb7       data     extern E:\c18v3.46\pic18-lt\cxx-framework\src\extended\proc\p18f8722.asm
              CCP3CONbits   0x000fb7       data     extern E:\c18v3.46\pic18-lt\cxx-framework\src\extended\proc\p18f8722.asm
                  CCP3CON   0x000fb7       data     extern E:\c18v3.46\pic18-lt\cxx-framework\src\extended\proc\p18f8722.asm
                   CCPR3L   0x000fb8       data     extern E:\c18v3.46\pic18-lt\cxx-framework\src\extended\proc\p18f8722.asm
                    CCPR3   0x000fb8       data     extern E:\c18v3.46\pic18-lt\cxx-framework\src\extended\proc\p18f8722.asm
                   CCPR3H   0x000fb9       data     extern E:\c18v3.46\pic18-lt\cxx-framework\src\extended\proc\p18f8722.asm
                  CCP2CON   0x000fba       data     extern E:\c18v3.46\pic18-lt\cxx-framework\src\extended\proc\p18f8722.asm
             ECCP2CONbits   0x000fba       data     extern E:\c18v3.46\pic18-lt\cxx-framework\src\extended\proc\p18f8722.asm
                 ECCP2CON   0x000fba       data     extern E:\c18v3.46\pic18-lt\cxx-framework\src\extended\proc\p18f8722.asm
              CCP2CONbits   0x000fba       data     extern E:\c18v3.46\pic18-lt\cxx-framework\src\extended\proc\p18f8722.asm
                   CCPR2L   0x000fbb       data     extern E:\c18v3.46\pic18-lt\cxx-framework\src\extended\proc\p18f8722.asm
                    CCPR2   0x000fbb       data     extern E:\c18v3.46\pic18-lt\cxx-framework\src\extended\proc\p18f8722.asm
                   CCPR2H   0x000fbc       data     extern E:\c18v3.46\pic18-lt\cxx-framework\src\extended\proc\p18f8722.asm
                  CCP1CON   0x000fbd       data     extern E:\c18v3.46\pic18-lt\cxx-framework\src\extended\proc\p18f8722.asm
              CCP1CONbits   0x000fbd       data     extern E:\c18v3.46\pic18-lt\cxx-framework\src\extended\proc\p18f8722.asm
             ECCP1CONbits   0x000fbd       data     extern E:\c18v3.46\pic18-lt\cxx-framework\src\extended\proc\p18f8722.asm
                 ECCP1CON   0x000fbd       data     extern E:\c18v3.46\pic18-lt\cxx-framework\src\extended\proc\p18f8722.asm
                    CCPR1   0x000fbe       data     extern E:\c18v3.46\pic18-lt\cxx-framework\src\extended\proc\p18f8722.asm
                   CCPR1L   0x000fbe       data     extern E:\c18v3.46\pic18-lt\cxx-framework\src\extended\proc\p18f8722.asm
                   CCPR1H   0x000fbf       data     extern E:\c18v3.46\pic18-lt\cxx-framework\src\extended\proc\p18f8722.asm
                   ADCON2   0x000fc0       data     extern E:\c18v3.46\pic18-lt\cxx-framework\src\extended\proc\p18f8722.asm
               ADCON2bits   0x000fc0       data     extern E:\c18v3.46\pic18-lt\cxx-framework\src\extended\proc\p18f8722.asm
                   ADCON1   0x000fc1       data     extern E:\c18v3.46\pic18-lt\cxx-framework\src\extended\proc\p18f8722.asm
               ADCON1bits   0x000fc1       data     extern E:\c18v3.46\pic18-lt\cxx-framework\src\extended\proc\p18f8722.asm
               ADCON0bits   0x000fc2       data     extern E:\c18v3.46\pic18-lt\cxx-framework\src\extended\proc\p18f8722.asm
                   ADCON0   0x000fc2       data     extern E:\c18v3.46\pic18-lt\cxx-framework\src\extended\proc\p18f8722.asm
                    ADRES   0x000fc3       data     extern E:\c18v3.46\pic18-lt\cxx-framework\src\extended\proc\p18f8722.asm
                   ADRESL   0x000fc3       data     extern E:\c18v3.46\pic18-lt\cxx-framework\src\extended\proc\p18f8722.asm
                   ADRESH   0x000fc4       data     extern E:\c18v3.46\pic18-lt\cxx-framework\src\extended\proc\p18f8722.asm
              SSPCON2bits   0x000fc5       data     extern E:\c18v3.46\pic18-lt\cxx-framework\src\extended\proc\p18f8722.asm
                  SSPCON2   0x000fc5       data     extern E:\c18v3.46\pic18-lt\cxx-framework\src\extended\proc\p18f8722.asm
                 SSP1CON2   0x000fc5       data     extern E:\c18v3.46\pic18-lt\cxx-framework\src\extended\proc\p18f8722.asm
             SSP1CON2bits   0x000fc5       data     extern E:\c18v3.46\pic18-lt\cxx-framework\src\extended\proc\p18f8722.asm
             SSP1CON1bits   0x000fc6       data     extern E:\c18v3.46\pic18-lt\cxx-framework\src\extended\proc\p18f8722.asm
                 SSP1CON1   0x000fc6       data     extern E:\c18v3.46\pic18-lt\cxx-framework\src\extended\proc\p18f8722.asm
                  SSPCON1   0x000fc6       data     extern E:\c18v3.46\pic18-lt\cxx-framework\src\extended\proc\p18f8722.asm
              SSPCON1bits   0x000fc6       data     extern E:\c18v3.46\pic18-lt\cxx-framework\src\extended\proc\p18f8722.asm
                  SSPSTAT   0x000fc7       data     extern E:\c18v3.46\pic18-lt\cxx-framework\src\extended\proc\p18f8722.asm
                 SSP1STAT   0x000fc7       data     extern E:\c18v3.46\pic18-lt\cxx-framework\src\extended\proc\p18f8722.asm
              SSPSTATbits   0x000fc7       data     extern E:\c18v3.46\pic18-lt\cxx-framework\src\extended\proc\p18f8722.asm
             SSP1STATbits   0x000fc7       data     extern E:\c18v3.46\pic18-lt\cxx-framework\src\extended\proc\p18f8722.asm
                  SSP1ADD   0x000fc8       data     extern E:\c18v3.46\pic18-lt\cxx-framework\src\extended\proc\p18f8722.asm
                   SSPADD   0x000fc8       data     extern E:\c18v3.46\pic18-lt\cxx-framework\src\extended\proc\p18f8722.asm
                   SSPBUF   0x000fc9       data     extern E:\c18v3.46\pic18-lt\cxx-framework\src\extended\proc\p18f8722.asm
                  SSP1BUF   0x000fc9       data     extern E:\c18v3.46\pic18-lt\cxx-framework\src\extended\proc\p18f8722.asm
                T2CONbits   0x000fca       data     extern E:\c18v3.46\pic18-lt\cxx-framework\src\extended\proc\p18f8722.asm
                    T2CON   0x000fca       data     extern E:\c18v3.46\pic18-lt\cxx-framework\src\extended\proc\p18f8722.asm
                      PR2   0x000fcb       data     extern E:\c18v3.46\pic18-lt\cxx-framework\src\extended\proc\p18f8722.asm
                     TMR2   0x000fcc       data     extern E:\c18v3.46\pic18-lt\cxx-framework\src\extended\proc\p18f8722.asm
                    T1CON   0x000fcd       data     extern E:\c18v3.46\pic18-lt\cxx-framework\src\extended\proc\p18f8722.asm
                T1CONbits   0x000fcd       data     extern E:\c18v3.46\pic18-lt\cxx-framework\src\extended\proc\p18f8722.asm
                    TMR1L   0x000fce       data     extern E:\c18v3.46\pic18-lt\cxx-framework\src\extended\proc\p18f8722.asm
                    TMR1H   0x000fcf       data     extern E:\c18v3.46\pic18-lt\cxx-framework\src\extended\proc\p18f8722.asm
                     RCON   0x000fd0       data     extern E:\c18v3.46\pic18-lt\cxx-framework\src\extended\proc\p18f8722.asm
                 RCONbits   0x000fd0       data     extern E:\c18v3.46\pic18-lt\cxx-framework\src\extended\proc\p18f8722.asm
               WDTCONbits   0x000fd1       data     extern E:\c18v3.46\pic18-lt\cxx-framework\src\extended\proc\p18f8722.asm
                   WDTCON   0x000fd1       data     extern E:\c18v3.46\pic18-lt\cxx-framework\src\extended\proc\p18f8722.asm
               LVDCONbits   0x000fd2       data     extern E:\c18v3.46\pic18-lt\cxx-framework\src\extended\proc\p18f8722.asm
                   LVDCON   0x000fd2       data     extern E:\c18v3.46\pic18-lt\cxx-framework\src\extended\proc\p18f8722.asm
              HLVDCONbits   0x000fd2       data     extern E:\c18v3.46\pic18-lt\cxx-framework\src\extended\proc\p18f8722.asm
                  HLVDCON   0x000fd2       data     extern E:\c18v3.46\pic18-lt\cxx-framework\src\extended\proc\p18f8722.asm
               OSCCONbits   0x000fd3       data     extern E:\c18v3.46\pic18-lt\cxx-framework\src\extended\proc\p18f8722.asm
                   OSCCON   0x000fd3       data     extern E:\c18v3.46\pic18-lt\cxx-framework\src\extended\proc\p18f8722.asm
                T0CONbits   0x000fd5       data     extern E:\c18v3.46\pic18-lt\cxx-framework\src\extended\proc\p18f8722.asm
                    T0CON   0x000fd5       data     extern E:\c18v3.46\pic18-lt\cxx-framework\src\extended\proc\p18f8722.asm
                    TMR0L   0x000fd6       data     extern E:\c18v3.46\pic18-lt\cxx-framework\src\extended\proc\p18f8722.asm
                    TMR0H   0x000fd7       data     extern E:\c18v3.46\pic18-lt\cxx-framework\src\extended\proc\p18f8722.asm
               STATUSbits   0x000fd8       data     extern E:\c18v3.46\pic18-lt\cxx-framework\src\extended\proc\p18f8722.asm
                   STATUS   0x000fd8       data     extern E:\c18v3.46\pic18-lt\cxx-framework\src\extended\proc\p18f8722.asm
                    FSR2L   0x000fd9       data     extern E:\c18v3.46\pic18-lt\cxx-framework\src\extended\proc\p18f8722.asm
                     FSR2   0x000fd9       data     extern E:\c18v3.46\pic18-lt\cxx-framework\src\extended\proc\p18f8722.asm
                    FSR2H   0x000fda       data     extern E:\c18v3.46\pic18-lt\cxx-framework\src\extended\proc\p18f8722.asm
                   PLUSW2   0x000fdb       data     extern E:\c18v3.46\pic18-lt\cxx-framework\src\extended\proc\p18f8722.asm
                  PREINC2   0x000fdc       data     extern E:\c18v3.46\pic18-lt\cxx-framework\src\extended\proc\p18f8722.asm
                 POSTDEC2   0x000fdd       data     extern E:\c18v3.46\pic18-lt\cxx-framework\src\extended\proc\p18f8722.asm
                 POSTINC2   0x000fde       data     extern E:\c18v3.46\pic18-lt\cxx-framework\src\extended\proc\p18f8722.asm
                    INDF2   0x000fdf       data     extern E:\c18v3.46\pic18-lt\cxx-framework\src\extended\proc\p18f8722.asm
                      BSR   0x000fe0       data     extern E:\c18v3.46\pic18-lt\cxx-framework\src\extended\proc\p18f8722.asm
                    FSR1L   0x000fe1       data     extern E:\c18v3.46\pic18-lt\cxx-framework\src\extended\proc\p18f8722.asm
                     FSR1   0x000fe1       data     extern E:\c18v3.46\pic18-lt\cxx-framework\src\extended\proc\p18f8722.asm
                    FSR1H   0x000fe2       data     extern E:\c18v3.46\pic18-lt\cxx-framework\src\extended\proc\p18f8722.asm
                   PLUSW1   0x000fe3       data     extern E:\c18v3.46\pic18-lt\cxx-framework\src\extended\proc\p18f8722.asm
                  PREINC1   0x000fe4       data     extern E:\c18v3.46\pic18-lt\cxx-framework\src\extended\proc\p18f8722.asm
                 POSTDEC1   0x000fe5       data     extern E:\c18v3.46\pic18-lt\cxx-framework\src\extended\proc\p18f8722.asm
                 POSTINC1   0x000fe6       data     extern E:\c18v3.46\pic18-lt\cxx-framework\src\extended\proc\p18f8722.asm
                    INDF1   0x000fe7       data     extern E:\c18v3.46\pic18-lt\cxx-framework\src\extended\proc\p18f8722.asm
                     WREG   0x000fe8       data     extern E:\c18v3.46\pic18-lt\cxx-framework\src\extended\proc\p18f8722.asm
                    FSR0L   0x000fe9       data     extern E:\c18v3.46\pic18-lt\cxx-framework\src\extended\proc\p18f8722.asm
                     FSR0   0x000fe9       data     extern E:\c18v3.46\pic18-lt\cxx-framework\src\extended\proc\p18f8722.asm
                    FSR0H   0x000fea       data     extern E:\c18v3.46\pic18-lt\cxx-framework\src\extended\proc\p18f8722.asm
                   PLUSW0   0x000feb       data     extern E:\c18v3.46\pic18-lt\cxx-framework\src\extended\proc\p18f8722.asm
                  PREINC0   0x000fec       data     extern E:\c18v3.46\pic18-lt\cxx-framework\src\extended\proc\p18f8722.asm
                 POSTDEC0   0x000fed       data     extern E:\c18v3.46\pic18-lt\cxx-framework\src\extended\proc\p18f8722.asm
                 POSTINC0   0x000fee       data     extern E:\c18v3.46\pic18-lt\cxx-framework\src\extended\proc\p18f8722.asm
                    INDF0   0x000fef       data     extern E:\c18v3.46\pic18-lt\cxx-framework\src\extended\proc\p18f8722.asm
              INTCON3bits   0x000ff0       data     extern E:\c18v3.46\pic18-lt\cxx-framework\src\extended\proc\p18f8722.asm
                  INTCON3   0x000ff0       data     extern E:\c18v3.46\pic18-lt\cxx-framework\src\extended\proc\p18f8722.asm
              INTCON2bits   0x000ff1       data     extern E:\c18v3.46\pic18-lt\cxx-framework\src\extended\proc\p18f8722.asm
                  INTCON2   0x000ff1       data     extern E:\c18v3.46\pic18-lt\cxx-framework\src\extended\proc\p18f8722.asm
                   INTCON   0x000ff2       data     extern E:\c18v3.46\pic18-lt\cxx-framework\src\extended\proc\p18f8722.asm
               INTCONbits   0x000ff2       data     extern E:\c18v3.46\pic18-lt\cxx-framework\src\extended\proc\p18f8722.asm
                    PRODL   0x000ff3       data     extern E:\c18v3.46\pic18-lt\cxx-framework\src\extended\proc\p18f8722.asm
                     PROD   0x000ff3       data     extern E:\c18v3.46\pic18-lt\cxx-framework\src\extended\proc\p18f8722.asm
                    PRODH   0x000ff4       data     extern E:\c18v3.46\pic18-lt\cxx-framework\src\extended\proc\p18f8722.asm
                   TABLAT   0x000ff5       data     extern E:\c18v3.46\pic18-lt\cxx-framework\src\extended\proc\p18f8722.asm
                   TBLPTR   0x000ff6       data     extern E:\c18v3.46\pic18-lt\cxx-framework\src\extended\proc\p18f8722.asm
                  TBLPTRL   0x000ff6       data     extern E:\c18v3.46\pic18-lt\cxx-framework\src\extended\proc\p18f8722.asm
                  TBLPTRH   0x000ff7       data     extern E:\c18v3.46\pic18-lt\cxx-framework\src\extended\proc\p18f8722.asm
                  TBLPTRU   0x000ff8       data     extern E:\c18v3.46\pic18-lt\cxx-framework\src\extended\proc\p18f8722.asm
                      PCL   0x000ff9       data     extern E:\c18v3.46\pic18-lt\cxx-framework\src\extended\proc\p18f8722.asm
                       PC   0x000ff9       data     extern E:\c18v3.46\pic18-lt\cxx-framework\src\extended\proc\p18f8722.asm
                   PCLATH   0x000ffa       data     extern E:\c18v3.46\pic18-lt\cxx-framework\src\extended\proc\p18f8722.asm
                   PCLATU   0x000ffb       data     extern E:\c18v3.46\pic18-lt\cxx-framework\src\extended\proc\p18f8722.asm
                   STKPTR   0x000ffc       data     extern E:\c18v3.46\pic18-lt\cxx-framework\src\extended\proc\p18f8722.asm
               STKPTRbits   0x000ffc       data     extern E:\c18v3.46\pic18-lt\cxx-framework\src\extended\proc\p18f8722.asm
                      TOS   0x000ffd       data     extern E:\c18v3.46\pic18-lt\cxx-framework\src\extended\proc\p18f8722.asm
                     TOSL   0x000ffd       data     extern E:\c18v3.46\pic18-lt\cxx-framework\src\extended\proc\p18f8722.asm
                     TOSH   0x000ffe       data     extern E:\c18v3.46\pic18-lt\cxx-framework\src\extended\proc\p18f8722.asm
                     TOSU   0x000fff       data     extern E:\c18v3.46\pic18-lt\cxx-framework\src\extended\proc\p18f8722.asm


