MPLINK 4.40, Linker
Linker Map File - Created Tue Oct 09 09:11:21 2012

                                 Section Info
                  Section       Type    Address   Location Size(Bytes)
                ---------  ---------  ---------  ---------  ---------
               _entry_scn       code   0x000000    program   0x000006
       .code__user_putc.o       code   0x000006    program   0x000002
           tick_interrupt       code   0x000008    program   0x000006
          .code_adcbusy.o       code   0x00000e    program   0x00000a
           work_interrupt       code   0x000018    program   0x000006
                   .cinit    romdata   0x00001e    program   0x00004a
        .code_mandm8722.o       code   0x000068    program   0x0061c0
              .code_daq.o       code   0x006228    program   0x0019fa
     .romdata_mandm8722.o    romdata   0x007c22    program   0x0013ce
             .stringtable    romdata   0x008ff0    program   0x001327
      .romdata_putsxlcd.o    romdata   0x00a317    program   0x000000
        .idata_u2open.o_i    romdata   0x00a317    program   0x000000
       .romdata_fxm3232.o    romdata   0x00a317    program   0x000000
       .idata_fxm3232.o_i    romdata   0x00a317    program   0x000000
      .romdata_fxd1616u.o    romdata   0x00a317    program   0x000000
      .idata_fxd1616u.o_i    romdata   0x00a317    program   0x000000
       .romdata_adcconv.o    romdata   0x00a317    program   0x000000
       .idata_adcconv.o_i    romdata   0x00a317    program   0x000000
      .romdata_busy_eep.o    romdata   0x00a317    program   0x000000
      .idata_busy_eep.o_i    romdata   0x00a317    program   0x000000
      .romdata_readaddr.o    romdata   0x00a317    program   0x000000
      .romdata_wcmdxlcd.o    romdata   0x00a317    program   0x000000
      .idata_wcmdxlcd.o_i    romdata   0x00a317    program   0x000000
      .idata_setddram.o_i    romdata   0x00a317    program   0x000000
      .romdata_setcgram.o    romdata   0x00a317    program   0x000000
      .idata_readdata.o_i    romdata   0x00a317    program   0x000000
    .romdata__user_putc.o    romdata   0x00a317    program   0x000000
    .idata__user_putc.o_i    romdata   0x00a317    program   0x000000
          .romdata_putc.o    romdata   0x00a317    program   0x000000
       .romdata_sprintf.o    romdata   0x00a317    program   0x000000
        .idata_u2puts.o_i    romdata   0x00a317    program   0x000000
       .romdata_u2putrs.o    romdata   0x00a317    program   0x000000
       .romdata_write_B.o    romdata   0x00a317    program   0x000000
       .idata_write_B.o_i    romdata   0x00a317    program   0x000000
       .romdata_t3write.o    romdata   0x00a317    program   0x000000
       .romdata_t0write.o    romdata   0x00a317    program   0x000000
       .idata_u2write.o_i    romdata   0x00a317    program   0x000000
        .romdata_u2defs.o    romdata   0x00a317    program   0x000000
        .idata_read_B.o_i    romdata   0x00a317    program   0x000000
       .romdata_adcread.o    romdata   0x00a317    program   0x000000
       .idata_adcread.o_i    romdata   0x00a317    program   0x000000
        .romdata_u2read.o    romdata   0x00a317    program   0x000000
        .idata_t4open.o_i    romdata   0x00a317    program   0x000000
        .idata_t3open.o_i    romdata   0x00a317    program   0x000000
        .idata_t0open.o_i    romdata   0x00a317    program   0x000000
        .idata_c018iz.o_i    romdata   0x00a317    program   0x000000
        .romdata_c018iz.o    romdata   0x00a317    program   0x000000
         .idata_power.o_i    romdata   0x00a317    program   0x000000
         .idata_model.o_i    romdata   0x00a317    program   0x000000
          .romdata_crit.o    romdata   0x00a317    program   0x000000
  .romdata_mandm_vector.o    romdata   0x00a317    program   0x000000
      .idata_putrxlcd.o_i    romdata   0x00a317    program   0x000000
      .romdata_openxlcd.o    romdata   0x00a317    program   0x000000
           .code_u2defs.o       code   0x00a318    program   0x000000
           .code_c018iz.o       code   0x00a318    program   0x000000
     .code_mandm_vector.o       code   0x00a318    program   0x000d40
         .code_vfprintf.o       code   0x00b058    program   0x000c22
                     PROG       code   0x00bc7a    program   0x0006c2
            .code_power.o       code   0x00c33c    program   0x00047a
           .code_config.o       code   0x00c7b6    program   0x000304
             .code_crit.o       code   0x00caba    program   0x0001f2
                   STRING       code   0x00ccac    program   0x000192
           .code_hwconf.o       code   0x00ce3e    program   0x00017e
          .code_sprintf.o       code   0x00cfbc    program   0x0000ac
               _cinit_scn       code   0x00d068    program   0x00009e
         .code_openxlcd.o       code   0x00d106    program   0x00009a
           .code_u2open.o       code   0x00d1a0    program   0x00008a
             .code_putc.o       code   0x00d22a    program   0x000084
          .code_fxm3232.o       code   0x00d2ae    program   0x000070
          .code_adcopen.o       code   0x00d31e    program   0x00006e
          .code_u2putrs.o       code   0x00d38c    program   0x000064
          .code_write_B.o       code   0x00d3f0    program   0x000060
           .code_read_B.o       code   0x00d450    program   0x00005c
         .code_putrxlcd.o       code   0x00d4ac    program   0x000054
           .code_u2puts.o       code   0x00d500    program   0x00004c
         .code_setddram.o       code   0x00d54c    program   0x000048
         .code_setcgram.o       code   0x00d594    program   0x000048
         .code_fxd3232u.o       code   0x00d5dc    program   0x000048
         .code_writdata.o       code   0x00d624    program   0x000046
         .code_wcmdxlcd.o       code   0x00d66a    program   0x000046
         .code_readdata.o       code   0x00d6b0    program   0x000044
         .code_readaddr.o       code   0x00d6f4    program   0x000044
           .code_t3open.o       code   0x00d738    program   0x000042
         .code_putsxlcd.o       code   0x00d77a    program   0x000042
           .code_u2read.o       code   0x00d7bc    program   0x00003e
                   STDLIB       code   0x00d7fa    program   0x00003c
          .code_t3write.o       code   0x00d836    program   0x000038
          .code_t0write.o       code   0x00d86e    program   0x000038
           .code_t0open.o       code   0x00d8a6    program   0x000038
           .code_t4open.o       code   0x00d8de    program   0x000036
             D10KTCYXCODE       code   0x00d914    program   0x00002e
          .code_u2write.o       code   0x00d942    program   0x00002e
         .code_adcsetch.o       code   0x00d970    program   0x00002e
         .code_fxd1616u.o       code   0x00d99e    program   0x00002c
         .code_busyxlcd.o       code   0x00d9ca    program   0x00002c
                    CTYPE       code   0x00d9f6    program   0x000024
             _startup_scn       code   0x00da1a    program   0x000020
                    .code       code   0x00da3a    program   0x000020
                    STDIO       code   0x00da5a    program   0x00001c
              D10TCYXCODE       code   0x00da76    program   0x000016
          .code_adcread.o       code   0x00da8c    program   0x000012
      .romdata_vfprintf.o    romdata   0x00da9e    program   0x000011
        .idata_u2defs.o_i    romdata   0x00daaf    program   0x000000
        .romdata_u2puts.o    romdata   0x00daaf    program   0x000000
         .romdata_model.o    romdata   0x00daaf    program   0x000000
          .idata_putc.o_i    romdata   0x00daaf    program   0x000000
       .idata_sprintf.o_i    romdata   0x00daaf    program   0x000000
       .romdata_u2write.o    romdata   0x00daaf    program   0x000000
       .idata_u2putrs.o_i    romdata   0x00daaf    program   0x000000
       .idata_t0write.o_i    romdata   0x00daaf    program   0x000000
        .romdata___init.o    romdata   0x00daaf    program   0x000000
      .idata_vfprintf.o_i    romdata   0x00daaf    program   0x000000
        .idata___init.o_i    romdata   0x00daaf    program   0x000000
       .idata_t3write.o_i    romdata   0x00daaf    program   0x000000
        .romdata_hwconf.o    romdata   0x00daaf    program   0x000000
        .idata_hwconf.o_i    romdata   0x00daaf    program   0x000000
      .romdata_fxd3232u.o    romdata   0x00daaf    program   0x000000
      .idata_fxd3232u.o_i    romdata   0x00daaf    program   0x000000
      .idata_writdata.o_i    romdata   0x00daaf    program   0x000000
      .romdata_writdata.o    romdata   0x00daaf    program   0x000000
       .romdata_adcbusy.o    romdata   0x00daaf    program   0x000000
       .idata_adcbusy.o_i    romdata   0x00daaf    program   0x000000
        .romdata_config.o    romdata   0x00daaf    program   0x000000
        .idata_config.o_i    romdata   0x00daaf    program   0x000000
      .romdata_busyxlcd.o    romdata   0x00daaf    program   0x000000
      .idata_busyxlcd.o_i    romdata   0x00daaf    program   0x000000
      .idata_openxlcd.o_i    romdata   0x00daaf    program   0x000000
      .romdata_setddram.o    romdata   0x00daaf    program   0x000000
      .idata_setcgram.o_i    romdata   0x00daaf    program   0x000000
      .romdata_readdata.o    romdata   0x00daaf    program   0x000000
      .romdata_putrxlcd.o    romdata   0x00daaf    program   0x000000
      .idata_readaddr.o_i    romdata   0x00daaf    program   0x000000
      .idata_putsxlcd.o_i    romdata   0x00daaf    program   0x000000
      .romdata_adcsetch.o    romdata   0x00daaf    program   0x000000
      .idata_adcsetch.o_i    romdata   0x00daaf    program   0x000000
        .romdata_u2open.o    romdata   0x00daaf    program   0x000000
        .romdata_read_B.o    romdata   0x00daaf    program   0x000000
         .romdata_power.o    romdata   0x00daaf    program   0x000000
       .idata_adcopen.o_i    romdata   0x00daaf    program   0x000000
        .idata_u2read.o_i    romdata   0x00daaf    program   0x000000
       .romdata_adcopen.o    romdata   0x00daaf    program   0x000000
        .romdata_t4open.o    romdata   0x00daaf    program   0x000000
           .romdata_daq.o    romdata   0x00daaf    program   0x000000
        .romdata_t0open.o    romdata   0x00daaf    program   0x000000
        .romdata_t3open.o    romdata   0x00daaf    program   0x000000
            .code_model.o       code   0x00dab0    program   0x000000
         .code_busy_eep.o       code   0x00dab0    program   0x000006
          .code_adcconv.o       code   0x00dab6    program   0x000004
           .code___init.o       code   0x00daba    program   0x000002
                  gpr10_i    romdata   0x00dabc    program   0x000030
              SEED_DATA_i    romdata   0x00daec    program   0x000002
  .idata_mandm_vector.o_i    romdata   0x00daee    program   0x000012
     .idata_mandm8722.o_i    romdata   0x00db00    program   0x000094
           .idata_daq.o_i    romdata   0x00db94    program   0x000004
          .idata_crit.o_i    romdata   0x00db98    program   0x000002
.config_300001_mandm8722.o    romdata   0x300001    program   0x000001
.config_300002_mandm8722.o    romdata   0x300002    program   0x000001
.config_300003_mandm8722.o    romdata   0x300003    program   0x000001
.config_300006_mandm8722.o    romdata   0x300006    program   0x000001
                 .tmpdata      udata   0x000000       data   0x000024
                MATH_DATA      udata   0x000024       data   0x000014
         tick_handler_tmp      udata   0x000038       data   0x000004
                DELAYDAT2      udata   0x00003c       data   0x000001
                DELAYDAT1      udata   0x00003d       data   0x000001
              ISRHtmpdata      udata   0x00003e       data   0x000000
                     gpr5      udata   0x000060       data   0x00009b
          .udata_hwconf.o      udata   0x0000fb       data   0x000001
          .udata_config.o      udata   0x0000fc       data   0x000001
         .idata_adcread.o      idata   0x0000fd       data   0x000000
         .udata_adcread.o      udata   0x0000fd       data   0x000000
          .idata_u2read.o      idata   0x0000fd       data   0x000000
          .udata_u2read.o      udata   0x0000fd       data   0x000000
          .idata_t4open.o      idata   0x0000fd       data   0x000000
          .udata_t4open.o      udata   0x0000fd       data   0x000000
          .idata_t3open.o      idata   0x0000fd       data   0x000000
          .udata_t3open.o      udata   0x0000fd       data   0x000000
          .idata_t0open.o      idata   0x0000fd       data   0x000000
          .udata_t0open.o      udata   0x0000fd       data   0x000000
         .idata_adcopen.o      idata   0x0000fd       data   0x000000
         .udata_adcopen.o      udata   0x0000fd       data   0x000000
          .idata_u2open.o      idata   0x0000fd       data   0x000000
          .udata_u2open.o      udata   0x0000fd       data   0x000000
         .idata_fxm3232.o      idata   0x0000fd       data   0x000000
         .udata_fxm3232.o      udata   0x0000fd       data   0x000000
        .idata_fxd3232u.o      idata   0x0000fd       data   0x000000
        .udata_fxd3232u.o      udata   0x0000fd       data   0x000000
        .idata_fxd1616u.o      idata   0x0000fd       data   0x000000
        .udata_fxd1616u.o      udata   0x0000fd       data   0x000000
      .udata__user_putc.o      udata   0x0000fd       data   0x000000
      .idata__user_putc.o      idata   0x0000fd       data   0x000000
         .idata_adcconv.o      idata   0x0000fd       data   0x000000
         .udata_adcconv.o      udata   0x0000fd       data   0x000000
        .idata_vfprintf.o      idata   0x0000fd       data   0x000000
        .udata_vfprintf.o      udata   0x0000fd       data   0x000000
         .idata_sprintf.o      idata   0x0000fd       data   0x000000
         .udata_sprintf.o      udata   0x0000fd       data   0x000000
          .idata_u2puts.o      idata   0x0000fd       data   0x000000
          .udata_u2puts.o      udata   0x0000fd       data   0x000000
         .idata_u2putrs.o      idata   0x0000fd       data   0x000000
         .udata_u2putrs.o      udata   0x0000fd       data   0x000000
          .idata___init.o      idata   0x0000fd       data   0x000000
          .udata___init.o      udata   0x0000fd       data   0x000000
         .idata_write_B.o      idata   0x0000fd       data   0x000000
         .udata_write_B.o      udata   0x0000fd       data   0x000000
         .idata_t3write.o      idata   0x0000fd       data   0x000000
         .udata_t3write.o      udata   0x0000fd       data   0x000000
         .idata_t0write.o      idata   0x0000fd       data   0x000000
         .udata_t0write.o      udata   0x0000fd       data   0x000000
         .idata_u2write.o      idata   0x0000fd       data   0x000000
         .udata_u2write.o      udata   0x0000fd       data   0x000000
          .idata_u2defs.o      idata   0x0000fd       data   0x000000
        .idata_adcsetch.o      idata   0x0000fd       data   0x000000
        .udata_adcsetch.o      udata   0x0000fd       data   0x000000
            .udata_putc.o      udata   0x0000fd       data   0x000000
            .idata_putc.o      idata   0x0000fd       data   0x000000
          .idata_read_B.o      idata   0x0000fd       data   0x000000
          .udata_read_B.o      udata   0x0000fd       data   0x000000
        .udata_readaddr.o      udata   0x0000fd       data   0x000000
        .idata_putsxlcd.o      idata   0x0000fd       data   0x000000
        .udata_putsxlcd.o      udata   0x0000fd       data   0x000000
        .idata_putrxlcd.o      idata   0x0000fd       data   0x000000
        .udata_putrxlcd.o      udata   0x0000fd       data   0x000000
        .idata_openxlcd.o      idata   0x0000fd       data   0x000000
        .udata_openxlcd.o      udata   0x0000fd       data   0x000000
        .idata_writdata.o      idata   0x0000fd       data   0x000000
        .udata_writdata.o      udata   0x0000fd       data   0x000000
          .idata_c018iz.o      idata   0x0000fd       data   0x000000
                     gpr6      udata   0x0000fd       data   0x000000
            .udata_crit.o      udata   0x0000fd       data   0x000000
       .udata_mandm8722.o      udata   0x0000fd       data   0x000000
           .idata_power.o      idata   0x0000fd       data   0x000000
           .idata_model.o      idata   0x0000fd       data   0x000000
           .udata_model.o      udata   0x0000fd       data   0x000000
          .idata_hwconf.o      idata   0x0000fd       data   0x000000
        .idata_busy_eep.o      idata   0x0000fd       data   0x000000
        .udata_busy_eep.o      udata   0x0000fd       data   0x000000
         .idata_adcbusy.o      idata   0x0000fd       data   0x000000
         .udata_adcbusy.o      udata   0x0000fd       data   0x000000
          .idata_config.o      idata   0x0000fd       data   0x000000
        .idata_busyxlcd.o      idata   0x0000fd       data   0x000000
        .udata_busyxlcd.o      udata   0x0000fd       data   0x000000
        .idata_wcmdxlcd.o      idata   0x0000fd       data   0x000000
        .udata_wcmdxlcd.o      udata   0x0000fd       data   0x000000
        .idata_readaddr.o      idata   0x0000fd       data   0x000000
        .idata_setddram.o      idata   0x0000fd       data   0x000000
        .udata_readdata.o      udata   0x0000fd       data   0x000000
        .idata_readdata.o      idata   0x0000fd       data   0x000000
        .udata_setcgram.o      udata   0x0000fd       data   0x000000
        .idata_setcgram.o      idata   0x0000fd       data   0x000000
        .udata_setddram.o      udata   0x0000fd       data   0x000000
                     gpr2      udata   0x000100       data   0x0000fc
             .idata_daq.o      idata   0x0001fc       data   0x000004
                    gpr13      udata   0x000200       data   0x0000fb
                     gpr1      udata   0x000300       data   0x0000ce
                    gpr10      idata   0x0003ce       data   0x000030
                SEED_DATA      idata   0x0003fe       data   0x000002
                     gpr8      udata   0x000400       data   0x0000b0
           .udata_power.o      udata   0x0004b0       data   0x00003a
    .idata_mandm_vector.o      idata   0x0004ea       data   0x000012
            .idata_crit.o      idata   0x0004fc       data   0x000002
                     gpr4      udata   0x0004fe       data   0x000001
          .udata_u2defs.o      udata   0x0004ff       data   0x000001
                     gpr9      udata   0x000500       data   0x0000a7
                     gpr3      udata   0x0005a7       data   0x00001c
             .udata_daq.o      udata   0x0005c3       data   0x000011
                     gpr7      udata   0x0005d4       data   0x00000c
          .udata_c018iz.o      udata   0x0005e0       data   0x00000a
    .udata_mandm_vector.o      udata   0x0005ea       data   0x000006
       .idata_mandm8722.o      idata   0x000600       data   0x000094
                   .stack      udata   0x000e00       data   0x000100
            SFR_UNBANKED0      udata   0x000f62       data   0x00009e



                              Program Memory Usage 
                               Start         End      
                           ---------   ---------      
                            0x000000    0x00a316      
                            0x00a318    0x00daae      
                            0x00dab0    0x00db99      
                            0x300001    0x300003      
                            0x300006    0x300006      
            56220 out of 132120 program addresses used, program memory utilization is 42%



                              Symbols - Sorted by Name
                     Name    Address   Location    Storage File                     
                ---------  ---------  ---------  --------- ---------                
                     ABSI   0x00117a    program     extern X:\mandm\mandm\mandm8722.c
                     ABSL   0x0011a8    program     extern X:\mandm\mandm\mandm8722.c
                 ADC_read   0x006350    program     extern X:\mandm\mandm\daq.c     
                 ADC_zero   0x006228    program     extern X:\mandm\mandm\daq.c     
                  BusyADC   0x00000e    program     extern C:\Program Files\Microchip\mplabc18\v3.40\src\pmc_common\ADC\adcbusy.c
                 BusyXLCD   0x00d9ca    program     extern X:\mandm\mandm\xlcd\busyxlcd.c
                 Busy_eep   0x00dab0    program     extern C:\Program Files\Microchip\mplabc18\v3.40\src\pmc_common\EEP\busy_eep.c
             Change_Count   0x00628e    program     extern X:\mandm\mandm\daq.c     
        Clear_All_Buttons   0x00b002    program     extern X:\mandm\mandm\mandm_vector.c
               ConvertADC   0x00dab6    program     extern C:\Program Files\Microchip\mplabc18\v3.40\src\pmc_common\ADC\adcconv.c
                   D10K_1   0x00d920    program     static C:\Program Files\Microchip\mplabc18\v3.40\src\traditional\delays\d10ktcyx.asm
                    D10Kl   0x00d92c    program     static C:\Program Files\Microchip\mplabc18\v3.40\src\traditional\delays\d10ktcyx.asm
                    D10Kx   0x00d91e    program     static C:\Program Files\Microchip\mplabc18\v3.40\src\traditional\delays\d10ktcyx.asm
                    D10_1   0x00da86    program     static C:\Program Files\Microchip\mplabc18\v3.40\src\traditional\delays\d10tcyx.asm
                     D10x   0x00da7e    program     static C:\Program Files\Microchip\mplabc18\v3.40\src\traditional\delays\d10tcyx.asm
                   D1616S   0x00bfaa    program     static C:\Program Files\Microchip\mplabc18\v3.40\src\traditional\math\fxd1616s.asm
                D1616SNEG   0x00bfb8    program     static C:\Program Files\Microchip\mplabc18\v3.40\src\traditional\math\fxd1616s.asm
                 D1616SOK   0x00bfb4    program     static C:\Program Files\Microchip\mplabc18\v3.40\src\traditional\math\fxd1616s.asm
                  D1616SX   0x00bfca    program     static C:\Program Files\Microchip\mplabc18\v3.40\src\traditional\math\fxd1616s.asm
                   D3232S   0x00c004    program     static C:\Program Files\Microchip\mplabc18\v3.40\src\traditional\math\fxd3232s.asm
                D3232SNEG   0x00c012    program     static C:\Program Files\Microchip\mplabc18\v3.40\src\traditional\math\fxd3232s.asm
                 D3232SOK   0x00c00e    program     static C:\Program Files\Microchip\mplabc18\v3.40\src\traditional\math\fxd3232s.asm
                  D3232SX   0x00c032    program     static C:\Program Files\Microchip\mplabc18\v3.40\src\traditional\math\fxd3232s.asm
                  DA1616S   0x00bf9a    program     static C:\Program Files\Microchip\mplabc18\v3.40\src\traditional\math\fxd1616s.asm
                  DA3232S   0x00bfee    program     static C:\Program Files\Microchip\mplabc18\v3.40\src\traditional\math\fxd3232s.asm
             Delay10KTCYx   0x00d914    program     extern C:\Program Files\Microchip\mplabc18\v3.40\src\traditional\delays\d10ktcyx.asm
              Delay10TCYx   0x00da76    program     extern C:\Program Files\Microchip\mplabc18\v3.40\src\traditional\delays\d10tcyx.asm
            DelayFor18TCY   0x000634    program     extern X:\mandm\mandm\mandm8722.c
             DelayPORXLCD   0x00064e    program     extern X:\mandm\mandm\mandm8722.c
                DelayXLCD   0x00065a    program     extern X:\mandm\mandm\mandm8722.c
                 FLO1632S   0x00bc7e    program     extern C:\Program Files\Microchip\mplabc18\v3.40\src\traditional\math\cast16FP.asm
                 FLO1632U   0x00bc7a    program     extern C:\Program Files\Microchip\mplabc18\v3.40\src\traditional\math\cast16FP.asm
                 FLO3232S   0x00bca8    program     extern C:\Program Files\Microchip\mplabc18\v3.40\src\traditional\math\cast32FP.asm
                 FLO3232U   0x00bca4    program     extern C:\Program Files\Microchip\mplabc18\v3.40\src\traditional\math\cast32FP.asm
                    FPA32   0x00bcdc    program     extern C:\Program Files\Microchip\mplabc18\v3.40\src\traditional\math\addFP.asm
                    FPD32   0x00be08    program     extern C:\Program Files\Microchip\mplabc18\v3.40\src\traditional\math\divFP.asm
                    FPM32   0x00beae    program     extern C:\Program Files\Microchip\mplabc18\v3.40\src\traditional\math\mulFP.asm
                    FPS32   0x00bcda    program     extern C:\Program Files\Microchip\mplabc18\v3.40\src\traditional\math\addFP.asm
                 FXD1616S   0x00bf88    program     extern C:\Program Files\Microchip\mplabc18\v3.40\src\traditional\math\fxd1616s.asm
                 FXD1616U   0x00d99e    program     extern C:\Program Files\Microchip\mplabc18\v3.40\src\traditional\math\fxd1616u.c
                 FXD3232S   0x00bfd4    program     extern C:\Program Files\Microchip\mplabc18\v3.40\src\traditional\math\fxd3232s.asm
                 FXD3232U   0x00d5dc    program     extern C:\Program Files\Microchip\mplabc18\v3.40\src\traditional\math\fxd3232u.c
                 FXM1616S   0x00c2e2    program     extern C:\Program Files\Microchip\mplabc18\v3.40\src\traditional\math\fxm1616s.asm
                 FXM1616U   0x00c2a6    program     extern C:\Program Files\Microchip\mplabc18\v3.40\src\traditional\math\fxm1616u.asm
                 FXM2424U   0x00c03c    program     extern C:\Program Files\Microchip\mplabc18\v3.40\src\traditional\math\fxm2424u.asm
                  FXM3232   0x00d2ae    program     extern C:\Program Files\Microchip\mplabc18\v3.40\src\traditional\math\fxm3232.c
                  INT3216   0x00c0ce    program     extern C:\Program Files\Microchip\mplabc18\v3.40\src\traditional\math\castFP16.asm
                  INT3232   0x00c12c    program     extern C:\Program Files\Microchip\mplabc18\v3.40\src\traditional\math\castFP32.asm
              LCD_VC_puts   0x00016e    program     extern X:\mandm\mandm\mandm8722.c
               Open2USART   0x00d1a0    program     extern C:\Program Files\Microchip\mplabc18\v3.40\src\pmc_common\USART\u2open.c
                  OpenADC   0x00d31e    program     extern C:\Program Files\Microchip\mplabc18\v3.40\src\pmc_common\ADC\adcopen.c
               OpenTimer0   0x00d8a6    program     extern C:\Program Files\Microchip\mplabc18\v3.40\src\pmc_common\Timers\t0open.c
               OpenTimer3   0x00d738    program     extern C:\Program Files\Microchip\mplabc18\v3.40\src\pmc_common\Timers\t3open.c
               OpenTimer4   0x00d8de    program     extern C:\Program Files\Microchip\mplabc18\v3.40\src\pmc_common\Timers\t4open.c
                 OpenXLCD   0x00d106    program     extern X:\mandm\mandm\xlcd\openxlcd.c
                   P1wait   0x00aff6    program     extern X:\mandm\mandm\mandm_vector.c
                   P2wait   0x00affc    program     extern X:\mandm\mandm\mandm_vector.c
               Read2USART   0x00d7bc    program     extern C:\Program Files\Microchip\mplabc18\v3.40\src\pmc_common\USART\u2read.c
                  ReadADC   0x00da8c    program     extern C:\Program Files\Microchip\mplabc18\v3.40\src\pmc_common\ADC\adcread.c
             ReadAddrXLCD   0x00d6f4    program     extern X:\mandm\mandm\xlcd\readaddr.c
             ReadDataXLCD   0x00d6b0    program     extern X:\mandm\mandm\xlcd\readdata.c
               Read_b_eep   0x00d450    program     extern C:\Program Files\Microchip\mplabc18\v3.40\src\pmc_common\EEP\read_B.c
       Reset_Change_Count   0x00624e    program     extern X:\mandm\mandm\daq.c     
             SetCGRamAddr   0x00d594    program     extern X:\mandm\mandm\xlcd\setcgram.c
               SetChanADC   0x00d970    program     extern C:\Program Files\Microchip\mplabc18\v3.40\src\pmc_common\ADC\adcsetch.c
             SetDDRamAddr   0x00d54c    program     extern X:\mandm\mandm\xlcd\setddram.c
               Set_Cursor   0x0018ac    program     extern X:\mandm\mandm\mandm8722.c
               TSIGN1616A   0x00c32e    program     static C:\Program Files\Microchip\mplabc18\v3.40\src\traditional\math\fxm1616s.asm
              Write2USART   0x00d942    program     extern C:\Program Files\Microchip\mplabc18\v3.40\src\pmc_common\USART\u2write.c
             WriteCmdXLCD   0x00d66a    program     extern X:\mandm\mandm\xlcd\wcmdxlcd.c
            WriteDataXLCD   0x00d624    program     extern X:\mandm\mandm\xlcd\writdata.c
              WriteTimer0   0x00d86e    program     extern C:\Program Files\Microchip\mplabc18\v3.40\src\pmc_common\Timers\t0write.c
              WriteTimer3   0x00d836    program     extern C:\Program Files\Microchip\mplabc18\v3.40\src\pmc_common\Timers\t3write.c
              Write_b_eep   0x00d3f0    program     extern C:\Program Files\Microchip\mplabc18\v3.40\src\pmc_common\EEP\write_B.c
                   _2jEnd   0x00cd64    program     static C:\Program Files\Microchip\mplabc18\v3.40\src\traditional\stdclib\slenpgm.asm
              _3jContinue   0x00ce08    program     static C:\Program Files\Microchip\mplabc18\v3.40\src\traditional\stdclib\sncpyp2r.asm
              _4jContinue   0x00ccd8    program     static C:\Program Files\Microchip\mplabc18\v3.40\src\traditional\stdclib\memcmp.asm
              _4jContinue   0x00cdae    program     static C:\Program Files\Microchip\mplabc18\v3.40\src\traditional\stdclib\strncpy.asm
                   _4jEnd   0x00ce12    program     static C:\Program Files\Microchip\mplabc18\v3.40\src\traditional\stdclib\sncpyp2r.asm
                   _5jEnd   0x00cce2    program     static C:\Program Files\Microchip\mplabc18\v3.40\src\traditional\stdclib\memcmp.asm
                   _5jEnd   0x00cdb8    program     static C:\Program Files\Microchip\mplabc18\v3.40\src\traditional\stdclib\strncpy.asm
       _D10KTCYXCODE_0010   0x00d924    program     static C:\Program Files\Microchip\mplabc18\v3.40\src\traditional\delays\d10ktcyx.asm
       _D10KTCYXCODE_001C   0x00d930    program     static C:\Program Files\Microchip\mplabc18\v3.40\src\traditional\delays\d10ktcyx.asm
        _D10TCYXCODE_000A   0x00da80    program     static C:\Program Files\Microchip\mplabc18\v3.40\src\traditional\delays\d10tcyx.asm
        _D10TCYXCODE_000C   0x00da82    program     static C:\Program Files\Microchip\mplabc18\v3.40\src\traditional\delays\d10tcyx.asm
        _D10TCYXCODE_000E   0x00da84    program     static C:\Program Files\Microchip\mplabc18\v3.40\src\traditional\delays\d10tcyx.asm
                 __FpExit   0x00c1a6    program     extern C:\Program Files\Microchip\mplabc18\v3.40\src\traditional\math\packFP.asm
                 __FpPack   0x00c1d2    program     extern C:\Program Files\Microchip\mplabc18\v3.40\src\traditional\math\packFP.asm
            __FpReturnNaN   0x00c19a    program     extern C:\Program Files\Microchip\mplabc18\v3.40\src\traditional\math\packFP.asm
         __FpReturnNegInf   0x00c1ac    program     extern C:\Program Files\Microchip\mplabc18\v3.40\src\traditional\math\packFP.asm
        __FpReturnNegZero   0x00c1c4    program     extern C:\Program Files\Microchip\mplabc18\v3.40\src\traditional\math\packFP.asm
         __FpReturnPosInf   0x00c1b2    program     extern C:\Program Files\Microchip\mplabc18\v3.40\src\traditional\math\packFP.asm
        __FpReturnPosZero   0x00c1cc    program     extern C:\Program Files\Microchip\mplabc18\v3.40\src\traditional\math\packFP.asm
        __FpReturnSignInf   0x00c1a8    program     extern C:\Program Files\Microchip\mplabc18\v3.40\src\traditional\math\packFP.asm
       __FpReturnSignZero   0x00c1c0    program     extern C:\Program Files\Microchip\mplabc18\v3.40\src\traditional\math\packFP.asm
              __FpReturnW   0x00c22a    program     extern C:\Program Files\Microchip\mplabc18\v3.40\src\traditional\math\packFP.asm
              __FpUnPackA   0x00c24a    program     extern C:\Program Files\Microchip\mplabc18\v3.40\src\traditional\math\UnpackFP.asm
              __FpUnPackB   0x00c27a    program     extern C:\Program Files\Microchip\mplabc18\v3.40\src\traditional\math\UnpackFP.asm
       ___case_0_lbl00030   0x00a610    program     static                          
       ___case_1_lbl00031   0x00a616    program     static                          
       ___case_2_lbl00032   0x00a61e    program     static                          
      ___default_lbl00033   0x00a626    program     static                          
           ___do_lbl00032   0x000346    program     static                          
           ___do_lbl00033   0x000368    program     static                          
           ___do_lbl00034   0x000326    program     static                          
           ___do_lbl00383   0x002b90    program     static                          
           ___do_lbl00384   0x002bbe    program     static                          
           ___do_lbl00389   0x0028ca    program     static                          
           ___do_lbl00393   0x002f04    program     static                          
           ___do_lbl00394   0x002f32    program     static                          
           ___do_lbl00399   0x002c3e    program     static                          
           ___do_lbl00407   0x003116    program     static                          
           ___do_lbl00408   0x00311c    program     static                          
           ___do_lbl00409   0x00310a    program     static                          
           ___do_lbl00413   0x003738    program     static                          
           ___do_lbl00414   0x003776    program     static                          
           ___do_lbl00426   0x003198    program     static                          
           ___do_lbl00427   0x003d98    program     static                          
           ___do_lbl00428   0x003dd6    program     static                          
           ___do_lbl00440   0x0037f8    program     static                          
           ___do_lbl00463   0x004b8c    program     static                          
           ___do_lbl00464   0x004b92    program     static                          
           ___do_lbl00465   0x004b80    program     static                          
         ___else_lbl00003   0x00a3a6    program     static                          
         ___else_lbl00008   0x00cbb2    program     static                          
         ___else_lbl00009   0x00a462    program     static                          
         ___else_lbl00011   0x00a480    program     static                          
         ___else_lbl00014   0x00a4f0    program     static                          
         ___else_lbl00016   0x00a50e    program     static                          
         ___else_lbl00027   0x00a5ca    program     static                          
         ___else_lbl00071   0x00a7c4    program     static                          
         ___else_lbl00080   0x00a89e    program     static                          
         ___else_lbl00082   0x00a8ac    program     static                          
         ___else_lbl00084   0x00a8ba    program     static                          
         ___else_lbl00086   0x00a8f2    program     static                          
         ___else_lbl00088   0x00a958    program     static                          
         ___else_lbl00094   0x00a9c0    program     static                          
         ___else_lbl00100   0x00ad42    program     static                          
         ___else_lbl00104   0x00ae44    program     static                          
         ___else_lbl00110   0x00aece    program     static                          
         ___else_lbl00112   0x00aea8    program     static                          
         ___else_lbl00460   0x003dda    program     static                          
         ___else_lbl00468   0x0048d2    program     static                          
         ___else_lbl00491   0x005114    program     static                          
         ___else_lbl00499   0x0051e0    program     static                          
          ___for_lbl00010   0x0063b4    program     static                          
          ___for_lbl00011   0x0063be    program     static                          
          ___for_lbl00014   0x006378    program     static                          
          ___for_lbl00015   0x0064be    program     static                          
          ___for_lbl00016   0x0064c8    program     static                          
          ___for_lbl00019   0x006482    program     static                          
          ___for_lbl00020   0x0065c8    program     static                          
          ___for_lbl00021   0x0065d2    program     static                          
          ___for_lbl00024   0x00658c    program     static                          
          ___for_lbl00027   0x006800    program     static                          
          ___for_lbl00028   0x0002b6    program     static                          
          ___for_lbl00028   0x00680a    program     static                          
          ___for_lbl00029   0x0002c4    program     static                          
          ___for_lbl00030   0x00028c    program     static                          
          ___for_lbl00031   0x0067c4    program     static                          
          ___for_lbl00034   0x006a38    program     static                          
          ___for_lbl00035   0x006a42    program     static                          
          ___for_lbl00038   0x0069fc    program     static                          
          ___for_lbl00041   0x006c72    program     static                          
          ___for_lbl00042   0x006c7c    program     static                          
          ___for_lbl00045   0x006c36    program     static                          
          ___for_lbl00046   0x006d02    program     static                          
          ___for_lbl00047   0x006d0c    program     static                          
          ___for_lbl00050   0x006cc6    program     static                          
          ___for_lbl00051   0x006d92    program     static                          
          ___for_lbl00052   0x006d9c    program     static                          
          ___for_lbl00054   0x000646    program     static                          
          ___for_lbl00055   0x006d56    program     static                          
          ___for_lbl00055   0x00064c    program     static                          
          ___for_lbl00056   0x007a82    program     static                          
          ___for_lbl00056   0x00063a    program     static                          
          ___for_lbl00057   0x007a8e    program     static                          
          ___for_lbl00066   0x006e5c    program     static                          
          ___for_lbl00078   0x000fae    program     static                          
          ___for_lbl00079   0x000fb4    program     static                          
          ___for_lbl00081   0x000c7e    program     static                          
          ___for_lbl00381   0x002f78    program     static                          
          ___for_lbl00382   0x002f84    program     static                          
          ___for_lbl00403   0x00285e    program     static                          
          ___for_lbl00442   0x00405e    program     static                          
          ___for_lbl00443   0x004072    program     static                          
          ___for_lbl00448   0x003e22    program     static                          
          ___for_lbl00449   0x00432a    program     static                          
          ___for_lbl00450   0x00433e    program     static                          
          ___for_lbl00455   0x0040ee    program     static                          
          ___for_lbl00456   0x0047a2    program     static                          
          ___for_lbl00457   0x0047b6    program     static                          
          ___for_lbl00458   0x00474e    program     static                          
          ___for_lbl00461   0x004ba4    program     static                          
          ___for_lbl00462   0x004bb8    program     static                          
          ___for_lbl00469   0x0047c2    program     static                          
          ___for_lbl00486   0x0050ba    program     static                          
          ___for_lbl00487   0x0050c0    program     static                          
          ___for_lbl00488   0x005090    program     static                          
          ___for_lbl00492   0x0051d8    program     static                          
          ___for_lbl00493   0x0051de    program     static                          
          ___for_lbl00494   0x0051a0    program     static                          
          ___for_lbl00495   0x005236    program     static                          
          ___for_lbl00496   0x00523c    program     static                          
          ___for_lbl00497   0x0051fe    program     static                          
           ___if_lbl00001   0x00ce6c    program     static                          
           ___if_lbl00001   0x00cae8    program     static                          
           ___if_lbl00001   0x00a378    program     static                          
           ___if_lbl00002   0x00a3b6    program     static                          
           ___if_lbl00002   0x00cb0c    program     static                          
           ___if_lbl00003   0x00cb2c    program     static                          
           ___if_lbl00003   0x00ce7e    program     static                          
           ___if_lbl00004   0x00cb4c    program     static                          
           ___if_lbl00004   0x00a3c0    program     static                          
           ___if_lbl00005   0x00a3ca    program     static                          
           ___if_lbl00006   0x00cf8a    program     static                          
           ___if_lbl00006   0x00a3d4    program     static                          
           ___if_lbl00006   0x00cb80    program     static                          
           ___if_lbl00007   0x00a3d4    program     static                          
           ___if_lbl00007   0x00cbba    program     static                          
           ___if_lbl00008   0x00a47e    program     static                          
           ___if_lbl00010   0x00a48e    program     static                          
           ___if_lbl00012   0x00a48e    program     static                          
           ___if_lbl00013   0x00a50c    program     static                          
           ___if_lbl00015   0x00a51c    program     static                          
           ___if_lbl00017   0x00a51c    program     static                          
           ___if_lbl00018   0x00a520    program     static                          
           ___if_lbl00020   0x00a52e    program     static                          
           ___if_lbl00021   0x00a542    program     static                          
           ___if_lbl00023   0x00a55c    program     static                          
           ___if_lbl00024   0x00a58a    program     static                          
           ___if_lbl00025   0x00a5be    program     static                          
           ___if_lbl00025   0x0066b4    program     static                          
           ___if_lbl00026   0x00a5d2    program     static                          
           ___if_lbl00026   0x00679e    program     static                          
           ___if_lbl00028   0x00a5fe    program     static                          
           ___if_lbl00032   0x0068ec    program     static                          
           ___if_lbl00033   0x0069d6    program     static                          
           ___if_lbl00034   0x00a62c    program     static                          
           ___if_lbl00035   0x00a62c    program     static                          
           ___if_lbl00036   0x00a632    program     static                          
           ___if_lbl00037   0x00a638    program     static                          
           ___if_lbl00038   0x00a63e    program     static                          
           ___if_lbl00039   0x00a644    program     static                          
           ___if_lbl00039   0x006b24    program     static                          
           ___if_lbl00040   0x00a644    program     static                          
           ___if_lbl00040   0x006c0e    program     static                          
           ___if_lbl00041   0x00a664    program     static                          
           ___if_lbl00042   0x00a668    program     static                          
           ___if_lbl00043   0x00a680    program     static                          
           ___if_lbl00044   0x00a696    program     static                          
           ___if_lbl00045   0x00a6a4    program     static                          
           ___if_lbl00046   0x00a6b2    program     static                          
           ___if_lbl00047   0x00a6c0    program     static                          
           ___if_lbl00048   0x00a6ce    program     static                          
           ___if_lbl00049   0x00a6dc    program     static                          
           ___if_lbl00051   0x00a6f2    program     static                          
           ___if_lbl00053   0x00a708    program     static                          
           ___if_lbl00055   0x00a71c    program     static                          
           ___if_lbl00058   0x00a726    program     static                          
           ___if_lbl00058   0x007070    program     static                          
           ___if_lbl00060   0x00a738    program     static                          
           ___if_lbl00060   0x0070fc    program     static                          
           ___if_lbl00061   0x00a738    program     static                          
           ___if_lbl00061   0x007164    program     static                          
           ___if_lbl00062   0x0072d0    program     static                          
           ___if_lbl00063   0x0073ca    program     static                          
           ___if_lbl00063   0x00a75c    program     static                          
           ___if_lbl00064   0x007576    program     static                          
           ___if_lbl00064   0x00a760    program     static                          
           ___if_lbl00065   0x0078ee    program     static                          
           ___if_lbl00066   0x00a784    program     static                          
           ___if_lbl00067   0x007a8e    program     static                          
           ___if_lbl00067   0x00a788    program     static                          
           ___if_lbl00069   0x00a7c2    program     static                          
           ___if_lbl00070   0x00a7cc    program     static                          
           ___if_lbl00072   0x00a7ea    program     static                          
           ___if_lbl00073   0x00a7ea    program     static                          
           ___if_lbl00074   0x00a7ee    program     static                          
           ___if_lbl00076   0x00a80c    program     static                          
           ___if_lbl00077   0x00a888    program     static                          
           ___if_lbl00078   0x00a888    program     static                          
           ___if_lbl00079   0x00a8a2    program     static                          
           ___if_lbl00080   0x000fae    program     static                          
           ___if_lbl00081   0x00a8b0    program     static                          
           ___if_lbl00083   0x00a8be    program     static                          
           ___if_lbl00085   0x00a922    program     static                          
           ___if_lbl00087   0x00a98a    program     static                          
           ___if_lbl00089   0x00aa72    program     static                          
           ___if_lbl00090   0x00aa9a    program     static                          
           ___if_lbl00091   0x00aaca    program     static                          
           ___if_lbl00092   0x00ab1e    program     static                          
           ___if_lbl00093   0x00ab20    program     static                          
           ___if_lbl00095   0x00ab80    program     static                          
           ___if_lbl00096   0x00abe8    program     static                          
           ___if_lbl00097   0x00ac48    program     static                          
           ___if_lbl00098   0x00acb2    program     static                          
           ___if_lbl00099   0x00ad98    program     static                          
           ___if_lbl00102   0x00ae42    program     static                          
           ___if_lbl00103   0x00ae64    program     static                          
           ___if_lbl00108   0x00aef2    program     static                          
           ___if_lbl00109   0x00aef2    program     static                          
           ___if_lbl00111   0x00aef2    program     static                          
           ___if_lbl00113   0x00aef2    program     static                          
           ___if_lbl00114   0x00aef2    program     static                          
           ___if_lbl00115   0x00af44    program     static                          
           ___if_lbl00116   0x00af44    program     static                          
           ___if_lbl00117   0x00af60    program     static                          
           ___if_lbl00118   0x00af6e    program     static                          
           ___if_lbl00120   0x00af8a    program     static                          
           ___if_lbl00121   0x00af8a    program     static                          
           ___if_lbl00377   0x00277a    program     static                          
           ___if_lbl00378   0x0027b4    program     static                          
           ___if_lbl00379   0x0027c6    program     static                          
           ___if_lbl00380   0x002800    program     static                          
           ___if_lbl00385   0x00298e    program     static                          
           ___if_lbl00386   0x002a7a    program     static                          
           ___if_lbl00387   0x002b6a    program     static                          
           ___if_lbl00388   0x002b7e    program     static                          
           ___if_lbl00391   0x002bea    program     static                          
           ___if_lbl00392   0x002c04    program     static                          
           ___if_lbl00395   0x002d02    program     static                          
           ___if_lbl00396   0x002dee    program     static                          
           ___if_lbl00397   0x002ede    program     static                          
           ___if_lbl00398   0x002ef2    program     static                          
           ___if_lbl00401   0x002f5e    program     static                          
           ___if_lbl00402   0x002f78    program     static                          
           ___if_lbl00405   0x00308a    program     static                          
           ___if_lbl00406   0x0030e6    program     static                          
           ___if_lbl00410   0x003172    program     static                          
           ___if_lbl00411   0x003172    program     static                          
           ___if_lbl00412   0x00318c    program     static                          
           ___if_lbl00418   0x003382    program     static                          
           ___if_lbl00419   0x0033b2    program     static                          
           ___if_lbl00420   0x0033b6    program     static                          
           ___if_lbl00421   0x00341e    program     static                          
           ___if_lbl00422   0x003542    program     static                          
           ___if_lbl00423   0x00362a    program     static                          
           ___if_lbl00424   0x003712    program     static                          
           ___if_lbl00425   0x003726    program     static                          
           ___if_lbl00432   0x0039e2    program     static                          
           ___if_lbl00433   0x003a12    program     static                          
           ___if_lbl00434   0x003a16    program     static                          
           ___if_lbl00435   0x003a7e    program     static                          
           ___if_lbl00436   0x003ba2    program     static                          
           ___if_lbl00437   0x003c8a    program     static                          
           ___if_lbl00438   0x003d72    program     static                          
           ___if_lbl00439   0x003d86    program     static                          
           ___if_lbl00441   0x003dd6    program     static                          
           ___if_lbl00444   0x003ee0    program     static                          
           ___if_lbl00445   0x003fde    program     static                          
           ___if_lbl00446   0x003ff6    program     static                          
           ___if_lbl00447   0x00405e    program     static                          
           ___if_lbl00451   0x0041ac    program     static                          
           ___if_lbl00452   0x0042aa    program     static                          
           ___if_lbl00453   0x0042c2    program     static                          
           ___if_lbl00454   0x00432a    program     static                          
           ___if_lbl00459   0x0047b6    program     static                          
           ___if_lbl00466   0x004ba4    program     static                          
           ___if_lbl00467   0x004ba4    program     static                          
           ___if_lbl00481   0x004e18    program     static                          
           ___if_lbl00482   0x004e4e    program     static                          
           ___if_lbl00483   0x004e84    program     static                          
           ___if_lbl00484   0x004eba    program     static                          
           ___if_lbl00485   0x005036    program     static                          
           ___if_lbl00489   0x0050c0    program     static                          
           ___if_lbl00490   0x005166    program     static                          
           ___if_lbl00498   0x005256    program     static                          
           ___if_lbl00502   0x005260    program     static                          
           ___if_lbl00503   0x0052b6    program     static                          
           ___if_lbl00507   0x00552c    program     static                          
           ___if_lbl00508   0x005556    program     static                          
           ___if_lbl00509   0x00556a    program     static                          
       ___return_lbl00000   0x00cb4c    program     static                          
       ___return_lbl00000   0x00cf8a    program     static                          
       ___return_lbl00000   0x00d9c8    program     static                          
       ___return_lbl00000   0x00d4a0    program     static                          
       ___return_lbl00000   0x00624c    program     static                          
       ___return_lbl00000   0x00000c    program     static                          
       ___return_lbl00000   0x00d622    program     static                          
       ___return_lbl00000   0x00d31c    program     static                          
       ___return_lbl00000   0x000004    program     static                          
       ___return_lbl00000   0x00af8a    program     static                          
       ___return_lbl00001   0x00001c    program     static                          
       ___return_lbl00001   0x00da38    program     static                          
       ___return_lbl00002   0x00d104    program     static                          
       ___return_lbl00005   0x00cbba    program     static                          
       ___return_lbl00009   0x007a94    program     static                          
       ___return_lbl00027   0x0002c4    program     static                          
       ___return_lbl00031   0x000368    program     static                          
       ___return_lbl00053   0x00064c    program     static                          
       ___return_lbl00072   0x0008b6    program     static                          
       ___return_lbl00077   0x000fb6    program     static                          
       ___return_lbl00123   0x00aff4    program     static                          
       ___return_lbl00376   0x004bf6    program     static                          
       ___return_lbl00480   0x00556c    program     static                          
   ___switchexit_lbl00029   0x00a62c    program     static                          
        ___while_lbl00001   0x006242    program     static                          
        ___while_lbl00002   0x00624c    program     static                          
        ___while_lbl00004   0x00cedc    program     static                          
        ___while_lbl00005   0x00ceea    program     static                          
        ___while_lbl00012   0x006388    program     static                          
        ___while_lbl00013   0x006392    program     static                          
        ___while_lbl00017   0x006492    program     static                          
        ___while_lbl00018   0x00649c    program     static                          
        ___while_lbl00022   0x00659c    program     static                          
        ___while_lbl00023   0x0065a6    program     static                          
        ___while_lbl00029   0x0067d4    program     static                          
        ___while_lbl00030   0x0067de    program     static                          
        ___while_lbl00036   0x006a0c    program     static                          
        ___while_lbl00037   0x006a16    program     static                          
        ___while_lbl00043   0x006c46    program     static                          
        ___while_lbl00044   0x006c50    program     static                          
        ___while_lbl00048   0x006cd6    program     static                          
        ___while_lbl00049   0x006ce0    program     static                          
        ___while_lbl00053   0x006d66    program     static                          
        ___while_lbl00054   0x006d70    program     static                          
        ___while_lbl00056   0x00a724    program     static                          
        ___while_lbl00057   0x00a726    program     static                          
        ___while_lbl00500   0x00525e    program     static                          
        ___while_lbl00501   0x005260    program     static                          
        ___while_lbl00504   0x005516    program     static                          
        ___while_lbl00505   0x00556c    program     static                          
               __config_0   0x300001    program     static X:\mandm\mandm\mandm8722.c
               __config_1   0x300002    program     static X:\mandm\mandm\mandm8722.c
               __config_2   0x300003    program     static X:\mandm\mandm\mandm8722.c
               __config_3   0x300006    program     static X:\mandm\mandm\mandm8722.c
                   __init   0x00daba    program     extern C:\Program Files\Microchip\mplabc18\v3.40\src\traditional\stdclib\__init.c
                   __pa_0   0x00d7ac    program     static X:\mandm\mandm\xlcd\putsxlcd.c
                   __pa_0   0x00d4e8    program     static X:\mandm\mandm\xlcd\putrxlcd.c
                   __pa_0   0x00b046    program     static X:\mandm\mandm\mandm_vector.c
                   __pa_0   0x00d9e4    program     static X:\mandm\mandm\xlcd\busyxlcd.c
                   __pa_0   0x00b998    program     static C:\Program Files\Microchip\mplabc18\v3.40\src\traditional\stdclib\vfprintf.c
                   __pa_0   0x00d18e    program     static X:\mandm\mandm\xlcd\openxlcd.c
                   __pa_0   0x00d65c    program     static X:\mandm\mandm\xlcd\writdata.c
                   __pa_0   0x00d6a2    program     static X:\mandm\mandm\xlcd\wcmdxlcd.c
                   __pa_0   0x00556e    program     static X:\mandm\mandm\mandm8722.c
                   __pa_0   0x00d586    program     static X:\mandm\mandm\xlcd\setddram.c
                   __pa_0   0x00d5ce    program     static X:\mandm\mandm\xlcd\setcgram.c
                   __pa_0   0x00ca0a    program     static X:\mandm\mandm\config.c  
                   __pa_0   0x00cc76    program     static X:\mandm\mandm\crit.c    
                   __pa_0   0x00c72e    program     static X:\mandm\mandm\power.c   
                   __pa_0   0x007b82    program     static X:\mandm\mandm\daq.c     
                   __pa_1   0x00cc84    program     static X:\mandm\mandm\crit.c    
                   __pa_1   0x00c73c    program     static X:\mandm\mandm\power.c   
                   __pa_1   0x007baa    program     static X:\mandm\mandm\daq.c     
                   __pa_1   0x00d198    program     static X:\mandm\mandm\xlcd\openxlcd.c
                   __pa_1   0x00b9a0    program     static C:\Program Files\Microchip\mplabc18\v3.40\src\traditional\stdclib\vfprintf.c
                   __pa_1   0x0055a4    program     static X:\mandm\mandm\mandm8722.c
                   __pa_1   0x00ca20    program     static X:\mandm\mandm\config.c  
                   __pa_1   0x00b050    program     static X:\mandm\mandm\mandm_vector.c
                  __pa_10   0x00ca78    program     static X:\mandm\mandm\config.c  
                  __pa_10   0x00567e    program     static X:\mandm\mandm\mandm8722.c
                  __pa_10   0x00c7a6    program     static X:\mandm\mandm\power.c   
                  __pa_10   0x00ba54    program     static C:\Program Files\Microchip\mplabc18\v3.40\src\traditional\stdclib\vfprintf.c
                 __pa_100   0x005c82    program     static X:\mandm\mandm\mandm8722.c
                 __pa_101   0x005c96    program     static X:\mandm\mandm\mandm8722.c
                 __pa_102   0x005ca2    program     static X:\mandm\mandm\mandm8722.c
                 __pa_103   0x005cbe    program     static X:\mandm\mandm\mandm8722.c
                 __pa_104   0x005cda    program     static X:\mandm\mandm\mandm8722.c
                 __pa_105   0x005ce2    program     static X:\mandm\mandm\mandm8722.c
                 __pa_106   0x005d14    program     static X:\mandm\mandm\mandm8722.c
                 __pa_107   0x005d24    program     static X:\mandm\mandm\mandm8722.c
                 __pa_108   0x005d40    program     static X:\mandm\mandm\mandm8722.c
                 __pa_109   0x005d48    program     static X:\mandm\mandm\mandm8722.c
                  __pa_11   0x00ba62    program     static C:\Program Files\Microchip\mplabc18\v3.40\src\traditional\stdclib\vfprintf.c
                  __pa_11   0x00c7ae    program     static X:\mandm\mandm\power.c   
                  __pa_11   0x00ca84    program     static X:\mandm\mandm\config.c  
                  __pa_11   0x0056d6    program     static X:\mandm\mandm\mandm8722.c
                 __pa_110   0x005d50    program     static X:\mandm\mandm\mandm8722.c
                 __pa_111   0x005d5a    program     static X:\mandm\mandm\mandm8722.c
                 __pa_112   0x005d64    program     static X:\mandm\mandm\mandm8722.c
                 __pa_113   0x005d72    program     static X:\mandm\mandm\mandm8722.c
                 __pa_114   0x005d7a    program     static X:\mandm\mandm\mandm8722.c
                 __pa_115   0x005d7e    program     static X:\mandm\mandm\mandm8722.c
                 __pa_116   0x005d86    program     static X:\mandm\mandm\mandm8722.c
                 __pa_117   0x005d92    program     static X:\mandm\mandm\mandm8722.c
                 __pa_118   0x005da4    program     static X:\mandm\mandm\mandm8722.c
                 __pa_119   0x005dbe    program     static X:\mandm\mandm\mandm8722.c
                  __pa_12   0x0056e8    program     static X:\mandm\mandm\mandm8722.c
                  __pa_12   0x00ba78    program     static C:\Program Files\Microchip\mplabc18\v3.40\src\traditional\stdclib\vfprintf.c
                  __pa_12   0x00ca8c    program     static X:\mandm\mandm\config.c  
                 __pa_120   0x005dd2    program     static X:\mandm\mandm\mandm8722.c
                 __pa_121   0x005dd8    program     static X:\mandm\mandm\mandm8722.c
                 __pa_122   0x005de0    program     static X:\mandm\mandm\mandm8722.c
                 __pa_123   0x005de8    program     static X:\mandm\mandm\mandm8722.c
                 __pa_124   0x005df4    program     static X:\mandm\mandm\mandm8722.c
                 __pa_125   0x005e02    program     static X:\mandm\mandm\mandm8722.c
                 __pa_126   0x005e14    program     static X:\mandm\mandm\mandm8722.c
                 __pa_127   0x005e28    program     static X:\mandm\mandm\mandm8722.c
                 __pa_128   0x005e2e    program     static X:\mandm\mandm\mandm8722.c
                 __pa_129   0x005e38    program     static X:\mandm\mandm\mandm8722.c
                  __pa_13   0x00ca90    program     static X:\mandm\mandm\config.c  
                  __pa_13   0x00ba92    program     static C:\Program Files\Microchip\mplabc18\v3.40\src\traditional\stdclib\vfprintf.c
                  __pa_13   0x00572e    program     static X:\mandm\mandm\mandm8722.c
                 __pa_130   0x005e3e    program     static X:\mandm\mandm\mandm8722.c
                 __pa_131   0x005e54    program     static X:\mandm\mandm\mandm8722.c
                 __pa_132   0x005e68    program     static X:\mandm\mandm\mandm8722.c
                 __pa_133   0x005e72    program     static X:\mandm\mandm\mandm8722.c
                 __pa_134   0x005e7c    program     static X:\mandm\mandm\mandm8722.c
                 __pa_135   0x005e84    program     static X:\mandm\mandm\mandm8722.c
                 __pa_136   0x005e8a    program     static X:\mandm\mandm\mandm8722.c
                 __pa_137   0x005e94    program     static X:\mandm\mandm\mandm8722.c
                 __pa_138   0x005ea6    program     static X:\mandm\mandm\mandm8722.c
                 __pa_139   0x005eb8    program     static X:\mandm\mandm\mandm8722.c
                  __pa_14   0x00574e    program     static X:\mandm\mandm\mandm8722.c
                  __pa_14   0x00baaa    program     static C:\Program Files\Microchip\mplabc18\v3.40\src\traditional\stdclib\vfprintf.c
                  __pa_14   0x00ca98    program     static X:\mandm\mandm\config.c  
                 __pa_140   0x005ec4    program     static X:\mandm\mandm\mandm8722.c
                 __pa_141   0x005ed6    program     static X:\mandm\mandm\mandm8722.c
                 __pa_142   0x005ee4    program     static X:\mandm\mandm\mandm8722.c
                 __pa_143   0x005ef6    program     static X:\mandm\mandm\mandm8722.c
                 __pa_144   0x005f08    program     static X:\mandm\mandm\mandm8722.c
                 __pa_145   0x005f1a    program     static X:\mandm\mandm\mandm8722.c
                 __pa_146   0x005f24    program     static X:\mandm\mandm\mandm8722.c
                 __pa_147   0x005f2a    program     static X:\mandm\mandm\mandm8722.c
                 __pa_148   0x005f34    program     static X:\mandm\mandm\mandm8722.c
                 __pa_149   0x005f40    program     static X:\mandm\mandm\mandm8722.c
                  __pa_15   0x00caa0    program     static X:\mandm\mandm\config.c  
                  __pa_15   0x00baba    program     static C:\Program Files\Microchip\mplabc18\v3.40\src\traditional\stdclib\vfprintf.c
                  __pa_15   0x005766    program     static X:\mandm\mandm\mandm8722.c
                 __pa_150   0x005f4a    program     static X:\mandm\mandm\mandm8722.c
                 __pa_151   0x005f54    program     static X:\mandm\mandm\mandm8722.c
                 __pa_152   0x005f5e    program     static X:\mandm\mandm\mandm8722.c
                 __pa_153   0x005f68    program     static X:\mandm\mandm\mandm8722.c
                 __pa_154   0x005f74    program     static X:\mandm\mandm\mandm8722.c
                 __pa_155   0x005f7a    program     static X:\mandm\mandm\mandm8722.c
                 __pa_156   0x005f80    program     static X:\mandm\mandm\mandm8722.c
                 __pa_157   0x005f8e    program     static X:\mandm\mandm\mandm8722.c
                 __pa_158   0x005f9c    program     static X:\mandm\mandm\mandm8722.c
                 __pa_159   0x005fa6    program     static X:\mandm\mandm\mandm8722.c
                  __pa_16   0x00caaa    program     static X:\mandm\mandm\config.c  
                  __pa_16   0x00577e    program     static X:\mandm\mandm\mandm8722.c
                  __pa_16   0x00bad0    program     static C:\Program Files\Microchip\mplabc18\v3.40\src\traditional\stdclib\vfprintf.c
                 __pa_160   0x005fb0    program     static X:\mandm\mandm\mandm8722.c
                 __pa_161   0x005fbe    program     static X:\mandm\mandm\mandm8722.c
                 __pa_162   0x005fc8    program     static X:\mandm\mandm\mandm8722.c
                 __pa_163   0x005fd4    program     static X:\mandm\mandm\mandm8722.c
                 __pa_164   0x005fe2    program     static X:\mandm\mandm\mandm8722.c
                 __pa_165   0x005fee    program     static X:\mandm\mandm\mandm8722.c
                 __pa_166   0x005ff8    program     static X:\mandm\mandm\mandm8722.c
                 __pa_167   0x006002    program     static X:\mandm\mandm\mandm8722.c
                 __pa_168   0x00600a    program     static X:\mandm\mandm\mandm8722.c
                 __pa_169   0x006014    program     static X:\mandm\mandm\mandm8722.c
                  __pa_17   0x00bae2    program     static C:\Program Files\Microchip\mplabc18\v3.40\src\traditional\stdclib\vfprintf.c
                  __pa_17   0x00579a    program     static X:\mandm\mandm\mandm8722.c
                  __pa_17   0x00caae    program     static X:\mandm\mandm\config.c  
                 __pa_170   0x00601c    program     static X:\mandm\mandm\mandm8722.c
                 __pa_171   0x006026    program     static X:\mandm\mandm\mandm8722.c
                 __pa_172   0x006030    program     static X:\mandm\mandm\mandm8722.c
                 __pa_173   0x00603a    program     static X:\mandm\mandm\mandm8722.c
                 __pa_174   0x006044    program     static X:\mandm\mandm\mandm8722.c
                 __pa_175   0x00604c    program     static X:\mandm\mandm\mandm8722.c
                 __pa_176   0x006054    program     static X:\mandm\mandm\mandm8722.c
                 __pa_177   0x00605c    program     static X:\mandm\mandm\mandm8722.c
                 __pa_178   0x006076    program     static X:\mandm\mandm\mandm8722.c
                 __pa_179   0x006098    program     static X:\mandm\mandm\mandm8722.c
                  __pa_18   0x00baf4    program     static C:\Program Files\Microchip\mplabc18\v3.40\src\traditional\stdclib\vfprintf.c
                  __pa_18   0x00cab4    program     static X:\mandm\mandm\config.c  
                  __pa_18   0x0057c4    program     static X:\mandm\mandm\mandm8722.c
                 __pa_180   0x00609e    program     static X:\mandm\mandm\mandm8722.c
                 __pa_181   0x0060b6    program     static X:\mandm\mandm\mandm8722.c
                 __pa_182   0x0060d2    program     static X:\mandm\mandm\mandm8722.c
                 __pa_183   0x0060ea    program     static X:\mandm\mandm\mandm8722.c
                 __pa_184   0x0060f4    program     static X:\mandm\mandm\mandm8722.c
                 __pa_185   0x0060fa    program     static X:\mandm\mandm\mandm8722.c
                 __pa_186   0x006114    program     static X:\mandm\mandm\mandm8722.c
                 __pa_187   0x00611c    program     static X:\mandm\mandm\mandm8722.c
                 __pa_188   0x006132    program     static X:\mandm\mandm\mandm8722.c
                 __pa_189   0x00613a    program     static X:\mandm\mandm\mandm8722.c
                  __pa_19   0x0057ce    program     static X:\mandm\mandm\mandm8722.c
                  __pa_19   0x00bafe    program     static C:\Program Files\Microchip\mplabc18\v3.40\src\traditional\stdclib\vfprintf.c
                 __pa_190   0x00614a    program     static X:\mandm\mandm\mandm8722.c
                 __pa_191   0x006152    program     static X:\mandm\mandm\mandm8722.c
                 __pa_192   0x006164    program     static X:\mandm\mandm\mandm8722.c
                 __pa_193   0x00616e    program     static X:\mandm\mandm\mandm8722.c
                 __pa_194   0x006178    program     static X:\mandm\mandm\mandm8722.c
                 __pa_195   0x006186    program     static X:\mandm\mandm\mandm8722.c
                 __pa_196   0x006194    program     static X:\mandm\mandm\mandm8722.c
                 __pa_197   0x0061a0    program     static X:\mandm\mandm\mandm8722.c
                 __pa_198   0x0061ac    program     static X:\mandm\mandm\mandm8722.c
                 __pa_199   0x0061b4    program     static X:\mandm\mandm\mandm8722.c
                   __pa_2   0x007bce    program     static X:\mandm\mandm\daq.c     
                   __pa_2   0x00c746    program     static X:\mandm\mandm\power.c   
                   __pa_2   0x00cc90    program     static X:\mandm\mandm\crit.c    
                   __pa_2   0x00ca28    program     static X:\mandm\mandm\config.c  
                   __pa_2   0x0055da    program     static X:\mandm\mandm\mandm8722.c
                   __pa_2   0x00b9aa    program     static C:\Program Files\Microchip\mplabc18\v3.40\src\traditional\stdclib\vfprintf.c
                  __pa_20   0x0057d6    program     static X:\mandm\mandm\mandm8722.c
                  __pa_20   0x00bb0e    program     static C:\Program Files\Microchip\mplabc18\v3.40\src\traditional\stdclib\vfprintf.c
                 __pa_200   0x0061c0    program     static X:\mandm\mandm\mandm8722.c
                 __pa_201   0x0061c8    program     static X:\mandm\mandm\mandm8722.c
                 __pa_202   0x0061ce    program     static X:\mandm\mandm\mandm8722.c
                 __pa_203   0x0061d6    program     static X:\mandm\mandm\mandm8722.c
                 __pa_204   0x0061de    program     static X:\mandm\mandm\mandm8722.c
                 __pa_205   0x0061e4    program     static X:\mandm\mandm\mandm8722.c
                 __pa_206   0x0061ee    program     static X:\mandm\mandm\mandm8722.c
                 __pa_207   0x0061f6    program     static X:\mandm\mandm\mandm8722.c
                 __pa_208   0x006206    program     static X:\mandm\mandm\mandm8722.c
                 __pa_209   0x006218    program     static X:\mandm\mandm\mandm8722.c
                  __pa_21   0x0057e0    program     static X:\mandm\mandm\mandm8722.c
                  __pa_21   0x00bb1e    program     static C:\Program Files\Microchip\mplabc18\v3.40\src\traditional\stdclib\vfprintf.c
                 __pa_210   0x006220    program     static X:\mandm\mandm\mandm8722.c
                  __pa_22   0x0057fa    program     static X:\mandm\mandm\mandm8722.c
                  __pa_22   0x00bb2e    program     static C:\Program Files\Microchip\mplabc18\v3.40\src\traditional\stdclib\vfprintf.c
                  __pa_23   0x005804    program     static X:\mandm\mandm\mandm8722.c
                  __pa_23   0x00bb3a    program     static C:\Program Files\Microchip\mplabc18\v3.40\src\traditional\stdclib\vfprintf.c
                  __pa_24   0x00580e    program     static X:\mandm\mandm\mandm8722.c
                  __pa_24   0x00bb48    program     static C:\Program Files\Microchip\mplabc18\v3.40\src\traditional\stdclib\vfprintf.c
                  __pa_25   0x00bb50    program     static C:\Program Files\Microchip\mplabc18\v3.40\src\traditional\stdclib\vfprintf.c
                  __pa_25   0x005830    program     static X:\mandm\mandm\mandm8722.c
                  __pa_26   0x00bb5a    program     static C:\Program Files\Microchip\mplabc18\v3.40\src\traditional\stdclib\vfprintf.c
                  __pa_26   0x00583c    program     static X:\mandm\mandm\mandm8722.c
                  __pa_27   0x00bb64    program     static C:\Program Files\Microchip\mplabc18\v3.40\src\traditional\stdclib\vfprintf.c
                  __pa_27   0x005846    program     static X:\mandm\mandm\mandm8722.c
                  __pa_28   0x005854    program     static X:\mandm\mandm\mandm8722.c
                  __pa_28   0x00bb6c    program     static C:\Program Files\Microchip\mplabc18\v3.40\src\traditional\stdclib\vfprintf.c
                  __pa_29   0x005860    program     static X:\mandm\mandm\mandm8722.c
                  __pa_29   0x00bb7a    program     static C:\Program Files\Microchip\mplabc18\v3.40\src\traditional\stdclib\vfprintf.c
                   __pa_3   0x00b9b4    program     static C:\Program Files\Microchip\mplabc18\v3.40\src\traditional\stdclib\vfprintf.c
                   __pa_3   0x00c750    program     static X:\mandm\mandm\power.c   
                   __pa_3   0x0055ee    program     static X:\mandm\mandm\mandm8722.c
                   __pa_3   0x007be0    program     static X:\mandm\mandm\daq.c     
                   __pa_3   0x00cc9e    program     static X:\mandm\mandm\crit.c    
                   __pa_3   0x00ca36    program     static X:\mandm\mandm\config.c  
                  __pa_30   0x005874    program     static X:\mandm\mandm\mandm8722.c
                  __pa_30   0x00bb96    program     static C:\Program Files\Microchip\mplabc18\v3.40\src\traditional\stdclib\vfprintf.c
                  __pa_31   0x00588a    program     static X:\mandm\mandm\mandm8722.c
                  __pa_31   0x00bbb0    program     static C:\Program Files\Microchip\mplabc18\v3.40\src\traditional\stdclib\vfprintf.c
                  __pa_32   0x005894    program     static X:\mandm\mandm\mandm8722.c
                  __pa_32   0x00bbca    program     static C:\Program Files\Microchip\mplabc18\v3.40\src\traditional\stdclib\vfprintf.c
[...]
                   EEADRH   0x000faa       data     extern C:\Program Files\Microchip\mplabc18\v3.40\src\traditional\proc\p18F8722.asm
                    RCSTA   0x000fab       data     extern C:\Program Files\Microchip\mplabc18\v3.40\src\traditional\proc\p18F8722.asm
                RCSTAbits   0x000fab       data     extern C:\Program Files\Microchip\mplabc18\v3.40\src\traditional\proc\p18F8722.asm
               RCSTA1bits   0x000fab       data     extern C:\Program Files\Microchip\mplabc18\v3.40\src\traditional\proc\p18F8722.asm
                   RCSTA1   0x000fab       data     extern C:\Program Files\Microchip\mplabc18\v3.40\src\traditional\proc\p18F8722.asm
                    TXSTA   0x000fac       data     extern C:\Program Files\Microchip\mplabc18\v3.40\src\traditional\proc\p18F8722.asm
                TXSTAbits   0x000fac       data     extern C:\Program Files\Microchip\mplabc18\v3.40\src\traditional\proc\p18F8722.asm
               TXSTA1bits   0x000fac       data     extern C:\Program Files\Microchip\mplabc18\v3.40\src\traditional\proc\p18F8722.asm
                   TXSTA1   0x000fac       data     extern C:\Program Files\Microchip\mplabc18\v3.40\src\traditional\proc\p18F8722.asm
                    TXREG   0x000fad       data     extern C:\Program Files\Microchip\mplabc18\v3.40\src\traditional\proc\p18F8722.asm
                   TXREG1   0x000fad       data     extern C:\Program Files\Microchip\mplabc18\v3.40\src\traditional\proc\p18F8722.asm
                   RCREG1   0x000fae       data     extern C:\Program Files\Microchip\mplabc18\v3.40\src\traditional\proc\p18F8722.asm
                    RCREG   0x000fae       data     extern C:\Program Files\Microchip\mplabc18\v3.40\src\traditional\proc\p18F8722.asm
                    SPBRG   0x000faf       data     extern C:\Program Files\Microchip\mplabc18\v3.40\src\traditional\proc\p18F8722.asm
                   SPBRG1   0x000faf       data     extern C:\Program Files\Microchip\mplabc18\v3.40\src\traditional\proc\p18F8722.asm
                   PSPCON   0x000fb0       data     extern C:\Program Files\Microchip\mplabc18\v3.40\src\traditional\proc\p18F8722.asm
               PSPCONbits   0x000fb0       data     extern C:\Program Files\Microchip\mplabc18\v3.40\src\traditional\proc\p18F8722.asm
                    T3CON   0x000fb1       data     extern C:\Program Files\Microchip\mplabc18\v3.40\src\traditional\proc\p18F8722.asm
                T3CONbits   0x000fb1       data     extern C:\Program Files\Microchip\mplabc18\v3.40\src\traditional\proc\p18F8722.asm
                    TMR3L   0x000fb2       data     extern C:\Program Files\Microchip\mplabc18\v3.40\src\traditional\proc\p18F8722.asm
                    TMR3H   0x000fb3       data     extern C:\Program Files\Microchip\mplabc18\v3.40\src\traditional\proc\p18F8722.asm
                CMCONbits   0x000fb4       data     extern C:\Program Files\Microchip\mplabc18\v3.40\src\traditional\proc\p18F8722.asm
                    CMCON   0x000fb4       data     extern C:\Program Files\Microchip\mplabc18\v3.40\src\traditional\proc\p18F8722.asm
               CVRCONbits   0x000fb5       data     extern C:\Program Files\Microchip\mplabc18\v3.40\src\traditional\proc\p18F8722.asm
                   CVRCON   0x000fb5       data     extern C:\Program Files\Microchip\mplabc18\v3.40\src\traditional\proc\p18F8722.asm
              ECCP1ASbits   0x000fb6       data     extern C:\Program Files\Microchip\mplabc18\v3.40\src\traditional\proc\p18F8722.asm
                  ECCP1AS   0x000fb6       data     extern C:\Program Files\Microchip\mplabc18\v3.40\src\traditional\proc\p18F8722.asm
                  CCP3CON   0x000fb7       data     extern C:\Program Files\Microchip\mplabc18\v3.40\src\traditional\proc\p18F8722.asm
             ECCP3CONbits   0x000fb7       data     extern C:\Program Files\Microchip\mplabc18\v3.40\src\traditional\proc\p18F8722.asm
                 ECCP3CON   0x000fb7       data     extern C:\Program Files\Microchip\mplabc18\v3.40\src\traditional\proc\p18F8722.asm
              CCP3CONbits   0x000fb7       data     extern C:\Program Files\Microchip\mplabc18\v3.40\src\traditional\proc\p18F8722.asm
                    CCPR3   0x000fb8       data     extern C:\Program Files\Microchip\mplabc18\v3.40\src\traditional\proc\p18F8722.asm
                   CCPR3L   0x000fb8       data     extern C:\Program Files\Microchip\mplabc18\v3.40\src\traditional\proc\p18F8722.asm
                   CCPR3H   0x000fb9       data     extern C:\Program Files\Microchip\mplabc18\v3.40\src\traditional\proc\p18F8722.asm
              CCP2CONbits   0x000fba       data     extern C:\Program Files\Microchip\mplabc18\v3.40\src\traditional\proc\p18F8722.asm
                  CCP2CON   0x000fba       data     extern C:\Program Files\Microchip\mplabc18\v3.40\src\traditional\proc\p18F8722.asm
                 ECCP2CON   0x000fba       data     extern C:\Program Files\Microchip\mplabc18\v3.40\src\traditional\proc\p18F8722.asm
             ECCP2CONbits   0x000fba       data     extern C:\Program Files\Microchip\mplabc18\v3.40\src\traditional\proc\p18F8722.asm
                   CCPR2L   0x000fbb       data     extern C:\Program Files\Microchip\mplabc18\v3.40\src\traditional\proc\p18F8722.asm
                    CCPR2   0x000fbb       data     extern C:\Program Files\Microchip\mplabc18\v3.40\src\traditional\proc\p18F8722.asm
                   CCPR2H   0x000fbc       data     extern C:\Program Files\Microchip\mplabc18\v3.40\src\traditional\proc\p18F8722.asm
             ECCP1CONbits   0x000fbd       data     extern C:\Program Files\Microchip\mplabc18\v3.40\src\traditional\proc\p18F8722.asm
                 ECCP1CON   0x000fbd       data     extern C:\Program Files\Microchip\mplabc18\v3.40\src\traditional\proc\p18F8722.asm
                  CCP1CON   0x000fbd       data     extern C:\Program Files\Microchip\mplabc18\v3.40\src\traditional\proc\p18F8722.asm
              CCP1CONbits   0x000fbd       data     extern C:\Program Files\Microchip\mplabc18\v3.40\src\traditional\proc\p18F8722.asm
                   CCPR1L   0x000fbe       data     extern C:\Program Files\Microchip\mplabc18\v3.40\src\traditional\proc\p18F8722.asm
                    CCPR1   0x000fbe       data     extern C:\Program Files\Microchip\mplabc18\v3.40\src\traditional\proc\p18F8722.asm
                   CCPR1H   0x000fbf       data     extern C:\Program Files\Microchip\mplabc18\v3.40\src\traditional\proc\p18F8722.asm
                   ADCON2   0x000fc0       data     extern C:\Program Files\Microchip\mplabc18\v3.40\src\traditional\proc\p18F8722.asm
               ADCON2bits   0x000fc0       data     extern C:\Program Files\Microchip\mplabc18\v3.40\src\traditional\proc\p18F8722.asm
                   ADCON1   0x000fc1       data     extern C:\Program Files\Microchip\mplabc18\v3.40\src\traditional\proc\p18F8722.asm
               ADCON1bits   0x000fc1       data     extern C:\Program Files\Microchip\mplabc18\v3.40\src\traditional\proc\p18F8722.asm
                   ADCON0   0x000fc2       data     extern C:\Program Files\Microchip\mplabc18\v3.40\src\traditional\proc\p18F8722.asm
               ADCON0bits   0x000fc2       data     extern C:\Program Files\Microchip\mplabc18\v3.40\src\traditional\proc\p18F8722.asm
                    ADRES   0x000fc3       data     extern C:\Program Files\Microchip\mplabc18\v3.40\src\traditional\proc\p18F8722.asm
                   ADRESL   0x000fc3       data     extern C:\Program Files\Microchip\mplabc18\v3.40\src\traditional\proc\p18F8722.asm
                   ADRESH   0x000fc4       data     extern C:\Program Files\Microchip\mplabc18\v3.40\src\traditional\proc\p18F8722.asm
                 SSP1CON2   0x000fc5       data     extern C:\Program Files\Microchip\mplabc18\v3.40\src\traditional\proc\p18F8722.asm
             SSP1CON2bits   0x000fc5       data     extern C:\Program Files\Microchip\mplabc18\v3.40\src\traditional\proc\p18F8722.asm
                  SSPCON2   0x000fc5       data     extern C:\Program Files\Microchip\mplabc18\v3.40\src\traditional\proc\p18F8722.asm
              SSPCON2bits   0x000fc5       data     extern C:\Program Files\Microchip\mplabc18\v3.40\src\traditional\proc\p18F8722.asm
                 SSP1CON1   0x000fc6       data     extern C:\Program Files\Microchip\mplabc18\v3.40\src\traditional\proc\p18F8722.asm
             SSP1CON1bits   0x000fc6       data     extern C:\Program Files\Microchip\mplabc18\v3.40\src\traditional\proc\p18F8722.asm
                  SSPCON1   0x000fc6       data     extern C:\Program Files\Microchip\mplabc18\v3.40\src\traditional\proc\p18F8722.asm
              SSPCON1bits   0x000fc6       data     extern C:\Program Files\Microchip\mplabc18\v3.40\src\traditional\proc\p18F8722.asm
                 SSP1STAT   0x000fc7       data     extern C:\Program Files\Microchip\mplabc18\v3.40\src\traditional\proc\p18F8722.asm
             SSP1STATbits   0x000fc7       data     extern C:\Program Files\Microchip\mplabc18\v3.40\src\traditional\proc\p18F8722.asm
                  SSPSTAT   0x000fc7       data     extern C:\Program Files\Microchip\mplabc18\v3.40\src\traditional\proc\p18F8722.asm
              SSPSTATbits   0x000fc7       data     extern C:\Program Files\Microchip\mplabc18\v3.40\src\traditional\proc\p18F8722.asm
                   SSPADD   0x000fc8       data     extern C:\Program Files\Microchip\mplabc18\v3.40\src\traditional\proc\p18F8722.asm
                  SSP1ADD   0x000fc8       data     extern C:\Program Files\Microchip\mplabc18\v3.40\src\traditional\proc\p18F8722.asm
                   SSPBUF   0x000fc9       data     extern C:\Program Files\Microchip\mplabc18\v3.40\src\traditional\proc\p18F8722.asm
                  SSP1BUF   0x000fc9       data     extern C:\Program Files\Microchip\mplabc18\v3.40\src\traditional\proc\p18F8722.asm
                T2CONbits   0x000fca       data     extern C:\Program Files\Microchip\mplabc18\v3.40\src\traditional\proc\p18F8722.asm
                    T2CON   0x000fca       data     extern C:\Program Files\Microchip\mplabc18\v3.40\src\traditional\proc\p18F8722.asm
                      PR2   0x000fcb       data     extern C:\Program Files\Microchip\mplabc18\v3.40\src\traditional\proc\p18F8722.asm
                     TMR2   0x000fcc       data     extern C:\Program Files\Microchip\mplabc18\v3.40\src\traditional\proc\p18F8722.asm
                    T1CON   0x000fcd       data     extern C:\Program Files\Microchip\mplabc18\v3.40\src\traditional\proc\p18F8722.asm
                T1CONbits   0x000fcd       data     extern C:\Program Files\Microchip\mplabc18\v3.40\src\traditional\proc\p18F8722.asm
                    TMR1L   0x000fce       data     extern C:\Program Files\Microchip\mplabc18\v3.40\src\traditional\proc\p18F8722.asm
                    TMR1H   0x000fcf       data     extern C:\Program Files\Microchip\mplabc18\v3.40\src\traditional\proc\p18F8722.asm
                 RCONbits   0x000fd0       data     extern C:\Program Files\Microchip\mplabc18\v3.40\src\traditional\proc\p18F8722.asm
                     RCON   0x000fd0       data     extern C:\Program Files\Microchip\mplabc18\v3.40\src\traditional\proc\p18F8722.asm
               WDTCONbits   0x000fd1       data     extern C:\Program Files\Microchip\mplabc18\v3.40\src\traditional\proc\p18F8722.asm
                   WDTCON   0x000fd1       data     extern C:\Program Files\Microchip\mplabc18\v3.40\src\traditional\proc\p18F8722.asm
                  HLVDCON   0x000fd2       data     extern C:\Program Files\Microchip\mplabc18\v3.40\src\traditional\proc\p18F8722.asm
              HLVDCONbits   0x000fd2       data     extern C:\Program Files\Microchip\mplabc18\v3.40\src\traditional\proc\p18F8722.asm
                   LVDCON   0x000fd2       data     extern C:\Program Files\Microchip\mplabc18\v3.40\src\traditional\proc\p18F8722.asm
               LVDCONbits   0x000fd2       data     extern C:\Program Files\Microchip\mplabc18\v3.40\src\traditional\proc\p18F8722.asm
                   OSCCON   0x000fd3       data     extern C:\Program Files\Microchip\mplabc18\v3.40\src\traditional\proc\p18F8722.asm
               OSCCONbits   0x000fd3       data     extern C:\Program Files\Microchip\mplabc18\v3.40\src\traditional\proc\p18F8722.asm
                    T0CON   0x000fd5       data     extern C:\Program Files\Microchip\mplabc18\v3.40\src\traditional\proc\p18F8722.asm
                T0CONbits   0x000fd5       data     extern C:\Program Files\Microchip\mplabc18\v3.40\src\traditional\proc\p18F8722.asm
                    TMR0L   0x000fd6       data     extern C:\Program Files\Microchip\mplabc18\v3.40\src\traditional\proc\p18F8722.asm
                    TMR0H   0x000fd7       data     extern C:\Program Files\Microchip\mplabc18\v3.40\src\traditional\proc\p18F8722.asm
                   STATUS   0x000fd8       data     extern C:\Program Files\Microchip\mplabc18\v3.40\src\traditional\proc\p18F8722.asm
               STATUSbits   0x000fd8       data     extern C:\Program Files\Microchip\mplabc18\v3.40\src\traditional\proc\p18F8722.asm
                    FSR2L   0x000fd9       data     extern C:\Program Files\Microchip\mplabc18\v3.40\src\traditional\proc\p18F8722.asm
                     FSR2   0x000fd9       data     extern C:\Program Files\Microchip\mplabc18\v3.40\src\traditional\proc\p18F8722.asm
                    FSR2H   0x000fda       data     extern C:\Program Files\Microchip\mplabc18\v3.40\src\traditional\proc\p18F8722.asm
                   PLUSW2   0x000fdb       data     extern C:\Program Files\Microchip\mplabc18\v3.40\src\traditional\proc\p18F8722.asm
                  PREINC2   0x000fdc       data     extern C:\Program Files\Microchip\mplabc18\v3.40\src\traditional\proc\p18F8722.asm
                 POSTDEC2   0x000fdd       data     extern C:\Program Files\Microchip\mplabc18\v3.40\src\traditional\proc\p18F8722.asm
                 POSTINC2   0x000fde       data     extern C:\Program Files\Microchip\mplabc18\v3.40\src\traditional\proc\p18F8722.asm
                    INDF2   0x000fdf       data     extern C:\Program Files\Microchip\mplabc18\v3.40\src\traditional\proc\p18F8722.asm
                      BSR   0x000fe0       data     extern C:\Program Files\Microchip\mplabc18\v3.40\src\traditional\proc\p18F8722.asm
                    FSR1L   0x000fe1       data     extern C:\Program Files\Microchip\mplabc18\v3.40\src\traditional\proc\p18F8722.asm
                     FSR1   0x000fe1       data     extern C:\Program Files\Microchip\mplabc18\v3.40\src\traditional\proc\p18F8722.asm
                    FSR1H   0x000fe2       data     extern C:\Program Files\Microchip\mplabc18\v3.40\src\traditional\proc\p18F8722.asm
                   PLUSW1   0x000fe3       data     extern C:\Program Files\Microchip\mplabc18\v3.40\src\traditional\proc\p18F8722.asm
                  PREINC1   0x000fe4       data     extern C:\Program Files\Microchip\mplabc18\v3.40\src\traditional\proc\p18F8722.asm
                 POSTDEC1   0x000fe5       data     extern C:\Program Files\Microchip\mplabc18\v3.40\src\traditional\proc\p18F8722.asm
                 POSTINC1   0x000fe6       data     extern C:\Program Files\Microchip\mplabc18\v3.40\src\traditional\proc\p18F8722.asm
                    INDF1   0x000fe7       data     extern C:\Program Files\Microchip\mplabc18\v3.40\src\traditional\proc\p18F8722.asm
                     WREG   0x000fe8       data     extern C:\Program Files\Microchip\mplabc18\v3.40\src\traditional\proc\p18F8722.asm
                     FSR0   0x000fe9       data     extern C:\Program Files\Microchip\mplabc18\v3.40\src\traditional\proc\p18F8722.asm
                    FSR0L   0x000fe9       data     extern C:\Program Files\Microchip\mplabc18\v3.40\src\traditional\proc\p18F8722.asm
                    FSR0H   0x000fea       data     extern C:\Program Files\Microchip\mplabc18\v3.40\src\traditional\proc\p18F8722.asm
                   PLUSW0   0x000feb       data     extern C:\Program Files\Microchip\mplabc18\v3.40\src\traditional\proc\p18F8722.asm
                  PREINC0   0x000fec       data     extern C:\Program Files\Microchip\mplabc18\v3.40\src\traditional\proc\p18F8722.asm
                 POSTDEC0   0x000fed       data     extern C:\Program Files\Microchip\mplabc18\v3.40\src\traditional\proc\p18F8722.asm
                 POSTINC0   0x000fee       data     extern C:\Program Files\Microchip\mplabc18\v3.40\src\traditional\proc\p18F8722.asm
                    INDF0   0x000fef       data     extern C:\Program Files\Microchip\mplabc18\v3.40\src\traditional\proc\p18F8722.asm
                  INTCON3   0x000ff0       data     extern C:\Program Files\Microchip\mplabc18\v3.40\src\traditional\proc\p18F8722.asm
              INTCON3bits   0x000ff0       data     extern C:\Program Files\Microchip\mplabc18\v3.40\src\traditional\proc\p18F8722.asm
              INTCON2bits   0x000ff1       data     extern C:\Program Files\Microchip\mplabc18\v3.40\src\traditional\proc\p18F8722.asm
                  INTCON2   0x000ff1       data     extern C:\Program Files\Microchip\mplabc18\v3.40\src\traditional\proc\p18F8722.asm
                   INTCON   0x000ff2       data     extern C:\Program Files\Microchip\mplabc18\v3.40\src\traditional\proc\p18F8722.asm
               INTCONbits   0x000ff2       data     extern C:\Program Files\Microchip\mplabc18\v3.40\src\traditional\proc\p18F8722.asm
                     PROD   0x000ff3       data     extern C:\Program Files\Microchip\mplabc18\v3.40\src\traditional\proc\p18F8722.asm
                    PRODL   0x000ff3       data     extern C:\Program Files\Microchip\mplabc18\v3.40\src\traditional\proc\p18F8722.asm
                    PRODH   0x000ff4       data     extern C:\Program Files\Microchip\mplabc18\v3.40\src\traditional\proc\p18F8722.asm
                   TABLAT   0x000ff5       data     extern C:\Program Files\Microchip\mplabc18\v3.40\src\traditional\proc\p18F8722.asm
                   TBLPTR   0x000ff6       data     extern C:\Program Files\Microchip\mplabc18\v3.40\src\traditional\proc\p18F8722.asm
                  TBLPTRL   0x000ff6       data     extern C:\Program Files\Microchip\mplabc18\v3.40\src\traditional\proc\p18F8722.asm
                  TBLPTRH   0x000ff7       data     extern C:\Program Files\Microchip\mplabc18\v3.40\src\traditional\proc\p18F8722.asm
                  TBLPTRU   0x000ff8       data     extern C:\Program Files\Microchip\mplabc18\v3.40\src\traditional\proc\p18F8722.asm
                       PC   0x000ff9       data     extern C:\Program Files\Microchip\mplabc18\v3.40\src\traditional\proc\p18F8722.asm
                      PCL   0x000ff9       data     extern C:\Program Files\Microchip\mplabc18\v3.40\src\traditional\proc\p18F8722.asm
                   PCLATH   0x000ffa       data     extern C:\Program Files\Microchip\mplabc18\v3.40\src\traditional\proc\p18F8722.asm
                   PCLATU   0x000ffb       data     extern C:\Program Files\Microchip\mplabc18\v3.40\src\traditional\proc\p18F8722.asm
                   STKPTR   0x000ffc       data     extern C:\Program Files\Microchip\mplabc18\v3.40\src\traditional\proc\p18F8722.asm
               STKPTRbits   0x000ffc       data     extern C:\Program Files\Microchip\mplabc18\v3.40\src\traditional\proc\p18F8722.asm
                      TOS   0x000ffd       data     extern C:\Program Files\Microchip\mplabc18\v3.40\src\traditional\proc\p18F8722.asm
                     TOSL   0x000ffd       data     extern C:\Program Files\Microchip\mplabc18\v3.40\src\traditional\proc\p18F8722.asm
                     TOSH   0x000ffe       data     extern C:\Program Files\Microchip\mplabc18\v3.40\src\traditional\proc\p18F8722.asm
                     TOSU   0x000fff       data     extern C:\Program Files\Microchip\mplabc18\v3.40\src\traditional\proc\p18F8722.asm


