MPLINK 4.48, Linker
Linker Map File - Created Mon Nov 09 12:50:09 2015

                                 Section Info
                  Section       Type    Address   Location Size(Bytes)
                ---------  ---------  ---------  ---------  ---------
               _entry_scn       code   0x000000    program   0x000006
       .code__user_putc.o       code   0x000006    program   0x000002
           tick_interrupt       code   0x000008    program   0x000006
          .code_adcbusy.o       code   0x00000e    program   0x00000a
           work_interrupt       code   0x000018    program   0x000006
                   .cinit    romdata   0x00001e    program   0x000056
        .code_mandm8722.o       code   0x000074    program   0x00678c
              .code_daq.o       code   0x006800    program   0x00208a
             .stringtable    romdata   0x00888a    program   0x0016bc
     .romdata_mandm8722.o    romdata   0x009f46    program   0x0014c8
     .code_mandm_vector.o       code   0x00b40e    program   0x000dbc
                     PROG       code   0x00c1ca    program   0x000ace
         .code_vfprintf.o       code   0x00cc98    program   0x000816
           .code_config.o       code   0x00d4ae    program   0x0004c4
            .code_power.o       code   0x00d972    program   0x00047e
             .code_crit.o       code   0x00ddf0    program   0x0001c0
                   STRING       code   0x00dfb0    program   0x000192
           .code_hwconf.o       code   0x00e142    program   0x000186
               _cinit_scn       code   0x00e2c8    program   0x00009e
         .code_openxlcd.o       code   0x00e366    program   0x00009a
           .code_u2open.o       code   0x00e400    program   0x000084
           .code_u1open.o       code   0x00e484    program   0x00007a
          .code_sprintf.o       code   0x00e4fe    program   0x000072
             .code_putc.o       code   0x00e570    program   0x000066
          .code_write_B.o       code   0x00e5d6    program   0x000064
          .code_adcopen.o       code   0x00e63a    program   0x000064
          .code_u2putrs.o       code   0x00e69e    program   0x00005c
         .code_putrxlcd.o       code   0x00e6fa    program   0x00004e
           .code_u2puts.o       code   0x00e748    program   0x000046
         .code_setddram.o       code   0x00e78e    program   0x000046
         .code_setcgram.o       code   0x00e7d4    program   0x000046
         .code_writdata.o       code   0x00e81a    program   0x000044
         .code_wcmdxlcd.o       code   0x00e85e    program   0x000044
         .code_readdata.o       code   0x00e8a2    program   0x000044
         .code_readaddr.o       code   0x00e8e6    program   0x000044
           .code_read_B.o       code   0x00e92a    program   0x000042
                   STDLIB       code   0x00e96c    program   0x000040
           .code_t3open.o       code   0x00e9ac    program   0x000040
         .code_putsxlcd.o       code   0x00e9ec    program   0x000040
           .code_u2read.o       code   0x00ea2c    program   0x00003e
           .code_u1read.o       code   0x00ea6a    program   0x00003e
             D10KTCYXCODE       code   0x00eaa8    program   0x000036
           .code_t0open.o       code   0x00eade    program   0x000036
           .code_t4open.o       code   0x00eb14    program   0x000034
          .code_t3write.o       code   0x00eb48    program   0x000030
          .code_t0write.o       code   0x00eb78    program   0x000030
         .code_adcsetch.o       code   0x00eba8    program   0x000030
          .code_u2write.o       code   0x00ebd8    program   0x00002e
         .code_busyxlcd.o       code   0x00ec06    program   0x00002c
                    CTYPE       code   0x00ec32    program   0x000024
                    .code       code   0x00ec56    program   0x000020
             _startup_scn       code   0x00ec76    program   0x00001e
                    STDIO       code   0x00ec94    program   0x00001c
          .code_adcread.o       code   0x00ecb0    program   0x000018
              D10TCYXCODE       code   0x00ecc8    program   0x000016
      .romdata_vfprintf.o    romdata   0x00ecde    program   0x000011
        .romdata___init.o    romdata   0x00ecef    program   0x000000
        .idata_t4open.o_i    romdata   0x00ecef    program   0x000000
        .idata_u2open.o_i    romdata   0x00ecef    program   0x000000
        .romdata_u2open.o    romdata   0x00ecef    program   0x000000
        .idata_u2puts.o_i    romdata   0x00ecef    program   0x000000
        .romdata_t3open.o    romdata   0x00ecef    program   0x000000
       .romdata_adcopen.o    romdata   0x00ecef    program   0x000000
        .idata_t3open.o_i    romdata   0x00ecef    program   0x000000
        .idata_t0open.o_i    romdata   0x00ecef    program   0x000000
       .romdata_write_B.o    romdata   0x00ecef    program   0x000000
        .romdata_t0open.o    romdata   0x00ecef    program   0x000000
       .romdata_u2write.o    romdata   0x00ecef    program   0x000000
       .idata_t0write.o_i    romdata   0x00ecef    program   0x000000
       .idata_u2write.o_i    romdata   0x00ecef    program   0x000000
       .romdata_t0write.o    romdata   0x00ecef    program   0x000000
       .idata_t3write.o_i    romdata   0x00ecef    program   0x000000
        .romdata_u2defs.o    romdata   0x00ecef    program   0x000000
        .idata_u2defs.o_i    romdata   0x00ecef    program   0x000000
       .romdata_t3write.o    romdata   0x00ecef    program   0x000000
       .idata_u2putrs.o_i    romdata   0x00ecef    program   0x000000
        .romdata_u1defs.o    romdata   0x00ecef    program   0x000000
        .idata_u1defs.o_i    romdata   0x00ecef    program   0x000000
      .romdata_adcsetch.o    romdata   0x00ecef    program   0x000000
       .romdata_u2putrs.o    romdata   0x00ecef    program   0x000000
        .romdata_read_B.o    romdata   0x00ecef    program   0x000000
       .idata_write_B.o_i    romdata   0x00ecef    program   0x000000
        .idata_read_B.o_i    romdata   0x00ecef    program   0x000000
       .romdata_adcread.o    romdata   0x00ecef    program   0x000000
        .romdata_u2read.o    romdata   0x00ecef    program   0x000000
        .idata_u2read.o_i    romdata   0x00ecef    program   0x000000
        .romdata_u1read.o    romdata   0x00ecef    program   0x000000
        .idata_u1read.o_i    romdata   0x00ecef    program   0x000000
        .romdata_t4open.o    romdata   0x00ecef    program   0x000000
      .romdata_putsxlcd.o    romdata   0x00ecef    program   0x000000
      .idata_putsxlcd.o_i    romdata   0x00ecef    program   0x000000
      .romdata_putrxlcd.o    romdata   0x00ecef    program   0x000000
      .idata_putrxlcd.o_i    romdata   0x00ecef    program   0x000000
      .romdata_openxlcd.o    romdata   0x00ecef    program   0x000000
      .idata_openxlcd.o_i    romdata   0x00ecef    program   0x000000
      .romdata_writdata.o    romdata   0x00ecef    program   0x000000
      .idata_writdata.o_i    romdata   0x00ecef    program   0x000000
  .romdata_mandm_vector.o    romdata   0x00ecef    program   0x000000
      .idata_vfprintf.o_i    romdata   0x00ecef    program   0x000000
          .idata_putc.o_i    romdata   0x00ecef    program   0x000000
          .romdata_putc.o    romdata   0x00ecef    program   0x000000
           .romdata_daq.o    romdata   0x00ecef    program   0x000000
         .romdata_power.o    romdata   0x00ecef    program   0x000000
         .idata_power.o_i    romdata   0x00ecef    program   0x000000
    .romdata__user_putc.o    romdata   0x00ecef    program   0x000000
         .romdata_model.o    romdata   0x00ecef    program   0x000000
         .idata_model.o_i    romdata   0x00ecef    program   0x000000
        .romdata_hwconf.o    romdata   0x00ecef    program   0x000000
        .idata_hwconf.o_i    romdata   0x00ecef    program   0x000000
          .romdata_crit.o    romdata   0x00ecef    program   0x000000
      .romdata_c018iz_e.o    romdata   0x00ecef    program   0x000000
        .romdata_u1open.o    romdata   0x00ecef    program   0x000000
        .idata_u1open.o_i    romdata   0x00ecef    program   0x000000
       .romdata_adcconv.o    romdata   0x00ecef    program   0x000000
        .romdata_u2puts.o    romdata   0x00ecef    program   0x000000
      .romdata_busy_eep.o    romdata   0x00ecef    program   0x000000
       .romdata_adcbusy.o    romdata   0x00ecef    program   0x000000
       .idata_sprintf.o_i    romdata   0x00ecef    program   0x000000
        .romdata_config.o    romdata   0x00ecef    program   0x000000
        .idata_config.o_i    romdata   0x00ecef    program   0x000001
      .romdata_busyxlcd.o    romdata   0x00ecef    program   0x000000
       .romdata_sprintf.o    romdata   0x00ecef    program   0x000000
      .idata_readaddr.o_i    romdata   0x00ecef    program   0x000000
      .romdata_readaddr.o    romdata   0x00ecef    program   0x000000
      .idata_readdata.o_i    romdata   0x00ecef    program   0x000000
      .romdata_readdata.o    romdata   0x00ecef    program   0x000000
      .idata_setcgram.o_i    romdata   0x00ecef    program   0x000000
      .romdata_setcgram.o    romdata   0x00ecef    program   0x000000
      .idata_setddram.o_i    romdata   0x00ecef    program   0x000000
      .romdata_setddram.o    romdata   0x00ecef    program   0x000000
      .idata_wcmdxlcd.o_i    romdata   0x00ecef    program   0x000000
      .romdata_wcmdxlcd.o    romdata   0x00ecef    program   0x000000
         .code_busy_eep.o       code   0x00ecf0    program   0x000006
          .code_adcconv.o       code   0x00ecf6    program   0x000004
           .code___init.o       code   0x00ecfa    program   0x000002
                  gpr10_i    romdata   0x00ecfc    program   0x000033
              SEED_DATA_i    romdata   0x00ed2f    program   0x000002
  .idata_mandm_vector.o_i    romdata   0x00ed31    program   0x000012
     .idata_mandm8722.o_i    romdata   0x00ed43    program   0x000099
           .idata_daq.o_i    romdata   0x00eddc    program   0x000004
          .idata_crit.o_i    romdata   0x00ede0    program   0x000002
    .idata__user_putc.o_i    romdata   0x00ede2    program   0x000000
      .idata_c018iz_e.o_i    romdata   0x00ede2    program   0x000000
         .code_c018iz_e.o       code   0x00ede2    program   0x000000
            .code_model.o       code   0x00ede2    program   0x000000
      .idata_busyxlcd.o_i    romdata   0x00ede2    program   0x000000
       .idata_adcbusy.o_i    romdata   0x00ede2    program   0x000000
      .idata_busy_eep.o_i    romdata   0x00ede2    program   0x000000
        .idata___init.o_i    romdata   0x00ede2    program   0x000000
           .code_u2defs.o       code   0x00ede2    program   0x000000
           .code_u1defs.o       code   0x00ede2    program   0x000000
      .idata_adcsetch.o_i    romdata   0x00ede2    program   0x000000
       .idata_adcread.o_i    romdata   0x00ede2    program   0x000000
       .idata_adcopen.o_i    romdata   0x00ede2    program   0x000000
       .idata_adcconv.o_i    romdata   0x00ede2    program   0x000000
.config_300001_mandm8722.o    romdata   0x300001    program   0x000001
.config_300002_mandm8722.o    romdata   0x300002    program   0x000001
.config_300003_mandm8722.o    romdata   0x300003    program   0x000001
.config_300004_mandm8722.o    romdata   0x300004    program   0x000001
.config_300005_mandm8722.o    romdata   0x300005    program   0x000001
.config_300006_mandm8722.o    romdata   0x300006    program   0x000001
.config_300008_mandm8722.o    romdata   0x300008    program   0x000001
.config_300009_mandm8722.o    romdata   0x300009    program   0x000001
.config_30000a_mandm8722.o    romdata   0x30000a    program   0x000001
.config_30000b_mandm8722.o    romdata   0x30000b    program   0x000001
.config_30000c_mandm8722.o    romdata   0x30000c    program   0x000001
.config_30000d_mandm8722.o    romdata   0x30000d    program   0x000001
                 .tmpdata      udata   0x000000       data   0x000018
             .udata_daq.o      udata   0x000018       data   0x000011
          .udata_config.o      udata   0x000029       data   0x000001
          .idata_config.o      idata   0x00002a       data   0x000001
          .idata_read_B.o      idata   0x00002b       data   0x000000
          .udata_read_B.o      udata   0x00002b       data   0x000000
         .idata_adcread.o      idata   0x00002b       data   0x000000
         .udata_adcread.o      udata   0x00002b       data   0x000000
          .idata_u2read.o      idata   0x00002b       data   0x000000
          .udata_u2read.o      udata   0x00002b       data   0x000000
          .idata_u1read.o      idata   0x00002b       data   0x000000
          .udata_u1read.o      udata   0x00002b       data   0x000000
          .idata_t4open.o      idata   0x00002b       data   0x000000
          .udata_t4open.o      udata   0x00002b       data   0x000000
          .idata_t3open.o      idata   0x00002b       data   0x000000
          .udata_t3open.o      udata   0x00002b       data   0x000000
          .idata_t0open.o      idata   0x00002b       data   0x000000
          .udata_t0open.o      udata   0x00002b       data   0x000000
         .idata_adcopen.o      idata   0x00002b       data   0x000000
         .udata_adcopen.o      udata   0x00002b       data   0x000000
          .idata_u2open.o      idata   0x00002b       data   0x000000
          .udata_u2open.o      udata   0x00002b       data   0x000000
          .idata_u1open.o      idata   0x00002b       data   0x000000
          .udata_u1open.o      udata   0x00002b       data   0x000000
         .idata_adcconv.o      idata   0x00002b       data   0x000000
         .udata_adcconv.o      udata   0x00002b       data   0x000000
        .idata_busy_eep.o      idata   0x00002b       data   0x000000
        .udata_busy_eep.o      udata   0x00002b       data   0x000000
      .idata__user_putc.o      idata   0x00002b       data   0x000000
      .udata__user_putc.o      udata   0x00002b       data   0x000000
            .idata_putc.o      idata   0x00002b       data   0x000000
            .udata_putc.o      udata   0x00002b       data   0x000000
        .idata_vfprintf.o      idata   0x00002b       data   0x000000
        .udata_vfprintf.o      udata   0x00002b       data   0x000000
         .idata_sprintf.o      idata   0x00002b       data   0x000000
         .udata_sprintf.o      udata   0x00002b       data   0x000000
          .idata_u2puts.o      idata   0x00002b       data   0x000000
          .udata_u2puts.o      udata   0x00002b       data   0x000000
         .idata_u2putrs.o      idata   0x00002b       data   0x000000
         .udata_u2putrs.o      udata   0x00002b       data   0x000000
          .idata___init.o      idata   0x00002b       data   0x000000
          .udata___init.o      udata   0x00002b       data   0x000000
         .idata_write_B.o      idata   0x00002b       data   0x000000
         .udata_write_B.o      udata   0x00002b       data   0x000000
         .idata_t3write.o      idata   0x00002b       data   0x000000
         .udata_t3write.o      udata   0x00002b       data   0x000000
         .idata_t0write.o      idata   0x00002b       data   0x000000
         .udata_t0write.o      udata   0x00002b       data   0x000000
         .idata_u2write.o      idata   0x00002b       data   0x000000
         .udata_u2write.o      udata   0x00002b       data   0x000000
          .idata_u2defs.o      idata   0x00002b       data   0x000000
          .idata_u1defs.o      idata   0x00002b       data   0x000000
        .idata_adcsetch.o      idata   0x00002b       data   0x000000
        .udata_adcsetch.o      udata   0x00002b       data   0x000000
            .udata_crit.o      udata   0x00002b       data   0x000000
                     gpr6      udata   0x00002b       data   0x000000
        .idata_c018iz_e.o      idata   0x00002b       data   0x000000
       .udata_mandm8722.o      udata   0x00002b       data   0x000000
              ISRHtmpdata      udata   0x00002b       data   0x000000
           .idata_power.o      idata   0x00002b       data   0x000000
        .udata_writdata.o      udata   0x00002b       data   0x000000
        .idata_writdata.o      idata   0x00002b       data   0x000000
        .udata_openxlcd.o      udata   0x00002b       data   0x000000
        .idata_openxlcd.o      idata   0x00002b       data   0x000000
        .udata_putrxlcd.o      udata   0x00002b       data   0x000000
        .idata_putrxlcd.o      idata   0x00002b       data   0x000000
        .udata_putsxlcd.o      udata   0x00002b       data   0x000000
        .idata_putsxlcd.o      idata   0x00002b       data   0x000000
        .udata_readaddr.o      udata   0x00002b       data   0x000000
         .idata_adcbusy.o      idata   0x00002b       data   0x000000
         .udata_adcbusy.o      udata   0x00002b       data   0x000000
           .udata_model.o      udata   0x00002b       data   0x000000
        .idata_busyxlcd.o      idata   0x00002b       data   0x000000
        .udata_busyxlcd.o      udata   0x00002b       data   0x000000
           .idata_model.o      idata   0x00002b       data   0x000000
          .idata_hwconf.o      idata   0x00002b       data   0x000000
        .idata_wcmdxlcd.o      idata   0x00002b       data   0x000000
        .udata_wcmdxlcd.o      udata   0x00002b       data   0x000000
        .idata_setddram.o      idata   0x00002b       data   0x000000
        .udata_setddram.o      udata   0x00002b       data   0x000000
        .idata_setcgram.o      idata   0x00002b       data   0x000000
        .udata_setcgram.o      udata   0x00002b       data   0x000000
        .idata_readdata.o      idata   0x00002b       data   0x000000
        .udata_readdata.o      udata   0x00002b       data   0x000000
        .idata_readaddr.o      idata   0x00002b       data   0x000000
       .idata_mandm8722.o      idata   0x000060       data   0x000099
    .udata_mandm_vector.o      udata   0x0000f9       data   0x000006
                     gpr4      udata   0x0000ff       data   0x000001
                     gpr2      udata   0x000100       data   0x0000fc
         tick_handler_tmp      udata   0x0001fc       data   0x000004
                    gpr13      udata   0x000200       data   0x0000fb
             .idata_daq.o      idata   0x0002fb       data   0x000004
                DELAYDAT2      udata   0x0002ff       data   0x000001
                     gpr1      udata   0x000300       data   0x0000ea
    .idata_mandm_vector.o      idata   0x0003ea       data   0x000012
                MATH_DATA      udata   0x0003fc       data   0x000004
                     gpr9      udata   0x000400       data   0x0000d7
                     gpr3      udata   0x0004d7       data   0x00001c
        .udata_c018iz_e.o      udata   0x0004f3       data   0x00000a
                SEED_DATA      idata   0x0004fd       data   0x000002
                DELAYDAT1      udata   0x0004ff       data   0x000001
                     gpr8      udata   0x000500       data   0x0000c8
                    gpr10      idata   0x0005c8       data   0x000033
            .idata_crit.o      idata   0x0005fb       data   0x000002
          .udata_u2defs.o      udata   0x0005fd       data   0x000001
          .udata_u1defs.o      udata   0x0005fe       data   0x000001
          .udata_hwconf.o      udata   0x0005ff       data   0x000001
                     gpr5      udata   0x000600       data   0x0000a6
           .udata_power.o      udata   0x0006a6       data   0x000042
                     gpr7      udata   0x0006e8       data   0x000018
                   .stack      udata   0x000e00       data   0x000100
            SFR_UNBANKED0      udata   0x000f62       data   0x00009e



                              Program Memory Usage 
                               Start         End      
                           ---------   ---------      
                            0x000000    0x00ede1      
                            0x300001    0x300006      
                            0x300008    0x30000d      
            60910 out of 132120 program addresses used, program memory utilization is 46%



                              Symbols - Sorted by Name
                     Name    Address   Location    Storage File                     
                ---------  ---------  ---------  --------- ---------                
                     ABSI   0x000f4e    program     extern X:\mandm\mandm\mandm8722.c
                     ABSL   0x000f7c    program     extern X:\mandm\mandm\mandm8722.c
                 ADC_read   0x006960    program     extern X:\mandm\mandm\daq.c     
                 ADC_zero   0x006800    program     extern X:\mandm\mandm\daq.c     
                  BusyADC   0x00000e    program     extern E:\c18v3.46\pic18-lt\cxx-framework\src\pmc_common\ADC\adcbusy.c
                 BusyXLCD   0x00ec06    program     extern X:\mandm\mandm\xlcd\busyxlcd.c
                 Busy_eep   0x00ecf0    program     extern E:\c18v3.46\pic18-lt\cxx-framework\src\pmc_common\EEP\busy_eep.c
             Change_Count   0x006866    program     extern X:\mandm\mandm\daq.c     
        Clear_All_Buttons   0x00c172    program     extern X:\mandm\mandm\mandm_vector.c
               ConvertADC   0x00ecf6    program     extern E:\c18v3.46\pic18-lt\cxx-framework\src\pmc_common\ADC\adcconv.c
                   D10K_1   0x00eab8    program     static E:\c18v3.46\pic18-lt\cxx-framework\src\extended\delays\d10ktcyx.asm
                    D10Kl   0x00eac6    program     static E:\c18v3.46\pic18-lt\cxx-framework\src\extended\delays\d10ktcyx.asm
                    D10Kx   0x00eab4    program     static E:\c18v3.46\pic18-lt\cxx-framework\src\extended\delays\d10ktcyx.asm
                    D10_1   0x00ecd8    program     static E:\c18v3.46\pic18-lt\cxx-framework\src\extended\delays\d10tcyx.asm
                     D10x   0x00ecd0    program     static E:\c18v3.46\pic18-lt\cxx-framework\src\extended\delays\d10tcyx.asm
                   D1616S   0x00c620    program     static E:\c18v3.46\pic18-lt\cxx-framework\src\extended\math\div16s.asm
                D1616SNEG   0x00c62e    program     static E:\c18v3.46\pic18-lt\cxx-framework\src\extended\math\div16s.asm
                 D1616SOK   0x00c62a    program     static E:\c18v3.46\pic18-lt\cxx-framework\src\extended\math\div16s.asm
                D1616SPOS   0x00c63e    program     static E:\c18v3.46\pic18-lt\cxx-framework\src\extended\math\div16s.asm
                  D1616SX   0x00c664    program     static E:\c18v3.46\pic18-lt\cxx-framework\src\extended\math\div16s.asm
                   D3232S   0x00c6be    program     static E:\c18v3.46\pic18-lt\cxx-framework\src\extended\math\div32s.asm
                D3232SNEG   0x00c6cc    program     static E:\c18v3.46\pic18-lt\cxx-framework\src\extended\math\div32s.asm
                 D3232SOK   0x00c6c8    program     static E:\c18v3.46\pic18-lt\cxx-framework\src\extended\math\div32s.asm
                D3232SPOS   0x00c6ea    program     static E:\c18v3.46\pic18-lt\cxx-framework\src\extended\math\div32s.asm
                  D3232SX   0x00c720    program     static E:\c18v3.46\pic18-lt\cxx-framework\src\extended\math\div32s.asm
                  DA1616S   0x00c610    program     static E:\c18v3.46\pic18-lt\cxx-framework\src\extended\math\div16s.asm
                  DA3232S   0x00c6a8    program     static E:\c18v3.46\pic18-lt\cxx-framework\src\extended\math\div32s.asm
             Delay10KTCYx   0x00eaa8    program     extern E:\c18v3.46\pic18-lt\cxx-framework\src\extended\delays\d10ktcyx.asm
              Delay10TCYx   0x00ecc8    program     extern E:\c18v3.46\pic18-lt\cxx-framework\src\extended\delays\d10tcyx.asm
            DelayFor18TCY   0x00060c    program     extern X:\mandm\mandm\mandm8722.c
             DelayPORXLCD   0x000626    program     extern X:\mandm\mandm\mandm8722.c
                DelayXLCD   0x000632    program     extern X:\mandm\mandm\mandm8722.c
              LCD_VC_puts   0x00016e    program     extern X:\mandm\mandm\mandm8722.c
               Open1USART   0x00e484    program     extern E:\c18v3.46\pic18-lt\cxx-framework\src\pmc_common\USART\u1open.c
               Open2USART   0x00e400    program     extern E:\c18v3.46\pic18-lt\cxx-framework\src\pmc_common\USART\u2open.c
                  OpenADC   0x00e63a    program     extern E:\c18v3.46\pic18-lt\cxx-framework\src\pmc_common\ADC\adcopen.c
               OpenTimer0   0x00eade    program     extern E:\c18v3.46\pic18-lt\cxx-framework\src\pmc_common\Timers\t0open.c
               OpenTimer3   0x00e9ac    program     extern E:\c18v3.46\pic18-lt\cxx-framework\src\pmc_common\Timers\t3open.c
               OpenTimer4   0x00eb14    program     extern E:\c18v3.46\pic18-lt\cxx-framework\src\pmc_common\Timers\t4open.c
                 OpenXLCD   0x00e366    program     extern X:\mandm\mandm\xlcd\openxlcd.c
                   P1wait   0x00c166    program     extern X:\mandm\mandm\mandm_vector.c
                   P2wait   0x00c16c    program     extern X:\mandm\mandm\mandm_vector.c
                  RESTORE   0x00cc22    program     static E:\c18v3.46\pic18-lt\cxx-framework\src\extended\math\div16u.asm
                  RESTORE   0x00c7c0    program     static E:\c18v3.46\pic18-lt\cxx-framework\src\extended\math\div32u.asm
                  RESTORE   0x00c712    program     static E:\c18v3.46\pic18-lt\cxx-framework\src\extended\math\div32s.asm
                  RESTORE   0x00c656    program     static E:\c18v3.46\pic18-lt\cxx-framework\src\extended\math\div16s.asm
              RETQUOTIENT   0x00cc1a    program     static E:\c18v3.46\pic18-lt\cxx-framework\src\extended\math\div16u.asm
              RETQUOTIENT   0x00c702    program     static E:\c18v3.46\pic18-lt\cxx-framework\src\extended\math\div32s.asm
              RETQUOTIENT   0x00c7b0    program     static E:\c18v3.46\pic18-lt\cxx-framework\src\extended\math\div32u.asm
              RETQUOTIENT   0x00c64e    program     static E:\c18v3.46\pic18-lt\cxx-framework\src\extended\math\div16s.asm
               Read1USART   0x00ea6a    program     extern E:\c18v3.46\pic18-lt\cxx-framework\src\pmc_common\USART\u1read.c
               Read2USART   0x00ea2c    program     extern E:\c18v3.46\pic18-lt\cxx-framework\src\pmc_common\USART\u2read.c
                  ReadADC   0x00ecb0    program     extern E:\c18v3.46\pic18-lt\cxx-framework\src\pmc_common\ADC\adcread.c
             ReadAddrXLCD   0x00e8e6    program     extern X:\mandm\mandm\xlcd\readaddr.c
             ReadDataXLCD   0x00e8a2    program     extern X:\mandm\mandm\xlcd\readdata.c
               Read_b_eep   0x00e92a    program     extern E:\c18v3.46\pic18-lt\cxx-framework\src\pmc_common\EEP\read_B.c
       Reset_Change_Count   0x006826    program     extern X:\mandm\mandm\daq.c     
                  SETSIGN   0x00c68e    program     static E:\c18v3.46\pic18-lt\cxx-framework\src\extended\math\div32s.asm
                  SETSIGN   0x00c5fe    program     static E:\c18v3.46\pic18-lt\cxx-framework\src\extended\math\div16s.asm
                 SETUPSTK   0x00c72a    program     static E:\c18v3.46\pic18-lt\cxx-framework\src\extended\math\div32u.asm
                 SETUPSTK   0x00c66e    program     static E:\c18v3.46\pic18-lt\cxx-framework\src\extended\math\div32s.asm
                 SETUPSTK   0x00cbb8    program     static E:\c18v3.46\pic18-lt\cxx-framework\src\extended\math\div16u.asm
                 SETUPSTK   0x00c5de    program     static E:\c18v3.46\pic18-lt\cxx-framework\src\extended\math\div16s.asm
             SetCGRamAddr   0x00e7d4    program     extern X:\mandm\mandm\xlcd\setcgram.c
               SetChanADC   0x00eba8    program     extern E:\c18v3.46\pic18-lt\cxx-framework\src\pmc_common\ADC\adcsetch.c
             SetDDRamAddr   0x00e78e    program     extern X:\mandm\mandm\xlcd\setddram.c
               Set_Cursor   0x001664    program     extern X:\mandm\mandm\mandm8722.c
              Write2USART   0x00ebd8    program     extern E:\c18v3.46\pic18-lt\cxx-framework\src\pmc_common\USART\u2write.c
             WriteCmdXLCD   0x00e85e    program     extern X:\mandm\mandm\xlcd\wcmdxlcd.c
            WriteDataXLCD   0x00e81a    program     extern X:\mandm\mandm\xlcd\writdata.c
              WriteTimer0   0x00eb78    program     extern E:\c18v3.46\pic18-lt\cxx-framework\src\pmc_common\Timers\t0write.c
              WriteTimer3   0x00eb48    program     extern E:\c18v3.46\pic18-lt\cxx-framework\src\pmc_common\Timers\t3write.c
              Write_b_eep   0x00e5d6    program     extern E:\c18v3.46\pic18-lt\cxx-framework\src\pmc_common\EEP\write_B.c
                   _2jEnd   0x00e068    program     static E:\c18v3.46\pic18-lt\cxx-framework\src\extended\stdclib\slenpgm.asm
              _3jContinue   0x00e10c    program     static E:\c18v3.46\pic18-lt\cxx-framework\src\extended\stdclib\sncpyp2r.asm
              _4jContinue   0x00e0b2    program     static E:\c18v3.46\pic18-lt\cxx-framework\src\extended\stdclib\strncpy.asm
              _4jContinue   0x00dfdc    program     static E:\c18v3.46\pic18-lt\cxx-framework\src\extended\stdclib\memcmp.asm
                   _4jEnd   0x00e116    program     static E:\c18v3.46\pic18-lt\cxx-framework\src\extended\stdclib\sncpyp2r.asm
                   _5jEnd   0x00dfe6    program     static E:\c18v3.46\pic18-lt\cxx-framework\src\extended\stdclib\memcmp.asm
                   _5jEnd   0x00e0bc    program     static E:\c18v3.46\pic18-lt\cxx-framework\src\extended\stdclib\strncpy.asm
       _D10KTCYXCODE_0014   0x00eabc    program     static E:\c18v3.46\pic18-lt\cxx-framework\src\extended\delays\d10ktcyx.asm
       _D10KTCYXCODE_0022   0x00eaca    program     static E:\c18v3.46\pic18-lt\cxx-framework\src\extended\delays\d10ktcyx.asm
        _D10TCYXCODE_000A   0x00ecd2    program     static E:\c18v3.46\pic18-lt\cxx-framework\src\extended\delays\d10tcyx.asm
        _D10TCYXCODE_000C   0x00ecd4    program     static E:\c18v3.46\pic18-lt\cxx-framework\src\extended\delays\d10tcyx.asm
        _D10TCYXCODE_000E   0x00ecd6    program     static E:\c18v3.46\pic18-lt\cxx-framework\src\extended\delays\d10tcyx.asm
              __FpCompare   0x00c89a    program     extern E:\c18v3.46\pic18-lt\cxx-framework\src\extended\math\compFP.asm
                 __FpPack   0x00c314    program     extern E:\c18v3.46\pic18-lt\cxx-framework\src\extended\math\packFP.asm
            __FpReturnNaN   0x00c396    program     extern E:\c18v3.46\pic18-lt\cxx-framework\src\extended\math\packFP.asm
         __FpReturnNegInf   0x00c3a8    program     extern E:\c18v3.46\pic18-lt\cxx-framework\src\extended\math\packFP.asm
        __FpReturnNegZero   0x00c3c0    program     extern E:\c18v3.46\pic18-lt\cxx-framework\src\extended\math\packFP.asm
         __FpReturnPosInf   0x00c3ae    program     extern E:\c18v3.46\pic18-lt\cxx-framework\src\extended\math\packFP.asm
        __FpReturnPosZero   0x00c3c8    program     extern E:\c18v3.46\pic18-lt\cxx-framework\src\extended\math\packFP.asm
        __FpReturnSignInf   0x00c3a4    program     extern E:\c18v3.46\pic18-lt\cxx-framework\src\extended\math\packFP.asm
       __FpReturnSignZero   0x00c3bc    program     extern E:\c18v3.46\pic18-lt\cxx-framework\src\extended\math\packFP.asm
              __FpReturnW   0x00c36c    program     extern E:\c18v3.46\pic18-lt\cxx-framework\src\extended\math\packFP.asm
              __FpUnPackA   0x00c3ce    program     extern E:\c18v3.46\pic18-lt\cxx-framework\src\extended\math\unpackFP.asm
              __FpUnPackB   0x00c3fe    program     extern E:\c18v3.46\pic18-lt\cxx-framework\src\extended\math\unpackFP.asm
       ___case_0_lbl00030   0x00b70c    program     static                          
       ___case_1_lbl00031   0x00b712    program     static                          
       ___case_2_lbl00032   0x00b71a    program     static                          
      ___default_lbl00033   0x00b722    program     static                          
           ___do_lbl00032   0x000324    program     static                          
           ___do_lbl00033   0x000340    program     static                          
           ___do_lbl00034   0x000304    program     static                          
           ___do_lbl00434   0x002b8a    program     static                          
           ___do_lbl00435   0x002ba8    program     static                          
           ___do_lbl00440   0x002978    program     static                          
           ___do_lbl00444   0x002e22    program     static                          
           ___do_lbl00445   0x002e40    program     static                          
           ___do_lbl00450   0x002c10    program     static                          
           ___do_lbl00458   0x003060    program     static                          
           ___do_lbl00459   0x003066    program     static                          
           ___do_lbl00460   0x003054    program     static                          
           ___do_lbl00465   0x0035ea    program     static                          
           ___do_lbl00466   0x00360e    program     static                          
           ___do_lbl00481   0x00313e    program     static                          
           ___do_lbl00483   0x003b3a    program     static                          
           ___do_lbl00484   0x003b5e    program     static                          
           ___do_lbl00499   0x00368e    program     static                          
           ___do_lbl00534   0x004ece    program     static                          
           ___do_lbl00535   0x004ed4    program     static                          
           ___do_lbl00536   0x004ec2    program     static                          
           ___do_lbl00541   0x00509e    program     static                          
           ___do_lbl00542   0x0050e2    program     static                          
           ___do_lbl00545   0x004f38    program     static                          
         ___else_lbl00003   0x00b488    program     static                          
         ___else_lbl00008   0x00dee6    program     static                          
         ___else_lbl00009   0x00b550    program     static                          
         ___else_lbl00011   0x00b570    program     static                          
         ___else_lbl00014   0x00b5ea    program     static                          
         ___else_lbl00016   0x00b60a    program     static                          
         ___else_lbl00027   0x00b6c6    program     static                          
         ___else_lbl00071   0x00b8c0    program     static                          
         ___else_lbl00082   0x007b74    program     static                          
         ___else_lbl00084   0x00ba1a    program     static                          
         ___else_lbl00086   0x00ba28    program     static                          
         ___else_lbl00088   0x00ba36    program     static                          
         ___else_lbl00090   0x00ba6e    program     static                          
         ___else_lbl00092   0x00bad4    program     static                          
         ___else_lbl00098   0x00bb3c    program     static                          
         ___else_lbl00104   0x00bec0    program     static                          
         ___else_lbl00108   0x00bfce    program     static                          
         ___else_lbl00114   0x00c058    program     static                          
         ___else_lbl00116   0x00c032    program     static                          
         ___else_lbl00477   0x00345e    program     static                          
         ___else_lbl00495   0x0039ae    program     static                          
         ___else_lbl00519   0x003b62    program     static                          
         ___else_lbl00528   0x004888    program     static                          
         ___else_lbl00531   0x004b66    program     static                          
         ___else_lbl00533   0x004e7e    program     static                          
         ___else_lbl00539   0x004b20    program     static                          
         ___else_lbl00547   0x00518a    program     static                          
         ___else_lbl00569   0x005616    program     static                          
         ___else_lbl00577   0x0056c4    program     static                          
          ___for_lbl00013   0x0069c4    program     static                          
          ___for_lbl00014   0x0069ce    program     static                          
          ___for_lbl00017   0x006988    program     static                          
          ___for_lbl00018   0x006ae4    program     static                          
          ___for_lbl00019   0x006aee    program     static                          
          ___for_lbl00022   0x006aa8    program     static                          
          ___for_lbl00023   0x006c04    program     static                          
          ___for_lbl00024   0x006c0e    program     static                          
          ___for_lbl00027   0x006bc8    program     static                          
          ___for_lbl00028   0x000296    program     static                          
          ___for_lbl00029   0x0002a4    program     static                          
          ___for_lbl00030   0x00027e    program     static                          
          ___for_lbl00031   0x006e5c    program     static                          
          ___for_lbl00032   0x006e66    program     static                          
          ___for_lbl00035   0x006e20    program     static                          
          ___for_lbl00039   0x0070bc    program     static                          
          ___for_lbl00040   0x0070c6    program     static                          
          ___for_lbl00043   0x007080    program     static                          
          ___for_lbl00047   0x007314    program     static                          
          ___for_lbl00048   0x00731e    program     static                          
          ___for_lbl00051   0x0072d8    program     static                          
          ___for_lbl00052   0x0073c2    program     static                          
          ___for_lbl00053   0x0073cc    program     static                          
          ___for_lbl00054   0x00061e    program     static                          
          ___for_lbl00055   0x000624    program     static                          
          ___for_lbl00056   0x000612    program     static                          
          ___for_lbl00056   0x007386    program     static                          
          ___for_lbl00057   0x007470    program     static                          
          ___for_lbl00058   0x00747a    program     static                          
          ___for_lbl00061   0x007434    program     static                          
          ___for_lbl00062   0x00751e    program     static                          
          ___for_lbl00063   0x007528    program     static                          
          ___for_lbl00066   0x0074e2    program     static                          
          ___for_lbl00067   0x0075cc    program     static                          
          ___for_lbl00068   0x0075d6    program     static                          
          ___for_lbl00071   0x007590    program     static                          
          ___for_lbl00072   0x00767a    program     static                          
          ___for_lbl00073   0x007684    program     static                          
          ___for_lbl00076   0x00763e    program     static                          
          ___for_lbl00077   0x008610    program     static                          
          ___for_lbl00078   0x00861c    program     static                          
          ___for_lbl00078   0x000de0    program     static                          
          ___for_lbl00079   0x000de6    program     static                          
          ___for_lbl00081   0x000b00    program     static                          
          ___for_lbl00092   0x007792    program     static                          
          ___for_lbl00432   0x002e82    program     static                          
          ___for_lbl00433   0x002e8a    program     static                          
          ___for_lbl00454   0x002938    program     static                          
          ___for_lbl00501   0x003d62    program     static                          
          ___for_lbl00502   0x003d78    program     static                          
          ___for_lbl00507   0x003b9a    program     static                          
          ___for_lbl00508   0x003fa0    program     static                          
          ___for_lbl00509   0x003fb6    program     static                          
          ___for_lbl00514   0x003dd8    program     static                          
          ___for_lbl00515   0x004380    program     static                          
          ___for_lbl00516   0x004396    program     static                          
          ___for_lbl00517   0x004336    program     static                          
          ___for_lbl00520   0x004ee4    program     static                          
          ___for_lbl00521   0x004efc    program     static                          
          ___for_lbl00540   0x00439e    program     static                          
          ___for_lbl00564   0x0055cc    program     static                          
          ___for_lbl00565   0x0055d2    program     static                          
          ___for_lbl00566   0x0055a8    program     static                          
          ___for_lbl00570   0x0056bc    program     static                          
          ___for_lbl00571   0x0056c2    program     static                          
          ___for_lbl00572   0x00568a    program     static                          
          ___for_lbl00573   0x005710    program     static                          
          ___for_lbl00574   0x005716    program     static                          
          ___for_lbl00575   0x0056de    program     static                          
           ___if_lbl00001   0x00de1e    program     static                          
           ___if_lbl00001   0x00e166    program     static                          
           ___if_lbl00001   0x00b452    program     static                          
           ___if_lbl00002   0x00b49a    program     static                          
           ___if_lbl00002   0x00de40    program     static                          
           ___if_lbl00003   0x00de60    program     static                          
           ___if_lbl00003   0x00e178    program     static                          
           ___if_lbl00004   0x00b4a4    program     static                          
           ___if_lbl00004   0x00de80    program     static                          
           ___if_lbl00005   0x00b4ae    program     static                          
           ___if_lbl00006   0x00b4b8    program     static                          
           ___if_lbl00006   0x00deb4    program     static                          
           ___if_lbl00007   0x00b4b8    program     static                          
           ___if_lbl00007   0x00deee    program     static                          
           ___if_lbl00008   0x00e29c    program     static                          
           ___if_lbl00008   0x00b56e    program     static                          
           ___if_lbl00010   0x00b57e    program     static                          
           ___if_lbl00012   0x00b57e    program     static                          
           ___if_lbl00013   0x00b608    program     static                          
           ___if_lbl00015   0x00b618    program     static                          
           ___if_lbl00017   0x00b618    program     static                          
           ___if_lbl00018   0x00b61c    program     static                          
           ___if_lbl00020   0x00b62a    program     static                          
           ___if_lbl00021   0x00b63e    program     static                          
           ___if_lbl00023   0x00b658    program     static                          
           ___if_lbl00024   0x00b686    program     static                          
           ___if_lbl00025   0x00b6ba    program     static                          
           ___if_lbl00026   0x00b6ce    program     static                          
           ___if_lbl00028   0x00b6fa    program     static                          
           ___if_lbl00028   0x006d2c    program     static                          
           ___if_lbl00030   0x006dfa    program     static                          
           ___if_lbl00034   0x00b728    program     static                          
           ___if_lbl00035   0x00b728    program     static                          
           ___if_lbl00036   0x006f84    program     static                          
           ___if_lbl00036   0x00b72e    program     static                          
           ___if_lbl00037   0x00b734    program     static                          
           ___if_lbl00038   0x00b73a    program     static                          
           ___if_lbl00038   0x007058    program     static                          
           ___if_lbl00039   0x00b740    program     static                          
           ___if_lbl00040   0x00b740    program     static                          
           ___if_lbl00041   0x00b760    program     static                          
           ___if_lbl00042   0x00b764    program     static                          
           ___if_lbl00043   0x00b77c    program     static                          
           ___if_lbl00044   0x00b792    program     static                          
           ___if_lbl00044   0x0071e4    program     static                          
           ___if_lbl00045   0x00b7a0    program     static                          
           ___if_lbl00046   0x00b7ae    program     static                          
           ___if_lbl00046   0x0072b0    program     static                          
           ___if_lbl00047   0x00b7bc    program     static                          
           ___if_lbl00048   0x00b7ca    program     static                          
           ___if_lbl00049   0x00b7d8    program     static                          
           ___if_lbl00051   0x00b7ee    program     static                          
           ___if_lbl00053   0x00b804    program     static                          
           ___if_lbl00055   0x00b818    program     static                          
           ___if_lbl00058   0x00b822    program     static                          
           ___if_lbl00060   0x00b834    program     static                          
           ___if_lbl00061   0x00b834    program     static                          
           ___if_lbl00063   0x00b858    program     static                          
           ___if_lbl00064   0x00b85c    program     static                          
           ___if_lbl00066   0x00b880    program     static                          
           ___if_lbl00067   0x00b884    program     static                          
           ___if_lbl00069   0x00b8be    program     static                          
           ___if_lbl00070   0x00b8c8    program     static                          
           ___if_lbl00072   0x00b8e6    program     static                          
           ___if_lbl00073   0x00b8e6    program     static                          
           ___if_lbl00074   0x00b8ea    program     static                          
           ___if_lbl00076   0x00b908    program     static                          
           ___if_lbl00077   0x00b98c    program     static                          
           ___if_lbl00078   0x00b98c    program     static                          
           ___if_lbl00079   0x0079ba    program     static                          
           ___if_lbl00079   0x00b98c    program     static                          
           ___if_lbl00080   0x000de0    program     static                          
           ___if_lbl00081   0x007c66    program     static                          
           ___if_lbl00082   0x00ba10    program     static                          
           ___if_lbl00082   0x000dfe    program     static                          
           ___if_lbl00083   0x007c66    program     static                          
           ___if_lbl00083   0x00ba1e    program     static                          
           ___if_lbl00085   0x007cf4    program     static                          
           ___if_lbl00085   0x00ba2c    program     static                          
           ___if_lbl00086   0x007d5c    program     static                          
           ___if_lbl00087   0x007ed0    program     static                          
           ___if_lbl00087   0x00ba3a    program     static                          
           ___if_lbl00088   0x007fd2    program     static                          
           ___if_lbl00089   0x008050    program     static                          
           ___if_lbl00089   0x00ba9e    program     static                          
           ___if_lbl00090   0x008202    program     static                          
           ___if_lbl00091   0x00bb06    program     static                          
           ___if_lbl00091   0x0084fa    program     static                          
           ___if_lbl00093   0x00bbe8    program     static                          
           ___if_lbl00094   0x00bc10    program     static                          
           ___if_lbl00095   0x0086f6    program     static                          
           ___if_lbl00095   0x00bc40    program     static                          
           ___if_lbl00096   0x0086f6    program     static                          
           ___if_lbl00096   0x00bc94    program     static                          
           ___if_lbl00097   0x00bc96    program     static                          
           ___if_lbl00099   0x00bcf4    program     static                          
           ___if_lbl00100   0x00bd5e    program     static                          
           ___if_lbl00101   0x00bdbc    program     static                          
           ___if_lbl00102   0x00be28    program     static                          
           ___if_lbl00103   0x00bf1e    program     static                          
           ___if_lbl00106   0x00bfcc    program     static                          
           ___if_lbl00107   0x00bfee    program     static                          
           ___if_lbl00112   0x00c07c    program     static                          
           ___if_lbl00113   0x00c07c    program     static                          
           ___if_lbl00115   0x00c07c    program     static                          
           ___if_lbl00117   0x00c07c    program     static                          
           ___if_lbl00118   0x00c07c    program     static                          
           ___if_lbl00119   0x00c0d0    program     static                          
           ___if_lbl00120   0x00c0d0    program     static                          
           ___if_lbl00121   0x00c0ec    program     static                          
           ___if_lbl00122   0x00c0fa    program     static                          
           ___if_lbl00124   0x00c116    program     static                          
           ___if_lbl00125   0x00c116    program     static                          
           ___if_lbl00425   0x00281c    program     static                          
           ___if_lbl00426   0x002846    program     static                          
           ___if_lbl00427   0x00285a    program     static                          
           ___if_lbl00428   0x00286c    program     static                          
           ___if_lbl00429   0x002886    program     static                          
           ___if_lbl00430   0x0028be    program     static                          
           ___if_lbl00431   0x0028f4    program     static                          
           ___if_lbl00436   0x002a22    program     static                          
           ___if_lbl00437   0x002ac2    program     static                          
           ___if_lbl00438   0x002b66    program     static                          
           ___if_lbl00439   0x002b76    program     static                          
           ___if_lbl00442   0x002bd2    program     static                          
           ___if_lbl00443   0x002bea    program     static                          
           ___if_lbl00446   0x002cba    program     static                          
           ___if_lbl00447   0x002d5a    program     static                          
           ___if_lbl00448   0x002dfe    program     static                          
           ___if_lbl00449   0x002e0e    program     static                          
           ___if_lbl00452   0x002e6a    program     static                          
           ___if_lbl00453   0x002e82    program     static                          
           ___if_lbl00456   0x002faa    program     static                          
           ___if_lbl00457   0x003016    program     static                          
           ___if_lbl00461   0x0030b4    program     static                          
           ___if_lbl00462   0x0030b4    program     static                          
           ___if_lbl00463   0x0030ce    program     static                          
           ___if_lbl00464   0x00313a    program     static                          
           ___if_lbl00470   0x00330e    program     static                          
           ___if_lbl00471   0x00333a    program     static                          
           ___if_lbl00472   0x00333e    program     static                          
           ___if_lbl00473   0x0033a0    program     static                          
           ___if_lbl00474   0x00345c    program     static                          
           ___if_lbl00475   0x0034ba    program     static                          
           ___if_lbl00476   0x0034ba    program     static                          
           ___if_lbl00478   0x003540    program     static                          
           ___if_lbl00479   0x0035c6    program     static                          
           ___if_lbl00480   0x0035d6    program     static                          
           ___if_lbl00482   0x00368a    program     static                          
           ___if_lbl00488   0x00385e    program     static                          
           ___if_lbl00489   0x00388a    program     static                          
           ___if_lbl00490   0x00388e    program     static                          
           ___if_lbl00491   0x0038f0    program     static                          
           ___if_lbl00492   0x0039ac    program     static                          
           ___if_lbl00493   0x003a0a    program     static                          
           ___if_lbl00494   0x003a0a    program     static                          
           ___if_lbl00496   0x003a90    program     static                          
           ___if_lbl00497   0x003b16    program     static                          
           ___if_lbl00498   0x003b26    program     static                          
           ___if_lbl00500   0x003b5e    program     static                          
           ___if_lbl00503   0x003c32    program     static                          
           ___if_lbl00504   0x003cee    program     static                          
           ___if_lbl00505   0x003d00    program     static                          
           ___if_lbl00506   0x003d62    program     static                          
           ___if_lbl00510   0x003e70    program     static                          
           ___if_lbl00511   0x003f2c    program     static                          
           ___if_lbl00512   0x003f3e    program     static                          
           ___if_lbl00513   0x003fa0    program     static                          
           ___if_lbl00518   0x004396    program     static                          
           ___if_lbl00522   0x0044b6    program     static                          
           ___if_lbl00523   0x004586    program     static                          
           ___if_lbl00524   0x004656    program     static                          
           ___if_lbl00525   0x004726    program     static                          
           ___if_lbl00526   0x004726    program     static                          
           ___if_lbl00527   0x00488c    program     static                          
           ___if_lbl00529   0x004b1e    program     static                          
           ___if_lbl00530   0x004b6a    program     static                          
           ___if_lbl00532   0x004e82    program     static                          
           ___if_lbl00537   0x004ee4    program     static                          
           ___if_lbl00538   0x004ee4    program     static                          
           ___if_lbl00544   0x00509c    program     static                          
           ___if_lbl00546   0x00518a    program     static                          
           ___if_lbl00559   0x005382    program     static                          
           ___if_lbl00560   0x0053b0    program     static                          
           ___if_lbl00561   0x0053de    program     static                          
           ___if_lbl00562   0x00540c    program     static                          
           ___if_lbl00563   0x00555c    program     static                          
           ___if_lbl00567   0x0055d2    program     static                          
           ___if_lbl00568   0x00565a    program     static                          
           ___if_lbl00576   0x00572c    program     static                          
           ___if_lbl00580   0x005736    program     static                          
           ___if_lbl00581   0x00577e    program     static                          
           ___if_lbl00582   0x00579e    program     static                          
           ___if_lbl00586   0x0059f2    program     static                          
           ___if_lbl00587   0x005a22    program     static                          
           ___if_lbl00588   0x005a36    program     static                          
       ___return_lbl00000   0x006824    program     static                          
       ___return_lbl00000   0x00e29c    program     static                          
       ___return_lbl00000   0x00000c    program     static                          
       ___return_lbl00000   0x00c116    program     static                          
       ___return_lbl00000   0x000004    program     static                          
       ___return_lbl00000   0x00e960    program     static                          
       ___return_lbl00000   0x00de80    program     static                          
       ___return_lbl00001   0x00001c    program     static                          
       ___return_lbl00001   0x00ec92    program     static                          
       ___return_lbl00002   0x00e364    program     static                          
       ___return_lbl00005   0x00deee    program     static                          
       ___return_lbl00012   0x0086fc    program     static                          
       ___return_lbl00027   0x0002a4    program     static                          
       ___return_lbl00031   0x000340    program     static                          
       ___return_lbl00053   0x000624    program     static                          
       ___return_lbl00072   0x00079a    program     static                          
       ___return_lbl00077   0x000e00    program     static                          
       ___return_lbl00127   0x00c164    program     static                          
       ___return_lbl00424   0x0051c0    program     static                          
       ___return_lbl00558   0x005a38    program     static                          
   ___switchexit_lbl00029   0x00b728    program     static                          
        ___while_lbl00001   0x00681a    program     static                          
        ___while_lbl00002   0x006824    program     static                          
        ___while_lbl00004   0x00e1d2    program     static                          
        ___while_lbl00005   0x00e1e0    program     static                          
        ___while_lbl00006   0x00e1f6    program     static                          
        ___while_lbl00007   0x00e204    program     static                          
        ___while_lbl00015   0x006998    program     static                          
        ___while_lbl00016   0x0069a2    program     static                          
        ___while_lbl00020   0x006ab8    program     static                          
        ___while_lbl00021   0x006ac2    program     static                          
        ___while_lbl00025   0x006bd8    program     static                          
        ___while_lbl00026   0x006be2    program     static                          
        ___while_lbl00033   0x006e30    program     static                          
        ___while_lbl00034   0x006e3a    program     static                          
        ___while_lbl00041   0x007090    program     static                          
        ___while_lbl00042   0x00709a    program     static                          
        ___while_lbl00049   0x0072e8    program     static                          
        ___while_lbl00050   0x0072f2    program     static                          
        ___while_lbl00054   0x007396    program     static                          
        ___while_lbl00055   0x0073a0    program     static                          
        ___while_lbl00056   0x00b820    program     static                          
        ___while_lbl00057   0x00b822    program     static                          
        ___while_lbl00059   0x007444    program     static                          
        ___while_lbl00060   0x00744e    program     static                          
        ___while_lbl00064   0x0074f2    program     static                          
        ___while_lbl00065   0x0074fc    program     static                          
        ___while_lbl00069   0x0075a0    program     static                          
        ___while_lbl00070   0x0075aa    program     static                          
        ___while_lbl00074   0x00764e    program     static                          
        ___while_lbl00075   0x007658    program     static                          
        ___while_lbl00093   0x0086e4    program     static                          
        ___while_lbl00094   0x0086f6    program     static                          
        ___while_lbl00578   0x005734    program     static                          
        ___while_lbl00579   0x005736    program     static                          
        ___while_lbl00583   0x0059dc    program     static                          
        ___while_lbl00584   0x005a38    program     static                          
                  __addFP   0x00c1ce    program     extern E:\c18v3.46\pic18-lt\cxx-framework\src\extended\math\addFP.asm
              __cast16sFP   0x00c42e    program     extern E:\c18v3.46\pic18-lt\cxx-framework\src\extended\math\cast16FP.asm
              __cast16uFP   0x00c42a    program     extern E:\c18v3.46\pic18-lt\cxx-framework\src\extended\math\cast16FP.asm
              __cast32sFP   0x00c470    program     extern E:\c18v3.46\pic18-lt\cxx-framework\src\extended\math\cast32FP.asm
              __cast32uFP   0x00c46c    program     extern E:\c18v3.46\pic18-lt\cxx-framework\src\extended\math\cast32FP.asm
               __castFP16   0x00c4ba    program     extern E:\c18v3.46\pic18-lt\cxx-framework\src\extended\math\castFP16.asm
               __castFP32   0x00c540    program     extern E:\c18v3.46\pic18-lt\cxx-framework\src\extended\math\castFP32.asm
               __config_0   0x300001    program     static X:\mandm\mandm\mandm8722.c
               __config_1   0x300002    program     static X:\mandm\mandm\mandm8722.c
              __config_10   0x30000c    program     static X:\mandm\mandm\mandm8722.c
              __config_11   0x30000d    program     static X:\mandm\mandm\mandm8722.c
               __config_2   0x300003    program     static X:\mandm\mandm\mandm8722.c
               __config_3   0x300004    program     static X:\mandm\mandm\mandm8722.c
               __config_4   0x300005    program     static X:\mandm\mandm\mandm8722.c
               __config_5   0x300006    program     static X:\mandm\mandm\mandm8722.c
               __config_6   0x300008    program     static X:\mandm\mandm\mandm8722.c
               __config_7   0x300009    program     static X:\mandm\mandm\mandm8722.c
               __config_8   0x30000a    program     static X:\mandm\mandm\mandm8722.c
               __config_9   0x30000b    program     static X:\mandm\mandm\mandm8722.c
                 __div16s   0x00c5f6    program     extern E:\c18v3.46\pic18-lt\cxx-framework\src\extended\math\div16s.asm
                 __div16u   0x00cbd0    program     extern E:\c18v3.46\pic18-lt\cxx-framework\src\extended\math\div16u.asm
                 __div32s   0x00c686    program     extern E:\c18v3.46\pic18-lt\cxx-framework\src\extended\math\div32s.asm
                 __div32u   0x00c742    program     extern E:\c18v3.46\pic18-lt\cxx-framework\src\extended\math\div32u.asm
                  __divFP   0x00c7ce    program     extern E:\c18v3.46\pic18-lt\cxx-framework\src\extended\math\divFP.asm
                   __init   0x00ecfa    program     extern E:\c18v3.46\pic18-lt\cxx-framework\src\extended\stdclib\__init.c
                   __ltFP   0x00c888    program     extern E:\c18v3.46\pic18-lt\cxx-framework\src\extended\math\ltFP.asm
                 __mod16s   0x00c5fc    program     extern E:\c18v3.46\pic18-lt\cxx-framework\src\extended\math\div16s.asm
                 __mod16u   0x00cbd6    program     extern E:\c18v3.46\pic18-lt\cxx-framework\src\extended\math\div16u.asm
                 __mod32s   0x00c68c    program     extern E:\c18v3.46\pic18-lt\cxx-framework\src\extended\math\div32s.asm
                 __mod32u   0x00c748    program     extern E:\c18v3.46\pic18-lt\cxx-framework\src\extended\math\div32u.asm
                  __mul16   0x00cc30    program     extern E:\c18v3.46\pic18-lt\cxx-framework\src\extended\math\mul16.asm
                  __mul24   0x00c968    program     extern E:\c18v3.46\pic18-lt\cxx-framework\src\extended\math\mul24.asm
                  __mul32   0x00ca28    program     extern E:\c18v3.46\pic18-lt\cxx-framework\src\extended\math\mul32.asm
                  __mulFP   0x00caca    program     extern E:\c18v3.46\pic18-lt\cxx-framework\src\extended\math\mulFP.asm
                   __pa_0   0x00df8e    program     static X:\mandm\mandm\crit.c    
                   __pa_0   0x00e894    program     static X:\mandm\mandm\xlcd\wcmdxlcd.c
                   __pa_0   0x00e738    program     static X:\mandm\mandm\xlcd\putrxlcd.c
                   __pa_0   0x00ec20    program     static X:\mandm\mandm\xlcd\busyxlcd.c
                   __pa_0   0x00d85a    program     static X:\mandm\mandm\config.c  
                   __pa_0   0x00e7c6    program     static X:\mandm\mandm\xlcd\setddram.c
                   __pa_0   0x00e80c    program     static X:\mandm\mandm\xlcd\setcgram.c
                   __pa_0   0x00c1b6    program     static X:\mandm\mandm\mandm_vector.c
                   __pa_0   0x00e850    program     static X:\mandm\mandm\xlcd\writdata.c
                   __pa_0   0x00e3ee    program     static X:\mandm\mandm\xlcd\openxlcd.c
                   __pa_0   0x0087f6    program     static X:\mandm\mandm\daq.c     
                   __pa_0   0x00dd70    program     static X:\mandm\mandm\power.c   
                   __pa_0   0x00d35a    program     static E:\c18v3.46\pic18-lt\cxx-framework\src\extended\stdclib\vfprintf.c
                   __pa_0   0x005a3a    program     static X:\mandm\mandm\mandm8722.c
                   __pa_1   0x008828    program     static X:\mandm\mandm\daq.c     
                   __pa_1   0x00e3f8    program     static X:\mandm\mandm\xlcd\openxlcd.c
                   __pa_1   0x00c1c2    program     static X:\mandm\mandm\mandm_vector.c
                   __pa_1   0x00d86a    program     static X:\mandm\mandm\config.c  
                   __pa_1   0x00dfa4    program     static X:\mandm\mandm\crit.c    
                   __pa_1   0x00dd7c    program     static X:\mandm\mandm\power.c   
                   __pa_1   0x00d368    program     static E:\c18v3.46\pic18-lt\cxx-framework\src\extended\stdclib\vfprintf.c
                   __pa_1   0x005a4a    program     static X:\mandm\mandm\mandm8722.c
                  __pa_10   0x005b62    program     static X:\mandm\mandm\mandm8722.c
                  __pa_10   0x00ddd6    program     static X:\mandm\mandm\power.c   
                  __pa_10   0x00d8be    program     static X:\mandm\mandm\config.c  
                  __pa_10   0x00d3f6    program     static E:\c18v3.46\pic18-lt\cxx-framework\src\extended\stdclib\vfprintf.c
                 __pa_100   0x00607c    program     static X:\mandm\mandm\mandm8722.c
                 __pa_101   0x00608e    program     static X:\mandm\mandm\mandm8722.c
                 __pa_102   0x0060a0    program     static X:\mandm\mandm\mandm8722.c
                 __pa_103   0x0060b2    program     static X:\mandm\mandm\mandm8722.c
                 __pa_104   0x0060b8    program     static X:\mandm\mandm\mandm8722.c
                 __pa_105   0x0060be    program     static X:\mandm\mandm\mandm8722.c
                 __pa_106   0x0060ca    program     static X:\mandm\mandm\mandm8722.c
                 __pa_107   0x0060d6    program     static X:\mandm\mandm\mandm8722.c
                 __pa_108   0x0060e0    program     static X:\mandm\mandm\mandm8722.c
                 __pa_109   0x0060e8    program     static X:\mandm\mandm\mandm8722.c
                  __pa_11   0x00d406    program     static E:\c18v3.46\pic18-lt\cxx-framework\src\extended\stdclib\vfprintf.c
                  __pa_11   0x005b6e    program     static X:\mandm\mandm\mandm8722.c
                  __pa_11   0x00ddde    program     static X:\mandm\mandm\power.c   
                  __pa_11   0x00d8c4    program     static X:\mandm\mandm\config.c  
                 __pa_110   0x0060f0    program     static X:\mandm\mandm\mandm8722.c
                 __pa_111   0x0060fe    program     static X:\mandm\mandm\mandm8722.c
                 __pa_112   0x00610e    program     static X:\mandm\mandm\mandm8722.c
                 __pa_113   0x00611e    program     static X:\mandm\mandm\mandm8722.c
                 __pa_114   0x00612e    program     static X:\mandm\mandm\mandm8722.c
                 __pa_115   0x006136    program     static X:\mandm\mandm\mandm8722.c
                 __pa_116   0x006144    program     static X:\mandm\mandm\mandm8722.c
                 __pa_117   0x006152    program     static X:\mandm\mandm\mandm8722.c
                 __pa_118   0x00615c    program     static X:\mandm\mandm\mandm8722.c
                 __pa_119   0x006166    program     static X:\mandm\mandm\mandm8722.c
                  __pa_12   0x00d416    program     static E:\c18v3.46\pic18-lt\cxx-framework\src\extended\stdclib\vfprintf.c
                  __pa_12   0x005b82    program     static X:\mandm\mandm\mandm8722.c
                  __pa_12   0x00d8d0    program     static X:\mandm\mandm\config.c  
                  __pa_12   0x00dde8    program     static X:\mandm\mandm\power.c   
                 __pa_120   0x006170    program     static X:\mandm\mandm\mandm8722.c
                 __pa_121   0x00617a    program     static X:\mandm\mandm\mandm8722.c
                 __pa_122   0x006182    program     static X:\mandm\mandm\mandm8722.c
                 __pa_123   0x0061ac    program     static X:\mandm\mandm\mandm8722.c
                 __pa_124   0x0061e4    program     static X:\mandm\mandm\mandm8722.c
                 __pa_125   0x0061ee    program     static X:\mandm\mandm\mandm8722.c
                 __pa_126   0x0061f4    program     static X:\mandm\mandm\mandm8722.c
                 __pa_127   0x0061fa    program     static X:\mandm\mandm\mandm8722.c
                 __pa_128   0x006206    program     static X:\mandm\mandm\mandm8722.c
                 __pa_129   0x006210    program     static X:\mandm\mandm\mandm8722.c
                  __pa_13   0x00d8dc    program     static X:\mandm\mandm\config.c  
                  __pa_13   0x005b98    program     static X:\mandm\mandm\mandm8722.c
                  __pa_13   0x00d424    program     static E:\c18v3.46\pic18-lt\cxx-framework\src\extended\stdclib\vfprintf.c
                 __pa_130   0x006220    program     static X:\mandm\mandm\mandm8722.c
                 __pa_131   0x006230    program     static X:\mandm\mandm\mandm8722.c
                 __pa_132   0x00624a    program     static X:\mandm\mandm\mandm8722.c
                 __pa_133   0x006268    program     static X:\mandm\mandm\mandm8722.c
                 __pa_134   0x006278    program     static X:\mandm\mandm\mandm8722.c
                 __pa_135   0x0062a2    program     static X:\mandm\mandm\mandm8722.c
                 __pa_136   0x0062a8    program     static X:\mandm\mandm\mandm8722.c
                 __pa_137   0x0062ae    program     static X:\mandm\mandm\mandm8722.c
                 __pa_138   0x0062ba    program     static X:\mandm\mandm\mandm8722.c
                 __pa_139   0x0062d4    program     static X:\mandm\mandm\mandm8722.c
                  __pa_14   0x005b9e    program     static X:\mandm\mandm\mandm8722.c
                  __pa_14   0x00d442    program     static E:\c18v3.46\pic18-lt\cxx-framework\src\extended\stdclib\vfprintf.c
                  __pa_14   0x00d8e6    program     static X:\mandm\mandm\config.c  
                 __pa_140   0x0062da    program     static X:\mandm\mandm\mandm8722.c
                 __pa_141   0x0062f2    program     static X:\mandm\mandm\mandm8722.c
                 __pa_142   0x0062fe    program     static X:\mandm\mandm\mandm8722.c
                 __pa_143   0x006306    program     static X:\mandm\mandm\mandm8722.c
                 __pa_144   0x00631a    program     static X:\mandm\mandm\mandm8722.c
                 __pa_145   0x006334    program     static X:\mandm\mandm\mandm8722.c
                 __pa_146   0x00633c    program     static X:\mandm\mandm\mandm8722.c
                 __pa_147   0x00634a    program     static X:\mandm\mandm\mandm8722.c
                 __pa_148   0x006350    program     static X:\mandm\mandm\mandm8722.c
                 __pa_149   0x006356    program     static X:\mandm\mandm\mandm8722.c
                  __pa_15   0x00d44c    program     static E:\c18v3.46\pic18-lt\cxx-framework\src\extended\stdclib\vfprintf.c
                  __pa_15   0x005bb6    program     static X:\mandm\mandm\mandm8722.c
                  __pa_15   0x00d8ee    program     static X:\mandm\mandm\config.c  
                 __pa_150   0x006360    program     static X:\mandm\mandm\mandm8722.c
                 __pa_151   0x00636a    program     static X:\mandm\mandm\mandm8722.c
                 __pa_152   0x006386    program     static X:\mandm\mandm\mandm8722.c
                 __pa_153   0x00639a    program     static X:\mandm\mandm\mandm8722.c
                 __pa_154   0x0063ae    program     static X:\mandm\mandm\mandm8722.c
                 __pa_155   0x0063c0    program     static X:\mandm\mandm\mandm8722.c
                 __pa_156   0x0063d2    program     static X:\mandm\mandm\mandm8722.c
                 __pa_157   0x0063dc    program     static X:\mandm\mandm\mandm8722.c
                 __pa_158   0x0063e6    program     static X:\mandm\mandm\mandm8722.c
                 __pa_159   0x0063f0    program     static X:\mandm\mandm\mandm8722.c
                  __pa_16   0x00d8f8    program     static X:\mandm\mandm\config.c  
                  __pa_16   0x005bbc    program     static X:\mandm\mandm\mandm8722.c
                  __pa_16   0x00d452    program     static E:\c18v3.46\pic18-lt\cxx-framework\src\extended\stdclib\vfprintf.c
                 __pa_160   0x006404    program     static X:\mandm\mandm\mandm8722.c
                 __pa_161   0x006412    program     static X:\mandm\mandm\mandm8722.c
                 __pa_162   0x006422    program     static X:\mandm\mandm\mandm8722.c
                 __pa_163   0x00642a    program     static X:\mandm\mandm\mandm8722.c
                 __pa_164   0x006432    program     static X:\mandm\mandm\mandm8722.c
                 __pa_165   0x00643c    program     static X:\mandm\mandm\mandm8722.c
                 __pa_166   0x006450    program     static X:\mandm\mandm\mandm8722.c
                 __pa_167   0x006460    program     static X:\mandm\mandm\mandm8722.c
                 __pa_168   0x006474    program     static X:\mandm\mandm\mandm8722.c
                 __pa_169   0x006486    program     static X:\mandm\mandm\mandm8722.c
                  __pa_17   0x00d462    program     static E:\c18v3.46\pic18-lt\cxx-framework\src\extended\stdclib\vfprintf.c
                  __pa_17   0x005bc6    program     static X:\mandm\mandm\mandm8722.c
                  __pa_17   0x00d900    program     static X:\mandm\mandm\config.c  
                 __pa_170   0x006498    program     static X:\mandm\mandm\mandm8722.c
                 __pa_171   0x0064a6    program     static X:\mandm\mandm\mandm8722.c
                 __pa_172   0x0064b8    program     static X:\mandm\mandm\mandm8722.c
                 __pa_173   0x0064ca    program     static X:\mandm\mandm\mandm8722.c
                 __pa_174   0x0064dc    program     static X:\mandm\mandm\mandm8722.c
                 __pa_175   0x0064ee    program     static X:\mandm\mandm\mandm8722.c
                 __pa_176   0x006500    program     static X:\mandm\mandm\mandm8722.c
                 __pa_177   0x006512    program     static X:\mandm\mandm\mandm8722.c
[...]
                     PIE3   0x000fa3       data     extern E:\c18v3.46\pic18-lt\cxx-framework\src\extended\proc\p18f8722.asm
                 PIE3bits   0x000fa3       data     extern E:\c18v3.46\pic18-lt\cxx-framework\src\extended\proc\p18f8722.asm
                 PIR3bits   0x000fa4       data     extern E:\c18v3.46\pic18-lt\cxx-framework\src\extended\proc\p18f8722.asm
                     PIR3   0x000fa4       data     extern E:\c18v3.46\pic18-lt\cxx-framework\src\extended\proc\p18f8722.asm
                 IPR3bits   0x000fa5       data     extern E:\c18v3.46\pic18-lt\cxx-framework\src\extended\proc\p18f8722.asm
                     IPR3   0x000fa5       data     extern E:\c18v3.46\pic18-lt\cxx-framework\src\extended\proc\p18f8722.asm
                   EECON1   0x000fa6       data     extern E:\c18v3.46\pic18-lt\cxx-framework\src\extended\proc\p18f8722.asm
               EECON1bits   0x000fa6       data     extern E:\c18v3.46\pic18-lt\cxx-framework\src\extended\proc\p18f8722.asm
                   EECON2   0x000fa7       data     extern E:\c18v3.46\pic18-lt\cxx-framework\src\extended\proc\p18f8722.asm
                   EEDATA   0x000fa8       data     extern E:\c18v3.46\pic18-lt\cxx-framework\src\extended\proc\p18f8722.asm
                    EEADR   0x000fa9       data     extern E:\c18v3.46\pic18-lt\cxx-framework\src\extended\proc\p18f8722.asm
                   EEADRH   0x000faa       data     extern E:\c18v3.46\pic18-lt\cxx-framework\src\extended\proc\p18f8722.asm
               RCSTA1bits   0x000fab       data     extern E:\c18v3.46\pic18-lt\cxx-framework\src\extended\proc\p18f8722.asm
                   RCSTA1   0x000fab       data     extern E:\c18v3.46\pic18-lt\cxx-framework\src\extended\proc\p18f8722.asm
                    RCSTA   0x000fab       data     extern E:\c18v3.46\pic18-lt\cxx-framework\src\extended\proc\p18f8722.asm
                RCSTAbits   0x000fab       data     extern E:\c18v3.46\pic18-lt\cxx-framework\src\extended\proc\p18f8722.asm
                    TXSTA   0x000fac       data     extern E:\c18v3.46\pic18-lt\cxx-framework\src\extended\proc\p18f8722.asm
                   TXSTA1   0x000fac       data     extern E:\c18v3.46\pic18-lt\cxx-framework\src\extended\proc\p18f8722.asm
               TXSTA1bits   0x000fac       data     extern E:\c18v3.46\pic18-lt\cxx-framework\src\extended\proc\p18f8722.asm
                TXSTAbits   0x000fac       data     extern E:\c18v3.46\pic18-lt\cxx-framework\src\extended\proc\p18f8722.asm
                   TXREG1   0x000fad       data     extern E:\c18v3.46\pic18-lt\cxx-framework\src\extended\proc\p18f8722.asm
                    TXREG   0x000fad       data     extern E:\c18v3.46\pic18-lt\cxx-framework\src\extended\proc\p18f8722.asm
                   RCREG1   0x000fae       data     extern E:\c18v3.46\pic18-lt\cxx-framework\src\extended\proc\p18f8722.asm
                    RCREG   0x000fae       data     extern E:\c18v3.46\pic18-lt\cxx-framework\src\extended\proc\p18f8722.asm
                   SPBRG1   0x000faf       data     extern E:\c18v3.46\pic18-lt\cxx-framework\src\extended\proc\p18f8722.asm
                    SPBRG   0x000faf       data     extern E:\c18v3.46\pic18-lt\cxx-framework\src\extended\proc\p18f8722.asm
                   PSPCON   0x000fb0       data     extern E:\c18v3.46\pic18-lt\cxx-framework\src\extended\proc\p18f8722.asm
               PSPCONbits   0x000fb0       data     extern E:\c18v3.46\pic18-lt\cxx-framework\src\extended\proc\p18f8722.asm
                    T3CON   0x000fb1       data     extern E:\c18v3.46\pic18-lt\cxx-framework\src\extended\proc\p18f8722.asm
                T3CONbits   0x000fb1       data     extern E:\c18v3.46\pic18-lt\cxx-framework\src\extended\proc\p18f8722.asm
                    TMR3L   0x000fb2       data     extern E:\c18v3.46\pic18-lt\cxx-framework\src\extended\proc\p18f8722.asm
                    TMR3H   0x000fb3       data     extern E:\c18v3.46\pic18-lt\cxx-framework\src\extended\proc\p18f8722.asm
                CMCONbits   0x000fb4       data     extern E:\c18v3.46\pic18-lt\cxx-framework\src\extended\proc\p18f8722.asm
                    CMCON   0x000fb4       data     extern E:\c18v3.46\pic18-lt\cxx-framework\src\extended\proc\p18f8722.asm
                   CVRCON   0x000fb5       data     extern E:\c18v3.46\pic18-lt\cxx-framework\src\extended\proc\p18f8722.asm
               CVRCONbits   0x000fb5       data     extern E:\c18v3.46\pic18-lt\cxx-framework\src\extended\proc\p18f8722.asm
              ECCP1ASbits   0x000fb6       data     extern E:\c18v3.46\pic18-lt\cxx-framework\src\extended\proc\p18f8722.asm
                  ECCP1AS   0x000fb6       data     extern E:\c18v3.46\pic18-lt\cxx-framework\src\extended\proc\p18f8722.asm
             ECCP3CONbits   0x000fb7       data     extern E:\c18v3.46\pic18-lt\cxx-framework\src\extended\proc\p18f8722.asm
                 ECCP3CON   0x000fb7       data     extern E:\c18v3.46\pic18-lt\cxx-framework\src\extended\proc\p18f8722.asm
              CCP3CONbits   0x000fb7       data     extern E:\c18v3.46\pic18-lt\cxx-framework\src\extended\proc\p18f8722.asm
                  CCP3CON   0x000fb7       data     extern E:\c18v3.46\pic18-lt\cxx-framework\src\extended\proc\p18f8722.asm
                   CCPR3L   0x000fb8       data     extern E:\c18v3.46\pic18-lt\cxx-framework\src\extended\proc\p18f8722.asm
                    CCPR3   0x000fb8       data     extern E:\c18v3.46\pic18-lt\cxx-framework\src\extended\proc\p18f8722.asm
                   CCPR3H   0x000fb9       data     extern E:\c18v3.46\pic18-lt\cxx-framework\src\extended\proc\p18f8722.asm
                  CCP2CON   0x000fba       data     extern E:\c18v3.46\pic18-lt\cxx-framework\src\extended\proc\p18f8722.asm
             ECCP2CONbits   0x000fba       data     extern E:\c18v3.46\pic18-lt\cxx-framework\src\extended\proc\p18f8722.asm
                 ECCP2CON   0x000fba       data     extern E:\c18v3.46\pic18-lt\cxx-framework\src\extended\proc\p18f8722.asm
              CCP2CONbits   0x000fba       data     extern E:\c18v3.46\pic18-lt\cxx-framework\src\extended\proc\p18f8722.asm
                   CCPR2L   0x000fbb       data     extern E:\c18v3.46\pic18-lt\cxx-framework\src\extended\proc\p18f8722.asm
                    CCPR2   0x000fbb       data     extern E:\c18v3.46\pic18-lt\cxx-framework\src\extended\proc\p18f8722.asm
                   CCPR2H   0x000fbc       data     extern E:\c18v3.46\pic18-lt\cxx-framework\src\extended\proc\p18f8722.asm
                  CCP1CON   0x000fbd       data     extern E:\c18v3.46\pic18-lt\cxx-framework\src\extended\proc\p18f8722.asm
              CCP1CONbits   0x000fbd       data     extern E:\c18v3.46\pic18-lt\cxx-framework\src\extended\proc\p18f8722.asm
             ECCP1CONbits   0x000fbd       data     extern E:\c18v3.46\pic18-lt\cxx-framework\src\extended\proc\p18f8722.asm
                 ECCP1CON   0x000fbd       data     extern E:\c18v3.46\pic18-lt\cxx-framework\src\extended\proc\p18f8722.asm
                    CCPR1   0x000fbe       data     extern E:\c18v3.46\pic18-lt\cxx-framework\src\extended\proc\p18f8722.asm
                   CCPR1L   0x000fbe       data     extern E:\c18v3.46\pic18-lt\cxx-framework\src\extended\proc\p18f8722.asm
                   CCPR1H   0x000fbf       data     extern E:\c18v3.46\pic18-lt\cxx-framework\src\extended\proc\p18f8722.asm
                   ADCON2   0x000fc0       data     extern E:\c18v3.46\pic18-lt\cxx-framework\src\extended\proc\p18f8722.asm
               ADCON2bits   0x000fc0       data     extern E:\c18v3.46\pic18-lt\cxx-framework\src\extended\proc\p18f8722.asm
                   ADCON1   0x000fc1       data     extern E:\c18v3.46\pic18-lt\cxx-framework\src\extended\proc\p18f8722.asm
               ADCON1bits   0x000fc1       data     extern E:\c18v3.46\pic18-lt\cxx-framework\src\extended\proc\p18f8722.asm
               ADCON0bits   0x000fc2       data     extern E:\c18v3.46\pic18-lt\cxx-framework\src\extended\proc\p18f8722.asm
                   ADCON0   0x000fc2       data     extern E:\c18v3.46\pic18-lt\cxx-framework\src\extended\proc\p18f8722.asm
                    ADRES   0x000fc3       data     extern E:\c18v3.46\pic18-lt\cxx-framework\src\extended\proc\p18f8722.asm
                   ADRESL   0x000fc3       data     extern E:\c18v3.46\pic18-lt\cxx-framework\src\extended\proc\p18f8722.asm
                   ADRESH   0x000fc4       data     extern E:\c18v3.46\pic18-lt\cxx-framework\src\extended\proc\p18f8722.asm
              SSPCON2bits   0x000fc5       data     extern E:\c18v3.46\pic18-lt\cxx-framework\src\extended\proc\p18f8722.asm
                  SSPCON2   0x000fc5       data     extern E:\c18v3.46\pic18-lt\cxx-framework\src\extended\proc\p18f8722.asm
                 SSP1CON2   0x000fc5       data     extern E:\c18v3.46\pic18-lt\cxx-framework\src\extended\proc\p18f8722.asm
             SSP1CON2bits   0x000fc5       data     extern E:\c18v3.46\pic18-lt\cxx-framework\src\extended\proc\p18f8722.asm
             SSP1CON1bits   0x000fc6       data     extern E:\c18v3.46\pic18-lt\cxx-framework\src\extended\proc\p18f8722.asm
                 SSP1CON1   0x000fc6       data     extern E:\c18v3.46\pic18-lt\cxx-framework\src\extended\proc\p18f8722.asm
                  SSPCON1   0x000fc6       data     extern E:\c18v3.46\pic18-lt\cxx-framework\src\extended\proc\p18f8722.asm
              SSPCON1bits   0x000fc6       data     extern E:\c18v3.46\pic18-lt\cxx-framework\src\extended\proc\p18f8722.asm
                  SSPSTAT   0x000fc7       data     extern E:\c18v3.46\pic18-lt\cxx-framework\src\extended\proc\p18f8722.asm
                 SSP1STAT   0x000fc7       data     extern E:\c18v3.46\pic18-lt\cxx-framework\src\extended\proc\p18f8722.asm
              SSPSTATbits   0x000fc7       data     extern E:\c18v3.46\pic18-lt\cxx-framework\src\extended\proc\p18f8722.asm
             SSP1STATbits   0x000fc7       data     extern E:\c18v3.46\pic18-lt\cxx-framework\src\extended\proc\p18f8722.asm
                  SSP1ADD   0x000fc8       data     extern E:\c18v3.46\pic18-lt\cxx-framework\src\extended\proc\p18f8722.asm
                   SSPADD   0x000fc8       data     extern E:\c18v3.46\pic18-lt\cxx-framework\src\extended\proc\p18f8722.asm
                   SSPBUF   0x000fc9       data     extern E:\c18v3.46\pic18-lt\cxx-framework\src\extended\proc\p18f8722.asm
                  SSP1BUF   0x000fc9       data     extern E:\c18v3.46\pic18-lt\cxx-framework\src\extended\proc\p18f8722.asm
                T2CONbits   0x000fca       data     extern E:\c18v3.46\pic18-lt\cxx-framework\src\extended\proc\p18f8722.asm
                    T2CON   0x000fca       data     extern E:\c18v3.46\pic18-lt\cxx-framework\src\extended\proc\p18f8722.asm
                      PR2   0x000fcb       data     extern E:\c18v3.46\pic18-lt\cxx-framework\src\extended\proc\p18f8722.asm
                     TMR2   0x000fcc       data     extern E:\c18v3.46\pic18-lt\cxx-framework\src\extended\proc\p18f8722.asm
                    T1CON   0x000fcd       data     extern E:\c18v3.46\pic18-lt\cxx-framework\src\extended\proc\p18f8722.asm
                T1CONbits   0x000fcd       data     extern E:\c18v3.46\pic18-lt\cxx-framework\src\extended\proc\p18f8722.asm
                    TMR1L   0x000fce       data     extern E:\c18v3.46\pic18-lt\cxx-framework\src\extended\proc\p18f8722.asm
                    TMR1H   0x000fcf       data     extern E:\c18v3.46\pic18-lt\cxx-framework\src\extended\proc\p18f8722.asm
                     RCON   0x000fd0       data     extern E:\c18v3.46\pic18-lt\cxx-framework\src\extended\proc\p18f8722.asm
                 RCONbits   0x000fd0       data     extern E:\c18v3.46\pic18-lt\cxx-framework\src\extended\proc\p18f8722.asm
               WDTCONbits   0x000fd1       data     extern E:\c18v3.46\pic18-lt\cxx-framework\src\extended\proc\p18f8722.asm
                   WDTCON   0x000fd1       data     extern E:\c18v3.46\pic18-lt\cxx-framework\src\extended\proc\p18f8722.asm
               LVDCONbits   0x000fd2       data     extern E:\c18v3.46\pic18-lt\cxx-framework\src\extended\proc\p18f8722.asm
                   LVDCON   0x000fd2       data     extern E:\c18v3.46\pic18-lt\cxx-framework\src\extended\proc\p18f8722.asm
              HLVDCONbits   0x000fd2       data     extern E:\c18v3.46\pic18-lt\cxx-framework\src\extended\proc\p18f8722.asm
                  HLVDCON   0x000fd2       data     extern E:\c18v3.46\pic18-lt\cxx-framework\src\extended\proc\p18f8722.asm
               OSCCONbits   0x000fd3       data     extern E:\c18v3.46\pic18-lt\cxx-framework\src\extended\proc\p18f8722.asm
                   OSCCON   0x000fd3       data     extern E:\c18v3.46\pic18-lt\cxx-framework\src\extended\proc\p18f8722.asm
                T0CONbits   0x000fd5       data     extern E:\c18v3.46\pic18-lt\cxx-framework\src\extended\proc\p18f8722.asm
                    T0CON   0x000fd5       data     extern E:\c18v3.46\pic18-lt\cxx-framework\src\extended\proc\p18f8722.asm
                    TMR0L   0x000fd6       data     extern E:\c18v3.46\pic18-lt\cxx-framework\src\extended\proc\p18f8722.asm
                    TMR0H   0x000fd7       data     extern E:\c18v3.46\pic18-lt\cxx-framework\src\extended\proc\p18f8722.asm
               STATUSbits   0x000fd8       data     extern E:\c18v3.46\pic18-lt\cxx-framework\src\extended\proc\p18f8722.asm
                   STATUS   0x000fd8       data     extern E:\c18v3.46\pic18-lt\cxx-framework\src\extended\proc\p18f8722.asm
                    FSR2L   0x000fd9       data     extern E:\c18v3.46\pic18-lt\cxx-framework\src\extended\proc\p18f8722.asm
                     FSR2   0x000fd9       data     extern E:\c18v3.46\pic18-lt\cxx-framework\src\extended\proc\p18f8722.asm
                    FSR2H   0x000fda       data     extern E:\c18v3.46\pic18-lt\cxx-framework\src\extended\proc\p18f8722.asm
                   PLUSW2   0x000fdb       data     extern E:\c18v3.46\pic18-lt\cxx-framework\src\extended\proc\p18f8722.asm
                  PREINC2   0x000fdc       data     extern E:\c18v3.46\pic18-lt\cxx-framework\src\extended\proc\p18f8722.asm
                 POSTDEC2   0x000fdd       data     extern E:\c18v3.46\pic18-lt\cxx-framework\src\extended\proc\p18f8722.asm
                 POSTINC2   0x000fde       data     extern E:\c18v3.46\pic18-lt\cxx-framework\src\extended\proc\p18f8722.asm
                    INDF2   0x000fdf       data     extern E:\c18v3.46\pic18-lt\cxx-framework\src\extended\proc\p18f8722.asm
                      BSR   0x000fe0       data     extern E:\c18v3.46\pic18-lt\cxx-framework\src\extended\proc\p18f8722.asm
                    FSR1L   0x000fe1       data     extern E:\c18v3.46\pic18-lt\cxx-framework\src\extended\proc\p18f8722.asm
                     FSR1   0x000fe1       data     extern E:\c18v3.46\pic18-lt\cxx-framework\src\extended\proc\p18f8722.asm
                    FSR1H   0x000fe2       data     extern E:\c18v3.46\pic18-lt\cxx-framework\src\extended\proc\p18f8722.asm
                   PLUSW1   0x000fe3       data     extern E:\c18v3.46\pic18-lt\cxx-framework\src\extended\proc\p18f8722.asm
                  PREINC1   0x000fe4       data     extern E:\c18v3.46\pic18-lt\cxx-framework\src\extended\proc\p18f8722.asm
                 POSTDEC1   0x000fe5       data     extern E:\c18v3.46\pic18-lt\cxx-framework\src\extended\proc\p18f8722.asm
                 POSTINC1   0x000fe6       data     extern E:\c18v3.46\pic18-lt\cxx-framework\src\extended\proc\p18f8722.asm
                    INDF1   0x000fe7       data     extern E:\c18v3.46\pic18-lt\cxx-framework\src\extended\proc\p18f8722.asm
                     WREG   0x000fe8       data     extern E:\c18v3.46\pic18-lt\cxx-framework\src\extended\proc\p18f8722.asm
                    FSR0L   0x000fe9       data     extern E:\c18v3.46\pic18-lt\cxx-framework\src\extended\proc\p18f8722.asm
                     FSR0   0x000fe9       data     extern E:\c18v3.46\pic18-lt\cxx-framework\src\extended\proc\p18f8722.asm
                    FSR0H   0x000fea       data     extern E:\c18v3.46\pic18-lt\cxx-framework\src\extended\proc\p18f8722.asm
                   PLUSW0   0x000feb       data     extern E:\c18v3.46\pic18-lt\cxx-framework\src\extended\proc\p18f8722.asm
                  PREINC0   0x000fec       data     extern E:\c18v3.46\pic18-lt\cxx-framework\src\extended\proc\p18f8722.asm
                 POSTDEC0   0x000fed       data     extern E:\c18v3.46\pic18-lt\cxx-framework\src\extended\proc\p18f8722.asm
                 POSTINC0   0x000fee       data     extern E:\c18v3.46\pic18-lt\cxx-framework\src\extended\proc\p18f8722.asm
                    INDF0   0x000fef       data     extern E:\c18v3.46\pic18-lt\cxx-framework\src\extended\proc\p18f8722.asm
              INTCON3bits   0x000ff0       data     extern E:\c18v3.46\pic18-lt\cxx-framework\src\extended\proc\p18f8722.asm
                  INTCON3   0x000ff0       data     extern E:\c18v3.46\pic18-lt\cxx-framework\src\extended\proc\p18f8722.asm
              INTCON2bits   0x000ff1       data     extern E:\c18v3.46\pic18-lt\cxx-framework\src\extended\proc\p18f8722.asm
                  INTCON2   0x000ff1       data     extern E:\c18v3.46\pic18-lt\cxx-framework\src\extended\proc\p18f8722.asm
                   INTCON   0x000ff2       data     extern E:\c18v3.46\pic18-lt\cxx-framework\src\extended\proc\p18f8722.asm
               INTCONbits   0x000ff2       data     extern E:\c18v3.46\pic18-lt\cxx-framework\src\extended\proc\p18f8722.asm
                    PRODL   0x000ff3       data     extern E:\c18v3.46\pic18-lt\cxx-framework\src\extended\proc\p18f8722.asm
                     PROD   0x000ff3       data     extern E:\c18v3.46\pic18-lt\cxx-framework\src\extended\proc\p18f8722.asm
                    PRODH   0x000ff4       data     extern E:\c18v3.46\pic18-lt\cxx-framework\src\extended\proc\p18f8722.asm
                   TABLAT   0x000ff5       data     extern E:\c18v3.46\pic18-lt\cxx-framework\src\extended\proc\p18f8722.asm
                   TBLPTR   0x000ff6       data     extern E:\c18v3.46\pic18-lt\cxx-framework\src\extended\proc\p18f8722.asm
                  TBLPTRL   0x000ff6       data     extern E:\c18v3.46\pic18-lt\cxx-framework\src\extended\proc\p18f8722.asm
                  TBLPTRH   0x000ff7       data     extern E:\c18v3.46\pic18-lt\cxx-framework\src\extended\proc\p18f8722.asm
                  TBLPTRU   0x000ff8       data     extern E:\c18v3.46\pic18-lt\cxx-framework\src\extended\proc\p18f8722.asm
                      PCL   0x000ff9       data     extern E:\c18v3.46\pic18-lt\cxx-framework\src\extended\proc\p18f8722.asm
                       PC   0x000ff9       data     extern E:\c18v3.46\pic18-lt\cxx-framework\src\extended\proc\p18f8722.asm
                   PCLATH   0x000ffa       data     extern E:\c18v3.46\pic18-lt\cxx-framework\src\extended\proc\p18f8722.asm
                   PCLATU   0x000ffb       data     extern E:\c18v3.46\pic18-lt\cxx-framework\src\extended\proc\p18f8722.asm
                   STKPTR   0x000ffc       data     extern E:\c18v3.46\pic18-lt\cxx-framework\src\extended\proc\p18f8722.asm
               STKPTRbits   0x000ffc       data     extern E:\c18v3.46\pic18-lt\cxx-framework\src\extended\proc\p18f8722.asm
                      TOS   0x000ffd       data     extern E:\c18v3.46\pic18-lt\cxx-framework\src\extended\proc\p18f8722.asm
                     TOSL   0x000ffd       data     extern E:\c18v3.46\pic18-lt\cxx-framework\src\extended\proc\p18f8722.asm
                     TOSH   0x000ffe       data     extern E:\c18v3.46\pic18-lt\cxx-framework\src\extended\proc\p18f8722.asm
                     TOSU   0x000fff       data     extern E:\c18v3.46\pic18-lt\cxx-framework\src\extended\proc\p18f8722.asm


