MPLINK 4.46, Linker
Linker Map File - Created Sun Jun 09 15:29:38 2013

                                 Section Info
                  Section       Type    Address   Location Size(Bytes)
                ---------  ---------  ---------  ---------  ---------
               _entry_scn       code   0x000000    program   0x000006
       .code__user_putc.o       code   0x000006    program   0x000002
           tick_interrupt       code   0x000008    program   0x000006
          .code_adcbusy.o       code   0x00000e    program   0x00000a
           work_interrupt       code   0x000018    program   0x000006
                   .cinit    romdata   0x00001e    program   0x00004a
        .code_mandm8722.o       code   0x000068    program   0x0075ac
              .code_daq.o       code   0x007614    program   0x001cbc
             .stringtable    romdata   0x0092d0    program   0x0015c7
     .romdata_mandm8722.o    romdata   0x00a897    program   0x00133a
       .romdata_adcopen.o    romdata   0x00bbd1    program   0x000000
        .romdata_u1open.o    romdata   0x00bbd1    program   0x000000
        .idata_u1open.o_i    romdata   0x00bbd1    program   0x000000
       .idata_fxm3232.o_i    romdata   0x00bbd1    program   0x000000
      .romdata_fxd3232u.o    romdata   0x00bbd1    program   0x000000
      .idata_fxd1616u.o_i    romdata   0x00bbd1    program   0x000000
       .idata_adcconv.o_i    romdata   0x00bbd1    program   0x000000
      .idata_busy_eep.o_i    romdata   0x00bbd1    program   0x000000
    .idata__user_putc.o_i    romdata   0x00bbd1    program   0x000000
       .romdata_adcbusy.o    romdata   0x00bbd1    program   0x000000
        .romdata_config.o    romdata   0x00bbd1    program   0x000000
      .romdata_busyxlcd.o    romdata   0x00bbd1    program   0x000000
      .romdata_wcmdxlcd.o    romdata   0x00bbd1    program   0x000000
      .romdata_setddram.o    romdata   0x00bbd1    program   0x000000
      .idata_setddram.o_i    romdata   0x00bbd1    program   0x000000
      .romdata_readdata.o    romdata   0x00bbd1    program   0x000000
      .idata_readdata.o_i    romdata   0x00bbd1    program   0x000000
      .romdata_putrxlcd.o    romdata   0x00bbd1    program   0x000000
      .idata_putrxlcd.o_i    romdata   0x00bbd1    program   0x000000
        .romdata___init.o    romdata   0x00bbd1    program   0x000000
       .romdata_write_B.o    romdata   0x00bbd1    program   0x000000
        .romdata_u2defs.o    romdata   0x00bbd1    program   0x000000
        .idata_u2defs.o_i    romdata   0x00bbd1    program   0x000000
      .romdata_adcsetch.o    romdata   0x00bbd1    program   0x000000
        .romdata_read_B.o    romdata   0x00bbd1    program   0x000000
        .idata_read_B.o_i    romdata   0x00bbd1    program   0x000000
       .idata_adcread.o_i    romdata   0x00bbd1    program   0x000000
        .romdata_u2read.o    romdata   0x00bbd1    program   0x000000
        .idata_u2read.o_i    romdata   0x00bbd1    program   0x000000
        .romdata_t4open.o    romdata   0x00bbd1    program   0x000000
        .idata_t4open.o_i    romdata   0x00bbd1    program   0x000000
        .romdata_t3open.o    romdata   0x00bbd1    program   0x000000
        .idata_t3open.o_i    romdata   0x00bbd1    program   0x000000
       .idata_u2putrs.o_i    romdata   0x00bbd1    program   0x000000
        .romdata_t0open.o    romdata   0x00bbd1    program   0x000000
       .romdata_u2putrs.o    romdata   0x00bbd1    program   0x000000
      .idata_vfprintf.o_i    romdata   0x00bbd1    program   0x000000
        .idata_t0open.o_i    romdata   0x00bbd1    program   0x000000
      .idata_writdata.o_i    romdata   0x00bbd1    program   0x000000
           .romdata_daq.o    romdata   0x00bbd1    program   0x000000
         .romdata_power.o    romdata   0x00bbd1    program   0x000000
         .idata_power.o_i    romdata   0x00bbd1    program   0x000000
         .romdata_model.o    romdata   0x00bbd1    program   0x000000
         .idata_model.o_i    romdata   0x00bbd1    program   0x000000
        .romdata_hwconf.o    romdata   0x00bbd1    program   0x000000
        .idata_c018iz.o_i    romdata   0x00bbd1    program   0x000000
           .code_u2defs.o       code   0x00bbd2    program   0x000000
            .code_model.o       code   0x00bbd2    program   0x000000
     .code_mandm_vector.o       code   0x00bbd2    program   0x000e30
         .code_vfprintf.o       code   0x00ca02    program   0x000c22
                     PROG       code   0x00d624    program   0x0006c2
            .code_power.o       code   0x00dce6    program   0x000486
           .code_config.o       code   0x00e16c    program   0x000340
             .code_crit.o       code   0x00e4ac    program   0x0001f2
           .code_hwconf.o       code   0x00e69e    program   0x0001a8
                   STRING       code   0x00e846    program   0x000192
          .code_sprintf.o       code   0x00e9d8    program   0x0000ac
               _cinit_scn       code   0x00ea84    program   0x00009e
         .code_openxlcd.o       code   0x00eb22    program   0x00009a
           .code_u2open.o       code   0x00ebbc    program   0x00008a
           .code_u1open.o       code   0x00ec46    program   0x000084
             .code_putc.o       code   0x00ecca    program   0x000084
          .code_write_B.o       code   0x00ed4e    program   0x000078
          .code_fxm3232.o       code   0x00edc6    program   0x000070
          .code_adcopen.o       code   0x00ee36    program   0x00006e
          .code_u2putrs.o       code   0x00eea4    program   0x000064
           .code_read_B.o       code   0x00ef08    program   0x00005c
         .code_putrxlcd.o       code   0x00ef64    program   0x000054
           .code_u2puts.o       code   0x00efb8    program   0x00004c
         .code_setddram.o       code   0x00f004    program   0x000048
         .code_setcgram.o       code   0x00f04c    program   0x000048
         .code_fxd3232u.o       code   0x00f094    program   0x000048
         .code_writdata.o       code   0x00f0dc    program   0x000046
         .code_wcmdxlcd.o       code   0x00f122    program   0x000046
         .code_readdata.o       code   0x00f168    program   0x000044
         .code_readaddr.o       code   0x00f1ac    program   0x000044
           .code_t3open.o       code   0x00f1f0    program   0x000042
         .code_putsxlcd.o       code   0x00f232    program   0x000042
           .code_u2read.o       code   0x00f274    program   0x00003e
           .code_u1read.o       code   0x00f2b2    program   0x00003e
                   STDLIB       code   0x00f2f0    program   0x00003c
          .code_t3write.o       code   0x00f32c    program   0x000038
          .code_t0write.o       code   0x00f364    program   0x000038
           .code_t0open.o       code   0x00f39c    program   0x000038
           .code_t4open.o       code   0x00f3d4    program   0x000036
             D10KTCYXCODE       code   0x00f40a    program   0x00002e
          .code_u2write.o       code   0x00f438    program   0x00002e
         .code_adcsetch.o       code   0x00f466    program   0x00002e
         .code_fxd1616u.o       code   0x00f494    program   0x00002c
         .code_busyxlcd.o       code   0x00f4c0    program   0x00002c
                    CTYPE       code   0x00f4ec    program   0x000024
             _startup_scn       code   0x00f510    program   0x000020
                    .code       code   0x00f530    program   0x000020
                    STDIO       code   0x00f550    program   0x00001c
              D10TCYXCODE       code   0x00f56c    program   0x000016
          .code_adcread.o       code   0x00f582    program   0x000012
      .romdata_vfprintf.o    romdata   0x00f594    program   0x000011
       .romdata_u2write.o    romdata   0x00f5a5    program   0x000000
       .idata_u2write.o_i    romdata   0x00f5a5    program   0x000000
          .idata_putc.o_i    romdata   0x00f5a5    program   0x000000
          .romdata_putc.o    romdata   0x00f5a5    program   0x000000
        .idata_hwconf.o_i    romdata   0x00f5a5    program   0x000000
    .romdata__user_putc.o    romdata   0x00f5a5    program   0x000000
      .idata_readaddr.o_i    romdata   0x00f5a5    program   0x000000
        .romdata_u1defs.o    romdata   0x00f5a5    program   0x000000
        .romdata_c018iz.o    romdata   0x00f5a5    program   0x000000
      .romdata_openxlcd.o    romdata   0x00f5a5    program   0x000000
       .idata_t0write.o_i    romdata   0x00f5a5    program   0x000000
       .romdata_t0write.o    romdata   0x00f5a5    program   0x000000
      .idata_openxlcd.o_i    romdata   0x00f5a5    program   0x000000
       .romdata_sprintf.o    romdata   0x00f5a5    program   0x000000
       .idata_sprintf.o_i    romdata   0x00f5a5    program   0x000000
       .idata_t3write.o_i    romdata   0x00f5a5    program   0x000000
       .romdata_t3write.o    romdata   0x00f5a5    program   0x000000
        .romdata_u2puts.o    romdata   0x00f5a5    program   0x000000
       .idata_write_B.o_i    romdata   0x00f5a5    program   0x000000
      .romdata_putsxlcd.o    romdata   0x00f5a5    program   0x000000
        .idata_u2puts.o_i    romdata   0x00f5a5    program   0x000000
      .idata_putsxlcd.o_i    romdata   0x00f5a5    program   0x000000
        .idata___init.o_i    romdata   0x00f5a5    program   0x000000
          .romdata_crit.o    romdata   0x00f5a5    program   0x000000
  .romdata_mandm_vector.o    romdata   0x00f5a5    program   0x000000
      .idata_busyxlcd.o_i    romdata   0x00f5a5    program   0x000000
        .idata_config.o_i    romdata   0x00f5a5    program   0x000000
      .idata_wcmdxlcd.o_i    romdata   0x00f5a5    program   0x000000
       .idata_adcbusy.o_i    romdata   0x00f5a5    program   0x000000
      .romdata_busy_eep.o    romdata   0x00f5a5    program   0x000000
       .romdata_adcconv.o    romdata   0x00f5a5    program   0x000000
      .romdata_fxd1616u.o    romdata   0x00f5a5    program   0x000000
      .idata_fxd3232u.o_i    romdata   0x00f5a5    program   0x000000
       .romdata_fxm3232.o    romdata   0x00f5a5    program   0x000000
        .idata_u2open.o_i    romdata   0x00f5a5    program   0x000000
        .romdata_u2open.o    romdata   0x00f5a5    program   0x000000
       .idata_adcopen.o_i    romdata   0x00f5a5    program   0x000000
        .idata_u1defs.o_i    romdata   0x00f5a5    program   0x000000
      .romdata_readaddr.o    romdata   0x00f5a5    program   0x000000
      .idata_adcsetch.o_i    romdata   0x00f5a5    program   0x000000
       .romdata_adcread.o    romdata   0x00f5a5    program   0x000000
      .romdata_writdata.o    romdata   0x00f5a5    program   0x000000
      .idata_setcgram.o_i    romdata   0x00f5a5    program   0x000000
        .romdata_u1read.o    romdata   0x00f5a5    program   0x000000
        .idata_u1read.o_i    romdata   0x00f5a5    program   0x000000
      .romdata_setcgram.o    romdata   0x00f5a5    program   0x000000
           .code_c018iz.o       code   0x00f5a6    program   0x000000
           .code_u1defs.o       code   0x00f5a6    program   0x000000
         .code_busy_eep.o       code   0x00f5a6    program   0x000006
          .code_adcconv.o       code   0x00f5ac    program   0x000004
           .code___init.o       code   0x00f5b0    program   0x000002
                  gpr10_i    romdata   0x00f5b2    program   0x000030
              SEED_DATA_i    romdata   0x00f5e2    program   0x000002
  .idata_mandm_vector.o_i    romdata   0x00f5e4    program   0x000012
     .idata_mandm8722.o_i    romdata   0x00f5f6    program   0x000095
           .idata_daq.o_i    romdata   0x00f68b    program   0x000004
          .idata_crit.o_i    romdata   0x00f68f    program   0x000002
.config_300001_mandm8722.o    romdata   0x300001    program   0x000001
.config_300002_mandm8722.o    romdata   0x300002    program   0x000001
.config_300003_mandm8722.o    romdata   0x300003    program   0x000001
.config_300004_mandm8722.o    romdata   0x300004    program   0x000001
.config_300005_mandm8722.o    romdata   0x300005    program   0x000001
.config_300006_mandm8722.o    romdata   0x300006    program   0x000001
.config_300008_mandm8722.o    romdata   0x300008    program   0x000001
.config_300009_mandm8722.o    romdata   0x300009    program   0x000001
.config_30000a_mandm8722.o    romdata   0x30000a    program   0x000001
.config_30000b_mandm8722.o    romdata   0x30000b    program   0x000001
.config_30000c_mandm8722.o    romdata   0x30000c    program   0x000001
.config_30000d_mandm8722.o    romdata   0x30000d    program   0x000001
                 .tmpdata      udata   0x000000       data   0x000024
                MATH_DATA      udata   0x000024       data   0x000014
         tick_handler_tmp      udata   0x000038       data   0x000004
                DELAYDAT2      udata   0x00003c       data   0x000001
                DELAYDAT1      udata   0x00003d       data   0x000001
              ISRHtmpdata      udata   0x00003e       data   0x000000
       .idata_mandm8722.o      idata   0x000060       data   0x000095
          .udata_c018iz.o      udata   0x0000f5       data   0x00000a
                     gpr4      udata   0x0000ff       data   0x000001
                     gpr2      udata   0x000100       data   0x0000fc
             .idata_daq.o      idata   0x0001fc       data   0x000004
                    gpr13      udata   0x000200       data   0x0000fb
          .udata_u2defs.o      udata   0x0002fb       data   0x000001
          .udata_u1defs.o      udata   0x0002fc       data   0x000001
          .udata_hwconf.o      udata   0x0002fd       data   0x000001
          .udata_config.o      udata   0x0002fe       data   0x000001
          .idata_u1read.o      idata   0x0002ff       data   0x000000
          .udata_u1read.o      udata   0x0002ff       data   0x000000
          .idata_t4open.o      idata   0x0002ff       data   0x000000
          .udata_u2read.o      udata   0x0002ff       data   0x000000
          .idata_u2read.o      idata   0x0002ff       data   0x000000
         .udata_adcread.o      udata   0x0002ff       data   0x000000
         .idata_adcread.o      idata   0x0002ff       data   0x000000
          .udata_read_B.o      udata   0x0002ff       data   0x000000
          .idata_read_B.o      idata   0x0002ff       data   0x000000
          .udata_t4open.o      udata   0x0002ff       data   0x000000
          .idata_t3open.o      idata   0x0002ff       data   0x000000
          .udata_t3open.o      udata   0x0002ff       data   0x000000
          .idata_t0open.o      idata   0x0002ff       data   0x000000
          .udata_t0open.o      udata   0x0002ff       data   0x000000
         .idata_adcopen.o      idata   0x0002ff       data   0x000000
         .udata_adcopen.o      udata   0x0002ff       data   0x000000
          .idata_u2open.o      idata   0x0002ff       data   0x000000
          .udata_u2open.o      udata   0x0002ff       data   0x000000
          .idata_u1open.o      idata   0x0002ff       data   0x000000
          .udata_u1open.o      udata   0x0002ff       data   0x000000
         .idata_fxm3232.o      idata   0x0002ff       data   0x000000
         .udata_fxm3232.o      udata   0x0002ff       data   0x000000
        .idata_fxd3232u.o      idata   0x0002ff       data   0x000000
      .idata__user_putc.o      idata   0x0002ff       data   0x000000
      .udata__user_putc.o      udata   0x0002ff       data   0x000000
            .idata_putc.o      idata   0x0002ff       data   0x000000
            .udata_putc.o      udata   0x0002ff       data   0x000000
        .idata_vfprintf.o      idata   0x0002ff       data   0x000000
        .udata_vfprintf.o      udata   0x0002ff       data   0x000000
         .idata_sprintf.o      idata   0x0002ff       data   0x000000
         .udata_sprintf.o      udata   0x0002ff       data   0x000000
          .idata_u2puts.o      idata   0x0002ff       data   0x000000
          .udata_u2puts.o      udata   0x0002ff       data   0x000000
         .idata_u2putrs.o      idata   0x0002ff       data   0x000000
         .udata_u2putrs.o      udata   0x0002ff       data   0x000000
          .idata___init.o      idata   0x0002ff       data   0x000000
          .udata___init.o      udata   0x0002ff       data   0x000000
         .idata_write_B.o      idata   0x0002ff       data   0x000000
         .udata_write_B.o      udata   0x0002ff       data   0x000000
         .idata_t3write.o      idata   0x0002ff       data   0x000000
         .udata_t3write.o      udata   0x0002ff       data   0x000000
         .idata_t0write.o      idata   0x0002ff       data   0x000000
         .udata_t0write.o      udata   0x0002ff       data   0x000000
         .idata_u2write.o      idata   0x0002ff       data   0x000000
         .udata_u2write.o      udata   0x0002ff       data   0x000000
          .idata_u2defs.o      idata   0x0002ff       data   0x000000
          .idata_u1defs.o      idata   0x0002ff       data   0x000000
        .idata_adcsetch.o      idata   0x0002ff       data   0x000000
        .udata_adcsetch.o      udata   0x0002ff       data   0x000000
        .udata_readdata.o      udata   0x0002ff       data   0x000000
        .idata_readaddr.o      idata   0x0002ff       data   0x000000
        .udata_readaddr.o      udata   0x0002ff       data   0x000000
        .idata_putsxlcd.o      idata   0x0002ff       data   0x000000
        .udata_putsxlcd.o      udata   0x0002ff       data   0x000000
        .idata_putrxlcd.o      idata   0x0002ff       data   0x000000
        .udata_putrxlcd.o      udata   0x0002ff       data   0x000000
        .idata_openxlcd.o      idata   0x0002ff       data   0x000000
        .udata_openxlcd.o      udata   0x0002ff       data   0x000000
        .idata_writdata.o      idata   0x0002ff       data   0x000000
        .udata_writdata.o      udata   0x0002ff       data   0x000000
                     gpr6      udata   0x0002ff       data   0x000000
       .udata_mandm8722.o      udata   0x0002ff       data   0x000000
           .idata_power.o      idata   0x0002ff       data   0x000000
           .idata_model.o      idata   0x0002ff       data   0x000000
           .udata_model.o      udata   0x0002ff       data   0x000000
          .idata_hwconf.o      idata   0x0002ff       data   0x000000
            .udata_crit.o      udata   0x0002ff       data   0x000000
          .idata_c018iz.o      idata   0x0002ff       data   0x000000
        .udata_fxd1616u.o      udata   0x0002ff       data   0x000000
         .idata_adcconv.o      idata   0x0002ff       data   0x000000
         .udata_adcconv.o      udata   0x0002ff       data   0x000000
        .idata_busy_eep.o      idata   0x0002ff       data   0x000000
        .udata_busy_eep.o      udata   0x0002ff       data   0x000000
         .idata_adcbusy.o      idata   0x0002ff       data   0x000000
        .idata_fxd1616u.o      idata   0x0002ff       data   0x000000
         .udata_adcbusy.o      udata   0x0002ff       data   0x000000
        .udata_fxd3232u.o      udata   0x0002ff       data   0x000000
        .idata_readdata.o      idata   0x0002ff       data   0x000000
        .udata_setcgram.o      udata   0x0002ff       data   0x000000
        .idata_setcgram.o      idata   0x0002ff       data   0x000000
        .udata_setddram.o      udata   0x0002ff       data   0x000000
        .idata_setddram.o      idata   0x0002ff       data   0x000000
        .udata_wcmdxlcd.o      udata   0x0002ff       data   0x000000
        .idata_wcmdxlcd.o      idata   0x0002ff       data   0x000000
        .udata_busyxlcd.o      udata   0x0002ff       data   0x000000
        .idata_busyxlcd.o      idata   0x0002ff       data   0x000000
          .idata_config.o      idata   0x0002ff       data   0x000000
                     gpr1      udata   0x000300       data   0x0000ea
    .idata_mandm_vector.o      idata   0x0003ea       data   0x000012
                SEED_DATA      idata   0x0003fc       data   0x000002
            .idata_crit.o      idata   0x0003fe       data   0x000002
                     gpr9      udata   0x000400       data   0x0000d8
                     gpr3      udata   0x0004d8       data   0x00001c
    .udata_mandm_vector.o      udata   0x0004f4       data   0x000006
                     gpr8      udata   0x000500       data   0x0000b0
           .udata_power.o      udata   0x0005b0       data   0x00003a
                     gpr5      udata   0x000600       data   0x0000a7
                    gpr10      idata   0x0006a7       data   0x000030
                     gpr7      udata   0x0006d7       data   0x000018
             .udata_daq.o      udata   0x0006ef       data   0x000011
                   .stack      udata   0x000e00       data   0x000100
            SFR_UNBANKED0      udata   0x000f62       data   0x00009e



                              Program Memory Usage 
                               Start         End      
                           ---------   ---------      
                            0x000000    0x00bbd0      
                            0x00bbd2    0x00f5a4      
                            0x00f5a6    0x00f690      
                            0x300001    0x300006      
                            0x300008    0x30000d      
            63131 out of 132120 program addresses used, program memory utilization is 47%



                              Symbols - Sorted by Name
                     Name    Address   Location    Storage File                     
                ---------  ---------  ---------  --------- ---------                
                     ABSI   0x0011b2    program     extern X:\mandm\mandm\mandm8722.c
                     ABSL   0x0011e0    program     extern X:\mandm\mandm\mandm8722.c
                 ADC_read   0x00773c    program     extern X:\mandm\mandm\daq.c     
                 ADC_zero   0x007614    program     extern X:\mandm\mandm\daq.c     
                  BusyADC   0x00000e    program     extern E:\3.45\pic18-lt\cxx-framework\src\pmc_common\ADC\adcbusy.c
                 BusyXLCD   0x00f4c0    program     extern X:\mandm\mandm\xlcd\busyxlcd.c
                 Busy_eep   0x00f5a6    program     extern E:\3.45\pic18-lt\cxx-framework\src\pmc_common\EEP\busy_eep.c
             Change_Count   0x00767a    program     extern X:\mandm\mandm\daq.c     
        Clear_All_Buttons   0x00c9a6    program     extern X:\mandm\mandm\mandm_vector.c
               ConvertADC   0x00f5ac    program     extern E:\3.45\pic18-lt\cxx-framework\src\pmc_common\ADC\adcconv.c
                   D10K_1   0x00f416    program     static E:\3.45\pic18-lt\cxx-framework\src\traditional\delays\d10ktcyx.asm
                    D10Kl   0x00f422    program     static E:\3.45\pic18-lt\cxx-framework\src\traditional\delays\d10ktcyx.asm
                    D10Kx   0x00f414    program     static E:\3.45\pic18-lt\cxx-framework\src\traditional\delays\d10ktcyx.asm
                    D10_1   0x00f57c    program     static E:\3.45\pic18-lt\cxx-framework\src\traditional\delays\d10tcyx.asm
                     D10x   0x00f574    program     static E:\3.45\pic18-lt\cxx-framework\src\traditional\delays\d10tcyx.asm
                   D1616S   0x00d954    program     static E:\3.45\pic18-lt\cxx-framework\src\traditional\math\fxd1616s.asm
                D1616SNEG   0x00d962    program     static E:\3.45\pic18-lt\cxx-framework\src\traditional\math\fxd1616s.asm
                 D1616SOK   0x00d95e    program     static E:\3.45\pic18-lt\cxx-framework\src\traditional\math\fxd1616s.asm
                  D1616SX   0x00d974    program     static E:\3.45\pic18-lt\cxx-framework\src\traditional\math\fxd1616s.asm
                   D3232S   0x00d9ae    program     static E:\3.45\pic18-lt\cxx-framework\src\traditional\math\fxd3232s.asm
                D3232SNEG   0x00d9bc    program     static E:\3.45\pic18-lt\cxx-framework\src\traditional\math\fxd3232s.asm
                 D3232SOK   0x00d9b8    program     static E:\3.45\pic18-lt\cxx-framework\src\traditional\math\fxd3232s.asm
                  D3232SX   0x00d9dc    program     static E:\3.45\pic18-lt\cxx-framework\src\traditional\math\fxd3232s.asm
                  DA1616S   0x00d944    program     static E:\3.45\pic18-lt\cxx-framework\src\traditional\math\fxd1616s.asm
                  DA3232S   0x00d998    program     static E:\3.45\pic18-lt\cxx-framework\src\traditional\math\fxd3232s.asm
             Delay10KTCYx   0x00f40a    program     extern E:\3.45\pic18-lt\cxx-framework\src\traditional\delays\d10ktcyx.asm
              Delay10TCYx   0x00f56c    program     extern E:\3.45\pic18-lt\cxx-framework\src\traditional\delays\d10tcyx.asm
            DelayFor18TCY   0x00063c    program     extern X:\mandm\mandm\mandm8722.c
             DelayPORXLCD   0x000656    program     extern X:\mandm\mandm\mandm8722.c
                DelayXLCD   0x000662    program     extern X:\mandm\mandm\mandm8722.c
                 FLO1632S   0x00d628    program     extern E:\3.45\pic18-lt\cxx-framework\src\traditional\math\cast16FP.asm
                 FLO1632U   0x00d624    program     extern E:\3.45\pic18-lt\cxx-framework\src\traditional\math\cast16FP.asm
                 FLO3232S   0x00d652    program     extern E:\3.45\pic18-lt\cxx-framework\src\traditional\math\cast32FP.asm
                 FLO3232U   0x00d64e    program     extern E:\3.45\pic18-lt\cxx-framework\src\traditional\math\cast32FP.asm
                    FPA32   0x00d686    program     extern E:\3.45\pic18-lt\cxx-framework\src\traditional\math\addFP.asm
                    FPD32   0x00d7b2    program     extern E:\3.45\pic18-lt\cxx-framework\src\traditional\math\divFP.asm
                    FPM32   0x00d858    program     extern E:\3.45\pic18-lt\cxx-framework\src\traditional\math\mulFP.asm
                    FPS32   0x00d684    program     extern E:\3.45\pic18-lt\cxx-framework\src\traditional\math\addFP.asm
                 FXD1616S   0x00d932    program     extern E:\3.45\pic18-lt\cxx-framework\src\traditional\math\fxd1616s.asm
                 FXD1616U   0x00f494    program     extern E:\3.45\pic18-lt\cxx-framework\src\traditional\math\fxd1616u.c
                 FXD3232S   0x00d97e    program     extern E:\3.45\pic18-lt\cxx-framework\src\traditional\math\fxd3232s.asm
                 FXD3232U   0x00f094    program     extern E:\3.45\pic18-lt\cxx-framework\src\traditional\math\fxd3232u.c
                 FXM1616S   0x00dc8c    program     extern E:\3.45\pic18-lt\cxx-framework\src\traditional\math\fxm1616s.asm
                 FXM1616U   0x00dc50    program     extern E:\3.45\pic18-lt\cxx-framework\src\traditional\math\fxm1616u.asm
                 FXM2424U   0x00d9e6    program     extern E:\3.45\pic18-lt\cxx-framework\src\traditional\math\fxm2424u.asm
                  FXM3232   0x00edc6    program     extern E:\3.45\pic18-lt\cxx-framework\src\traditional\math\fxm3232.c
                  INT3216   0x00da78    program     extern E:\3.45\pic18-lt\cxx-framework\src\traditional\math\castFP16.asm
                  INT3232   0x00dad6    program     extern E:\3.45\pic18-lt\cxx-framework\src\traditional\math\castFP32.asm
              LCD_VC_puts   0x00016e    program     extern X:\mandm\mandm\mandm8722.c
               Open1USART   0x00ec46    program     extern E:\3.45\pic18-lt\cxx-framework\src\pmc_common\USART\u1open.c
               Open2USART   0x00ebbc    program     extern E:\3.45\pic18-lt\cxx-framework\src\pmc_common\USART\u2open.c
                  OpenADC   0x00ee36    program     extern E:\3.45\pic18-lt\cxx-framework\src\pmc_common\ADC\adcopen.c
               OpenTimer0   0x00f39c    program     extern E:\3.45\pic18-lt\cxx-framework\src\pmc_common\Timers\t0open.c
               OpenTimer3   0x00f1f0    program     extern E:\3.45\pic18-lt\cxx-framework\src\pmc_common\Timers\t3open.c
               OpenTimer4   0x00f3d4    program     extern E:\3.45\pic18-lt\cxx-framework\src\pmc_common\Timers\t4open.c
                 OpenXLCD   0x00eb22    program     extern X:\mandm\mandm\xlcd\openxlcd.c
                   P1wait   0x00c99a    program     extern X:\mandm\mandm\mandm_vector.c
                   P2wait   0x00c9a0    program     extern X:\mandm\mandm\mandm_vector.c
               Read1USART   0x00f2b2    program     extern E:\3.45\pic18-lt\cxx-framework\src\pmc_common\USART\u1read.c
               Read2USART   0x00f274    program     extern E:\3.45\pic18-lt\cxx-framework\src\pmc_common\USART\u2read.c
                  ReadADC   0x00f582    program     extern E:\3.45\pic18-lt\cxx-framework\src\pmc_common\ADC\adcread.c
             ReadAddrXLCD   0x00f1ac    program     extern X:\mandm\mandm\xlcd\readaddr.c
             ReadDataXLCD   0x00f168    program     extern X:\mandm\mandm\xlcd\readdata.c
               Read_b_eep   0x00ef08    program     extern E:\3.45\pic18-lt\cxx-framework\src\pmc_common\EEP\read_B.c
       Reset_Change_Count   0x00763a    program     extern X:\mandm\mandm\daq.c     
             SetCGRamAddr   0x00f04c    program     extern X:\mandm\mandm\xlcd\setcgram.c
               SetChanADC   0x00f466    program     extern E:\3.45\pic18-lt\cxx-framework\src\pmc_common\ADC\adcsetch.c
             SetDDRamAddr   0x00f004    program     extern X:\mandm\mandm\xlcd\setddram.c
               Set_Cursor   0x001914    program     extern X:\mandm\mandm\mandm8722.c
               TSIGN1616A   0x00dcd8    program     static E:\3.45\pic18-lt\cxx-framework\src\traditional\math\fxm1616s.asm
              Write2USART   0x00f438    program     extern E:\3.45\pic18-lt\cxx-framework\src\pmc_common\USART\u2write.c
             WriteCmdXLCD   0x00f122    program     extern X:\mandm\mandm\xlcd\wcmdxlcd.c
            WriteDataXLCD   0x00f0dc    program     extern X:\mandm\mandm\xlcd\writdata.c
              WriteTimer0   0x00f364    program     extern E:\3.45\pic18-lt\cxx-framework\src\pmc_common\Timers\t0write.c
              WriteTimer3   0x00f32c    program     extern E:\3.45\pic18-lt\cxx-framework\src\pmc_common\Timers\t3write.c
              Write_b_eep   0x00ed4e    program     extern E:\3.45\pic18-lt\cxx-framework\src\pmc_common\EEP\write_B.c
                   _2jEnd   0x00e8fe    program     static E:\3.45\pic18-lt\cxx-framework\src\traditional\stdclib\slenpgm.asm
              _3jContinue   0x00e9a2    program     static E:\3.45\pic18-lt\cxx-framework\src\traditional\stdclib\sncpyp2r.asm
              _4jContinue   0x00e948    program     static E:\3.45\pic18-lt\cxx-framework\src\traditional\stdclib\strncpy.asm
              _4jContinue   0x00e872    program     static E:\3.45\pic18-lt\cxx-framework\src\traditional\stdclib\memcmp.asm
                   _4jEnd   0x00e9ac    program     static E:\3.45\pic18-lt\cxx-framework\src\traditional\stdclib\sncpyp2r.asm
                   _5jEnd   0x00e87c    program     static E:\3.45\pic18-lt\cxx-framework\src\traditional\stdclib\memcmp.asm
                   _5jEnd   0x00e952    program     static E:\3.45\pic18-lt\cxx-framework\src\traditional\stdclib\strncpy.asm
       _D10KTCYXCODE_0010   0x00f41a    program     static E:\3.45\pic18-lt\cxx-framework\src\traditional\delays\d10ktcyx.asm
       _D10KTCYXCODE_001C   0x00f426    program     static E:\3.45\pic18-lt\cxx-framework\src\traditional\delays\d10ktcyx.asm
        _D10TCYXCODE_000A   0x00f576    program     static E:\3.45\pic18-lt\cxx-framework\src\traditional\delays\d10tcyx.asm
        _D10TCYXCODE_000C   0x00f578    program     static E:\3.45\pic18-lt\cxx-framework\src\traditional\delays\d10tcyx.asm
        _D10TCYXCODE_000E   0x00f57a    program     static E:\3.45\pic18-lt\cxx-framework\src\traditional\delays\d10tcyx.asm
                 __FpExit   0x00db50    program     extern E:\3.45\pic18-lt\cxx-framework\src\traditional\math\packFP.asm
                 __FpPack   0x00db7c    program     extern E:\3.45\pic18-lt\cxx-framework\src\traditional\math\packFP.asm
            __FpReturnNaN   0x00db44    program     extern E:\3.45\pic18-lt\cxx-framework\src\traditional\math\packFP.asm
         __FpReturnNegInf   0x00db56    program     extern E:\3.45\pic18-lt\cxx-framework\src\traditional\math\packFP.asm
        __FpReturnNegZero   0x00db6e    program     extern E:\3.45\pic18-lt\cxx-framework\src\traditional\math\packFP.asm
         __FpReturnPosInf   0x00db5c    program     extern E:\3.45\pic18-lt\cxx-framework\src\traditional\math\packFP.asm
        __FpReturnPosZero   0x00db76    program     extern E:\3.45\pic18-lt\cxx-framework\src\traditional\math\packFP.asm
        __FpReturnSignInf   0x00db52    program     extern E:\3.45\pic18-lt\cxx-framework\src\traditional\math\packFP.asm
       __FpReturnSignZero   0x00db6a    program     extern E:\3.45\pic18-lt\cxx-framework\src\traditional\math\packFP.asm
              __FpReturnW   0x00dbd4    program     extern E:\3.45\pic18-lt\cxx-framework\src\traditional\math\packFP.asm
              __FpUnPackA   0x00dbf4    program     extern E:\3.45\pic18-lt\cxx-framework\src\traditional\math\UnpackFP.asm
              __FpUnPackB   0x00dc24    program     extern E:\3.45\pic18-lt\cxx-framework\src\traditional\math\UnpackFP.asm
       ___case_0_lbl00030   0x00bedc    program     static                          
       ___case_1_lbl00031   0x00bee2    program     static                          
       ___case_2_lbl00032   0x00beea    program     static                          
      ___default_lbl00033   0x00bef2    program     static                          
           ___do_lbl00032   0x00034e    program     static                          
           ___do_lbl00033   0x000370    program     static                          
           ___do_lbl00034   0x00032e    program     static                          
           ___do_lbl00433   0x002fa6    program     static                          
           ___do_lbl00434   0x002fd4    program     static                          
           ___do_lbl00439   0x002ce0    program     static                          
           ___do_lbl00443   0x00331a    program     static                          
           ___do_lbl00444   0x003348    program     static                          
           ___do_lbl00449   0x003054    program     static                          
           ___do_lbl00457   0x0035c4    program     static                          
           ___do_lbl00458   0x0035ca    program     static                          
           ___do_lbl00459   0x0035b8    program     static                          
           ___do_lbl00463   0x003c7e    program     static                          
           ___do_lbl00464   0x003cbc    program     static                          
           ___do_lbl00479   0x0036a8    program     static                          
           ___do_lbl00480   0x004314    program     static                          
           ___do_lbl00481   0x004352    program     static                          
           ___do_lbl00496   0x003d3e    program     static                          
           ___do_lbl00541   0x005b18    program     static                          
           ___do_lbl00542   0x005b1e    program     static                          
           ___do_lbl00543   0x005b0c    program     static                          
           ___do_lbl00548   0x005d02    program     static                          
           ___do_lbl00549   0x005d42    program     static                          
           ___do_lbl00552   0x005b8c    program     static                          
         ___else_lbl00003   0x00bc68    program     static                          
         ___else_lbl00008   0x00e5a4    program     static                          
         ___else_lbl00009   0x00bd28    program     static                          
         ___else_lbl00011   0x00bd48    program     static                          
         ___else_lbl00014   0x00bdba    program     static                          
         ___else_lbl00016   0x00bdda    program     static                          
         ___else_lbl00027   0x00be96    program     static                          
         ___else_lbl00071   0x00c090    program     static                          
         ___else_lbl00084   0x00c242    program     static                          
         ___else_lbl00086   0x00c250    program     static                          
         ___else_lbl00088   0x00c25e    program     static                          
         ___else_lbl00090   0x00c296    program     static                          
         ___else_lbl00092   0x00c2fc    program     static                          
         ___else_lbl00098   0x00c364    program     static                          
         ___else_lbl00104   0x00c6e6    program     static                          
         ___else_lbl00108   0x00c7e8    program     static                          
         ___else_lbl00114   0x00c872    program     static                          
         ___else_lbl00116   0x00c84c    program     static                          
         ___else_lbl00475   0x003a3a    program     static                          
         ___else_lbl00492   0x0040d0    program     static                          
         ___else_lbl00516   0x004356    program     static                          
         ___else_lbl00535   0x0054b6    program     static                          
         ___else_lbl00538   0x00579c    program     static                          
         ___else_lbl00540   0x005abe    program     static                          
         ___else_lbl00546   0x00574c    program     static                          
         ___else_lbl00554   0x005e1a    program     static                          
         ___else_lbl00576   0x006338    program     static                          
         ___else_lbl00584   0x006404    program     static                          
          ___for_lbl00010   0x0077a0    program     static                          
          ___for_lbl00011   0x0077aa    program     static                          
          ___for_lbl00014   0x007764    program     static                          
          ___for_lbl00015   0x0078aa    program     static                          
          ___for_lbl00016   0x0078b4    program     static                          
          ___for_lbl00019   0x00786e    program     static                          
          ___for_lbl00020   0x0079b4    program     static                          
          ___for_lbl00021   0x0079be    program     static                          
          ___for_lbl00024   0x007978    program     static                          
          ___for_lbl00027   0x007bee    program     static                          
          ___for_lbl00028   0x0002be    program     static                          
          ___for_lbl00028   0x007bf8    program     static                          
          ___for_lbl00029   0x0002cc    program     static                          
          ___for_lbl00030   0x000294    program     static                          
          ___for_lbl00031   0x007bb2    program     static                          
          ___for_lbl00034   0x007e26    program     static                          
          ___for_lbl00035   0x007e30    program     static                          
          ___for_lbl00038   0x007dea    program     static                          
          ___for_lbl00041   0x008060    program     static                          
          ___for_lbl00042   0x00806a    program     static                          
          ___for_lbl00045   0x008024    program     static                          
          ___for_lbl00046   0x0080f0    program     static                          
          ___for_lbl00047   0x0080fa    program     static                          
          ___for_lbl00050   0x0080b4    program     static                          
          ___for_lbl00051   0x008180    program     static                          
          ___for_lbl00052   0x00818a    program     static                          
          ___for_lbl00054   0x00064e    program     static                          
          ___for_lbl00055   0x000654    program     static                          
          ___for_lbl00055   0x008144    program     static                          
          ___for_lbl00056   0x000642    program     static                          
          ___for_lbl00056   0x008210    program     static                          
          ___for_lbl00057   0x00821a    program     static                          
          ___for_lbl00060   0x0081d4    program     static                          
          ___for_lbl00061   0x0082a0    program     static                          
          ___for_lbl00062   0x0082aa    program     static                          
          ___for_lbl00065   0x008264    program     static                          
          ___for_lbl00066   0x008330    program     static                          
          ___for_lbl00067   0x00833a    program     static                          
          ___for_lbl00070   0x0082f4    program     static                          
          ___for_lbl00071   0x009050    program     static                          
          ___for_lbl00072   0x00905c    program     static                          
          ___for_lbl00078   0x000fb4    program     static                          
          ___for_lbl00079   0x000fba    program     static                          
          ___for_lbl00081   0x00842a    program     static                          
          ___for_lbl00081   0x000c84    program     static                          
          ___for_lbl00431   0x00338e    program     static                          
          ___for_lbl00432   0x00339a    program     static                          
          ___for_lbl00453   0x002c74    program     static                          
          ___for_lbl00498   0x0045da    program     static                          
          ___for_lbl00499   0x0045ee    program     static                          
          ___for_lbl00504   0x00439e    program     static                          
          ___for_lbl00505   0x0048a6    program     static                          
          ___for_lbl00506   0x0048ba    program     static                          
          ___for_lbl00511   0x00466a    program     static                          
          ___for_lbl00512   0x004d1e    program     static                          
          ___for_lbl00513   0x004d32    program     static                          
          ___for_lbl00514   0x004cca    program     static                          
          ___for_lbl00517   0x005b30    program     static                          
          ___for_lbl00518   0x005b46    program     static                          
          ___for_lbl00547   0x004d3e    program     static                          
          ___for_lbl00571   0x0062de    program     static                          
          ___for_lbl00572   0x0062e4    program     static                          
          ___for_lbl00573   0x0062b4    program     static                          
          ___for_lbl00577   0x0063fc    program     static                          
          ___for_lbl00578   0x006402    program     static                          
          ___for_lbl00579   0x0063c4    program     static                          
          ___for_lbl00580   0x00645a    program     static                          
          ___for_lbl00581   0x006460    program     static                          
          ___for_lbl00582   0x006422    program     static                          
           ___if_lbl00001   0x00e4da    program     static                          
           ___if_lbl00001   0x00e6cc    program     static                          
           ___if_lbl00001   0x00bc32    program     static                          
           ___if_lbl00002   0x00e4fe    program     static                          
           ___if_lbl00002   0x00bc7a    program     static                          
           ___if_lbl00003   0x00e51e    program     static                          
           ___if_lbl00003   0x00e6de    program     static                          
           ___if_lbl00004   0x00e53e    program     static                          
           ___if_lbl00004   0x00bc84    program     static                          
           ___if_lbl00005   0x00bc8e    program     static                          
           ___if_lbl00006   0x00bc98    program     static                          
           ___if_lbl00006   0x00e572    program     static                          
           ___if_lbl00007   0x00bc98    program     static                          
           ___if_lbl00007   0x00e5ac    program     static                          
           ___if_lbl00008   0x00bd46    program     static                          
           ___if_lbl00008   0x00e814    program     static                          
           ___if_lbl00010   0x00bd56    program     static                          
           ___if_lbl00012   0x00bd56    program     static                          
           ___if_lbl00013   0x00bdd8    program     static                          
           ___if_lbl00015   0x00bde8    program     static                          
           ___if_lbl00017   0x00bde8    program     static                          
           ___if_lbl00018   0x00bdec    program     static                          
           ___if_lbl00020   0x00bdfa    program     static                          
           ___if_lbl00021   0x00be0e    program     static                          
           ___if_lbl00023   0x00be28    program     static                          
           ___if_lbl00024   0x00be56    program     static                          
           ___if_lbl00025   0x007aa0    program     static                          
           ___if_lbl00025   0x00be8a    program     static                          
           ___if_lbl00026   0x007b8c    program     static                          
           ___if_lbl00026   0x00be9e    program     static                          
           ___if_lbl00028   0x00beca    program     static                          
           ___if_lbl00032   0x007cda    program     static                          
           ___if_lbl00033   0x007dc4    program     static                          
           ___if_lbl00034   0x00bef8    program     static                          
           ___if_lbl00035   0x00bef8    program     static                          
           ___if_lbl00036   0x00befe    program     static                          
           ___if_lbl00037   0x00bf04    program     static                          
           ___if_lbl00038   0x00bf0a    program     static                          
           ___if_lbl00039   0x007f12    program     static                          
           ___if_lbl00039   0x00bf10    program     static                          
           ___if_lbl00040   0x007ffc    program     static                          
           ___if_lbl00040   0x00bf10    program     static                          
           ___if_lbl00041   0x00bf30    program     static                          
           ___if_lbl00042   0x00bf34    program     static                          
           ___if_lbl00043   0x00bf4c    program     static                          
           ___if_lbl00044   0x00bf62    program     static                          
           ___if_lbl00045   0x00bf70    program     static                          
           ___if_lbl00046   0x00bf7e    program     static                          
           ___if_lbl00047   0x00bf8c    program     static                          
           ___if_lbl00048   0x00bf9a    program     static                          
           ___if_lbl00049   0x00bfa8    program     static                          
           ___if_lbl00051   0x00bfbe    program     static                          
           ___if_lbl00053   0x00bfd4    program     static                          
           ___if_lbl00055   0x00bfe8    program     static                          
           ___if_lbl00058   0x00bff2    program     static                          
           ___if_lbl00060   0x00c004    program     static                          
           ___if_lbl00061   0x00c004    program     static                          
           ___if_lbl00063   0x00c028    program     static                          
           ___if_lbl00064   0x00c02c    program     static                          
           ___if_lbl00066   0x00c050    program     static                          
           ___if_lbl00067   0x00c054    program     static                          
           ___if_lbl00069   0x00c08e    program     static                          
           ___if_lbl00070   0x00c098    program     static                          
           ___if_lbl00072   0x00c0b6    program     static                          
           ___if_lbl00073   0x00c0b6    program     static                          
           ___if_lbl00073   0x00863e    program     static                          
           ___if_lbl00074   0x00c0ba    program     static                          
           ___if_lbl00075   0x0086ca    program     static                          
           ___if_lbl00076   0x008732    program     static                          
           ___if_lbl00076   0x00c0d8    program     static                          
           ___if_lbl00077   0x00889e    program     static                          
           ___if_lbl00077   0x00c15c    program     static                          
           ___if_lbl00078   0x008998    program     static                          
           ___if_lbl00078   0x00c15c    program     static                          
           ___if_lbl00079   0x00c15c    program     static                          
           ___if_lbl00079   0x008b44    program     static                          
           ___if_lbl00080   0x000fb4    program     static                          
           ___if_lbl00080   0x008ebc    program     static                          
           ___if_lbl00082   0x000fd6    program     static                          
           ___if_lbl00082   0x00c238    program     static                          
           ___if_lbl00083   0x00c246    program     static                          
           ___if_lbl00084   0x00913c    program     static                          
           ___if_lbl00085   0x00913c    program     static                          
           ___if_lbl00085   0x00c254    program     static                          
           ___if_lbl00087   0x00c262    program     static                          
           ___if_lbl00089   0x00c2c6    program     static                          
           ___if_lbl00091   0x00c32e    program     static                          
           ___if_lbl00093   0x00c416    program     static                          
           ___if_lbl00094   0x00c43e    program     static                          
           ___if_lbl00095   0x00c46e    program     static                          
           ___if_lbl00096   0x00c4c2    program     static                          
           ___if_lbl00097   0x00c4c4    program     static                          
           ___if_lbl00099   0x00c524    program     static                          
           ___if_lbl00100   0x00c58c    program     static                          
           ___if_lbl00101   0x00c5ec    program     static                          
           ___if_lbl00102   0x00c656    program     static                          
           ___if_lbl00103   0x00c73c    program     static                          
           ___if_lbl00106   0x00c7e6    program     static                          
           ___if_lbl00107   0x00c808    program     static                          
           ___if_lbl00112   0x00c896    program     static                          
           ___if_lbl00113   0x00c896    program     static                          
           ___if_lbl00115   0x00c896    program     static                          
           ___if_lbl00117   0x00c896    program     static                          
           ___if_lbl00118   0x00c896    program     static                          
           ___if_lbl00119   0x00c8e8    program     static                          
           ___if_lbl00120   0x00c8e8    program     static                          
           ___if_lbl00121   0x00c904    program     static                          
           ___if_lbl00122   0x00c912    program     static                          
           ___if_lbl00124   0x00c92e    program     static                          
           ___if_lbl00125   0x00c92e    program     static                          
           ___if_lbl00427   0x002b90    program     static                          
           ___if_lbl00428   0x002bca    program     static                          
           ___if_lbl00429   0x002bdc    program     static                          
           ___if_lbl00430   0x002c16    program     static                          
           ___if_lbl00435   0x002da4    program     static                          
           ___if_lbl00436   0x002e90    program     static                          
           ___if_lbl00437   0x002f80    program     static                          
           ___if_lbl00438   0x002f94    program     static                          
           ___if_lbl00441   0x003000    program     static                          
           ___if_lbl00442   0x00301a    program     static                          
           ___if_lbl00445   0x003118    program     static                          
           ___if_lbl00446   0x003204    program     static                          
           ___if_lbl00447   0x0032f4    program     static                          
           ___if_lbl00448   0x003308    program     static                          
           ___if_lbl00451   0x003374    program     static                          
           ___if_lbl00452   0x00338e    program     static                          
           ___if_lbl00455   0x0034ec    program     static                          
           ___if_lbl00456   0x00356e    program     static                          
           ___if_lbl00460   0x003620    program     static                          
           ___if_lbl00461   0x003620    program     static                          
           ___if_lbl00462   0x00363a    program     static                          
           ___if_lbl00468   0x003892    program     static                          
           ___if_lbl00469   0x0038c2    program     static                          
           ___if_lbl00470   0x0038c6    program     static                          
           ___if_lbl00471   0x00392e    program     static                          
           ___if_lbl00472   0x003a38    program     static                          
           ___if_lbl00473   0x003acc    program     static                          
           ___if_lbl00474   0x003acc    program     static                          
           ___if_lbl00476   0x003b92    program     static                          
           ___if_lbl00477   0x003c58    program     static                          
           ___if_lbl00478   0x003c6c    program     static                          
           ___if_lbl00485   0x003f28    program     static                          
           ___if_lbl00486   0x003f58    program     static                          
           ___if_lbl00487   0x003f5c    program     static                          
           ___if_lbl00488   0x003fc4    program     static                          
           ___if_lbl00489   0x0040ce    program     static                          
           ___if_lbl00490   0x004162    program     static                          
           ___if_lbl00491   0x004162    program     static                          
           ___if_lbl00493   0x004228    program     static                          
           ___if_lbl00494   0x0042ee    program     static                          
           ___if_lbl00495   0x004302    program     static                          
           ___if_lbl00497   0x004352    program     static                          
           ___if_lbl00500   0x00445c    program     static                          
           ___if_lbl00501   0x00455a    program     static                          
           ___if_lbl00502   0x004572    program     static                          
           ___if_lbl00503   0x0045da    program     static                          
           ___if_lbl00507   0x004728    program     static                          
           ___if_lbl00508   0x004826    program     static                          
           ___if_lbl00509   0x00483e    program     static                          
           ___if_lbl00510   0x0048a6    program     static                          
           ___if_lbl00515   0x004d32    program     static                          
           ___if_lbl00520   0x004e64    program     static                          
           ___if_lbl00522   0x004f64    program     static                          
           ___if_lbl00523   0x004f64    program     static                          
           ___if_lbl00525   0x00506e    program     static                          
           ___if_lbl00527   0x00516e    program     static                          
           ___if_lbl00528   0x00516e    program     static                          
           ___if_lbl00530   0x005276    program     static                          
           ___if_lbl00532   0x005376    program     static                          
           ___if_lbl00533   0x005376    program     static                          
           ___if_lbl00534   0x0054c0    program     static                          
           ___if_lbl00536   0x00574a    program     static                          
           ___if_lbl00537   0x0057a6    program     static                          
           ___if_lbl00539   0x005ac8    program     static                          
           ___if_lbl00544   0x005b30    program     static                          
           ___if_lbl00545   0x005b30    program     static                          
           ___if_lbl00551   0x005d00    program     static                          
           ___if_lbl00553   0x005e1a    program     static                          
           ___if_lbl00566   0x006026    program     static                          
           ___if_lbl00567   0x00605c    program     static                          
           ___if_lbl00568   0x006092    program     static                          
           ___if_lbl00569   0x0060c8    program     static                          
           ___if_lbl00570   0x00625a    program     static                          
           ___if_lbl00574   0x0062e4    program     static                          
           ___if_lbl00575   0x00638a    program     static                          
           ___if_lbl00583   0x00647a    program     static                          
           ___if_lbl00587   0x006484    program     static                          
           ___if_lbl00588   0x0064da    program     static                          
           ___if_lbl00592   0x006750    program     static                          
           ___if_lbl00593   0x00677a    program     static                          
           ___if_lbl00594   0x00678e    program     static                          
       ___return_lbl00000   0x00c92e    program     static                          
       ___return_lbl00000   0x00000c    program     static                          
       ___return_lbl00000   0x000004    program     static                          
       ___return_lbl00000   0x00e53e    program     static                          
       ___return_lbl00000   0x007638    program     static                          
       ___return_lbl00000   0x00e814    program     static                          
       ___return_lbl00000   0x00f4be    program     static                          
       ___return_lbl00000   0x00ef58    program     static                          
       ___return_lbl00000   0x00ee34    program     static                          
       ___return_lbl00000   0x00f0da    program     static                          
       ___return_lbl00001   0x00001c    program     static                          
       ___return_lbl00001   0x00f52e    program     static                          
       ___return_lbl00002   0x00eb20    program     static                          
       ___return_lbl00005   0x00e5ac    program     static                          
       ___return_lbl00009   0x009142    program     static                          
       ___return_lbl00027   0x0002cc    program     static                          
       ___return_lbl00031   0x000370    program     static                          
       ___return_lbl00053   0x000654    program     static                          
       ___return_lbl00072   0x0008bc    program     static                          
       ___return_lbl00077   0x000fd8    program     static                          
       ___return_lbl00127   0x00c998    program     static                          
       ___return_lbl00426   0x005e3c    program     static                          
       ___return_lbl00565   0x006790    program     static                          
   ___switchexit_lbl00029   0x00bef8    program     static                          
        ___while_lbl00001   0x00762e    program     static                          
        ___while_lbl00002   0x007638    program     static                          
        ___while_lbl00004   0x00e73c    program     static                          
        ___while_lbl00005   0x00e74a    program     static                          
        ___while_lbl00006   0x00e764    program     static                          
        ___while_lbl00007   0x00e772    program     static                          
        ___while_lbl00012   0x007774    program     static                          
        ___while_lbl00013   0x00777e    program     static                          
        ___while_lbl00017   0x00787e    program     static                          
        ___while_lbl00018   0x007888    program     static                          
        ___while_lbl00022   0x007988    program     static                          
        ___while_lbl00023   0x007992    program     static                          
        ___while_lbl00029   0x007bc2    program     static                          
        ___while_lbl00030   0x007bcc    program     static                          
        ___while_lbl00036   0x007dfa    program     static                          
        ___while_lbl00037   0x007e04    program     static                          
        ___while_lbl00043   0x008034    program     static                          
        ___while_lbl00044   0x00803e    program     static                          
        ___while_lbl00048   0x0080c4    program     static                          
        ___while_lbl00049   0x0080ce    program     static                          
        ___while_lbl00053   0x008154    program     static                          
        ___while_lbl00054   0x00815e    program     static                          
        ___while_lbl00056   0x00bff0    program     static                          
        ___while_lbl00057   0x00bff2    program     static                          
        ___while_lbl00058   0x0081e4    program     static                          
        ___while_lbl00059   0x0081ee    program     static                          
        ___while_lbl00063   0x008274    program     static                          
        ___while_lbl00064   0x00827e    program     static                          
        ___while_lbl00068   0x008304    program     static                          
        ___while_lbl00069   0x00830e    program     static                          
        ___while_lbl00082   0x00912a    program     static                          
        ___while_lbl00083   0x00913c    program     static                          
        ___while_lbl00585   0x006482    program     static                          
        ___while_lbl00586   0x006484    program     static                          
        ___while_lbl00589   0x00673a    program     static                          
        ___while_lbl00590   0x006790    program     static                          
               __config_0   0x300001    program     static X:\mandm\mandm\mandm8722.c
               __config_1   0x300002    program     static X:\mandm\mandm\mandm8722.c
              __config_10   0x30000c    program     static X:\mandm\mandm\mandm8722.c
              __config_11   0x30000d    program     static X:\mandm\mandm\mandm8722.c
               __config_2   0x300003    program     static X:\mandm\mandm\mandm8722.c
               __config_3   0x300004    program     static X:\mandm\mandm\mandm8722.c
               __config_4   0x300005    program     static X:\mandm\mandm\mandm8722.c
               __config_5   0x300006    program     static X:\mandm\mandm\mandm8722.c
               __config_6   0x300008    program     static X:\mandm\mandm\mandm8722.c
               __config_7   0x300009    program     static X:\mandm\mandm\mandm8722.c
               __config_8   0x30000a    program     static X:\mandm\mandm\mandm8722.c
               __config_9   0x30000b    program     static X:\mandm\mandm\mandm8722.c
                   __init   0x00f5b0    program     extern E:\3.45\pic18-lt\cxx-framework\src\traditional\stdclib\__init.c
                   __pa_0   0x00e3ea    program     static X:\mandm\mandm\config.c  
                   __pa_0   0x00efa0    program     static X:\mandm\mandm\xlcd\putrxlcd.c
                   __pa_0   0x00e0e4    program     static X:\mandm\mandm\power.c   
                   __pa_0   0x00f114    program     static X:\mandm\mandm\xlcd\writdata.c
                   __pa_0   0x00c9f0    program     static X:\mandm\mandm\mandm_vector.c
                   __pa_0   0x00f4da    program     static X:\mandm\mandm\xlcd\busyxlcd.c
                   __pa_0   0x00f15a    program     static X:\mandm\mandm\xlcd\wcmdxlcd.c
                   __pa_0   0x00f03e    program     static X:\mandm\mandm\xlcd\setddram.c
                   __pa_0   0x006792    program     static X:\mandm\mandm\mandm8722.c
                   __pa_0   0x009230    program     static X:\mandm\mandm\daq.c     
                   __pa_0   0x00f086    program     static X:\mandm\mandm\xlcd\setcgram.c
                   __pa_0   0x00f264    program     static X:\mandm\mandm\xlcd\putsxlcd.c
                   __pa_0   0x00ebaa    program     static X:\mandm\mandm\xlcd\openxlcd.c
                   __pa_0   0x00e668    program     static X:\mandm\mandm\crit.c    
                   __pa_0   0x00d342    program     static E:\3.45\pic18-lt\cxx-framework\src\traditional\stdclib\vfprintf.c
                   __pa_1   0x00e676    program     static X:\mandm\mandm\crit.c    
                   __pa_1   0x00e400    program     static X:\mandm\mandm\config.c  
                   __pa_1   0x009258    program     static X:\mandm\mandm\daq.c     
                   __pa_1   0x00d34a    program     static E:\3.45\pic18-lt\cxx-framework\src\traditional\stdclib\vfprintf.c
                   __pa_1   0x00e0f2    program     static X:\mandm\mandm\power.c   
                   __pa_1   0x00c9fa    program     static X:\mandm\mandm\mandm_vector.c
                   __pa_1   0x00ebb4    program     static X:\mandm\mandm\xlcd\openxlcd.c
                   __pa_1   0x0067a2    program     static X:\mandm\mandm\mandm8722.c
                  __pa_10   0x00d3fe    program     static E:\3.45\pic18-lt\cxx-framework\src\traditional\stdclib\vfprintf.c
                  __pa_10   0x00e45a    program     static X:\mandm\mandm\config.c  
                  __pa_10   0x00e15c    program     static X:\mandm\mandm\power.c   
                  __pa_10   0x00684c    program     static X:\mandm\mandm\mandm8722.c
                 __pa_100   0x006d8c    program     static X:\mandm\mandm\mandm8722.c
                 __pa_101   0x006d9e    program     static X:\mandm\mandm\mandm8722.c
                 __pa_102   0x006da6    program     static X:\mandm\mandm\mandm8722.c
                 __pa_103   0x006db8    program     static X:\mandm\mandm\mandm8722.c
                 __pa_104   0x006dca    program     static X:\mandm\mandm\mandm8722.c
                 __pa_105   0x006dd6    program     static X:\mandm\mandm\mandm8722.c
                 __pa_106   0x006de2    program     static X:\mandm\mandm\mandm8722.c
                 __pa_107   0x006dec    program     static X:\mandm\mandm\mandm8722.c
                 __pa_108   0x006df6    program     static X:\mandm\mandm\mandm8722.c
                 __pa_109   0x006e00    program     static X:\mandm\mandm\mandm8722.c
                  __pa_11   0x00e164    program     static X:\mandm\mandm\power.c   
                  __pa_11   0x006866    program     static X:\mandm\mandm\mandm8722.c
                  __pa_11   0x00e464    program     static X:\mandm\mandm\config.c  
                  __pa_11   0x00d40c    program     static E:\3.45\pic18-lt\cxx-framework\src\traditional\stdclib\vfprintf.c
                 __pa_110   0x006e08    program     static X:\mandm\mandm\mandm8722.c
                 __pa_111   0x006e0e    program     static X:\mandm\mandm\mandm8722.c
                 __pa_112   0x006e18    program     static X:\mandm\mandm\mandm8722.c
                 __pa_113   0x006e26    program     static X:\mandm\mandm\mandm8722.c
                 __pa_114   0x006e34    program     static X:\mandm\mandm\mandm8722.c
                 __pa_115   0x006e42    program     static X:\mandm\mandm\mandm8722.c
                 __pa_116   0x006e4a    program     static X:\mandm\mandm\mandm8722.c
                 __pa_117   0x006e54    program     static X:\mandm\mandm\mandm8722.c
                 __pa_118   0x006e5e    program     static X:\mandm\mandm\mandm8722.c
                 __pa_119   0x006e68    program     static X:\mandm\mandm\mandm8722.c
                  __pa_12   0x00e46a    program     static X:\mandm\mandm\config.c  
                  __pa_12   0x006884    program     static X:\mandm\mandm\mandm8722.c
                  __pa_12   0x00d422    program     static E:\3.45\pic18-lt\cxx-framework\src\traditional\stdclib\vfprintf.c
                 __pa_120   0x006e72    program     static X:\mandm\mandm\mandm8722.c
                 __pa_121   0x006e7c    program     static X:\mandm\mandm\mandm8722.c
                 __pa_122   0x006e86    program     static X:\mandm\mandm\mandm8722.c
                 __pa_123   0x006e8e    program     static X:\mandm\mandm\mandm8722.c
                 __pa_124   0x006eb0    program     static X:\mandm\mandm\mandm8722.c
                 __pa_125   0x006ec0    program     static X:\mandm\mandm\mandm8722.c
                 __pa_126   0x006ee0    program     static X:\mandm\mandm\mandm8722.c
                 __pa_127   0x006ee6    program     static X:\mandm\mandm\mandm8722.c
                 __pa_128   0x006efe    program     static X:\mandm\mandm\mandm8722.c
                 __pa_129   0x006f04    program     static X:\mandm\mandm\mandm8722.c
                  __pa_13   0x006890    program     static X:\mandm\mandm\mandm8722.c
                  __pa_13   0x00d43c    program     static E:\3.45\pic18-lt\cxx-framework\src\traditional\stdclib\vfprintf.c
                  __pa_13   0x00e46e    program     static X:\mandm\mandm\config.c  
                 __pa_130   0x006f1c    program     static X:\mandm\mandm\mandm8722.c
                 __pa_131   0x006f22    program     static X:\mandm\mandm\mandm8722.c
                 __pa_132   0x006f54    program     static X:\mandm\mandm\mandm8722.c
                 __pa_133   0x006f5e    program     static X:\mandm\mandm\mandm8722.c
                 __pa_134   0x006f6e    program     static X:\mandm\mandm\mandm8722.c
                 __pa_135   0x006f86    program     static X:\mandm\mandm\mandm8722.c
                 __pa_136   0x006f8e    program     static X:\mandm\mandm\mandm8722.c
                 __pa_137   0x006fb8    program     static X:\mandm\mandm\mandm8722.c
                 __pa_138   0x006fc0    program     static X:\mandm\mandm\mandm8722.c
                 __pa_139   0x006fc6    program     static X:\mandm\mandm\mandm8722.c
                  __pa_14   0x00e472    program     static X:\mandm\mandm\config.c  
                  __pa_14   0x00d454    program     static E:\3.45\pic18-lt\cxx-framework\src\traditional\stdclib\vfprintf.c
                  __pa_14   0x00689c    program     static X:\mandm\mandm\mandm8722.c
                 __pa_140   0x006fd4    program     static X:\mandm\mandm\mandm8722.c
                 __pa_141   0x006fe2    program     static X:\mandm\mandm\mandm8722.c
                 __pa_142   0x006fe6    program     static X:\mandm\mandm\mandm8722.c
                 __pa_143   0x006ff2    program     static X:\mandm\mandm\mandm8722.c
                 __pa_144   0x007008    program     static X:\mandm\mandm\mandm8722.c
                 __pa_145   0x00701e    program     static X:\mandm\mandm\mandm8722.c
                 __pa_146   0x007030    program     static X:\mandm\mandm\mandm8722.c
                 __pa_147   0x00703c    program     static X:\mandm\mandm\mandm8722.c
                 __pa_148   0x007048    program     static X:\mandm\mandm\mandm8722.c
                 __pa_149   0x007050    program     static X:\mandm\mandm\mandm8722.c
                  __pa_15   0x0068a4    program     static X:\mandm\mandm\mandm8722.c
                  __pa_15   0x00d464    program     static E:\3.45\pic18-lt\cxx-framework\src\traditional\stdclib\vfprintf.c
                  __pa_15   0x00e47c    program     static X:\mandm\mandm\config.c  
                 __pa_150   0x007054    program     static X:\mandm\mandm\mandm8722.c
                 __pa_151   0x00705a    program     static X:\mandm\mandm\mandm8722.c
                 __pa_152   0x007064    program     static X:\mandm\mandm\mandm8722.c
                 __pa_153   0x00707e    program     static X:\mandm\mandm\mandm8722.c
                 __pa_154   0x007092    program     static X:\mandm\mandm\mandm8722.c
                 __pa_155   0x00709a    program     static X:\mandm\mandm\mandm8722.c
                 __pa_156   0x0070a4    program     static X:\mandm\mandm\mandm8722.c
                 __pa_157   0x0070b4    program     static X:\mandm\mandm\mandm8722.c
                 __pa_158   0x0070ba    program     static X:\mandm\mandm\mandm8722.c
                 __pa_159   0x0070c4    program     static X:\mandm\mandm\mandm8722.c
                  __pa_16   0x0068b0    program     static X:\mandm\mandm\mandm8722.c
                  __pa_16   0x00e484    program     static X:\mandm\mandm\config.c  
                  __pa_16   0x00d47a    program     static E:\3.45\pic18-lt\cxx-framework\src\traditional\stdclib\vfprintf.c
                 __pa_160   0x0070c8    program     static X:\mandm\mandm\mandm8722.c
                 __pa_161   0x0070d8    program     static X:\mandm\mandm\mandm8722.c
                 __pa_162   0x0070ec    program     static X:\mandm\mandm\mandm8722.c
                 __pa_163   0x007100    program     static X:\mandm\mandm\mandm8722.c
                 __pa_164   0x00710a    program     static X:\mandm\mandm\mandm8722.c
                 __pa_165   0x007114    program     static X:\mandm\mandm\mandm8722.c
                 __pa_166   0x00711c    program     static X:\mandm\mandm\mandm8722.c
                 __pa_167   0x007122    program     static X:\mandm\mandm\mandm8722.c
                 __pa_168   0x007136    program     static X:\mandm\mandm\mandm8722.c
                 __pa_169   0x007148    program     static X:\mandm\mandm\mandm8722.c
                  __pa_17   0x00d48c    program     static E:\3.45\pic18-lt\cxx-framework\src\traditional\stdclib\vfprintf.c
                  __pa_17   0x0068da    program     static X:\mandm\mandm\mandm8722.c
                  __pa_17   0x00e48e    program     static X:\mandm\mandm\config.c  
                 __pa_170   0x007150    program     static X:\mandm\mandm\mandm8722.c
                 __pa_171   0x007162    program     static X:\mandm\mandm\mandm8722.c
                 __pa_172   0x007174    program     static X:\mandm\mandm\mandm8722.c
                 __pa_173   0x007182    program     static X:\mandm\mandm\mandm8722.c
                 __pa_174   0x007194    program     static X:\mandm\mandm\mandm8722.c
                 __pa_175   0x0071a2    program     static X:\mandm\mandm\mandm8722.c
                 __pa_176   0x0071b4    program     static X:\mandm\mandm\mandm8722.c
                 __pa_177   0x0071c6    program     static X:\mandm\mandm\mandm8722.c
                 __pa_178   0x0071d8    program     static X:\mandm\mandm\mandm8722.c
                 __pa_179   0x0071ea    program     static X:\mandm\mandm\mandm8722.c
                  __pa_18   0x00d49e    program     static E:\3.45\pic18-lt\cxx-framework\src\traditional\stdclib\vfprintf.c
                  __pa_18   0x00e49e    program     static X:\mandm\mandm\config.c  
                  __pa_18   0x0068e4    program     static X:\mandm\mandm\mandm8722.c
                 __pa_180   0x0071fc    program     static X:\mandm\mandm\mandm8722.c
                 __pa_181   0x00720e    program     static X:\mandm\mandm\mandm8722.c
                 __pa_182   0x007218    program     static X:\mandm\mandm\mandm8722.c
                 __pa_183   0x007224    program     static X:\mandm\mandm\mandm8722.c
                 __pa_184   0x00722e    program     static X:\mandm\mandm\mandm8722.c
                 __pa_185   0x007238    program     static X:\mandm\mandm\mandm8722.c
                 __pa_186   0x00723e    program     static X:\mandm\mandm\mandm8722.c
                 __pa_187   0x007244    program     static X:\mandm\mandm\mandm8722.c
                 __pa_188   0x00724e    program     static X:\mandm\mandm\mandm8722.c
                 __pa_189   0x007258    program     static X:\mandm\mandm\mandm8722.c
                  __pa_19   0x00e4a6    program     static X:\mandm\mandm\config.c  
[...]
                     IPR2   0x000fa2       data     extern E:\3.45\pic18-lt\cxx-framework\src\traditional\proc\p18f8722.asm
                 PIE3bits   0x000fa3       data     extern E:\3.45\pic18-lt\cxx-framework\src\traditional\proc\p18f8722.asm
                     PIE3   0x000fa3       data     extern E:\3.45\pic18-lt\cxx-framework\src\traditional\proc\p18f8722.asm
                 PIR3bits   0x000fa4       data     extern E:\3.45\pic18-lt\cxx-framework\src\traditional\proc\p18f8722.asm
                     PIR3   0x000fa4       data     extern E:\3.45\pic18-lt\cxx-framework\src\traditional\proc\p18f8722.asm
                 IPR3bits   0x000fa5       data     extern E:\3.45\pic18-lt\cxx-framework\src\traditional\proc\p18f8722.asm
                     IPR3   0x000fa5       data     extern E:\3.45\pic18-lt\cxx-framework\src\traditional\proc\p18f8722.asm
               EECON1bits   0x000fa6       data     extern E:\3.45\pic18-lt\cxx-framework\src\traditional\proc\p18f8722.asm
                   EECON1   0x000fa6       data     extern E:\3.45\pic18-lt\cxx-framework\src\traditional\proc\p18f8722.asm
                   EECON2   0x000fa7       data     extern E:\3.45\pic18-lt\cxx-framework\src\traditional\proc\p18f8722.asm
                   EEDATA   0x000fa8       data     extern E:\3.45\pic18-lt\cxx-framework\src\traditional\proc\p18f8722.asm
                    EEADR   0x000fa9       data     extern E:\3.45\pic18-lt\cxx-framework\src\traditional\proc\p18f8722.asm
                   EEADRH   0x000faa       data     extern E:\3.45\pic18-lt\cxx-framework\src\traditional\proc\p18f8722.asm
                   RCSTA1   0x000fab       data     extern E:\3.45\pic18-lt\cxx-framework\src\traditional\proc\p18f8722.asm
                    RCSTA   0x000fab       data     extern E:\3.45\pic18-lt\cxx-framework\src\traditional\proc\p18f8722.asm
               RCSTA1bits   0x000fab       data     extern E:\3.45\pic18-lt\cxx-framework\src\traditional\proc\p18f8722.asm
                RCSTAbits   0x000fab       data     extern E:\3.45\pic18-lt\cxx-framework\src\traditional\proc\p18f8722.asm
                TXSTAbits   0x000fac       data     extern E:\3.45\pic18-lt\cxx-framework\src\traditional\proc\p18f8722.asm
               TXSTA1bits   0x000fac       data     extern E:\3.45\pic18-lt\cxx-framework\src\traditional\proc\p18f8722.asm
                   TXSTA1   0x000fac       data     extern E:\3.45\pic18-lt\cxx-framework\src\traditional\proc\p18f8722.asm
                    TXSTA   0x000fac       data     extern E:\3.45\pic18-lt\cxx-framework\src\traditional\proc\p18f8722.asm
                   TXREG1   0x000fad       data     extern E:\3.45\pic18-lt\cxx-framework\src\traditional\proc\p18f8722.asm
                    TXREG   0x000fad       data     extern E:\3.45\pic18-lt\cxx-framework\src\traditional\proc\p18f8722.asm
                   RCREG1   0x000fae       data     extern E:\3.45\pic18-lt\cxx-framework\src\traditional\proc\p18f8722.asm
                    RCREG   0x000fae       data     extern E:\3.45\pic18-lt\cxx-framework\src\traditional\proc\p18f8722.asm
                   SPBRG1   0x000faf       data     extern E:\3.45\pic18-lt\cxx-framework\src\traditional\proc\p18f8722.asm
                    SPBRG   0x000faf       data     extern E:\3.45\pic18-lt\cxx-framework\src\traditional\proc\p18f8722.asm
                   PSPCON   0x000fb0       data     extern E:\3.45\pic18-lt\cxx-framework\src\traditional\proc\p18f8722.asm
               PSPCONbits   0x000fb0       data     extern E:\3.45\pic18-lt\cxx-framework\src\traditional\proc\p18f8722.asm
                T3CONbits   0x000fb1       data     extern E:\3.45\pic18-lt\cxx-framework\src\traditional\proc\p18f8722.asm
                    T3CON   0x000fb1       data     extern E:\3.45\pic18-lt\cxx-framework\src\traditional\proc\p18f8722.asm
                    TMR3L   0x000fb2       data     extern E:\3.45\pic18-lt\cxx-framework\src\traditional\proc\p18f8722.asm
                    TMR3H   0x000fb3       data     extern E:\3.45\pic18-lt\cxx-framework\src\traditional\proc\p18f8722.asm
                CMCONbits   0x000fb4       data     extern E:\3.45\pic18-lt\cxx-framework\src\traditional\proc\p18f8722.asm
                    CMCON   0x000fb4       data     extern E:\3.45\pic18-lt\cxx-framework\src\traditional\proc\p18f8722.asm
               CVRCONbits   0x000fb5       data     extern E:\3.45\pic18-lt\cxx-framework\src\traditional\proc\p18f8722.asm
                   CVRCON   0x000fb5       data     extern E:\3.45\pic18-lt\cxx-framework\src\traditional\proc\p18f8722.asm
              ECCP1ASbits   0x000fb6       data     extern E:\3.45\pic18-lt\cxx-framework\src\traditional\proc\p18f8722.asm
                  ECCP1AS   0x000fb6       data     extern E:\3.45\pic18-lt\cxx-framework\src\traditional\proc\p18f8722.asm
             ECCP3CONbits   0x000fb7       data     extern E:\3.45\pic18-lt\cxx-framework\src\traditional\proc\p18f8722.asm
                 ECCP3CON   0x000fb7       data     extern E:\3.45\pic18-lt\cxx-framework\src\traditional\proc\p18f8722.asm
              CCP3CONbits   0x000fb7       data     extern E:\3.45\pic18-lt\cxx-framework\src\traditional\proc\p18f8722.asm
                  CCP3CON   0x000fb7       data     extern E:\3.45\pic18-lt\cxx-framework\src\traditional\proc\p18f8722.asm
                   CCPR3L   0x000fb8       data     extern E:\3.45\pic18-lt\cxx-framework\src\traditional\proc\p18f8722.asm
                    CCPR3   0x000fb8       data     extern E:\3.45\pic18-lt\cxx-framework\src\traditional\proc\p18f8722.asm
                   CCPR3H   0x000fb9       data     extern E:\3.45\pic18-lt\cxx-framework\src\traditional\proc\p18f8722.asm
                  CCP2CON   0x000fba       data     extern E:\3.45\pic18-lt\cxx-framework\src\traditional\proc\p18f8722.asm
              CCP2CONbits   0x000fba       data     extern E:\3.45\pic18-lt\cxx-framework\src\traditional\proc\p18f8722.asm
             ECCP2CONbits   0x000fba       data     extern E:\3.45\pic18-lt\cxx-framework\src\traditional\proc\p18f8722.asm
                 ECCP2CON   0x000fba       data     extern E:\3.45\pic18-lt\cxx-framework\src\traditional\proc\p18f8722.asm
                    CCPR2   0x000fbb       data     extern E:\3.45\pic18-lt\cxx-framework\src\traditional\proc\p18f8722.asm
                   CCPR2L   0x000fbb       data     extern E:\3.45\pic18-lt\cxx-framework\src\traditional\proc\p18f8722.asm
                   CCPR2H   0x000fbc       data     extern E:\3.45\pic18-lt\cxx-framework\src\traditional\proc\p18f8722.asm
              CCP1CONbits   0x000fbd       data     extern E:\3.45\pic18-lt\cxx-framework\src\traditional\proc\p18f8722.asm
                  CCP1CON   0x000fbd       data     extern E:\3.45\pic18-lt\cxx-framework\src\traditional\proc\p18f8722.asm
             ECCP1CONbits   0x000fbd       data     extern E:\3.45\pic18-lt\cxx-framework\src\traditional\proc\p18f8722.asm
                 ECCP1CON   0x000fbd       data     extern E:\3.45\pic18-lt\cxx-framework\src\traditional\proc\p18f8722.asm
                    CCPR1   0x000fbe       data     extern E:\3.45\pic18-lt\cxx-framework\src\traditional\proc\p18f8722.asm
                   CCPR1L   0x000fbe       data     extern E:\3.45\pic18-lt\cxx-framework\src\traditional\proc\p18f8722.asm
                   CCPR1H   0x000fbf       data     extern E:\3.45\pic18-lt\cxx-framework\src\traditional\proc\p18f8722.asm
               ADCON2bits   0x000fc0       data     extern E:\3.45\pic18-lt\cxx-framework\src\traditional\proc\p18f8722.asm
                   ADCON2   0x000fc0       data     extern E:\3.45\pic18-lt\cxx-framework\src\traditional\proc\p18f8722.asm
               ADCON1bits   0x000fc1       data     extern E:\3.45\pic18-lt\cxx-framework\src\traditional\proc\p18f8722.asm
                   ADCON1   0x000fc1       data     extern E:\3.45\pic18-lt\cxx-framework\src\traditional\proc\p18f8722.asm
                   ADCON0   0x000fc2       data     extern E:\3.45\pic18-lt\cxx-framework\src\traditional\proc\p18f8722.asm
               ADCON0bits   0x000fc2       data     extern E:\3.45\pic18-lt\cxx-framework\src\traditional\proc\p18f8722.asm
                    ADRES   0x000fc3       data     extern E:\3.45\pic18-lt\cxx-framework\src\traditional\proc\p18f8722.asm
                   ADRESL   0x000fc3       data     extern E:\3.45\pic18-lt\cxx-framework\src\traditional\proc\p18f8722.asm
                   ADRESH   0x000fc4       data     extern E:\3.45\pic18-lt\cxx-framework\src\traditional\proc\p18f8722.asm
                 SSP1CON2   0x000fc5       data     extern E:\3.45\pic18-lt\cxx-framework\src\traditional\proc\p18f8722.asm
             SSP1CON2bits   0x000fc5       data     extern E:\3.45\pic18-lt\cxx-framework\src\traditional\proc\p18f8722.asm
                  SSPCON2   0x000fc5       data     extern E:\3.45\pic18-lt\cxx-framework\src\traditional\proc\p18f8722.asm
              SSPCON2bits   0x000fc5       data     extern E:\3.45\pic18-lt\cxx-framework\src\traditional\proc\p18f8722.asm
                 SSP1CON1   0x000fc6       data     extern E:\3.45\pic18-lt\cxx-framework\src\traditional\proc\p18f8722.asm
             SSP1CON1bits   0x000fc6       data     extern E:\3.45\pic18-lt\cxx-framework\src\traditional\proc\p18f8722.asm
                  SSPCON1   0x000fc6       data     extern E:\3.45\pic18-lt\cxx-framework\src\traditional\proc\p18f8722.asm
              SSPCON1bits   0x000fc6       data     extern E:\3.45\pic18-lt\cxx-framework\src\traditional\proc\p18f8722.asm
                 SSP1STAT   0x000fc7       data     extern E:\3.45\pic18-lt\cxx-framework\src\traditional\proc\p18f8722.asm
             SSP1STATbits   0x000fc7       data     extern E:\3.45\pic18-lt\cxx-framework\src\traditional\proc\p18f8722.asm
                  SSPSTAT   0x000fc7       data     extern E:\3.45\pic18-lt\cxx-framework\src\traditional\proc\p18f8722.asm
              SSPSTATbits   0x000fc7       data     extern E:\3.45\pic18-lt\cxx-framework\src\traditional\proc\p18f8722.asm
                   SSPADD   0x000fc8       data     extern E:\3.45\pic18-lt\cxx-framework\src\traditional\proc\p18f8722.asm
                  SSP1ADD   0x000fc8       data     extern E:\3.45\pic18-lt\cxx-framework\src\traditional\proc\p18f8722.asm
                   SSPBUF   0x000fc9       data     extern E:\3.45\pic18-lt\cxx-framework\src\traditional\proc\p18f8722.asm
                  SSP1BUF   0x000fc9       data     extern E:\3.45\pic18-lt\cxx-framework\src\traditional\proc\p18f8722.asm
                T2CONbits   0x000fca       data     extern E:\3.45\pic18-lt\cxx-framework\src\traditional\proc\p18f8722.asm
                    T2CON   0x000fca       data     extern E:\3.45\pic18-lt\cxx-framework\src\traditional\proc\p18f8722.asm
                      PR2   0x000fcb       data     extern E:\3.45\pic18-lt\cxx-framework\src\traditional\proc\p18f8722.asm
                     TMR2   0x000fcc       data     extern E:\3.45\pic18-lt\cxx-framework\src\traditional\proc\p18f8722.asm
                    T1CON   0x000fcd       data     extern E:\3.45\pic18-lt\cxx-framework\src\traditional\proc\p18f8722.asm
                T1CONbits   0x000fcd       data     extern E:\3.45\pic18-lt\cxx-framework\src\traditional\proc\p18f8722.asm
                    TMR1L   0x000fce       data     extern E:\3.45\pic18-lt\cxx-framework\src\traditional\proc\p18f8722.asm
                    TMR1H   0x000fcf       data     extern E:\3.45\pic18-lt\cxx-framework\src\traditional\proc\p18f8722.asm
                 RCONbits   0x000fd0       data     extern E:\3.45\pic18-lt\cxx-framework\src\traditional\proc\p18f8722.asm
                     RCON   0x000fd0       data     extern E:\3.45\pic18-lt\cxx-framework\src\traditional\proc\p18f8722.asm
               WDTCONbits   0x000fd1       data     extern E:\3.45\pic18-lt\cxx-framework\src\traditional\proc\p18f8722.asm
                   WDTCON   0x000fd1       data     extern E:\3.45\pic18-lt\cxx-framework\src\traditional\proc\p18f8722.asm
                  HLVDCON   0x000fd2       data     extern E:\3.45\pic18-lt\cxx-framework\src\traditional\proc\p18f8722.asm
              HLVDCONbits   0x000fd2       data     extern E:\3.45\pic18-lt\cxx-framework\src\traditional\proc\p18f8722.asm
                   LVDCON   0x000fd2       data     extern E:\3.45\pic18-lt\cxx-framework\src\traditional\proc\p18f8722.asm
               LVDCONbits   0x000fd2       data     extern E:\3.45\pic18-lt\cxx-framework\src\traditional\proc\p18f8722.asm
                   OSCCON   0x000fd3       data     extern E:\3.45\pic18-lt\cxx-framework\src\traditional\proc\p18f8722.asm
               OSCCONbits   0x000fd3       data     extern E:\3.45\pic18-lt\cxx-framework\src\traditional\proc\p18f8722.asm
                    T0CON   0x000fd5       data     extern E:\3.45\pic18-lt\cxx-framework\src\traditional\proc\p18f8722.asm
                T0CONbits   0x000fd5       data     extern E:\3.45\pic18-lt\cxx-framework\src\traditional\proc\p18f8722.asm
                    TMR0L   0x000fd6       data     extern E:\3.45\pic18-lt\cxx-framework\src\traditional\proc\p18f8722.asm
                    TMR0H   0x000fd7       data     extern E:\3.45\pic18-lt\cxx-framework\src\traditional\proc\p18f8722.asm
                   STATUS   0x000fd8       data     extern E:\3.45\pic18-lt\cxx-framework\src\traditional\proc\p18f8722.asm
               STATUSbits   0x000fd8       data     extern E:\3.45\pic18-lt\cxx-framework\src\traditional\proc\p18f8722.asm
                    FSR2L   0x000fd9       data     extern E:\3.45\pic18-lt\cxx-framework\src\traditional\proc\p18f8722.asm
                     FSR2   0x000fd9       data     extern E:\3.45\pic18-lt\cxx-framework\src\traditional\proc\p18f8722.asm
                    FSR2H   0x000fda       data     extern E:\3.45\pic18-lt\cxx-framework\src\traditional\proc\p18f8722.asm
                   PLUSW2   0x000fdb       data     extern E:\3.45\pic18-lt\cxx-framework\src\traditional\proc\p18f8722.asm
                  PREINC2   0x000fdc       data     extern E:\3.45\pic18-lt\cxx-framework\src\traditional\proc\p18f8722.asm
                 POSTDEC2   0x000fdd       data     extern E:\3.45\pic18-lt\cxx-framework\src\traditional\proc\p18f8722.asm
                 POSTINC2   0x000fde       data     extern E:\3.45\pic18-lt\cxx-framework\src\traditional\proc\p18f8722.asm
                    INDF2   0x000fdf       data     extern E:\3.45\pic18-lt\cxx-framework\src\traditional\proc\p18f8722.asm
                      BSR   0x000fe0       data     extern E:\3.45\pic18-lt\cxx-framework\src\traditional\proc\p18f8722.asm
                    FSR1L   0x000fe1       data     extern E:\3.45\pic18-lt\cxx-framework\src\traditional\proc\p18f8722.asm
                     FSR1   0x000fe1       data     extern E:\3.45\pic18-lt\cxx-framework\src\traditional\proc\p18f8722.asm
                    FSR1H   0x000fe2       data     extern E:\3.45\pic18-lt\cxx-framework\src\traditional\proc\p18f8722.asm
                   PLUSW1   0x000fe3       data     extern E:\3.45\pic18-lt\cxx-framework\src\traditional\proc\p18f8722.asm
                  PREINC1   0x000fe4       data     extern E:\3.45\pic18-lt\cxx-framework\src\traditional\proc\p18f8722.asm
                 POSTDEC1   0x000fe5       data     extern E:\3.45\pic18-lt\cxx-framework\src\traditional\proc\p18f8722.asm
                 POSTINC1   0x000fe6       data     extern E:\3.45\pic18-lt\cxx-framework\src\traditional\proc\p18f8722.asm
                    INDF1   0x000fe7       data     extern E:\3.45\pic18-lt\cxx-framework\src\traditional\proc\p18f8722.asm
                     WREG   0x000fe8       data     extern E:\3.45\pic18-lt\cxx-framework\src\traditional\proc\p18f8722.asm
                     FSR0   0x000fe9       data     extern E:\3.45\pic18-lt\cxx-framework\src\traditional\proc\p18f8722.asm
                    FSR0L   0x000fe9       data     extern E:\3.45\pic18-lt\cxx-framework\src\traditional\proc\p18f8722.asm
                    FSR0H   0x000fea       data     extern E:\3.45\pic18-lt\cxx-framework\src\traditional\proc\p18f8722.asm
                   PLUSW0   0x000feb       data     extern E:\3.45\pic18-lt\cxx-framework\src\traditional\proc\p18f8722.asm
                  PREINC0   0x000fec       data     extern E:\3.45\pic18-lt\cxx-framework\src\traditional\proc\p18f8722.asm
                 POSTDEC0   0x000fed       data     extern E:\3.45\pic18-lt\cxx-framework\src\traditional\proc\p18f8722.asm
                 POSTINC0   0x000fee       data     extern E:\3.45\pic18-lt\cxx-framework\src\traditional\proc\p18f8722.asm
                    INDF0   0x000fef       data     extern E:\3.45\pic18-lt\cxx-framework\src\traditional\proc\p18f8722.asm
                  INTCON3   0x000ff0       data     extern E:\3.45\pic18-lt\cxx-framework\src\traditional\proc\p18f8722.asm
              INTCON3bits   0x000ff0       data     extern E:\3.45\pic18-lt\cxx-framework\src\traditional\proc\p18f8722.asm
              INTCON2bits   0x000ff1       data     extern E:\3.45\pic18-lt\cxx-framework\src\traditional\proc\p18f8722.asm
                  INTCON2   0x000ff1       data     extern E:\3.45\pic18-lt\cxx-framework\src\traditional\proc\p18f8722.asm
                   INTCON   0x000ff2       data     extern E:\3.45\pic18-lt\cxx-framework\src\traditional\proc\p18f8722.asm
               INTCONbits   0x000ff2       data     extern E:\3.45\pic18-lt\cxx-framework\src\traditional\proc\p18f8722.asm
                     PROD   0x000ff3       data     extern E:\3.45\pic18-lt\cxx-framework\src\traditional\proc\p18f8722.asm
                    PRODL   0x000ff3       data     extern E:\3.45\pic18-lt\cxx-framework\src\traditional\proc\p18f8722.asm
                    PRODH   0x000ff4       data     extern E:\3.45\pic18-lt\cxx-framework\src\traditional\proc\p18f8722.asm
                   TABLAT   0x000ff5       data     extern E:\3.45\pic18-lt\cxx-framework\src\traditional\proc\p18f8722.asm
                   TBLPTR   0x000ff6       data     extern E:\3.45\pic18-lt\cxx-framework\src\traditional\proc\p18f8722.asm
                  TBLPTRL   0x000ff6       data     extern E:\3.45\pic18-lt\cxx-framework\src\traditional\proc\p18f8722.asm
                  TBLPTRH   0x000ff7       data     extern E:\3.45\pic18-lt\cxx-framework\src\traditional\proc\p18f8722.asm
                  TBLPTRU   0x000ff8       data     extern E:\3.45\pic18-lt\cxx-framework\src\traditional\proc\p18f8722.asm
                       PC   0x000ff9       data     extern E:\3.45\pic18-lt\cxx-framework\src\traditional\proc\p18f8722.asm
                      PCL   0x000ff9       data     extern E:\3.45\pic18-lt\cxx-framework\src\traditional\proc\p18f8722.asm
                   PCLATH   0x000ffa       data     extern E:\3.45\pic18-lt\cxx-framework\src\traditional\proc\p18f8722.asm
                   PCLATU   0x000ffb       data     extern E:\3.45\pic18-lt\cxx-framework\src\traditional\proc\p18f8722.asm
                   STKPTR   0x000ffc       data     extern E:\3.45\pic18-lt\cxx-framework\src\traditional\proc\p18f8722.asm
               STKPTRbits   0x000ffc       data     extern E:\3.45\pic18-lt\cxx-framework\src\traditional\proc\p18f8722.asm
                      TOS   0x000ffd       data     extern E:\3.45\pic18-lt\cxx-framework\src\traditional\proc\p18f8722.asm
                     TOSL   0x000ffd       data     extern E:\3.45\pic18-lt\cxx-framework\src\traditional\proc\p18f8722.asm
                     TOSH   0x000ffe       data     extern E:\3.45\pic18-lt\cxx-framework\src\traditional\proc\p18f8722.asm
                     TOSU   0x000fff       data     extern E:\3.45\pic18-lt\cxx-framework\src\traditional\proc\p18f8722.asm


