MPLINK 4.40, Linker
Linker Map File - Created Tue Jan 29 21:36:31 2013

                                 Section Info
                  Section       Type    Address   Location Size(Bytes)
                ---------  ---------  ---------  ---------  ---------
               _entry_scn       code   0x000000    program   0x000006
       .code__user_putc.o       code   0x000006    program   0x000002
           tick_interrupt       code   0x000008    program   0x000006
          .code_adcbusy.o       code   0x00000e    program   0x00000a
           work_interrupt       code   0x000018    program   0x000006
                   .cinit    romdata   0x00001e    program   0x00004a
        .code_mandm8722.o       code   0x000068    program   0x006c26
              .code_daq.o       code   0x006c8e    program   0x001a48
             .stringtable    romdata   0x0086d6    program   0x001527
     .romdata_mandm8722.o    romdata   0x009bfd    program   0x00133a
      .romdata_putsxlcd.o    romdata   0x00af37    program   0x000000
        .idata_u2open.o_i    romdata   0x00af37    program   0x000000
       .romdata_fxm3232.o    romdata   0x00af37    program   0x000000
       .idata_fxm3232.o_i    romdata   0x00af37    program   0x000000
      .romdata_fxd1616u.o    romdata   0x00af37    program   0x000000
      .idata_fxd1616u.o_i    romdata   0x00af37    program   0x000000
       .romdata_adcconv.o    romdata   0x00af37    program   0x000000
       .idata_adcconv.o_i    romdata   0x00af37    program   0x000000
      .romdata_busy_eep.o    romdata   0x00af37    program   0x000000
      .idata_busy_eep.o_i    romdata   0x00af37    program   0x000000
      .romdata_readaddr.o    romdata   0x00af37    program   0x000000
      .romdata_wcmdxlcd.o    romdata   0x00af37    program   0x000000
      .idata_wcmdxlcd.o_i    romdata   0x00af37    program   0x000000
      .idata_setddram.o_i    romdata   0x00af37    program   0x000000
      .romdata_setcgram.o    romdata   0x00af37    program   0x000000
      .idata_readdata.o_i    romdata   0x00af37    program   0x000000
    .romdata__user_putc.o    romdata   0x00af37    program   0x000000
    .idata__user_putc.o_i    romdata   0x00af37    program   0x000000
          .romdata_putc.o    romdata   0x00af37    program   0x000000
       .romdata_sprintf.o    romdata   0x00af37    program   0x000000
        .idata_u2puts.o_i    romdata   0x00af37    program   0x000000
       .romdata_u2putrs.o    romdata   0x00af37    program   0x000000
       .romdata_write_B.o    romdata   0x00af37    program   0x000000
       .idata_write_B.o_i    romdata   0x00af37    program   0x000000
       .romdata_t3write.o    romdata   0x00af37    program   0x000000
       .romdata_t0write.o    romdata   0x00af37    program   0x000000
       .idata_u2write.o_i    romdata   0x00af37    program   0x000000
        .romdata_u2defs.o    romdata   0x00af37    program   0x000000
        .idata_read_B.o_i    romdata   0x00af37    program   0x000000
       .romdata_adcread.o    romdata   0x00af37    program   0x000000
       .idata_adcread.o_i    romdata   0x00af37    program   0x000000
        .romdata_u2read.o    romdata   0x00af37    program   0x000000
        .idata_t4open.o_i    romdata   0x00af37    program   0x000000
        .idata_t3open.o_i    romdata   0x00af37    program   0x000000
        .idata_t0open.o_i    romdata   0x00af37    program   0x000000
        .idata_c018iz.o_i    romdata   0x00af37    program   0x000000
        .romdata_c018iz.o    romdata   0x00af37    program   0x000000
         .idata_power.o_i    romdata   0x00af37    program   0x000000
         .idata_model.o_i    romdata   0x00af37    program   0x000000
          .romdata_crit.o    romdata   0x00af37    program   0x000000
  .romdata_mandm_vector.o    romdata   0x00af37    program   0x000000
      .idata_putrxlcd.o_i    romdata   0x00af37    program   0x000000
      .romdata_openxlcd.o    romdata   0x00af37    program   0x000000
           .code_u2defs.o       code   0x00af38    program   0x000000
           .code_c018iz.o       code   0x00af38    program   0x000000
     .code_mandm_vector.o       code   0x00af38    program   0x000dbc
         .code_vfprintf.o       code   0x00bcf4    program   0x000c22
                     PROG       code   0x00c916    program   0x0006c2
            .code_power.o       code   0x00cfd8    program   0x000486
           .code_config.o       code   0x00d45e    program   0x000334
             .code_crit.o       code   0x00d792    program   0x0001f2
                   STRING       code   0x00d984    program   0x000192
           .code_hwconf.o       code   0x00db16    program   0x000180
          .code_sprintf.o       code   0x00dc96    program   0x0000ac
               _cinit_scn       code   0x00dd42    program   0x00009e
         .code_openxlcd.o       code   0x00dde0    program   0x00009a
           .code_u2open.o       code   0x00de7a    program   0x00008a
             .code_putc.o       code   0x00df04    program   0x000084
          .code_fxm3232.o       code   0x00df88    program   0x000070
          .code_adcopen.o       code   0x00dff8    program   0x00006e
          .code_u2putrs.o       code   0x00e066    program   0x000064
          .code_write_B.o       code   0x00e0ca    program   0x000060
           .code_read_B.o       code   0x00e12a    program   0x00005c
         .code_putrxlcd.o       code   0x00e186    program   0x000054
           .code_u2puts.o       code   0x00e1da    program   0x00004c
         .code_setddram.o       code   0x00e226    program   0x000048
         .code_setcgram.o       code   0x00e26e    program   0x000048
         .code_fxd3232u.o       code   0x00e2b6    program   0x000048
         .code_writdata.o       code   0x00e2fe    program   0x000046
         .code_wcmdxlcd.o       code   0x00e344    program   0x000046
         .code_readdata.o       code   0x00e38a    program   0x000044
         .code_readaddr.o       code   0x00e3ce    program   0x000044
           .code_t3open.o       code   0x00e412    program   0x000042
         .code_putsxlcd.o       code   0x00e454    program   0x000042
           .code_u2read.o       code   0x00e496    program   0x00003e
                   STDLIB       code   0x00e4d4    program   0x00003c
          .code_t3write.o       code   0x00e510    program   0x000038
          .code_t0write.o       code   0x00e548    program   0x000038
           .code_t0open.o       code   0x00e580    program   0x000038
           .code_t4open.o       code   0x00e5b8    program   0x000036
             D10KTCYXCODE       code   0x00e5ee    program   0x00002e
          .code_u2write.o       code   0x00e61c    program   0x00002e
         .code_adcsetch.o       code   0x00e64a    program   0x00002e
         .code_fxd1616u.o       code   0x00e678    program   0x00002c
         .code_busyxlcd.o       code   0x00e6a4    program   0x00002c
                    CTYPE       code   0x00e6d0    program   0x000024
             _startup_scn       code   0x00e6f4    program   0x000020
                    .code       code   0x00e714    program   0x000020
                    STDIO       code   0x00e734    program   0x00001c
              D10TCYXCODE       code   0x00e750    program   0x000016
          .code_adcread.o       code   0x00e766    program   0x000012
      .romdata_vfprintf.o    romdata   0x00e778    program   0x000011
        .idata_u2defs.o_i    romdata   0x00e789    program   0x000000
        .romdata_u2puts.o    romdata   0x00e789    program   0x000000
         .romdata_model.o    romdata   0x00e789    program   0x000000
          .idata_putc.o_i    romdata   0x00e789    program   0x000000
       .idata_sprintf.o_i    romdata   0x00e789    program   0x000000
       .romdata_u2write.o    romdata   0x00e789    program   0x000000
       .idata_u2putrs.o_i    romdata   0x00e789    program   0x000000
       .idata_t0write.o_i    romdata   0x00e789    program   0x000000
        .romdata___init.o    romdata   0x00e789    program   0x000000
      .idata_vfprintf.o_i    romdata   0x00e789    program   0x000000
        .idata___init.o_i    romdata   0x00e789    program   0x000000
       .idata_t3write.o_i    romdata   0x00e789    program   0x000000
        .romdata_hwconf.o    romdata   0x00e789    program   0x000000
        .idata_hwconf.o_i    romdata   0x00e789    program   0x000000
      .romdata_fxd3232u.o    romdata   0x00e789    program   0x000000
      .idata_fxd3232u.o_i    romdata   0x00e789    program   0x000000
      .idata_writdata.o_i    romdata   0x00e789    program   0x000000
      .romdata_writdata.o    romdata   0x00e789    program   0x000000
       .romdata_adcbusy.o    romdata   0x00e789    program   0x000000
       .idata_adcbusy.o_i    romdata   0x00e789    program   0x000000
        .romdata_config.o    romdata   0x00e789    program   0x000000
        .idata_config.o_i    romdata   0x00e789    program   0x000000
      .romdata_busyxlcd.o    romdata   0x00e789    program   0x000000
      .idata_busyxlcd.o_i    romdata   0x00e789    program   0x000000
      .idata_openxlcd.o_i    romdata   0x00e789    program   0x000000
      .romdata_setddram.o    romdata   0x00e789    program   0x000000
      .idata_setcgram.o_i    romdata   0x00e789    program   0x000000
      .romdata_readdata.o    romdata   0x00e789    program   0x000000
      .romdata_putrxlcd.o    romdata   0x00e789    program   0x000000
      .idata_readaddr.o_i    romdata   0x00e789    program   0x000000
      .idata_putsxlcd.o_i    romdata   0x00e789    program   0x000000
      .romdata_adcsetch.o    romdata   0x00e789    program   0x000000
      .idata_adcsetch.o_i    romdata   0x00e789    program   0x000000
        .romdata_u2open.o    romdata   0x00e789    program   0x000000
        .romdata_read_B.o    romdata   0x00e789    program   0x000000
         .romdata_power.o    romdata   0x00e789    program   0x000000
       .idata_adcopen.o_i    romdata   0x00e789    program   0x000000
        .idata_u2read.o_i    romdata   0x00e789    program   0x000000
       .romdata_adcopen.o    romdata   0x00e789    program   0x000000
        .romdata_t4open.o    romdata   0x00e789    program   0x000000
           .romdata_daq.o    romdata   0x00e789    program   0x000000
        .romdata_t0open.o    romdata   0x00e789    program   0x000000
        .romdata_t3open.o    romdata   0x00e789    program   0x000000
            .code_model.o       code   0x00e78a    program   0x000000
         .code_busy_eep.o       code   0x00e78a    program   0x000006
          .code_adcconv.o       code   0x00e790    program   0x000004
           .code___init.o       code   0x00e794    program   0x000002
                  gpr10_i    romdata   0x00e796    program   0x000030
              SEED_DATA_i    romdata   0x00e7c6    program   0x000002
  .idata_mandm_vector.o_i    romdata   0x00e7c8    program   0x000012
     .idata_mandm8722.o_i    romdata   0x00e7da    program   0x000095
           .idata_daq.o_i    romdata   0x00e86f    program   0x000004
          .idata_crit.o_i    romdata   0x00e873    program   0x000002
.config_300001_mandm8722.o    romdata   0x300001    program   0x000001
.config_300002_mandm8722.o    romdata   0x300002    program   0x000001
.config_300003_mandm8722.o    romdata   0x300003    program   0x000001
.config_300006_mandm8722.o    romdata   0x300006    program   0x000001
                 .tmpdata      udata   0x000000       data   0x000024
                MATH_DATA      udata   0x000024       data   0x000014
         tick_handler_tmp      udata   0x000038       data   0x000004
                DELAYDAT2      udata   0x00003c       data   0x000001
                DELAYDAT1      udata   0x00003d       data   0x000001
              ISRHtmpdata      udata   0x00003e       data   0x000000
                     gpr5      udata   0x000060       data   0x00009b
          .udata_hwconf.o      udata   0x0000fb       data   0x000001
          .udata_config.o      udata   0x0000fc       data   0x000001
         .idata_adcread.o      idata   0x0000fd       data   0x000000
         .udata_adcread.o      udata   0x0000fd       data   0x000000
          .idata_u2read.o      idata   0x0000fd       data   0x000000
          .udata_u2read.o      udata   0x0000fd       data   0x000000
          .idata_t4open.o      idata   0x0000fd       data   0x000000
          .udata_t4open.o      udata   0x0000fd       data   0x000000
          .idata_t3open.o      idata   0x0000fd       data   0x000000
          .udata_t3open.o      udata   0x0000fd       data   0x000000
          .idata_t0open.o      idata   0x0000fd       data   0x000000
          .udata_t0open.o      udata   0x0000fd       data   0x000000
         .idata_adcopen.o      idata   0x0000fd       data   0x000000
         .udata_adcopen.o      udata   0x0000fd       data   0x000000
          .idata_u2open.o      idata   0x0000fd       data   0x000000
          .udata_u2open.o      udata   0x0000fd       data   0x000000
         .idata_fxm3232.o      idata   0x0000fd       data   0x000000
         .udata_fxm3232.o      udata   0x0000fd       data   0x000000
        .idata_fxd3232u.o      idata   0x0000fd       data   0x000000
        .udata_fxd3232u.o      udata   0x0000fd       data   0x000000
        .idata_fxd1616u.o      idata   0x0000fd       data   0x000000
        .udata_fxd1616u.o      udata   0x0000fd       data   0x000000
      .udata__user_putc.o      udata   0x0000fd       data   0x000000
      .idata__user_putc.o      idata   0x0000fd       data   0x000000
         .idata_adcconv.o      idata   0x0000fd       data   0x000000
         .udata_adcconv.o      udata   0x0000fd       data   0x000000
        .idata_vfprintf.o      idata   0x0000fd       data   0x000000
        .udata_vfprintf.o      udata   0x0000fd       data   0x000000
         .idata_sprintf.o      idata   0x0000fd       data   0x000000
         .udata_sprintf.o      udata   0x0000fd       data   0x000000
          .idata_u2puts.o      idata   0x0000fd       data   0x000000
          .udata_u2puts.o      udata   0x0000fd       data   0x000000
         .idata_u2putrs.o      idata   0x0000fd       data   0x000000
         .udata_u2putrs.o      udata   0x0000fd       data   0x000000
          .idata___init.o      idata   0x0000fd       data   0x000000
          .udata___init.o      udata   0x0000fd       data   0x000000
         .idata_write_B.o      idata   0x0000fd       data   0x000000
         .udata_write_B.o      udata   0x0000fd       data   0x000000
         .idata_t3write.o      idata   0x0000fd       data   0x000000
         .udata_t3write.o      udata   0x0000fd       data   0x000000
         .idata_t0write.o      idata   0x0000fd       data   0x000000
         .udata_t0write.o      udata   0x0000fd       data   0x000000
         .idata_u2write.o      idata   0x0000fd       data   0x000000
         .udata_u2write.o      udata   0x0000fd       data   0x000000
          .idata_u2defs.o      idata   0x0000fd       data   0x000000
        .idata_adcsetch.o      idata   0x0000fd       data   0x000000
        .udata_adcsetch.o      udata   0x0000fd       data   0x000000
            .udata_putc.o      udata   0x0000fd       data   0x000000
            .idata_putc.o      idata   0x0000fd       data   0x000000
          .idata_read_B.o      idata   0x0000fd       data   0x000000
          .udata_read_B.o      udata   0x0000fd       data   0x000000
        .udata_readaddr.o      udata   0x0000fd       data   0x000000
        .idata_putsxlcd.o      idata   0x0000fd       data   0x000000
        .udata_putsxlcd.o      udata   0x0000fd       data   0x000000
        .idata_putrxlcd.o      idata   0x0000fd       data   0x000000
        .udata_putrxlcd.o      udata   0x0000fd       data   0x000000
        .idata_openxlcd.o      idata   0x0000fd       data   0x000000
        .udata_openxlcd.o      udata   0x0000fd       data   0x000000
        .idata_writdata.o      idata   0x0000fd       data   0x000000
        .udata_writdata.o      udata   0x0000fd       data   0x000000
          .idata_c018iz.o      idata   0x0000fd       data   0x000000
                     gpr6      udata   0x0000fd       data   0x000000
            .udata_crit.o      udata   0x0000fd       data   0x000000
       .udata_mandm8722.o      udata   0x0000fd       data   0x000000
           .idata_power.o      idata   0x0000fd       data   0x000000
           .idata_model.o      idata   0x0000fd       data   0x000000
           .udata_model.o      udata   0x0000fd       data   0x000000
          .idata_hwconf.o      idata   0x0000fd       data   0x000000
        .idata_busy_eep.o      idata   0x0000fd       data   0x000000
        .udata_busy_eep.o      udata   0x0000fd       data   0x000000
         .idata_adcbusy.o      idata   0x0000fd       data   0x000000
         .udata_adcbusy.o      udata   0x0000fd       data   0x000000
          .idata_config.o      idata   0x0000fd       data   0x000000
        .idata_busyxlcd.o      idata   0x0000fd       data   0x000000
        .udata_busyxlcd.o      udata   0x0000fd       data   0x000000
        .idata_wcmdxlcd.o      idata   0x0000fd       data   0x000000
        .udata_wcmdxlcd.o      udata   0x0000fd       data   0x000000
        .idata_readaddr.o      idata   0x0000fd       data   0x000000
        .idata_setddram.o      idata   0x0000fd       data   0x000000
        .udata_readdata.o      udata   0x0000fd       data   0x000000
        .idata_readdata.o      idata   0x0000fd       data   0x000000
        .udata_setcgram.o      udata   0x0000fd       data   0x000000
        .idata_setcgram.o      idata   0x0000fd       data   0x000000
        .udata_setddram.o      udata   0x0000fd       data   0x000000
                     gpr2      udata   0x000100       data   0x0000fc
             .idata_daq.o      idata   0x0001fc       data   0x000004
                    gpr13      udata   0x000200       data   0x0000fb
                     gpr1      udata   0x000300       data   0x0000ce
                    gpr10      idata   0x0003ce       data   0x000030
                SEED_DATA      idata   0x0003fe       data   0x000002
                     gpr8      udata   0x000400       data   0x0000b0
           .udata_power.o      udata   0x0004b0       data   0x00003a
    .idata_mandm_vector.o      idata   0x0004ea       data   0x000012
            .idata_crit.o      idata   0x0004fc       data   0x000002
                     gpr4      udata   0x0004fe       data   0x000001
          .udata_u2defs.o      udata   0x0004ff       data   0x000001
                     gpr9      udata   0x000500       data   0x0000a7
                     gpr3      udata   0x0005a7       data   0x00001c
             .udata_daq.o      udata   0x0005c3       data   0x000011
                     gpr7      udata   0x0005d4       data   0x00000c
          .udata_c018iz.o      udata   0x0005e0       data   0x00000a
    .udata_mandm_vector.o      udata   0x0005ea       data   0x000006
       .idata_mandm8722.o      idata   0x000600       data   0x000095
                   .stack      udata   0x000e00       data   0x000100
            SFR_UNBANKED0      udata   0x000f62       data   0x00009e



                              Program Memory Usage 
                               Start         End      
                           ---------   ---------      
                            0x000000    0x00af36      
                            0x00af38    0x00e788      
                            0x00e78a    0x00e874      
                            0x300001    0x300003      
                            0x300006    0x300006      
            59511 out of 132120 program addresses used, program memory utilization is 45%



                              Symbols - Sorted by Name
                     Name    Address   Location    Storage File                     
                ---------  ---------  ---------  --------- ---------                
                     ABSI   0x001180    program     extern L:\mandm\mandm\mandm8722.c
                     ABSL   0x0011ae    program     extern L:\mandm\mandm\mandm8722.c
                 ADC_read   0x006db6    program     extern L:\mandm\mandm\daq.c     
                 ADC_zero   0x006c8e    program     extern L:\mandm\mandm\daq.c     
                  BusyADC   0x00000e    program     extern C:\MCC18\v3_39\src\pmc_common\ADC\adcbusy.c
                 BusyXLCD   0x00e6a4    program     extern L:\mandm\mandm\xlcd\busyxlcd.c
                 Busy_eep   0x00e78a    program     extern C:\MCC18\v3_39\src\pmc_common\EEP\busy_eep.c
             Change_Count   0x006cf4    program     extern L:\mandm\mandm\daq.c     
        Clear_All_Buttons   0x00bc98    program     extern L:\mandm\mandm\mandm_vector.c
               ConvertADC   0x00e790    program     extern C:\MCC18\v3_39\src\pmc_common\ADC\adcconv.c
                   D10K_1   0x00e5fa    program     static C:\MCC18\v3_39\src\traditional\delays\d10ktcyx.asm
                    D10Kl   0x00e606    program     static C:\MCC18\v3_39\src\traditional\delays\d10ktcyx.asm
                    D10Kx   0x00e5f8    program     static C:\MCC18\v3_39\src\traditional\delays\d10ktcyx.asm
                    D10_1   0x00e760    program     static C:\MCC18\v3_39\src\traditional\delays\d10tcyx.asm
                     D10x   0x00e758    program     static C:\MCC18\v3_39\src\traditional\delays\d10tcyx.asm
                   D1616S   0x00cc46    program     static C:\MCC18\v3_39\src\traditional\math\fxd1616s.asm
                D1616SNEG   0x00cc54    program     static C:\MCC18\v3_39\src\traditional\math\fxd1616s.asm
                 D1616SOK   0x00cc50    program     static C:\MCC18\v3_39\src\traditional\math\fxd1616s.asm
                  D1616SX   0x00cc66    program     static C:\MCC18\v3_39\src\traditional\math\fxd1616s.asm
                   D3232S   0x00cca0    program     static C:\MCC18\v3_39\src\traditional\math\fxd3232s.asm
                D3232SNEG   0x00ccae    program     static C:\MCC18\v3_39\src\traditional\math\fxd3232s.asm
                 D3232SOK   0x00ccaa    program     static C:\MCC18\v3_39\src\traditional\math\fxd3232s.asm
                  D3232SX   0x00ccce    program     static C:\MCC18\v3_39\src\traditional\math\fxd3232s.asm
                  DA1616S   0x00cc36    program     static C:\MCC18\v3_39\src\traditional\math\fxd1616s.asm
                  DA3232S   0x00cc8a    program     static C:\MCC18\v3_39\src\traditional\math\fxd3232s.asm
             Delay10KTCYx   0x00e5ee    program     extern C:\MCC18\v3_39\src\traditional\delays\d10ktcyx.asm
              Delay10TCYx   0x00e750    program     extern C:\MCC18\v3_39\src\traditional\delays\d10tcyx.asm
            DelayFor18TCY   0x00063c    program     extern L:\mandm\mandm\mandm8722.c
             DelayPORXLCD   0x000656    program     extern L:\mandm\mandm\mandm8722.c
                DelayXLCD   0x000662    program     extern L:\mandm\mandm\mandm8722.c
                 FLO1632S   0x00c91a    program     extern C:\MCC18\v3_39\src\traditional\math\cast16FP.asm
                 FLO1632U   0x00c916    program     extern C:\MCC18\v3_39\src\traditional\math\cast16FP.asm
                 FLO3232S   0x00c944    program     extern C:\MCC18\v3_39\src\traditional\math\cast32FP.asm
                 FLO3232U   0x00c940    program     extern C:\MCC18\v3_39\src\traditional\math\cast32FP.asm
                    FPA32   0x00c978    program     extern C:\MCC18\v3_39\src\traditional\math\addFP.asm
                    FPD32   0x00caa4    program     extern C:\MCC18\v3_39\src\traditional\math\divFP.asm
                    FPM32   0x00cb4a    program     extern C:\MCC18\v3_39\src\traditional\math\mulFP.asm
                    FPS32   0x00c976    program     extern C:\MCC18\v3_39\src\traditional\math\addFP.asm
                 FXD1616S   0x00cc24    program     extern C:\MCC18\v3_39\src\traditional\math\fxd1616s.asm
                 FXD1616U   0x00e678    program     extern C:\MCC18\v3_39\src\traditional\math\fxd1616u.c
                 FXD3232S   0x00cc70    program     extern C:\MCC18\v3_39\src\traditional\math\fxd3232s.asm
                 FXD3232U   0x00e2b6    program     extern C:\MCC18\v3_39\src\traditional\math\fxd3232u.c
                 FXM1616S   0x00cf7e    program     extern C:\MCC18\v3_39\src\traditional\math\fxm1616s.asm
                 FXM1616U   0x00cf42    program     extern C:\MCC18\v3_39\src\traditional\math\fxm1616u.asm
                 FXM2424U   0x00ccd8    program     extern C:\MCC18\v3_39\src\traditional\math\fxm2424u.asm
                  FXM3232   0x00df88    program     extern C:\MCC18\v3_39\src\traditional\math\fxm3232.c
                  INT3216   0x00cd6a    program     extern C:\MCC18\v3_39\src\traditional\math\castFP16.asm
                  INT3232   0x00cdc8    program     extern C:\MCC18\v3_39\src\traditional\math\castFP32.asm
              LCD_VC_puts   0x00016e    program     extern L:\mandm\mandm\mandm8722.c
               Open2USART   0x00de7a    program     extern C:\MCC18\v3_39\src\pmc_common\USART\u2open.c
                  OpenADC   0x00dff8    program     extern C:\MCC18\v3_39\src\pmc_common\ADC\adcopen.c
               OpenTimer0   0x00e580    program     extern C:\MCC18\v3_39\src\pmc_common\Timers\t0open.c
               OpenTimer3   0x00e412    program     extern C:\MCC18\v3_39\src\pmc_common\Timers\t3open.c
               OpenTimer4   0x00e5b8    program     extern C:\MCC18\v3_39\src\pmc_common\Timers\t4open.c
                 OpenXLCD   0x00dde0    program     extern L:\mandm\mandm\xlcd\openxlcd.c
                   P1wait   0x00bc8c    program     extern L:\mandm\mandm\mandm_vector.c
                   P2wait   0x00bc92    program     extern L:\mandm\mandm\mandm_vector.c
               Read2USART   0x00e496    program     extern C:\MCC18\v3_39\src\pmc_common\USART\u2read.c
                  ReadADC   0x00e766    program     extern C:\MCC18\v3_39\src\pmc_common\ADC\adcread.c
             ReadAddrXLCD   0x00e3ce    program     extern L:\mandm\mandm\xlcd\readaddr.c
             ReadDataXLCD   0x00e38a    program     extern L:\mandm\mandm\xlcd\readdata.c
               Read_b_eep   0x00e12a    program     extern C:\MCC18\v3_39\src\pmc_common\EEP\read_B.c
       Reset_Change_Count   0x006cb4    program     extern L:\mandm\mandm\daq.c     
             SetCGRamAddr   0x00e26e    program     extern L:\mandm\mandm\xlcd\setcgram.c
               SetChanADC   0x00e64a    program     extern C:\MCC18\v3_39\src\pmc_common\ADC\adcsetch.c
             SetDDRamAddr   0x00e226    program     extern L:\mandm\mandm\xlcd\setddram.c
               Set_Cursor   0x0018be    program     extern L:\mandm\mandm\mandm8722.c
               TSIGN1616A   0x00cfca    program     static C:\MCC18\v3_39\src\traditional\math\fxm1616s.asm
              Write2USART   0x00e61c    program     extern C:\MCC18\v3_39\src\pmc_common\USART\u2write.c
             WriteCmdXLCD   0x00e344    program     extern L:\mandm\mandm\xlcd\wcmdxlcd.c
            WriteDataXLCD   0x00e2fe    program     extern L:\mandm\mandm\xlcd\writdata.c
              WriteTimer0   0x00e548    program     extern C:\MCC18\v3_39\src\pmc_common\Timers\t0write.c
              WriteTimer3   0x00e510    program     extern C:\MCC18\v3_39\src\pmc_common\Timers\t3write.c
              Write_b_eep   0x00e0ca    program     extern C:\MCC18\v3_39\src\pmc_common\EEP\write_B.c
                   _2jEnd   0x00da3c    program     static C:\MCC18\v3_39\src\traditional\stdclib\slenpgm.asm
              _3jContinue   0x00dae0    program     static C:\MCC18\v3_39\src\traditional\stdclib\sncpyp2r.asm
              _4jContinue   0x00da86    program     static C:\MCC18\v3_39\src\traditional\stdclib\strncpy.asm
              _4jContinue   0x00d9b0    program     static C:\MCC18\v3_39\src\traditional\stdclib\memcmp.asm
                   _4jEnd   0x00daea    program     static C:\MCC18\v3_39\src\traditional\stdclib\sncpyp2r.asm
                   _5jEnd   0x00da90    program     static C:\MCC18\v3_39\src\traditional\stdclib\strncpy.asm
                   _5jEnd   0x00d9ba    program     static C:\MCC18\v3_39\src\traditional\stdclib\memcmp.asm
       _D10KTCYXCODE_0010   0x00e5fe    program     static C:\MCC18\v3_39\src\traditional\delays\d10ktcyx.asm
       _D10KTCYXCODE_001C   0x00e60a    program     static C:\MCC18\v3_39\src\traditional\delays\d10ktcyx.asm
        _D10TCYXCODE_000A   0x00e75a    program     static C:\MCC18\v3_39\src\traditional\delays\d10tcyx.asm
        _D10TCYXCODE_000C   0x00e75c    program     static C:\MCC18\v3_39\src\traditional\delays\d10tcyx.asm
        _D10TCYXCODE_000E   0x00e75e    program     static C:\MCC18\v3_39\src\traditional\delays\d10tcyx.asm
                 __FpExit   0x00ce42    program     extern C:\MCC18\v3_39\src\traditional\math\packFP.asm
                 __FpPack   0x00ce6e    program     extern C:\MCC18\v3_39\src\traditional\math\packFP.asm
            __FpReturnNaN   0x00ce36    program     extern C:\MCC18\v3_39\src\traditional\math\packFP.asm
         __FpReturnNegInf   0x00ce48    program     extern C:\MCC18\v3_39\src\traditional\math\packFP.asm
        __FpReturnNegZero   0x00ce60    program     extern C:\MCC18\v3_39\src\traditional\math\packFP.asm
         __FpReturnPosInf   0x00ce4e    program     extern C:\MCC18\v3_39\src\traditional\math\packFP.asm
        __FpReturnPosZero   0x00ce68    program     extern C:\MCC18\v3_39\src\traditional\math\packFP.asm
        __FpReturnSignInf   0x00ce44    program     extern C:\MCC18\v3_39\src\traditional\math\packFP.asm
       __FpReturnSignZero   0x00ce5c    program     extern C:\MCC18\v3_39\src\traditional\math\packFP.asm
              __FpReturnW   0x00cec6    program     extern C:\MCC18\v3_39\src\traditional\math\packFP.asm
              __FpUnPackA   0x00cee6    program     extern C:\MCC18\v3_39\src\traditional\math\UnpackFP.asm
              __FpUnPackB   0x00cf16    program     extern C:\MCC18\v3_39\src\traditional\math\UnpackFP.asm
       ___case_0_lbl00030   0x00b230    program     static                          
       ___case_1_lbl00031   0x00b236    program     static                          
       ___case_2_lbl00032   0x00b23e    program     static                          
      ___default_lbl00033   0x00b246    program     static                          
           ___do_lbl00032   0x00034e    program     static                          
           ___do_lbl00033   0x000370    program     static                          
           ___do_lbl00034   0x00032e    program     static                          
           ___do_lbl00430   0x002f24    program     static                          
           ___do_lbl00431   0x002f52    program     static                          
           ___do_lbl00436   0x002c5e    program     static                          
           ___do_lbl00440   0x003298    program     static                          
           ___do_lbl00441   0x0032c6    program     static                          
           ___do_lbl00446   0x002fd2    program     static                          
           ___do_lbl00454   0x0034aa    program     static                          
           ___do_lbl00455   0x0034b0    program     static                          
           ___do_lbl00456   0x00349e    program     static                          
           ___do_lbl00460   0x003b64    program     static                          
           ___do_lbl00461   0x003ba2    program     static                          
           ___do_lbl00476   0x00358e    program     static                          
           ___do_lbl00477   0x0041fa    program     static                          
           ___do_lbl00478   0x004238    program     static                          
           ___do_lbl00493   0x003c24    program     static                          
           ___do_lbl00523   0x00520a    program     static                          
           ___do_lbl00524   0x005210    program     static                          
           ___do_lbl00525   0x0051fe    program     static                          
           ___do_lbl00530   0x0053f2    program     static                          
           ___do_lbl00531   0x005432    program     static                          
           ___do_lbl00534   0x00527c    program     static                          
         ___else_lbl00003   0x00afc6    program     static                          
         ___else_lbl00008   0x00d88a    program     static                          
         ___else_lbl00009   0x00b082    program     static                          
         ___else_lbl00011   0x00b0a0    program     static                          
         ___else_lbl00014   0x00b110    program     static                          
         ___else_lbl00016   0x00b12e    program     static                          
         ___else_lbl00027   0x00b1ea    program     static                          
         ___else_lbl00071   0x00b3e4    program     static                          
         ___else_lbl00084   0x00b534    program     static                          
         ___else_lbl00086   0x00b542    program     static                          
         ___else_lbl00088   0x00b550    program     static                          
         ___else_lbl00090   0x00b588    program     static                          
         ___else_lbl00092   0x00b5ee    program     static                          
         ___else_lbl00098   0x00b656    program     static                          
         ___else_lbl00104   0x00b9d8    program     static                          
         ___else_lbl00108   0x00bada    program     static                          
         ___else_lbl00114   0x00bb64    program     static                          
         ___else_lbl00116   0x00bb3e    program     static                          
         ___else_lbl00472   0x003920    program     static                          
         ___else_lbl00489   0x003fb6    program     static                          
         ___else_lbl00513   0x00423c    program     static                          
         ___else_lbl00522   0x004f8c    program     static                          
         ___else_lbl00528   0x004f3c    program     static                          
         ___else_lbl00536   0x00550a    program     static                          
         ___else_lbl00558   0x005a06    program     static                          
         ___else_lbl00566   0x005ad2    program     static                          
          ___for_lbl00010   0x006e1a    program     static                          
          ___for_lbl00011   0x006e24    program     static                          
          ___for_lbl00014   0x006dde    program     static                          
          ___for_lbl00015   0x006f24    program     static                          
          ___for_lbl00016   0x006f2e    program     static                          
          ___for_lbl00019   0x006ee8    program     static                          
          ___for_lbl00020   0x00702e    program     static                          
          ___for_lbl00021   0x007038    program     static                          
          ___for_lbl00024   0x006ff2    program     static                          
          ___for_lbl00027   0x007268    program     static                          
          ___for_lbl00028   0x007272    program     static                          
          ___for_lbl00028   0x0002be    program     static                          
          ___for_lbl00029   0x0002cc    program     static                          
          ___for_lbl00030   0x000294    program     static                          
          ___for_lbl00031   0x00722c    program     static                          
          ___for_lbl00034   0x0074a0    program     static                          
          ___for_lbl00035   0x0074aa    program     static                          
          ___for_lbl00038   0x007464    program     static                          
          ___for_lbl00041   0x0076da    program     static                          
          ___for_lbl00042   0x0076e4    program     static                          
          ___for_lbl00045   0x00769e    program     static                          
          ___for_lbl00046   0x00776a    program     static                          
          ___for_lbl00047   0x007774    program     static                          
          ___for_lbl00050   0x00772e    program     static                          
          ___for_lbl00051   0x0077fa    program     static                          
          ___for_lbl00052   0x007804    program     static                          
          ___for_lbl00054   0x00064e    program     static                          
          ___for_lbl00055   0x000654    program     static                          
          ___for_lbl00055   0x0077be    program     static                          
          ___for_lbl00056   0x0084ea    program     static                          
          ___for_lbl00056   0x000642    program     static                          
          ___for_lbl00057   0x0084f6    program     static                          
          ___for_lbl00066   0x0078c4    program     static                          
          ___for_lbl00078   0x000fb4    program     static                          
          ___for_lbl00079   0x000fba    program     static                          
          ___for_lbl00081   0x000c84    program     static                          
          ___for_lbl00428   0x00330c    program     static                          
          ___for_lbl00429   0x003318    program     static                          
          ___for_lbl00450   0x002bf2    program     static                          
          ___for_lbl00495   0x0044c0    program     static                          
          ___for_lbl00496   0x0044d4    program     static                          
          ___for_lbl00501   0x004284    program     static                          
          ___for_lbl00502   0x00478c    program     static                          
          ___for_lbl00503   0x0047a0    program     static                          
          ___for_lbl00508   0x004550    program     static                          
          ___for_lbl00509   0x004c04    program     static                          
          ___for_lbl00510   0x004c18    program     static                          
          ___for_lbl00511   0x004bb0    program     static                          
          ___for_lbl00514   0x005222    program     static                          
          ___for_lbl00515   0x005236    program     static                          
          ___for_lbl00529   0x004c24    program     static                          
          ___for_lbl00553   0x0059ac    program     static                          
          ___for_lbl00554   0x0059b2    program     static                          
          ___for_lbl00555   0x005982    program     static                          
          ___for_lbl00559   0x005aca    program     static                          
          ___for_lbl00560   0x005ad0    program     static                          
          ___for_lbl00561   0x005a92    program     static                          
          ___for_lbl00562   0x005b28    program     static                          
          ___for_lbl00563   0x005b2e    program     static                          
          ___for_lbl00564   0x005af0    program     static                          
           ___if_lbl00001   0x00af98    program     static                          
           ___if_lbl00001   0x00d7c0    program     static                          
           ___if_lbl00001   0x00db44    program     static                          
           ___if_lbl00002   0x00d7e4    program     static                          
           ___if_lbl00002   0x00afd6    program     static                          
           ___if_lbl00003   0x00d804    program     static                          
           ___if_lbl00003   0x00db56    program     static                          
           ___if_lbl00004   0x00d824    program     static                          
           ___if_lbl00004   0x00afe0    program     static                          
           ___if_lbl00005   0x00afea    program     static                          
           ___if_lbl00006   0x00dc64    program     static                          
           ___if_lbl00006   0x00d858    program     static                          
           ___if_lbl00006   0x00aff4    program     static                          
           ___if_lbl00007   0x00aff4    program     static                          
           ___if_lbl00007   0x00d892    program     static                          
           ___if_lbl00008   0x00b09e    program     static                          
           ___if_lbl00010   0x00b0ae    program     static                          
           ___if_lbl00012   0x00b0ae    program     static                          
           ___if_lbl00013   0x00b12c    program     static                          
           ___if_lbl00015   0x00b13c    program     static                          
           ___if_lbl00017   0x00b13c    program     static                          
           ___if_lbl00018   0x00b140    program     static                          
           ___if_lbl00020   0x00b14e    program     static                          
           ___if_lbl00021   0x00b162    program     static                          
           ___if_lbl00023   0x00b17c    program     static                          
           ___if_lbl00024   0x00b1aa    program     static                          
           ___if_lbl00025   0x00711a    program     static                          
           ___if_lbl00025   0x00b1de    program     static                          
           ___if_lbl00026   0x007206    program     static                          
           ___if_lbl00026   0x00b1f2    program     static                          
           ___if_lbl00028   0x00b21e    program     static                          
           ___if_lbl00032   0x007354    program     static                          
           ___if_lbl00033   0x00743e    program     static                          
           ___if_lbl00034   0x00b24c    program     static                          
           ___if_lbl00035   0x00b24c    program     static                          
           ___if_lbl00036   0x00b252    program     static                          
           ___if_lbl00037   0x00b258    program     static                          
           ___if_lbl00038   0x00b25e    program     static                          
           ___if_lbl00039   0x00758c    program     static                          
           ___if_lbl00039   0x00b264    program     static                          
           ___if_lbl00040   0x007676    program     static                          
           ___if_lbl00040   0x00b264    program     static                          
           ___if_lbl00041   0x00b284    program     static                          
           ___if_lbl00042   0x00b288    program     static                          
           ___if_lbl00043   0x00b2a0    program     static                          
           ___if_lbl00044   0x00b2b6    program     static                          
           ___if_lbl00045   0x00b2c4    program     static                          
           ___if_lbl00046   0x00b2d2    program     static                          
           ___if_lbl00047   0x00b2e0    program     static                          
           ___if_lbl00048   0x00b2ee    program     static                          
           ___if_lbl00049   0x00b2fc    program     static                          
           ___if_lbl00051   0x00b312    program     static                          
           ___if_lbl00053   0x00b328    program     static                          
           ___if_lbl00055   0x00b33c    program     static                          
           ___if_lbl00058   0x00b346    program     static                          
           ___if_lbl00058   0x007ad8    program     static                          
           ___if_lbl00060   0x00b358    program     static                          
           ___if_lbl00060   0x007b64    program     static                          
           ___if_lbl00061   0x00b358    program     static                          
           ___if_lbl00061   0x007bcc    program     static                          
           ___if_lbl00062   0x007d38    program     static                          
           ___if_lbl00063   0x00b37c    program     static                          
           ___if_lbl00063   0x007e32    program     static                          
           ___if_lbl00064   0x007fde    program     static                          
           ___if_lbl00064   0x00b380    program     static                          
           ___if_lbl00065   0x008356    program     static                          
           ___if_lbl00066   0x00b3a4    program     static                          
           ___if_lbl00067   0x00b3a8    program     static                          
           ___if_lbl00069   0x00b3e2    program     static                          
           ___if_lbl00069   0x008542    program     static                          
           ___if_lbl00070   0x008542    program     static                          
           ___if_lbl00070   0x00b3ec    program     static                          
           ___if_lbl00072   0x00b40a    program     static                          
           ___if_lbl00073   0x00b40a    program     static                          
           ___if_lbl00074   0x00b40e    program     static                          
           ___if_lbl00076   0x00b42c    program     static                          
           ___if_lbl00077   0x00b4ae    program     static                          
           ___if_lbl00078   0x00b4ae    program     static                          
           ___if_lbl00079   0x00b4ae    program     static                          
           ___if_lbl00080   0x000fb4    program     static                          
           ___if_lbl00082   0x00b52a    program     static                          
           ___if_lbl00083   0x00b538    program     static                          
           ___if_lbl00085   0x00b546    program     static                          
           ___if_lbl00087   0x00b554    program     static                          
           ___if_lbl00089   0x00b5b8    program     static                          
           ___if_lbl00091   0x00b620    program     static                          
           ___if_lbl00093   0x00b708    program     static                          
           ___if_lbl00094   0x00b730    program     static                          
           ___if_lbl00095   0x00b760    program     static                          
           ___if_lbl00096   0x00b7b4    program     static                          
           ___if_lbl00097   0x00b7b6    program     static                          
           ___if_lbl00099   0x00b816    program     static                          
           ___if_lbl00100   0x00b87e    program     static                          
           ___if_lbl00101   0x00b8de    program     static                          
           ___if_lbl00102   0x00b948    program     static                          
           ___if_lbl00103   0x00ba2e    program     static                          
           ___if_lbl00106   0x00bad8    program     static                          
           ___if_lbl00107   0x00bafa    program     static                          
           ___if_lbl00112   0x00bb88    program     static                          
           ___if_lbl00113   0x00bb88    program     static                          
           ___if_lbl00115   0x00bb88    program     static                          
           ___if_lbl00117   0x00bb88    program     static                          
           ___if_lbl00118   0x00bb88    program     static                          
           ___if_lbl00119   0x00bbda    program     static                          
           ___if_lbl00120   0x00bbda    program     static                          
           ___if_lbl00121   0x00bbf6    program     static                          
           ___if_lbl00122   0x00bc04    program     static                          
           ___if_lbl00124   0x00bc20    program     static                          
           ___if_lbl00125   0x00bc20    program     static                          
           ___if_lbl00424   0x002b0e    program     static                          
           ___if_lbl00425   0x002b48    program     static                          
           ___if_lbl00426   0x002b5a    program     static                          
           ___if_lbl00427   0x002b94    program     static                          
           ___if_lbl00432   0x002d22    program     static                          
           ___if_lbl00433   0x002e0e    program     static                          
           ___if_lbl00434   0x002efe    program     static                          
           ___if_lbl00435   0x002f12    program     static                          
           ___if_lbl00438   0x002f7e    program     static                          
           ___if_lbl00439   0x002f98    program     static                          
           ___if_lbl00442   0x003096    program     static                          
           ___if_lbl00443   0x003182    program     static                          
           ___if_lbl00444   0x003272    program     static                          
           ___if_lbl00445   0x003286    program     static                          
           ___if_lbl00448   0x0032f2    program     static                          
           ___if_lbl00449   0x00330c    program     static                          
           ___if_lbl00452   0x00341e    program     static                          
           ___if_lbl00453   0x00347a    program     static                          
           ___if_lbl00457   0x003506    program     static                          
           ___if_lbl00458   0x003506    program     static                          
           ___if_lbl00459   0x003520    program     static                          
           ___if_lbl00465   0x003778    program     static                          
           ___if_lbl00466   0x0037a8    program     static                          
           ___if_lbl00467   0x0037ac    program     static                          
           ___if_lbl00468   0x003814    program     static                          
           ___if_lbl00469   0x00391e    program     static                          
           ___if_lbl00470   0x0039b2    program     static                          
           ___if_lbl00471   0x0039b2    program     static                          
           ___if_lbl00473   0x003a78    program     static                          
           ___if_lbl00474   0x003b3e    program     static                          
           ___if_lbl00475   0x003b52    program     static                          
           ___if_lbl00482   0x003e0e    program     static                          
           ___if_lbl00483   0x003e3e    program     static                          
           ___if_lbl00484   0x003e42    program     static                          
           ___if_lbl00485   0x003eaa    program     static                          
           ___if_lbl00486   0x003fb4    program     static                          
           ___if_lbl00487   0x004048    program     static                          
           ___if_lbl00488   0x004048    program     static                          
           ___if_lbl00490   0x00410e    program     static                          
           ___if_lbl00491   0x0041d4    program     static                          
           ___if_lbl00492   0x0041e8    program     static                          
           ___if_lbl00494   0x004238    program     static                          
           ___if_lbl00497   0x004342    program     static                          
           ___if_lbl00498   0x004440    program     static                          
           ___if_lbl00499   0x004458    program     static                          
           ___if_lbl00500   0x0044c0    program     static                          
           ___if_lbl00504   0x00460e    program     static                          
           ___if_lbl00505   0x00470c    program     static                          
           ___if_lbl00506   0x004724    program     static                          
           ___if_lbl00507   0x00478c    program     static                          
           ___if_lbl00512   0x004c18    program     static                          
           ___if_lbl00517   0x004d48    program     static                          
           ___if_lbl00519   0x004e48    program     static                          
           ___if_lbl00520   0x004e48    program     static                          
           ___if_lbl00521   0x004f96    program     static                          
           ___if_lbl00526   0x005222    program     static                          
           ___if_lbl00527   0x005222    program     static                          
           ___if_lbl00533   0x0053f0    program     static                          
           ___if_lbl00535   0x00550a    program     static                          
           ___if_lbl00548   0x00570a    program     static                          
           ___if_lbl00549   0x005740    program     static                          
           ___if_lbl00550   0x005776    program     static                          
           ___if_lbl00551   0x0057ac    program     static                          
           ___if_lbl00552   0x005928    program     static                          
           ___if_lbl00556   0x0059b2    program     static                          
           ___if_lbl00557   0x005a58    program     static                          
           ___if_lbl00565   0x005b48    program     static                          
           ___if_lbl00569   0x005b52    program     static                          
           ___if_lbl00570   0x005ba8    program     static                          
           ___if_lbl00574   0x005e1e    program     static                          
           ___if_lbl00575   0x005e48    program     static                          
           ___if_lbl00576   0x005e5c    program     static                          
       ___return_lbl00000   0x006cb2    program     static                          
       ___return_lbl00000   0x00bc20    program     static                          
       ___return_lbl00000   0x000004    program     static                          
       ___return_lbl00000   0x00000c    program     static                          
       ___return_lbl00000   0x00e17a    program     static                          
       ___return_lbl00000   0x00dff6    program     static                          
       ___return_lbl00000   0x00d824    program     static                          
       ___return_lbl00000   0x00e2fc    program     static                          
       ___return_lbl00000   0x00e6a2    program     static                          
       ___return_lbl00000   0x00dc64    program     static                          
       ___return_lbl00001   0x00001c    program     static                          
       ___return_lbl00001   0x00e712    program     static                          
       ___return_lbl00002   0x00ddde    program     static                          
       ___return_lbl00005   0x00d892    program     static                          
       ___return_lbl00009   0x008548    program     static                          
       ___return_lbl00027   0x0002cc    program     static                          
       ___return_lbl00031   0x000370    program     static                          
       ___return_lbl00053   0x000654    program     static                          
       ___return_lbl00072   0x0008bc    program     static                          
       ___return_lbl00077   0x000fbc    program     static                          
       ___return_lbl00127   0x00bc8a    program     static                          
       ___return_lbl00423   0x00552c    program     static                          
       ___return_lbl00547   0x005e5e    program     static                          
   ___switchexit_lbl00029   0x00b24c    program     static                          
        ___while_lbl00001   0x006ca8    program     static                          
        ___while_lbl00002   0x006cb2    program     static                          
        ___while_lbl00004   0x00dbb4    program     static                          
        ___while_lbl00005   0x00dbc2    program     static                          
        ___while_lbl00012   0x006dee    program     static                          
        ___while_lbl00013   0x006df8    program     static                          
        ___while_lbl00017   0x006ef8    program     static                          
        ___while_lbl00018   0x006f02    program     static                          
        ___while_lbl00022   0x007002    program     static                          
        ___while_lbl00023   0x00700c    program     static                          
        ___while_lbl00029   0x00723c    program     static                          
        ___while_lbl00030   0x007246    program     static                          
        ___while_lbl00036   0x007474    program     static                          
        ___while_lbl00037   0x00747e    program     static                          
        ___while_lbl00043   0x0076ae    program     static                          
        ___while_lbl00044   0x0076b8    program     static                          
        ___while_lbl00048   0x00773e    program     static                          
        ___while_lbl00049   0x007748    program     static                          
        ___while_lbl00053   0x0077ce    program     static                          
        ___while_lbl00054   0x0077d8    program     static                          
        ___while_lbl00056   0x00b344    program     static                          
        ___while_lbl00057   0x00b346    program     static                          
        ___while_lbl00067   0x008530    program     static                          
        ___while_lbl00068   0x008542    program     static                          
        ___while_lbl00567   0x005b50    program     static                          
        ___while_lbl00568   0x005b52    program     static                          
        ___while_lbl00571   0x005e08    program     static                          
        ___while_lbl00572   0x005e5e    program     static                          
               __config_0   0x300001    program     static L:\mandm\mandm\mandm8722.c
               __config_1   0x300002    program     static L:\mandm\mandm\mandm8722.c
               __config_2   0x300003    program     static L:\mandm\mandm\mandm8722.c
               __config_3   0x300006    program     static L:\mandm\mandm\mandm8722.c
                   __init   0x00e794    program     extern C:\MCC18\v3_39\src\traditional\stdclib\__init.c
                   __pa_0   0x00d3d6    program     static L:\mandm\mandm\power.c   
                   __pa_0   0x005e60    program     static L:\mandm\mandm\mandm8722.c
                   __pa_0   0x008636    program     static L:\mandm\mandm\daq.c     
                   __pa_0   0x00de68    program     static L:\mandm\mandm\xlcd\openxlcd.c
                   __pa_0   0x00e1c2    program     static L:\mandm\mandm\xlcd\putrxlcd.c
                   __pa_0   0x00e486    program     static L:\mandm\mandm\xlcd\putsxlcd.c
                   __pa_0   0x00e336    program     static L:\mandm\mandm\xlcd\writdata.c
                   __pa_0   0x00e2a8    program     static L:\mandm\mandm\xlcd\setcgram.c
                   __pa_0   0x00e260    program     static L:\mandm\mandm\xlcd\setddram.c
                   __pa_0   0x00e37c    program     static L:\mandm\mandm\xlcd\wcmdxlcd.c
                   __pa_0   0x00e6be    program     static L:\mandm\mandm\xlcd\busyxlcd.c
                   __pa_0   0x00bce2    program     static L:\mandm\mandm\mandm_vector.c
                   __pa_0   0x00d6d8    program     static L:\mandm\mandm\config.c  
                   __pa_0   0x00c634    program     static C:\MCC18\v3_39\src\traditional\stdclib\vfprintf.c
                   __pa_0   0x00d94e    program     static L:\mandm\mandm\crit.c    
                   __pa_1   0x00bcec    program     static L:\mandm\mandm\mandm_vector.c
                   __pa_1   0x00d6ee    program     static L:\mandm\mandm\config.c  
                   __pa_1   0x00c63c    program     static C:\MCC18\v3_39\src\traditional\stdclib\vfprintf.c
                   __pa_1   0x00d3e4    program     static L:\mandm\mandm\power.c   
                   __pa_1   0x005e74    program     static L:\mandm\mandm\mandm8722.c
                   __pa_1   0x00d95c    program     static L:\mandm\mandm\crit.c    
                   __pa_1   0x00de72    program     static L:\mandm\mandm\xlcd\openxlcd.c
                   __pa_1   0x00865e    program     static L:\mandm\mandm\daq.c     
                  __pa_10   0x005f16    program     static L:\mandm\mandm\mandm8722.c
                  __pa_10   0x00d746    program     static L:\mandm\mandm\config.c  
                  __pa_10   0x00c6f0    program     static C:\MCC18\v3_39\src\traditional\stdclib\vfprintf.c
                  __pa_10   0x00d44e    program     static L:\mandm\mandm\power.c   
                 __pa_100   0x00646a    program     static L:\mandm\mandm\mandm8722.c
                 __pa_101   0x006476    program     static L:\mandm\mandm\mandm8722.c
                 __pa_102   0x00647c    program     static L:\mandm\mandm\mandm8722.c
                 __pa_103   0x006486    program     static L:\mandm\mandm\mandm8722.c
                 __pa_104   0x006490    program     static L:\mandm\mandm\mandm8722.c
                 __pa_105   0x00649a    program     static L:\mandm\mandm\mandm8722.c
                 __pa_106   0x0064a2    program     static L:\mandm\mandm\mandm8722.c
                 __pa_107   0x0064a8    program     static L:\mandm\mandm\mandm8722.c
                 __pa_108   0x0064b2    program     static L:\mandm\mandm\mandm8722.c
                 __pa_109   0x0064c0    program     static L:\mandm\mandm\mandm8722.c
                  __pa_11   0x00d752    program     static L:\mandm\mandm\config.c  
                  __pa_11   0x005f30    program     static L:\mandm\mandm\mandm8722.c
                  __pa_11   0x00c6fe    program     static C:\MCC18\v3_39\src\traditional\stdclib\vfprintf.c
                  __pa_11   0x00d456    program     static L:\mandm\mandm\power.c   
                 __pa_110   0x0064ce    program     static L:\mandm\mandm\mandm8722.c
                 __pa_111   0x0064dc    program     static L:\mandm\mandm\mandm8722.c
                 __pa_112   0x0064e4    program     static L:\mandm\mandm\mandm8722.c
                 __pa_113   0x0064f2    program     static L:\mandm\mandm\mandm8722.c
                 __pa_114   0x0064fc    program     static L:\mandm\mandm\mandm8722.c
                 __pa_115   0x006506    program     static L:\mandm\mandm\mandm8722.c
                 __pa_116   0x006510    program     static L:\mandm\mandm\mandm8722.c
                 __pa_117   0x00651a    program     static L:\mandm\mandm\mandm8722.c
                 __pa_118   0x006524    program     static L:\mandm\mandm\mandm8722.c
                 __pa_119   0x006546    program     static L:\mandm\mandm\mandm8722.c
                  __pa_12   0x00c714    program     static C:\MCC18\v3_39\src\traditional\stdclib\vfprintf.c
                  __pa_12   0x00d75a    program     static L:\mandm\mandm\config.c  
                  __pa_12   0x005f4e    program     static L:\mandm\mandm\mandm8722.c
                 __pa_120   0x006558    program     static L:\mandm\mandm\mandm8722.c
                 __pa_121   0x006572    program     static L:\mandm\mandm\mandm8722.c
                 __pa_122   0x006592    program     static L:\mandm\mandm\mandm8722.c
                 __pa_123   0x0065aa    program     static L:\mandm\mandm\mandm8722.c
                 __pa_124   0x0065b0    program     static L:\mandm\mandm\mandm8722.c
                 __pa_125   0x0065c8    program     static L:\mandm\mandm\mandm8722.c
                 __pa_126   0x0065fa    program     static L:\mandm\mandm\mandm8722.c
                 __pa_127   0x006602    program     static L:\mandm\mandm\mandm8722.c
                 __pa_128   0x006612    program     static L:\mandm\mandm\mandm8722.c
                 __pa_129   0x00662a    program     static L:\mandm\mandm\mandm8722.c
                  __pa_13   0x00d760    program     static L:\mandm\mandm\config.c  
                  __pa_13   0x00c72e    program     static C:\MCC18\v3_39\src\traditional\stdclib\vfprintf.c
                  __pa_13   0x005f5a    program     static L:\mandm\mandm\mandm8722.c
                 __pa_130   0x006632    program     static L:\mandm\mandm\mandm8722.c
                 __pa_131   0x00663a    program     static L:\mandm\mandm\mandm8722.c
                 __pa_132   0x006644    program     static L:\mandm\mandm\mandm8722.c
                 __pa_133   0x00664a    program     static L:\mandm\mandm\mandm8722.c
                 __pa_134   0x006654    program     static L:\mandm\mandm\mandm8722.c
                 __pa_135   0x006664    program     static L:\mandm\mandm\mandm8722.c
                 __pa_136   0x00666c    program     static L:\mandm\mandm\mandm8722.c
                 __pa_137   0x006670    program     static L:\mandm\mandm\mandm8722.c
                 __pa_138   0x00667c    program     static L:\mandm\mandm\mandm8722.c
                 __pa_139   0x00668c    program     static L:\mandm\mandm\mandm8722.c
                  __pa_14   0x00d768    program     static L:\mandm\mandm\config.c  
                  __pa_14   0x00c746    program     static C:\MCC18\v3_39\src\traditional\stdclib\vfprintf.c
                  __pa_14   0x005f60    program     static L:\mandm\mandm\mandm8722.c
                 __pa_140   0x0066a2    program     static L:\mandm\mandm\mandm8722.c
                 __pa_141   0x0066b8    program     static L:\mandm\mandm\mandm8722.c
                 __pa_142   0x0066ca    program     static L:\mandm\mandm\mandm8722.c
                 __pa_143   0x0066d6    program     static L:\mandm\mandm\mandm8722.c
                 __pa_144   0x0066de    program     static L:\mandm\mandm\mandm8722.c
                 __pa_145   0x0066e6    program     static L:\mandm\mandm\mandm8722.c
                 __pa_146   0x0066ec    program     static L:\mandm\mandm\mandm8722.c
                 __pa_147   0x006706    program     static L:\mandm\mandm\mandm8722.c
                 __pa_148   0x00671a    program     static L:\mandm\mandm\mandm8722.c
                 __pa_149   0x006720    program     static L:\mandm\mandm\mandm8722.c
                  __pa_15   0x005f6c    program     static L:\mandm\mandm\mandm8722.c
                  __pa_15   0x00c756    program     static C:\MCC18\v3_39\src\traditional\stdclib\vfprintf.c
                  __pa_15   0x00d772    program     static L:\mandm\mandm\config.c  
                 __pa_150   0x00672a    program     static L:\mandm\mandm\mandm8722.c
                 __pa_151   0x006732    program     static L:\mandm\mandm\mandm8722.c
                 __pa_152   0x00673c    program     static L:\mandm\mandm\mandm8722.c
                 __pa_153   0x00674a    program     static L:\mandm\mandm\mandm8722.c
                 __pa_154   0x00675a    program     static L:\mandm\mandm\mandm8722.c
                 __pa_155   0x006760    program     static L:\mandm\mandm\mandm8722.c
                 __pa_156   0x00676a    program     static L:\mandm\mandm\mandm8722.c
                 __pa_157   0x006780    program     static L:\mandm\mandm\mandm8722.c
                 __pa_158   0x006794    program     static L:\mandm\mandm\mandm8722.c
                 __pa_159   0x0067a8    program     static L:\mandm\mandm\mandm8722.c
                  __pa_16   0x00c76c    program     static C:\MCC18\v3_39\src\traditional\stdclib\vfprintf.c
                  __pa_16   0x005f96    program     static L:\mandm\mandm\mandm8722.c
                  __pa_16   0x00d778    program     static L:\mandm\mandm\config.c  
                 __pa_160   0x0067b0    program     static L:\mandm\mandm\mandm8722.c
                 __pa_161   0x0067ba    program     static L:\mandm\mandm\mandm8722.c
                 __pa_162   0x0067c4    program     static L:\mandm\mandm\mandm8722.c
                 __pa_163   0x0067cc    program     static L:\mandm\mandm\mandm8722.c
                 __pa_164   0x0067e0    program     static L:\mandm\mandm\mandm8722.c
                 __pa_165   0x0067ea    program     static L:\mandm\mandm\mandm8722.c
                 __pa_166   0x0067f6    program     static L:\mandm\mandm\mandm8722.c
                 __pa_167   0x006808    program     static L:\mandm\mandm\mandm8722.c
                 __pa_168   0x00681a    program     static L:\mandm\mandm\mandm8722.c
                 __pa_169   0x00682c    program     static L:\mandm\mandm\mandm8722.c
                  __pa_17   0x00d782    program     static L:\mandm\mandm\config.c  
                  __pa_17   0x00c77e    program     static C:\MCC18\v3_39\src\traditional\stdclib\vfprintf.c
                  __pa_17   0x005f9e    program     static L:\mandm\mandm\mandm8722.c
                 __pa_170   0x00683a    program     static L:\mandm\mandm\mandm8722.c
                 __pa_171   0x00684c    program     static L:\mandm\mandm\mandm8722.c
                 __pa_172   0x00685a    program     static L:\mandm\mandm\mandm8722.c
                 __pa_173   0x00686c    program     static L:\mandm\mandm\mandm8722.c
                 __pa_174   0x00687e    program     static L:\mandm\mandm\mandm8722.c
                 __pa_175   0x006890    program     static L:\mandm\mandm\mandm8722.c
                 __pa_176   0x0068a2    program     static L:\mandm\mandm\mandm8722.c
                 __pa_177   0x0068b4    program     static L:\mandm\mandm\mandm8722.c
                 __pa_178   0x0068c6    program     static L:\mandm\mandm\mandm8722.c
                 __pa_179   0x0068cc    program     static L:\mandm\mandm\mandm8722.c
                  __pa_18   0x00d78c    program     static L:\mandm\mandm\config.c  
                  __pa_18   0x005fa8    program     static L:\mandm\mandm\mandm8722.c
                  __pa_18   0x00c790    program     static C:\MCC18\v3_39\src\traditional\stdclib\vfprintf.c
                 __pa_180   0x0068d6    program     static L:\mandm\mandm\mandm8722.c
                 __pa_181   0x0068e2    program     static L:\mandm\mandm\mandm8722.c
                 __pa_182   0x0068ec    program     static L:\mandm\mandm\mandm8722.c
                 __pa_183   0x0068f6    program     static L:\mandm\mandm\mandm8722.c
                 __pa_184   0x006900    program     static L:\mandm\mandm\mandm8722.c
                 __pa_185   0x006906    program     static L:\mandm\mandm\mandm8722.c
                 __pa_186   0x006910    program     static L:\mandm\mandm\mandm8722.c
                 __pa_187   0x00691a    program     static L:\mandm\mandm\mandm8722.c
                 __pa_188   0x006924    program     static L:\mandm\mandm\mandm8722.c
                 __pa_189   0x006932    program     static L:\mandm\mandm\mandm8722.c
                  __pa_19   0x00c79a    program     static C:\MCC18\v3_39\src\traditional\stdclib\vfprintf.c
                  __pa_19   0x005fb0    program     static L:\mandm\mandm\mandm8722.c
                 __pa_190   0x006938    program     static L:\mandm\mandm\mandm8722.c
                 __pa_191   0x006948    program     static L:\mandm\mandm\mandm8722.c
                 __pa_192   0x006958    program     static L:\mandm\mandm\mandm8722.c
                 __pa_193   0x006966    program     static L:\mandm\mandm\mandm8722.c
                 __pa_194   0x006972    program     static L:\mandm\mandm\mandm8722.c
                 __pa_195   0x00697c    program     static L:\mandm\mandm\mandm8722.c
                 __pa_196   0x00698a    program     static L:\mandm\mandm\mandm8722.c
                 __pa_197   0x006998    program     static L:\mandm\mandm\mandm8722.c
                 __pa_198   0x0069a0    program     static L:\mandm\mandm\mandm8722.c
                 __pa_199   0x0069aa    program     static L:\mandm\mandm\mandm8722.c
                   __pa_2   0x00d6f6    program     static L:\mandm\mandm\config.c  
                   __pa_2   0x005e7e    program     static L:\mandm\mandm\mandm8722.c
                   __pa_2   0x00d968    program     static L:\mandm\mandm\crit.c    
                   __pa_2   0x00c646    program     static C:\MCC18\v3_39\src\traditional\stdclib\vfprintf.c
                   __pa_2   0x00d3ee    program     static L:\mandm\mandm\power.c   
                   __pa_2   0x008682    program     static L:\mandm\mandm\daq.c     
                  __pa_20   0x005fb6    program     static L:\mandm\mandm\mandm8722.c
                  __pa_20   0x00c7aa    program     static C:\MCC18\v3_39\src\traditional\stdclib\vfprintf.c
                 __pa_200   0x0069b0    program     static L:\mandm\mandm\mandm8722.c
                 __pa_201   0x0069bc    program     static L:\mandm\mandm\mandm8722.c
                 __pa_202   0x0069c8    program     static L:\mandm\mandm\mandm8722.c
                 __pa_203   0x0069d0    program     static L:\mandm\mandm\mandm8722.c
                 __pa_204   0x0069dc    program     static L:\mandm\mandm\mandm8722.c
                 __pa_205   0x0069e8    program     static L:\mandm\mandm\mandm8722.c
                 __pa_206   0x0069f2    program     static L:\mandm\mandm\mandm8722.c
                 __pa_207   0x0069fc    program     static L:\mandm\mandm\mandm8722.c
                 __pa_208   0x006a06    program     static L:\mandm\mandm\mandm8722.c
                 __pa_209   0x006a10    program     static L:\mandm\mandm\mandm8722.c
                  __pa_21   0x00c7ba    program     static C:\MCC18\v3_39\src\traditional\stdclib\vfprintf.c
                  __pa_21   0x005fc4    program     static L:\mandm\mandm\mandm8722.c
                 __pa_210   0x006a18    program     static L:\mandm\mandm\mandm8722.c
                 __pa_211   0x006a22    program     static L:\mandm\mandm\mandm8722.c
                 __pa_212   0x006a26    program     static L:\mandm\mandm\mandm8722.c
                 __pa_213   0x006a30    program     static L:\mandm\mandm\mandm8722.c
                 __pa_214   0x006a38    program     static L:\mandm\mandm\mandm8722.c
                 __pa_215   0x006a62    program     static L:\mandm\mandm\mandm8722.c
                 __pa_216   0x006a7c    program     static L:\mandm\mandm\mandm8722.c
                 __pa_217   0x006a88    program     static L:\mandm\mandm\mandm8722.c
                 __pa_218   0x006a8e    program     static L:\mandm\mandm\mandm8722.c
                 __pa_219   0x006a96    program     static L:\mandm\mandm\mandm8722.c
                  __pa_22   0x00c7ca    program     static C:\MCC18\v3_39\src\traditional\stdclib\vfprintf.c
                  __pa_22   0x005fe2    program     static L:\mandm\mandm\mandm8722.c
                 __pa_220   0x006ab8    program     static L:\mandm\mandm\mandm8722.c
                 __pa_221   0x006ad0    program     static L:\mandm\mandm\mandm8722.c
                 __pa_222   0x006ada    program     static L:\mandm\mandm\mandm8722.c
                 __pa_223   0x006af6    program     static L:\mandm\mandm\mandm8722.c
                 __pa_224   0x006b0e    program     static L:\mandm\mandm\mandm8722.c
                 __pa_225   0x006b2a    program     static L:\mandm\mandm\mandm8722.c
                 __pa_226   0x006b44    program     static L:\mandm\mandm\mandm8722.c
                 __pa_227   0x006b52    program     static L:\mandm\mandm\mandm8722.c
                 __pa_228   0x006b5a    program     static L:\mandm\mandm\mandm8722.c
                 __pa_229   0x006b62    program     static L:\mandm\mandm\mandm8722.c
                  __pa_23   0x005fec    program     static L:\mandm\mandm\mandm8722.c
                  __pa_23   0x00c7d6    program     static C:\MCC18\v3_39\src\traditional\stdclib\vfprintf.c
                 __pa_230   0x006b76    program     static L:\mandm\mandm\mandm8722.c
                 __pa_231   0x006b8c    program     static L:\mandm\mandm\mandm8722.c
                 __pa_232   0x006b94    program     static L:\mandm\mandm\mandm8722.c
                 __pa_233   0x006b9a    program     static L:\mandm\mandm\mandm8722.c
                 __pa_234   0x006ba0    program     static L:\mandm\mandm\mandm8722.c
                 __pa_235   0x006bb0    program     static L:\mandm\mandm\mandm8722.c
                 __pa_236   0x006bc2    program     static L:\mandm\mandm\mandm8722.c
                 __pa_237   0x006bca    program     static L:\mandm\mandm\mandm8722.c
                 __pa_238   0x006bd8    program     static L:\mandm\mandm\mandm8722.c
                 __pa_239   0x006be6    program     static L:\mandm\mandm\mandm8722.c
                  __pa_24   0x00c7e4    program     static C:\MCC18\v3_39\src\traditional\stdclib\vfprintf.c
                  __pa_24   0x00600e    program     static L:\mandm\mandm\mandm8722.c
                 __pa_240   0x006bf4    program     static L:\mandm\mandm\mandm8722.c
                 __pa_241   0x006c00    program     static L:\mandm\mandm\mandm8722.c
                 __pa_242   0x006c08    program     static L:\mandm\mandm\mandm8722.c
                 __pa_243   0x006c10    program     static L:\mandm\mandm\mandm8722.c
                 __pa_244   0x006c1a    program     static L:\mandm\mandm\mandm8722.c
                 __pa_245   0x006c22    program     static L:\mandm\mandm\mandm8722.c
[...]
                    TRISG   0x000f98       data     extern C:\MCC18\v3_39\src\traditional\proc\p18F8722.asm
                     DDRH   0x000f99       data     extern C:\MCC18\v3_39\src\traditional\proc\p18F8722.asm
                 DDRHbits   0x000f99       data     extern C:\MCC18\v3_39\src\traditional\proc\p18F8722.asm
                    TRISH   0x000f99       data     extern C:\MCC18\v3_39\src\traditional\proc\p18F8722.asm
                TRISHbits   0x000f99       data     extern C:\MCC18\v3_39\src\traditional\proc\p18F8722.asm
                     DDRJ   0x000f9a       data     extern C:\MCC18\v3_39\src\traditional\proc\p18F8722.asm
                 DDRJbits   0x000f9a       data     extern C:\MCC18\v3_39\src\traditional\proc\p18F8722.asm
                    TRISJ   0x000f9a       data     extern C:\MCC18\v3_39\src\traditional\proc\p18F8722.asm
                TRISJbits   0x000f9a       data     extern C:\MCC18\v3_39\src\traditional\proc\p18F8722.asm
              OSCTUNEbits   0x000f9b       data     extern C:\MCC18\v3_39\src\traditional\proc\p18F8722.asm
                  OSCTUNE   0x000f9b       data     extern C:\MCC18\v3_39\src\traditional\proc\p18F8722.asm
               MEMCONbits   0x000f9c       data     extern C:\MCC18\v3_39\src\traditional\proc\p18F8722.asm
                   MEMCON   0x000f9c       data     extern C:\MCC18\v3_39\src\traditional\proc\p18F8722.asm
                     PIE1   0x000f9d       data     extern C:\MCC18\v3_39\src\traditional\proc\p18F8722.asm
                 PIE1bits   0x000f9d       data     extern C:\MCC18\v3_39\src\traditional\proc\p18F8722.asm
                     PIR1   0x000f9e       data     extern C:\MCC18\v3_39\src\traditional\proc\p18F8722.asm
                 PIR1bits   0x000f9e       data     extern C:\MCC18\v3_39\src\traditional\proc\p18F8722.asm
                 IPR1bits   0x000f9f       data     extern C:\MCC18\v3_39\src\traditional\proc\p18F8722.asm
                     IPR1   0x000f9f       data     extern C:\MCC18\v3_39\src\traditional\proc\p18F8722.asm
                 PIE2bits   0x000fa0       data     extern C:\MCC18\v3_39\src\traditional\proc\p18F8722.asm
                     PIE2   0x000fa0       data     extern C:\MCC18\v3_39\src\traditional\proc\p18F8722.asm
                     PIR2   0x000fa1       data     extern C:\MCC18\v3_39\src\traditional\proc\p18F8722.asm
                 PIR2bits   0x000fa1       data     extern C:\MCC18\v3_39\src\traditional\proc\p18F8722.asm
                 IPR2bits   0x000fa2       data     extern C:\MCC18\v3_39\src\traditional\proc\p18F8722.asm
                     IPR2   0x000fa2       data     extern C:\MCC18\v3_39\src\traditional\proc\p18F8722.asm
                 PIE3bits   0x000fa3       data     extern C:\MCC18\v3_39\src\traditional\proc\p18F8722.asm
                     PIE3   0x000fa3       data     extern C:\MCC18\v3_39\src\traditional\proc\p18F8722.asm
                     PIR3   0x000fa4       data     extern C:\MCC18\v3_39\src\traditional\proc\p18F8722.asm
                 PIR3bits   0x000fa4       data     extern C:\MCC18\v3_39\src\traditional\proc\p18F8722.asm
                 IPR3bits   0x000fa5       data     extern C:\MCC18\v3_39\src\traditional\proc\p18F8722.asm
                     IPR3   0x000fa5       data     extern C:\MCC18\v3_39\src\traditional\proc\p18F8722.asm
               EECON1bits   0x000fa6       data     extern C:\MCC18\v3_39\src\traditional\proc\p18F8722.asm
                   EECON1   0x000fa6       data     extern C:\MCC18\v3_39\src\traditional\proc\p18F8722.asm
                   EECON2   0x000fa7       data     extern C:\MCC18\v3_39\src\traditional\proc\p18F8722.asm
                   EEDATA   0x000fa8       data     extern C:\MCC18\v3_39\src\traditional\proc\p18F8722.asm
                    EEADR   0x000fa9       data     extern C:\MCC18\v3_39\src\traditional\proc\p18F8722.asm
                   EEADRH   0x000faa       data     extern C:\MCC18\v3_39\src\traditional\proc\p18F8722.asm
               RCSTA1bits   0x000fab       data     extern C:\MCC18\v3_39\src\traditional\proc\p18F8722.asm
                RCSTAbits   0x000fab       data     extern C:\MCC18\v3_39\src\traditional\proc\p18F8722.asm
                   RCSTA1   0x000fab       data     extern C:\MCC18\v3_39\src\traditional\proc\p18F8722.asm
                    RCSTA   0x000fab       data     extern C:\MCC18\v3_39\src\traditional\proc\p18F8722.asm
                TXSTAbits   0x000fac       data     extern C:\MCC18\v3_39\src\traditional\proc\p18F8722.asm
               TXSTA1bits   0x000fac       data     extern C:\MCC18\v3_39\src\traditional\proc\p18F8722.asm
                   TXSTA1   0x000fac       data     extern C:\MCC18\v3_39\src\traditional\proc\p18F8722.asm
                    TXSTA   0x000fac       data     extern C:\MCC18\v3_39\src\traditional\proc\p18F8722.asm
                    TXREG   0x000fad       data     extern C:\MCC18\v3_39\src\traditional\proc\p18F8722.asm
                   TXREG1   0x000fad       data     extern C:\MCC18\v3_39\src\traditional\proc\p18F8722.asm
                    RCREG   0x000fae       data     extern C:\MCC18\v3_39\src\traditional\proc\p18F8722.asm
                   RCREG1   0x000fae       data     extern C:\MCC18\v3_39\src\traditional\proc\p18F8722.asm
                   SPBRG1   0x000faf       data     extern C:\MCC18\v3_39\src\traditional\proc\p18F8722.asm
                    SPBRG   0x000faf       data     extern C:\MCC18\v3_39\src\traditional\proc\p18F8722.asm
                   PSPCON   0x000fb0       data     extern C:\MCC18\v3_39\src\traditional\proc\p18F8722.asm
               PSPCONbits   0x000fb0       data     extern C:\MCC18\v3_39\src\traditional\proc\p18F8722.asm
                T3CONbits   0x000fb1       data     extern C:\MCC18\v3_39\src\traditional\proc\p18F8722.asm
                    T3CON   0x000fb1       data     extern C:\MCC18\v3_39\src\traditional\proc\p18F8722.asm
                    TMR3L   0x000fb2       data     extern C:\MCC18\v3_39\src\traditional\proc\p18F8722.asm
                    TMR3H   0x000fb3       data     extern C:\MCC18\v3_39\src\traditional\proc\p18F8722.asm
                CMCONbits   0x000fb4       data     extern C:\MCC18\v3_39\src\traditional\proc\p18F8722.asm
                    CMCON   0x000fb4       data     extern C:\MCC18\v3_39\src\traditional\proc\p18F8722.asm
                   CVRCON   0x000fb5       data     extern C:\MCC18\v3_39\src\traditional\proc\p18F8722.asm
               CVRCONbits   0x000fb5       data     extern C:\MCC18\v3_39\src\traditional\proc\p18F8722.asm
                  ECCP1AS   0x000fb6       data     extern C:\MCC18\v3_39\src\traditional\proc\p18F8722.asm
              ECCP1ASbits   0x000fb6       data     extern C:\MCC18\v3_39\src\traditional\proc\p18F8722.asm
                 ECCP3CON   0x000fb7       data     extern C:\MCC18\v3_39\src\traditional\proc\p18F8722.asm
             ECCP3CONbits   0x000fb7       data     extern C:\MCC18\v3_39\src\traditional\proc\p18F8722.asm
              CCP3CONbits   0x000fb7       data     extern C:\MCC18\v3_39\src\traditional\proc\p18F8722.asm
                  CCP3CON   0x000fb7       data     extern C:\MCC18\v3_39\src\traditional\proc\p18F8722.asm
                    CCPR3   0x000fb8       data     extern C:\MCC18\v3_39\src\traditional\proc\p18F8722.asm
                   CCPR3L   0x000fb8       data     extern C:\MCC18\v3_39\src\traditional\proc\p18F8722.asm
                   CCPR3H   0x000fb9       data     extern C:\MCC18\v3_39\src\traditional\proc\p18F8722.asm
              CCP2CONbits   0x000fba       data     extern C:\MCC18\v3_39\src\traditional\proc\p18F8722.asm
                  CCP2CON   0x000fba       data     extern C:\MCC18\v3_39\src\traditional\proc\p18F8722.asm
                 ECCP2CON   0x000fba       data     extern C:\MCC18\v3_39\src\traditional\proc\p18F8722.asm
             ECCP2CONbits   0x000fba       data     extern C:\MCC18\v3_39\src\traditional\proc\p18F8722.asm
                    CCPR2   0x000fbb       data     extern C:\MCC18\v3_39\src\traditional\proc\p18F8722.asm
                   CCPR2L   0x000fbb       data     extern C:\MCC18\v3_39\src\traditional\proc\p18F8722.asm
                   CCPR2H   0x000fbc       data     extern C:\MCC18\v3_39\src\traditional\proc\p18F8722.asm
              CCP1CONbits   0x000fbd       data     extern C:\MCC18\v3_39\src\traditional\proc\p18F8722.asm
                  CCP1CON   0x000fbd       data     extern C:\MCC18\v3_39\src\traditional\proc\p18F8722.asm
             ECCP1CONbits   0x000fbd       data     extern C:\MCC18\v3_39\src\traditional\proc\p18F8722.asm
                 ECCP1CON   0x000fbd       data     extern C:\MCC18\v3_39\src\traditional\proc\p18F8722.asm
                   CCPR1L   0x000fbe       data     extern C:\MCC18\v3_39\src\traditional\proc\p18F8722.asm
                    CCPR1   0x000fbe       data     extern C:\MCC18\v3_39\src\traditional\proc\p18F8722.asm
                   CCPR1H   0x000fbf       data     extern C:\MCC18\v3_39\src\traditional\proc\p18F8722.asm
               ADCON2bits   0x000fc0       data     extern C:\MCC18\v3_39\src\traditional\proc\p18F8722.asm
                   ADCON2   0x000fc0       data     extern C:\MCC18\v3_39\src\traditional\proc\p18F8722.asm
                   ADCON1   0x000fc1       data     extern C:\MCC18\v3_39\src\traditional\proc\p18F8722.asm
               ADCON1bits   0x000fc1       data     extern C:\MCC18\v3_39\src\traditional\proc\p18F8722.asm
                   ADCON0   0x000fc2       data     extern C:\MCC18\v3_39\src\traditional\proc\p18F8722.asm
               ADCON0bits   0x000fc2       data     extern C:\MCC18\v3_39\src\traditional\proc\p18F8722.asm
                    ADRES   0x000fc3       data     extern C:\MCC18\v3_39\src\traditional\proc\p18F8722.asm
                   ADRESL   0x000fc3       data     extern C:\MCC18\v3_39\src\traditional\proc\p18F8722.asm
                   ADRESH   0x000fc4       data     extern C:\MCC18\v3_39\src\traditional\proc\p18F8722.asm
                 SSP1CON2   0x000fc5       data     extern C:\MCC18\v3_39\src\traditional\proc\p18F8722.asm
             SSP1CON2bits   0x000fc5       data     extern C:\MCC18\v3_39\src\traditional\proc\p18F8722.asm
                  SSPCON2   0x000fc5       data     extern C:\MCC18\v3_39\src\traditional\proc\p18F8722.asm
              SSPCON2bits   0x000fc5       data     extern C:\MCC18\v3_39\src\traditional\proc\p18F8722.asm
                 SSP1CON1   0x000fc6       data     extern C:\MCC18\v3_39\src\traditional\proc\p18F8722.asm
             SSP1CON1bits   0x000fc6       data     extern C:\MCC18\v3_39\src\traditional\proc\p18F8722.asm
                  SSPCON1   0x000fc6       data     extern C:\MCC18\v3_39\src\traditional\proc\p18F8722.asm
              SSPCON1bits   0x000fc6       data     extern C:\MCC18\v3_39\src\traditional\proc\p18F8722.asm
                 SSP1STAT   0x000fc7       data     extern C:\MCC18\v3_39\src\traditional\proc\p18F8722.asm
             SSP1STATbits   0x000fc7       data     extern C:\MCC18\v3_39\src\traditional\proc\p18F8722.asm
                  SSPSTAT   0x000fc7       data     extern C:\MCC18\v3_39\src\traditional\proc\p18F8722.asm
              SSPSTATbits   0x000fc7       data     extern C:\MCC18\v3_39\src\traditional\proc\p18F8722.asm
                   SSPADD   0x000fc8       data     extern C:\MCC18\v3_39\src\traditional\proc\p18F8722.asm
                  SSP1ADD   0x000fc8       data     extern C:\MCC18\v3_39\src\traditional\proc\p18F8722.asm
                   SSPBUF   0x000fc9       data     extern C:\MCC18\v3_39\src\traditional\proc\p18F8722.asm
                  SSP1BUF   0x000fc9       data     extern C:\MCC18\v3_39\src\traditional\proc\p18F8722.asm
                T2CONbits   0x000fca       data     extern C:\MCC18\v3_39\src\traditional\proc\p18F8722.asm
                    T2CON   0x000fca       data     extern C:\MCC18\v3_39\src\traditional\proc\p18F8722.asm
                      PR2   0x000fcb       data     extern C:\MCC18\v3_39\src\traditional\proc\p18F8722.asm
                     TMR2   0x000fcc       data     extern C:\MCC18\v3_39\src\traditional\proc\p18F8722.asm
                    T1CON   0x000fcd       data     extern C:\MCC18\v3_39\src\traditional\proc\p18F8722.asm
                T1CONbits   0x000fcd       data     extern C:\MCC18\v3_39\src\traditional\proc\p18F8722.asm
                    TMR1L   0x000fce       data     extern C:\MCC18\v3_39\src\traditional\proc\p18F8722.asm
                    TMR1H   0x000fcf       data     extern C:\MCC18\v3_39\src\traditional\proc\p18F8722.asm
                 RCONbits   0x000fd0       data     extern C:\MCC18\v3_39\src\traditional\proc\p18F8722.asm
                     RCON   0x000fd0       data     extern C:\MCC18\v3_39\src\traditional\proc\p18F8722.asm
               WDTCONbits   0x000fd1       data     extern C:\MCC18\v3_39\src\traditional\proc\p18F8722.asm
                   WDTCON   0x000fd1       data     extern C:\MCC18\v3_39\src\traditional\proc\p18F8722.asm
                  HLVDCON   0x000fd2       data     extern C:\MCC18\v3_39\src\traditional\proc\p18F8722.asm
              HLVDCONbits   0x000fd2       data     extern C:\MCC18\v3_39\src\traditional\proc\p18F8722.asm
                   LVDCON   0x000fd2       data     extern C:\MCC18\v3_39\src\traditional\proc\p18F8722.asm
               LVDCONbits   0x000fd2       data     extern C:\MCC18\v3_39\src\traditional\proc\p18F8722.asm
                   OSCCON   0x000fd3       data     extern C:\MCC18\v3_39\src\traditional\proc\p18F8722.asm
               OSCCONbits   0x000fd3       data     extern C:\MCC18\v3_39\src\traditional\proc\p18F8722.asm
                    T0CON   0x000fd5       data     extern C:\MCC18\v3_39\src\traditional\proc\p18F8722.asm
                T0CONbits   0x000fd5       data     extern C:\MCC18\v3_39\src\traditional\proc\p18F8722.asm
                    TMR0L   0x000fd6       data     extern C:\MCC18\v3_39\src\traditional\proc\p18F8722.asm
                    TMR0H   0x000fd7       data     extern C:\MCC18\v3_39\src\traditional\proc\p18F8722.asm
                   STATUS   0x000fd8       data     extern C:\MCC18\v3_39\src\traditional\proc\p18F8722.asm
               STATUSbits   0x000fd8       data     extern C:\MCC18\v3_39\src\traditional\proc\p18F8722.asm
                    FSR2L   0x000fd9       data     extern C:\MCC18\v3_39\src\traditional\proc\p18F8722.asm
                     FSR2   0x000fd9       data     extern C:\MCC18\v3_39\src\traditional\proc\p18F8722.asm
                    FSR2H   0x000fda       data     extern C:\MCC18\v3_39\src\traditional\proc\p18F8722.asm
                   PLUSW2   0x000fdb       data     extern C:\MCC18\v3_39\src\traditional\proc\p18F8722.asm
                  PREINC2   0x000fdc       data     extern C:\MCC18\v3_39\src\traditional\proc\p18F8722.asm
                 POSTDEC2   0x000fdd       data     extern C:\MCC18\v3_39\src\traditional\proc\p18F8722.asm
                 POSTINC2   0x000fde       data     extern C:\MCC18\v3_39\src\traditional\proc\p18F8722.asm
                    INDF2   0x000fdf       data     extern C:\MCC18\v3_39\src\traditional\proc\p18F8722.asm
                      BSR   0x000fe0       data     extern C:\MCC18\v3_39\src\traditional\proc\p18F8722.asm
                    FSR1L   0x000fe1       data     extern C:\MCC18\v3_39\src\traditional\proc\p18F8722.asm
                     FSR1   0x000fe1       data     extern C:\MCC18\v3_39\src\traditional\proc\p18F8722.asm
                    FSR1H   0x000fe2       data     extern C:\MCC18\v3_39\src\traditional\proc\p18F8722.asm
                   PLUSW1   0x000fe3       data     extern C:\MCC18\v3_39\src\traditional\proc\p18F8722.asm
                  PREINC1   0x000fe4       data     extern C:\MCC18\v3_39\src\traditional\proc\p18F8722.asm
                 POSTDEC1   0x000fe5       data     extern C:\MCC18\v3_39\src\traditional\proc\p18F8722.asm
                 POSTINC1   0x000fe6       data     extern C:\MCC18\v3_39\src\traditional\proc\p18F8722.asm
                    INDF1   0x000fe7       data     extern C:\MCC18\v3_39\src\traditional\proc\p18F8722.asm
                     WREG   0x000fe8       data     extern C:\MCC18\v3_39\src\traditional\proc\p18F8722.asm
                     FSR0   0x000fe9       data     extern C:\MCC18\v3_39\src\traditional\proc\p18F8722.asm
                    FSR0L   0x000fe9       data     extern C:\MCC18\v3_39\src\traditional\proc\p18F8722.asm
                    FSR0H   0x000fea       data     extern C:\MCC18\v3_39\src\traditional\proc\p18F8722.asm
                   PLUSW0   0x000feb       data     extern C:\MCC18\v3_39\src\traditional\proc\p18F8722.asm
                  PREINC0   0x000fec       data     extern C:\MCC18\v3_39\src\traditional\proc\p18F8722.asm
                 POSTDEC0   0x000fed       data     extern C:\MCC18\v3_39\src\traditional\proc\p18F8722.asm
                 POSTINC0   0x000fee       data     extern C:\MCC18\v3_39\src\traditional\proc\p18F8722.asm
                    INDF0   0x000fef       data     extern C:\MCC18\v3_39\src\traditional\proc\p18F8722.asm
                  INTCON3   0x000ff0       data     extern C:\MCC18\v3_39\src\traditional\proc\p18F8722.asm
              INTCON3bits   0x000ff0       data     extern C:\MCC18\v3_39\src\traditional\proc\p18F8722.asm
              INTCON2bits   0x000ff1       data     extern C:\MCC18\v3_39\src\traditional\proc\p18F8722.asm
                  INTCON2   0x000ff1       data     extern C:\MCC18\v3_39\src\traditional\proc\p18F8722.asm
                   INTCON   0x000ff2       data     extern C:\MCC18\v3_39\src\traditional\proc\p18F8722.asm
               INTCONbits   0x000ff2       data     extern C:\MCC18\v3_39\src\traditional\proc\p18F8722.asm
                     PROD   0x000ff3       data     extern C:\MCC18\v3_39\src\traditional\proc\p18F8722.asm
                    PRODL   0x000ff3       data     extern C:\MCC18\v3_39\src\traditional\proc\p18F8722.asm
                    PRODH   0x000ff4       data     extern C:\MCC18\v3_39\src\traditional\proc\p18F8722.asm
                   TABLAT   0x000ff5       data     extern C:\MCC18\v3_39\src\traditional\proc\p18F8722.asm
                   TBLPTR   0x000ff6       data     extern C:\MCC18\v3_39\src\traditional\proc\p18F8722.asm
                  TBLPTRL   0x000ff6       data     extern C:\MCC18\v3_39\src\traditional\proc\p18F8722.asm
                  TBLPTRH   0x000ff7       data     extern C:\MCC18\v3_39\src\traditional\proc\p18F8722.asm
                  TBLPTRU   0x000ff8       data     extern C:\MCC18\v3_39\src\traditional\proc\p18F8722.asm
                       PC   0x000ff9       data     extern C:\MCC18\v3_39\src\traditional\proc\p18F8722.asm
                      PCL   0x000ff9       data     extern C:\MCC18\v3_39\src\traditional\proc\p18F8722.asm
                   PCLATH   0x000ffa       data     extern C:\MCC18\v3_39\src\traditional\proc\p18F8722.asm
                   PCLATU   0x000ffb       data     extern C:\MCC18\v3_39\src\traditional\proc\p18F8722.asm
                   STKPTR   0x000ffc       data     extern C:\MCC18\v3_39\src\traditional\proc\p18F8722.asm
               STKPTRbits   0x000ffc       data     extern C:\MCC18\v3_39\src\traditional\proc\p18F8722.asm
                      TOS   0x000ffd       data     extern C:\MCC18\v3_39\src\traditional\proc\p18F8722.asm
                     TOSL   0x000ffd       data     extern C:\MCC18\v3_39\src\traditional\proc\p18F8722.asm
                     TOSH   0x000ffe       data     extern C:\MCC18\v3_39\src\traditional\proc\p18F8722.asm
                     TOSU   0x000fff       data     extern C:\MCC18\v3_39\src\traditional\proc\p18F8722.asm


